00:00 +0: loading /Users/pro16/Desktop/project/n06/test/unit/test_environment_validation_test.dart                                                                                                     00:01 +0: loading /Users/pro16/Desktop/project/n06/test/unit/test_environment_validation_test.dart                                                                                                     00:01 +0: loading /Users/pro16/Desktop/project/n06/test/features/coping_guide/infrastructure/repositories/isar_feedback_repository_test.dart                                                           00:01 +0: /Users/pro16/Desktop/project/n06/test/features/coping_guide/infrastructure/repositories/isar_feedback_repository_test.dart: IsarFeedbackRepository (setUpAll)                                00:01 +1: /Users/pro16/Desktop/project/n06/test/features/coping_guide/infrastructure/repositories/isar_feedback_repository_test.dart: IsarFeedbackRepository (setUpAll)                                00:01 +2: /Users/pro16/Desktop/project/n06/test/features/coping_guide/infrastructure/repositories/isar_feedback_repository_test.dart: IsarFeedbackRepository (setUpAll)                                00:01 +3: /Users/pro16/Desktop/project/n06/test/features/coping_guide/infrastructure/repositories/isar_feedback_repository_test.dart: IsarFeedbackRepository (setUpAll)                                00:01 +4: /Users/pro16/Desktop/project/n06/test/features/coping_guide/infrastructure/repositories/isar_feedback_repository_test.dart: IsarFeedbackRepository (setUpAll)                                00:01 +5: /Users/pro16/Desktop/project/n06/test/features/coping_guide/infrastructure/repositories/isar_feedback_repository_test.dart: IsarFeedbackRepository (setUpAll)                                00:01 +5: /Users/pro16/Desktop/project/n06/test/unit/test_environment_validation_test.dart: Test Environment Validation Fake Repository should emit stream updates                                     
  Skip: Stream functionality will be tested with actual domain layer
00:01 +5 ~1: /Users/pro16/Desktop/project/n06/test/features/coping_guide/infrastructure/repositories/isar_feedback_repository_test.dart: IsarFeedbackRepository (setUpAll)                             00:01 +5 ~1: /Users/pro16/Desktop/project/n06/test/core/services/secure_storage_service_test.dart: SecureStorageService saveAccessToken should save access token with expiry time                      00:01 +6 ~1: /Users/pro16/Desktop/project/n06/test/core/services/secure_storage_service_test.dart: SecureStorageService saveAccessToken should save access token with expiry time                      00:01 +7 ~1: /Users/pro16/Desktop/project/n06/test/features/coping_guide/infrastructure/repositories/isar_feedback_repository_test.dart: IsarFeedbackRepository 피드백 저장 성공                              00:01 +8 ~1: /Users/pro16/Desktop/project/n06/test/features/coping_guide/infrastructure/repositories/isar_feedback_repository_test.dart: IsarFeedbackRepository 피드백 저장 성공                              00:01 +9 ~1: /Users/pro16/Desktop/project/n06/test/features/coping_guide/infrastructure/repositories/isar_feedback_repository_test.dart: IsarFeedbackRepository 피드백 저장 성공                              00:01 +10 ~1 -1: /Users/pro16/Desktop/project/n06/test/unit/test_environment_validation_test.dart: Test Environment Validation Fake Repository should support operation delays                         00:01 +11 ~1 -1: /Users/pro16/Desktop/project/n06/test/unit/test_environment_validation_test.dart: Test Environment Validation Fake Repository should support operation delays                         00:01 +12 ~1 -1: /Users/pro16/Desktop/project/n06/test/unit/test_environment_validation_test.dart: Test Environment Validation Fake Repository should support operation delays                         00:01 +13 ~1 -1: /Users/pro16/Desktop/project/n06/test/unit/test_environment_validation_test.dart: Test Environment Validation Fake Repository should support operation delays                         00:01 +14 ~1 -1: /Users/pro16/Desktop/project/n06/test/unit/test_environment_validation_test.dart: Test Environment Validation Fake Repository should support operation delays                         00:01 +15 ~1 -1: /Users/pro16/Desktop/project/n06/test/unit/test_environment_validation_test.dart: Test Environment Validation Fake Repository should support operation delays                         00:01 +16 ~1 -1: /Users/pro16/Desktop/project/n06/test/unit/test_environment_validation_test.dart: Test Environment Validation Fake Repository should support operation delays                         00:01 +17 ~1 -1: /Users/pro16/Desktop/project/n06/test/unit/test_environment_validation_test.dart: Test Environment Validation Fake Repository should support operation delays                         00:01 +18 ~1 -1: /Users/pro16/Desktop/project/n06/test/unit/test_environment_validation_test.dart: Test Environment Validation Fake Repository should support operation delays                         00:01 +19 ~1 -1: /Users/pro16/Desktop/project/n06/test/unit/test_environment_validation_test.dart: Test Environment Validation Fake Repository should support operation delays                         00:01 +20 ~1 -1: /Users/pro16/Desktop/project/n06/test/unit/test_environment_validation_test.dart: Test Environment Validation Fake Repository should support operation delays                         00:01 +21 ~1 -1: /Users/pro16/Desktop/project/n06/test/unit/test_environment_validation_test.dart: Test Environment Validation Fake Repository should support operation delays                         00:01 +22 ~1 -1: /Users/pro16/Desktop/project/n06/test/unit/test_environment_validation_test.dart: Test Environment Validation Fake Repository should support operation delays                         00:01 +22 ~1 -1: /Users/pro16/Desktop/project/n06/test/features/coping_guide/infrastructure/repositories/isar_feedback_repository_test.dart: IsarFeedbackRepository 피드백 저장 성공 [E]                      
  Invalid argument(s): Failed to load dynamic library '/Users/pro16/Desktop/project/n06/libisar.dylib': dlopen(/Users/pro16/Desktop/project/n06/libisar.dylib, 0x0001): tried: '/Users/pro16/Desktop/project/n06/libisar.dylib' (no such file), '/System/Volumes/Preboot/Cryptexes/OS/Users/pro16/Desktop/project/n06/libisar.dylib' (no such file), '/Users/pro16/Desktop/project/n06/libisar.dylib' (no such file)
  dart:ffi                                                                                         new DynamicLibrary.open
  package:isar/src/native/isar_core.dart 92:28                                                     _initializePath
  package:isar/src/native/isar_core.dart 75:9                                                      initializeCoreBinary
  package:isar/src/native/open.dart 81:3                                                           openIsar
  package:isar/src/isar.dart 107:12                                                                Isar.open
  test/features/coping_guide/infrastructure/repositories/isar_feedback_repository_test.dart 20:25  main.<fn>.<fn>
  
  LateInitializationError: Local 'isar' has not been initialized.
  dart:_internal                                                                             LateError._throwLocalNotInitialized
  test/features/coping_guide/infrastructure/repositories/isar_feedback_repository_test.dart  main.<fn>.<fn>
  

To run this test again: /opt/homebrew/share/flutter/bin/cache/dart-sdk/bin/dart test /Users/pro16/Desktop/project/n06/test/features/coping_guide/infrastructure/repositories/isar_feedback_repository_test.dart -p vm --plain-name 'IsarFeedbackRepository 피드백 저장 성공'
00:01 +22 ~1 -1: /Users/pro16/Desktop/project/n06/test/unit/test_environment_validation_test.dart: Test Environment Validation Fake Repository should support operation delays                         00:01 +23 ~1 -1: /Users/pro16/Desktop/project/n06/test/unit/test_environment_validation_test.dart: Test Environment Validation Fake Repository should support operation delays                         00:01 +24 ~1 -1: /Users/pro16/Desktop/project/n06/test/unit/test_environment_validation_test.dart: Test Environment Validation Fake Repository should support operation delays                         00:01 +25 ~1 -2: /Users/pro16/Desktop/project/n06/test/unit/test_environment_validation_test.dart: Test Environment Validation Fake Repository should support operation delays                         00:01 +25 ~1 -2: /Users/pro16/Desktop/project/n06/test/features/coping_guide/infrastructure/repositories/isar_feedback_repository_test.dart: IsarFeedbackRepository 증상별 피드백 조회 [E]                     
  Invalid argument(s): Failed to load dynamic library '/Users/pro16/Desktop/project/n06/libisar.dylib': dlopen(/Users/pro16/Desktop/project/n06/libisar.dylib, 0x0001): tried: '/Users/pro16/Desktop/project/n06/libisar.dylib' (no such file), '/System/Volumes/Preboot/Cryptexes/OS/Users/pro16/Desktop/project/n06/libisar.dylib' (no such file), '/Users/pro16/Desktop/project/n06/libisar.dylib' (no such file)
  dart:ffi                                                                                         new DynamicLibrary.open
  package:isar/src/native/isar_core.dart 92:28                                                     _initializePath
  package:isar/src/native/isar_core.dart 75:9                                                      initializeCoreBinary
  package:isar/src/native/open.dart 81:3                                                           openIsar
  package:isar/src/isar.dart 107:12                                                                Isar.open
  test/features/coping_guide/infrastructure/repositories/isar_feedback_repository_test.dart 20:25  main.<fn>.<fn>
  
  LateInitializationError: Local 'isar' has not been initialized.
  dart:_internal                                                                             LateError._throwLocalNotInitialized
  test/features/coping_guide/infrastructure/repositories/isar_feedback_repository_test.dart  main.<fn>.<fn>
  

To run this test again: /opt/homebrew/share/flutter/bin/cache/dart-sdk/bin/dart test /Users/pro16/Desktop/project/n06/test/features/coping_guide/infrastructure/repositories/isar_feedback_repository_test.dart -p vm --plain-name 'IsarFeedbackRepository 증상별 피드백 조회'
00:01 +25 ~1 -3: /Users/pro16/Desktop/project/n06/test/unit/test_environment_validation_test.dart: Test Environment Validation Fake Repository should support operation delays                         00:01 +25 ~1 -3: /Users/pro16/Desktop/project/n06/test/features/coping_guide/infrastructure/repositories/isar_feedback_repository_test.dart: IsarFeedbackRepository 같은 증상 여러 피드백 저장 [E]                
  Invalid argument(s): Failed to load dynamic library '/Users/pro16/Desktop/project/n06/libisar.dylib': dlopen(/Users/pro16/Desktop/project/n06/libisar.dylib, 0x0001): tried: '/Users/pro16/Desktop/project/n06/libisar.dylib' (no such file), '/System/Volumes/Preboot/Cryptexes/OS/Users/pro16/Desktop/project/n06/libisar.dylib' (no such file), '/Users/pro16/Desktop/project/n06/libisar.dylib' (no such file)
  dart:ffi                                                                                         new DynamicLibrary.open
  package:isar/src/native/isar_core.dart 92:28                                                     _initializePath
  package:isar/src/native/isar_core.dart 75:9                                                      initializeCoreBinary
  package:isar/src/native/open.dart 81:3                                                           openIsar
  package:isar/src/isar.dart 107:12                                                                Isar.open
  test/features/coping_guide/infrastructure/repositories/isar_feedback_repository_test.dart 20:25  main.<fn>.<fn>
  
  LateInitializationError: Local 'isar' has not been initialized.
  dart:_internal                                                                             LateError._throwLocalNotInitialized
  test/features/coping_guide/infrastructure/repositories/isar_feedback_repository_test.dart  main.<fn>.<fn>
  

To run this test again: /opt/homebrew/share/flutter/bin/cache/dart-sdk/bin/dart test /Users/pro16/Desktop/project/n06/test/features/coping_guide/infrastructure/repositories/isar_feedback_repository_test.dart -p vm --plain-name 'IsarFeedbackRepository 같은 증상 여러 피드백 저장'
00:01 +25 ~1 -4: /Users/pro16/Desktop/project/n06/test/features/coping_guide/infrastructure/repositories/isar_feedback_repository_test.dart: IsarFeedbackRepository 등록되지 않은 증상은 빈 리스트 반환 [E]           
  Invalid argument(s): Failed to load dynamic library '/Users/pro16/Desktop/project/n06/libisar.dylib': dlopen(/Users/pro16/Desktop/project/n06/libisar.dylib, 0x0001): tried: '/Users/pro16/Desktop/project/n06/libisar.dylib' (no such file), '/System/Volumes/Preboot/Cryptexes/OS/Users/pro16/Desktop/project/n06/libisar.dylib' (no such file), '/Users/pro16/Desktop/project/n06/libisar.dylib' (no such file)
  dart:ffi                                                                                         new DynamicLibrary.open
  package:isar/src/native/isar_core.dart 92:28                                                     _initializePath
  package:isar/src/native/isar_core.dart 75:9                                                      initializeCoreBinary
  package:isar/src/native/open.dart 81:3                                                           openIsar
  package:isar/src/isar.dart 107:12                                                                Isar.open
  test/features/coping_guide/infrastructure/repositories/isar_feedback_repository_test.dart 20:25  main.<fn>.<fn>
  
  LateInitializationError: Local 'isar' has not been initialized.
  dart:_internal                                                                             LateError._throwLocalNotInitialized
  test/features/coping_guide/infrastructure/repositories/isar_feedback_repository_test.dart  main.<fn>.<fn>
  

To run this test again: /opt/homebrew/share/flutter/bin/cache/dart-sdk/bin/dart test /Users/pro16/Desktop/project/n06/test/features/coping_guide/infrastructure/repositories/isar_feedback_repository_test.dart -p vm --plain-name 'IsarFeedbackRepository 등록되지 않은 증상은 빈 리스트 반환'
00:01 +25 ~1 -4: /Users/pro16/Desktop/project/n06/test/unit/test_environment_validation_test.dart: Test Environment Validation Fake Repository should support operation delays                         00:01 +26 ~1 -4: /Users/pro16/Desktop/project/n06/test/unit/test_environment_validation_test.dart: Test Environment Validation Fake Repository should support operation delays                         00:01 +27 ~1 -4: /Users/pro16/Desktop/project/n06/test/unit/test_environment_validation_test.dart: Test Environment Validation Fake Repository should support operation delays                         00:01 +28 ~1 -5: /Users/pro16/Desktop/project/n06/test/unit/test_environment_validation_test.dart: Test Environment Validation Fake Repository should support operation delays                         00:01 +29 ~1 -5: /Users/pro16/Desktop/project/n06/test/unit/test_environment_validation_test.dart: Test Environment Validation Fake Repository should support operation delays                         00:01 +30 ~1 -5: /Users/pro16/Desktop/project/n06/test/unit/test_environment_validation_test.dart: Test Environment Validation Fake Repository should support operation delays                         00:01 +31 ~1 -5: /Users/pro16/Desktop/project/n06/test/unit/test_environment_validation_test.dart: Test Environment Validation Fake Repository should support operation delays                         00:01 +32 ~1 -5: /Users/pro16/Desktop/project/n06/test/unit/test_environment_validation_test.dart: Test Environment Validation Fake Repository should support operation delays                         00:01 +33 ~1 -5: /Users/pro16/Desktop/project/n06/test/unit/test_environment_validation_test.dart: Test Environment Validation Fake Repository should support operation delays                         00:01 +34 ~1 -5: /Users/pro16/Desktop/project/n06/test/unit/test_environment_validation_test.dart: Test Environment Validation Fake Repository should support operation delays                         00:01 +35 ~1 -5: /Users/pro16/Desktop/project/n06/test/unit/test_environment_validation_test.dart: Test Environment Validation Fake Repository should support operation delays                         00:01 +36 ~1 -5: /Users/pro16/Desktop/project/n06/test/unit/test_environment_validation_test.dart: Test Environment Validation Fake Repository should support operation delays                         00:01 +37 ~1 -5: /Users/pro16/Desktop/project/n06/test/unit/test_environment_validation_test.dart: Test Environment Validation Fake Repository should support operation delays                         00:01 +38 ~1 -5: /Users/pro16/Desktop/project/n06/test/unit/test_environment_validation_test.dart: Test Environment Validation Fake Repository should support operation delays                         00:01 +39 ~1 -5: /Users/pro16/Desktop/project/n06/test/unit/test_environment_validation_test.dart: Test Environment Validation Fake Repository should support operation delays                         00:01 +40 ~1 -5: /Users/pro16/Desktop/project/n06/test/unit/test_environment_validation_test.dart: Test Environment Validation Fake Repository should support operation delays                         00:01 +41 ~1 -5: /Users/pro16/Desktop/project/n06/test/unit/test_environment_validation_test.dart: Test Environment Validation Fake Repository should support operation delays                         00:01 +42 ~1 -5: /Users/pro16/Desktop/project/n06/test/unit/test_environment_validation_test.dart: Test Environment Validation Fake Repository should support operation delays                         00:01 +42 ~1 -5: /Users/pro16/Desktop/project/n06/test/features/data_sharing/infrastructure/repositories/isar_shared_data_repository_test.dart: IsarSharedDataRepository should fetch dose records within date range [E]
  Binding has not yet been initialized.
  The "instance" getter on the ServicesBinding binding mixin is only available once that binding has been initialized.
  Typically, this is done by calling "WidgetsFlutterBinding.ensureInitialized()" or "runApp()" (the latter calls the former). Typically this call is done in the "void main()" method. The "ensureInitialized" method is idempotent; calling it multiple times is not harmful. After calling that method, the "instance" getter will return the binding.
  In a test, one can call "TestWidgetsFlutterBinding.ensureInitialized()" as the first line in the test's "main()" method to initialize the binding.
  If ServicesBinding is a custom binding mixin, there must also be a custom binding class, like WidgetsFlutterBinding, but that mixes in the selected binding, and that is the class that must be constructed before using the "instance" getter.
  package:flutter/src/foundation/binding.dart 314:9                                                   BindingBase.checkInstance.<fn>
  package:flutter/src/foundation/binding.dart 401:6                                                   BindingBase.checkInstance
  package:flutter/src/services/binding.dart 73:54                                                     ServicesBinding.instance
  package:flutter/src/services/platform_channel.dart 179:25                                           _findBinaryMessenger
  package:flutter/src/services/platform_channel.dart 320:56                                           MethodChannel.binaryMessenger
  package:flutter/src/services/platform_channel.dart 360:17                                           MethodChannel._invokeMethod
  package:flutter/src/services/platform_channel.dart 540:12                                           MethodChannel.invokeMethod
  package:path_provider_platform_interface/src/method_channel_path_provider.dart 33:26                MethodChannelPathProvider.getTemporaryPath
  package:path_provider/path_provider.dart 55:40                                                      getTemporaryDirectory
  test/features/data_sharing/infrastructure/repositories/isar_shared_data_repository_test.dart 19:29  main.<fn>.<fn>
  
00:01 +43 ~1 -5: /Users/pro16/Desktop/project/n06/test/unit/test_environment_validation_test.dart: Test Environment Validation Fake Repository should support operation delays                         00:01 +44 ~1 -5: /Users/pro16/Desktop/project/n06/test/unit/test_environment_validation_test.dart: Test Environment Validation Fake Repository should support operation delays                         00:01 +45 ~1 -5: /Users/pro16/Desktop/project/n06/test/unit/test_environment_validation_test.dart: Test Environment Validation Fake Repository should support operation delays                         00:01 +45 ~1 -5: /Users/pro16/Desktop/project/n06/test/features/data_sharing/infrastructure/repositories/isar_shared_data_repository_test.dart: IsarSharedDataRepository should fetch dose records within date range [E]
  LateInitializationError: Local 'isar' has not been initialized.
  dart:_internal                                                                                LateError._throwLocalNotInitialized
  test/features/data_sharing/infrastructure/repositories/isar_shared_data_repository_test.dart  main.<fn>.<fn>
  

To run this test again: /opt/homebrew/share/flutter/bin/cache/dart-sdk/bin/dart test /Users/pro16/Desktop/project/n06/test/features/data_sharing/infrastructure/repositories/isar_shared_data_repository_test.dart -p vm --plain-name 'IsarSharedDataRepository should fetch dose records within date range'
00:01 +46 ~1 -5: /Users/pro16/Desktop/project/n06/test/unit/test_environment_validation_test.dart: Test Environment Validation Fake Repository should support operation delays                         00:01 +47 ~1 -5: /Users/pro16/Desktop/project/n06/test/unit/test_environment_validation_test.dart: Test Environment Validation Fake Repository should support operation delays                         00:01 +48 ~1 -6: /Users/pro16/Desktop/project/n06/test/unit/test_environment_validation_test.dart: Test Environment Validation Fake Repository should support operation delays                         00:01 +49 ~1 -6: /Users/pro16/Desktop/project/n06/test/unit/test_environment_validation_test.dart: Test Environment Validation Fake Repository should support operation delays                         00:01 +50 ~1 -6: /Users/pro16/Desktop/project/n06/test/unit/test_environment_validation_test.dart: Test Environment Validation Fake Repository should support operation delays                         00:01 +50 ~1 -6: /Users/pro16/Desktop/project/n06/test/features/data_sharing/infrastructure/repositories/isar_shared_data_repository_test.dart: IsarSharedDataRepository should fetch weight logs within date range [E]
  Binding has not yet been initialized.
  The "instance" getter on the ServicesBinding binding mixin is only available once that binding has been initialized.
  Typically, this is done by calling "WidgetsFlutterBinding.ensureInitialized()" or "runApp()" (the latter calls the former). Typically this call is done in the "void main()" method. The "ensureInitialized" method is idempotent; calling it multiple times is not harmful. After calling that method, the "instance" getter will return the binding.
  In a test, one can call "TestWidgetsFlutterBinding.ensureInitialized()" as the first line in the test's "main()" method to initialize the binding.
  If ServicesBinding is a custom binding mixin, there must also be a custom binding class, like WidgetsFlutterBinding, but that mixes in the selected binding, and that is the class that must be constructed before using the "instance" getter.
  package:flutter/src/foundation/binding.dart 314:9                                                   BindingBase.checkInstance.<fn>
  package:flutter/src/foundation/binding.dart 401:6                                                   BindingBase.checkInstance
  package:flutter/src/services/binding.dart 73:54                                                     ServicesBinding.instance
  package:flutter/src/services/platform_channel.dart 179:25                                           _findBinaryMessenger
  package:flutter/src/services/platform_channel.dart 320:56                                           MethodChannel.binaryMessenger
  package:flutter/src/services/platform_channel.dart 360:17                                           MethodChannel._invokeMethod
  package:flutter/src/services/platform_channel.dart 540:12                                           MethodChannel.invokeMethod
  package:path_provider_platform_interface/src/method_channel_path_provider.dart 33:26                MethodChannelPathProvider.getTemporaryPath
  package:path_provider/path_provider.dart 55:40                                                      getTemporaryDirectory
  test/features/data_sharing/infrastructure/repositories/isar_shared_data_repository_test.dart 19:29  main.<fn>.<fn>
  
00:01 +51 ~1 -6: /Users/pro16/Desktop/project/n06/test/unit/test_environment_validation_test.dart: Test Environment Validation Fake Repository should support operation delays                         00:01 +51 ~1 -6: /Users/pro16/Desktop/project/n06/test/features/data_sharing/infrastructure/repositories/isar_shared_data_repository_test.dart: IsarSharedDataRepository should fetch weight logs within date range [E]
  LateInitializationError: Local 'isar' has not been initialized.
  dart:_internal                                                                                LateError._throwLocalNotInitialized
  test/features/data_sharing/infrastructure/repositories/isar_shared_data_repository_test.dart  main.<fn>.<fn>
  

To run this test again: /opt/homebrew/share/flutter/bin/cache/dart-sdk/bin/dart test /Users/pro16/Desktop/project/n06/test/features/data_sharing/infrastructure/repositories/isar_shared_data_repository_test.dart -p vm --plain-name 'IsarSharedDataRepository should fetch weight logs within date range'
00:01 +52 ~1 -6: /Users/pro16/Desktop/project/n06/test/unit/test_environment_validation_test.dart: Test Environment Validation Fake Repository should support operation delays                         00:01 +53 ~1 -6: /Users/pro16/Desktop/project/n06/test/unit/test_environment_validation_test.dart: Test Environment Validation Fake Repository should support operation delays                         00:01 +54 ~1 -7: /Users/pro16/Desktop/project/n06/test/unit/test_environment_validation_test.dart: Test Environment Validation Fake Repository should support operation delays                         00:01 +55 ~1 -7: /Users/pro16/Desktop/project/n06/test/unit/test_environment_validation_test.dart: Test Environment Validation Fake Repository should support operation delays                         00:01 +56 ~1 -7: /Users/pro16/Desktop/project/n06/test/unit/test_environment_validation_test.dart: Test Environment Validation Fake Repository should support operation delays                         00:01 +56 ~1 -7: /Users/pro16/Desktop/project/n06/test/features/data_sharing/infrastructure/repositories/isar_shared_data_repository_test.dart: IsarSharedDataRepository should fetch symptom logs within date range [E]
  Binding has not yet been initialized.
  The "instance" getter on the ServicesBinding binding mixin is only available once that binding has been initialized.
  Typically, this is done by calling "WidgetsFlutterBinding.ensureInitialized()" or "runApp()" (the latter calls the former). Typically this call is done in the "void main()" method. The "ensureInitialized" method is idempotent; calling it multiple times is not harmful. After calling that method, the "instance" getter will return the binding.
  In a test, one can call "TestWidgetsFlutterBinding.ensureInitialized()" as the first line in the test's "main()" method to initialize the binding.
  If ServicesBinding is a custom binding mixin, there must also be a custom binding class, like WidgetsFlutterBinding, but that mixes in the selected binding, and that is the class that must be constructed before using the "instance" getter.
  package:flutter/src/foundation/binding.dart 314:9                                                   BindingBase.checkInstance.<fn>
  package:flutter/src/foundation/binding.dart 401:6                                                   BindingBase.checkInstance
  package:flutter/src/services/binding.dart 73:54                                                     ServicesBinding.instance
  package:flutter/src/services/platform_channel.dart 179:25                                           _findBinaryMessenger
  package:flutter/src/services/platform_channel.dart 320:56                                           MethodChannel.binaryMessenger
  package:flutter/src/services/platform_channel.dart 360:17                                           MethodChannel._invokeMethod
  package:flutter/src/services/platform_channel.dart 540:12                                           MethodChannel.invokeMethod
  package:path_provider_platform_interface/src/method_channel_path_provider.dart 33:26                MethodChannelPathProvider.getTemporaryPath
  package:path_provider/path_provider.dart 55:40                                                      getTemporaryDirectory
  test/features/data_sharing/infrastructure/repositories/isar_shared_data_repository_test.dart 19:29  main.<fn>.<fn>
  
00:01 +57 ~1 -7: /Users/pro16/Desktop/project/n06/test/unit/test_environment_validation_test.dart: Test Environment Validation Fake Repository should support operation delays                         00:01 +58 ~1 -7: /Users/pro16/Desktop/project/n06/test/features/settings/presentation/settings_screen_test.dart: SettingsScreen Widget Tests SettingsMenuItem should display title and subtitle        00:01 +59 ~1 -7: /Users/pro16/Desktop/project/n06/test/features/settings/presentation/settings_screen_test.dart: SettingsScreen Widget Tests SettingsMenuItem should display title and subtitle        00:01 +59 ~1 -7: /Users/pro16/Desktop/project/n06/test/features/data_sharing/infrastructure/repositories/isar_shared_data_repository_test.dart: IsarSharedDataRepository should fetch symptom logs within date range [E]
  LateInitializationError: Local 'isar' has not been initialized.
  dart:_internal                                                                                LateError._throwLocalNotInitialized
  test/features/data_sharing/infrastructure/repositories/isar_shared_data_repository_test.dart  main.<fn>.<fn>
  

To run this test again: /opt/homebrew/share/flutter/bin/cache/dart-sdk/bin/dart test /Users/pro16/Desktop/project/n06/test/features/data_sharing/infrastructure/repositories/isar_shared_data_repository_test.dart -p vm --plain-name 'IsarSharedDataRepository should fetch symptom logs within date range'
00:01 +60 ~1 -7: /Users/pro16/Desktop/project/n06/test/features/settings/presentation/settings_screen_test.dart: SettingsScreen Widget Tests SettingsMenuItem should display title and subtitle        00:01 +61 ~1 -8: /Users/pro16/Desktop/project/n06/test/features/settings/presentation/settings_screen_test.dart: SettingsScreen Widget Tests SettingsMenuItem should display title and subtitle        00:01 +62 ~1 -8: /Users/pro16/Desktop/project/n06/test/features/settings/presentation/settings_screen_test.dart: SettingsScreen Widget Tests SettingsMenuItem should display title and subtitle        00:01 +62 ~1 -8: /Users/pro16/Desktop/project/n06/test/features/data_sharing/infrastructure/repositories/isar_shared_data_repository_test.dart: IsarSharedDataRepository should return empty report when no data exists [E]
  Binding has not yet been initialized.
  The "instance" getter on the ServicesBinding binding mixin is only available once that binding has been initialized.
  Typically, this is done by calling "WidgetsFlutterBinding.ensureInitialized()" or "runApp()" (the latter calls the former). Typically this call is done in the "void main()" method. The "ensureInitialized" method is idempotent; calling it multiple times is not harmful. After calling that method, the "instance" getter will return the binding.
  In a test, one can call "TestWidgetsFlutterBinding.ensureInitialized()" as the first line in the test's "main()" method to initialize the binding.
  If ServicesBinding is a custom binding mixin, there must also be a custom binding class, like WidgetsFlutterBinding, but that mixes in the selected binding, and that is the class that must be constructed before using the "instance" getter.
  package:flutter/src/foundation/binding.dart 314:9                                                   BindingBase.checkInstance.<fn>
  package:flutter/src/foundation/binding.dart 401:6                                                   BindingBase.checkInstance
  package:flutter/src/services/binding.dart 73:54                                                     ServicesBinding.instance
  package:flutter/src/services/platform_channel.dart 179:25                                           _findBinaryMessenger
  package:flutter/src/services/platform_channel.dart 320:56                                           MethodChannel.binaryMessenger
  package:flutter/src/services/platform_channel.dart 360:17                                           MethodChannel._invokeMethod
  package:flutter/src/services/platform_channel.dart 540:12                                           MethodChannel.invokeMethod
  package:path_provider_platform_interface/src/method_channel_path_provider.dart 33:26                MethodChannelPathProvider.getTemporaryPath
  package:path_provider/path_provider.dart 55:40                                                      getTemporaryDirectory
  test/features/data_sharing/infrastructure/repositories/isar_shared_data_repository_test.dart 19:29  main.<fn>.<fn>
  
  LateInitializationError: Local 'isar' has not been initialized.
  dart:_internal                                                                                LateError._throwLocalNotInitialized
  test/features/data_sharing/infrastructure/repositories/isar_shared_data_repository_test.dart  main.<fn>.<fn>
  

To run this test again: /opt/homebrew/share/flutter/bin/cache/dart-sdk/bin/dart test /Users/pro16/Desktop/project/n06/test/features/data_sharing/infrastructure/repositories/isar_shared_data_repository_test.dart -p vm --plain-name 'IsarSharedDataRepository should return empty report when no data exists'
00:01 +63 ~1 -8: /Users/pro16/Desktop/project/n06/test/features/settings/presentation/settings_screen_test.dart: SettingsScreen Widget Tests SettingsMenuItem should display title and subtitle        00:01 +64 ~1 -9: /Users/pro16/Desktop/project/n06/test/features/settings/presentation/settings_screen_test.dart: SettingsScreen Widget Tests SettingsMenuItem should display title and subtitle        00:01 +64 ~1 -9: /Users/pro16/Desktop/project/n06/test/features/data_sharing/infrastructure/repositories/isar_shared_data_repository_test.dart: IsarSharedDataRepository should handle partial data correctly [E]
  Binding has not yet been initialized.
  The "instance" getter on the ServicesBinding binding mixin is only available once that binding has been initialized.
  Typically, this is done by calling "WidgetsFlutterBinding.ensureInitialized()" or "runApp()" (the latter calls the former). Typically this call is done in the "void main()" method. The "ensureInitialized" method is idempotent; calling it multiple times is not harmful. After calling that method, the "instance" getter will return the binding.
  In a test, one can call "TestWidgetsFlutterBinding.ensureInitialized()" as the first line in the test's "main()" method to initialize the binding.
  If ServicesBinding is a custom binding mixin, there must also be a custom binding class, like WidgetsFlutterBinding, but that mixes in the selected binding, and that is the class that must be constructed before using the "instance" getter.
  package:flutter/src/foundation/binding.dart 314:9                                                   BindingBase.checkInstance.<fn>
  package:flutter/src/foundation/binding.dart 401:6                                                   BindingBase.checkInstance
  package:flutter/src/services/binding.dart 73:54                                                     ServicesBinding.instance
  package:flutter/src/services/platform_channel.dart 179:25                                           _findBinaryMessenger
  package:flutter/src/services/platform_channel.dart 320:56                                           MethodChannel.binaryMessenger
  package:flutter/src/services/platform_channel.dart 360:17                                           MethodChannel._invokeMethod
  package:flutter/src/services/platform_channel.dart 540:12                                           MethodChannel.invokeMethod
  package:path_provider_platform_interface/src/method_channel_path_provider.dart 33:26                MethodChannelPathProvider.getTemporaryPath
  package:path_provider/path_provider.dart 55:40                                                      getTemporaryDirectory
  test/features/data_sharing/infrastructure/repositories/isar_shared_data_repository_test.dart 19:29  main.<fn>.<fn>
  
  LateInitializationError: Local 'isar' has not been initialized.
  dart:_internal                                                                                LateError._throwLocalNotInitialized
  test/features/data_sharing/infrastructure/repositories/isar_shared_data_repository_test.dart  main.<fn>.<fn>
  

To run this test again: /opt/homebrew/share/flutter/bin/cache/dart-sdk/bin/dart test /Users/pro16/Desktop/project/n06/test/features/data_sharing/infrastructure/repositories/isar_shared_data_repository_test.dart -p vm --plain-name 'IsarSharedDataRepository should handle partial data correctly'
00:01 +64 ~1 -10: /Users/pro16/Desktop/project/n06/test/features/data_sharing/infrastructure/repositories/isar_shared_data_repository_test.dart: IsarSharedDataRepository should fetch dose schedules for adherence calculation [E]
  Binding has not yet been initialized.
  The "instance" getter on the ServicesBinding binding mixin is only available once that binding has been initialized.
  Typically, this is done by calling "WidgetsFlutterBinding.ensureInitialized()" or "runApp()" (the latter calls the former). Typically this call is done in the "void main()" method. The "ensureInitialized" method is idempotent; calling it multiple times is not harmful. After calling that method, the "instance" getter will return the binding.
  In a test, one can call "TestWidgetsFlutterBinding.ensureInitialized()" as the first line in the test's "main()" method to initialize the binding.
  If ServicesBinding is a custom binding mixin, there must also be a custom binding class, like WidgetsFlutterBinding, but that mixes in the selected binding, and that is the class that must be constructed before using the "instance" getter.
  package:flutter/src/foundation/binding.dart 314:9                                                   BindingBase.checkInstance.<fn>
  package:flutter/src/foundation/binding.dart 401:6                                                   BindingBase.checkInstance
  package:flutter/src/services/binding.dart 73:54                                                     ServicesBinding.instance
  package:flutter/src/services/platform_channel.dart 179:25                                           _findBinaryMessenger
  package:flutter/src/services/platform_channel.dart 320:56                                           MethodChannel.binaryMessenger
  package:flutter/src/services/platform_channel.dart 360:17                                           MethodChannel._invokeMethod
  package:flutter/src/services/platform_channel.dart 540:12                                           MethodChannel.invokeMethod
  package:path_provider_platform_interface/src/method_channel_path_provider.dart 33:26                MethodChannelPathProvider.getTemporaryPath
  package:path_provider/path_provider.dart 55:40                                                      getTemporaryDirectory
  test/features/data_sharing/infrastructure/repositories/isar_shared_data_repository_test.dart 19:29  main.<fn>.<fn>
  
  LateInitializationError: Local 'isar' has not been initialized.
  dart:_internal                                                                                LateError._throwLocalNotInitialized
  test/features/data_sharing/infrastructure/repositories/isar_shared_data_repository_test.dart  main.<fn>.<fn>
  

To run this test again: /opt/homebrew/share/flutter/bin/cache/dart-sdk/bin/dart test /Users/pro16/Desktop/project/n06/test/features/data_sharing/infrastructure/repositories/isar_shared_data_repository_test.dart -p vm --plain-name 'IsarSharedDataRepository should fetch dose schedules for adherence calculation'
00:01 +64 ~1 -11: /Users/pro16/Desktop/project/n06/test/features/data_sharing/infrastructure/repositories/isar_shared_data_repository_test.dart: IsarSharedDataRepository should handle allTime date range correctly [E]
  Binding has not yet been initialized.
  The "instance" getter on the ServicesBinding binding mixin is only available once that binding has been initialized.
  Typically, this is done by calling "WidgetsFlutterBinding.ensureInitialized()" or "runApp()" (the latter calls the former). Typically this call is done in the "void main()" method. The "ensureInitialized" method is idempotent; calling it multiple times is not harmful. After calling that method, the "instance" getter will return the binding.
  In a test, one can call "TestWidgetsFlutterBinding.ensureInitialized()" as the first line in the test's "main()" method to initialize the binding.
  If ServicesBinding is a custom binding mixin, there must also be a custom binding class, like WidgetsFlutterBinding, but that mixes in the selected binding, and that is the class that must be constructed before using the "instance" getter.
  package:flutter/src/foundation/binding.dart 314:9                                                   BindingBase.checkInstance.<fn>
  package:flutter/src/foundation/binding.dart 401:6                                                   BindingBase.checkInstance
  package:flutter/src/services/binding.dart 73:54                                                     ServicesBinding.instance
  package:flutter/src/services/platform_channel.dart 179:25                                           _findBinaryMessenger
  package:flutter/src/services/platform_channel.dart 320:56                                           MethodChannel.binaryMessenger
  package:flutter/src/services/platform_channel.dart 360:17                                           MethodChannel._invokeMethod
  package:flutter/src/services/platform_channel.dart 540:12                                           MethodChannel.invokeMethod
  package:path_provider_platform_interface/src/method_channel_path_provider.dart 33:26                MethodChannelPathProvider.getTemporaryPath
  package:path_provider/path_provider.dart 55:40                                                      getTemporaryDirectory
  test/features/data_sharing/infrastructure/repositories/isar_shared_data_repository_test.dart 19:29  main.<fn>.<fn>
  
  LateInitializationError: Local 'isar' has not been initialized.
  dart:_internal                                                                                LateError._throwLocalNotInitialized
  test/features/data_sharing/infrastructure/repositories/isar_shared_data_repository_test.dart  main.<fn>.<fn>
  

To run this test again: /opt/homebrew/share/flutter/bin/cache/dart-sdk/bin/dart test /Users/pro16/Desktop/project/n06/test/features/data_sharing/infrastructure/repositories/isar_shared_data_repository_test.dart -p vm --plain-name 'IsarSharedDataRepository should handle allTime date range correctly'
00:01 +64 ~1 -12: /Users/pro16/Desktop/project/n06/test/features/data_sharing/infrastructure/repositories/isar_shared_data_repository_test.dart: IsarSharedDataRepository should filter by correct user [E]
  Binding has not yet been initialized.
  The "instance" getter on the ServicesBinding binding mixin is only available once that binding has been initialized.
  Typically, this is done by calling "WidgetsFlutterBinding.ensureInitialized()" or "runApp()" (the latter calls the former). Typically this call is done in the "void main()" method. The "ensureInitialized" method is idempotent; calling it multiple times is not harmful. After calling that method, the "instance" getter will return the binding.
  In a test, one can call "TestWidgetsFlutterBinding.ensureInitialized()" as the first line in the test's "main()" method to initialize the binding.
  If ServicesBinding is a custom binding mixin, there must also be a custom binding class, like WidgetsFlutterBinding, but that mixes in the selected binding, and that is the class that must be constructed before using the "instance" getter.
  package:flutter/src/foundation/binding.dart 314:9                                                   BindingBase.checkInstance.<fn>
  package:flutter/src/foundation/binding.dart 401:6                                                   BindingBase.checkInstance
  package:flutter/src/services/binding.dart 73:54                                                     ServicesBinding.instance
  package:flutter/src/services/platform_channel.dart 179:25                                           _findBinaryMessenger
  package:flutter/src/services/platform_channel.dart 320:56                                           MethodChannel.binaryMessenger
  package:flutter/src/services/platform_channel.dart 360:17                                           MethodChannel._invokeMethod
  package:flutter/src/services/platform_channel.dart 540:12                                           MethodChannel.invokeMethod
  package:path_provider_platform_interface/src/method_channel_path_provider.dart 33:26                MethodChannelPathProvider.getTemporaryPath
  package:path_provider/path_provider.dart 55:40                                                      getTemporaryDirectory
  test/features/data_sharing/infrastructure/repositories/isar_shared_data_repository_test.dart 19:29  main.<fn>.<fn>
  
  LateInitializationError: Local 'isar' has not been initialized.
  dart:_internal                                                                                LateError._throwLocalNotInitialized
  test/features/data_sharing/infrastructure/repositories/isar_shared_data_repository_test.dart  main.<fn>.<fn>
  

To run this test again: /opt/homebrew/share/flutter/bin/cache/dart-sdk/bin/dart test /Users/pro16/Desktop/project/n06/test/features/data_sharing/infrastructure/repositories/isar_shared_data_repository_test.dart -p vm --plain-name 'IsarSharedDataRepository should filter by correct user'
00:01 +65 ~1 -12: /Users/pro16/Desktop/project/n06/test/features/settings/presentation/settings_screen_test.dart: SettingsScreen Widget Tests SettingsMenuItem should display title and subtitle       00:01 +66 ~1 -12: /Users/pro16/Desktop/project/n06/test/features/settings/presentation/settings_screen_test.dart: SettingsScreen Widget Tests SettingsMenuItem should display title and subtitle       00:01 +67 ~1 -12: /Users/pro16/Desktop/project/n06/test/features/settings/presentation/settings_screen_test.dart: SettingsScreen Widget Tests SettingsMenuItem should display title and subtitle       00:01 +67 ~1 -12: /Users/pro16/Desktop/project/n06/test/features/settings/presentation/settings_screen_test.dart: SettingsScreen Widget Tests SettingsMenuItem should be tappable                      00:01 +68 ~1 -12: /Users/pro16/Desktop/project/n06/test/features/settings/presentation/settings_screen_test.dart: SettingsScreen Widget Tests SettingsMenuItem should be tappable                      00:02 +68 ~1 -12: /Users/pro16/Desktop/project/n06/test/features/settings/presentation/settings_screen_test.dart: SettingsScreen Widget Tests SettingsMenuItem should be tappable                      00:02 +68 ~1 -12: loading /Users/pro16/Desktop/project/n06/test/features/coping_guide/infrastructure/repositories/static_coping_guide_repository_test.dart                                             00:02 +68 ~1 -12: /Users/pro16/Desktop/project/n06/test/features/coping_guide/infrastructure/repositories/static_coping_guide_repository_test.dart: StaticCopingGuideRepository 메스꺼움 증상의 가이드를 반환       00:02 +69 ~1 -12: /Users/pro16/Desktop/project/n06/test/features/coping_guide/infrastructure/repositories/static_coping_guide_repository_test.dart: StaticCopingGuideRepository 메스꺼움 증상의 가이드를 반환       00:02 +69 ~1 -12: /Users/pro16/Desktop/project/n06/test/features/coping_guide/infrastructure/repositories/static_coping_guide_repository_test.dart: StaticCopingGuideRepository 모든 7가지 증상의 가이드를 반환     00:02 +70 ~1 -12: /Users/pro16/Desktop/project/n06/test/features/coping_guide/infrastructure/repositories/static_coping_guide_repository_test.dart: StaticCopingGuideRepository 모든 7가지 증상의 가이드를 반환     00:02 +70 ~1 -12: /Users/pro16/Desktop/project/n06/test/features/coping_guide/infrastructure/repositories/static_coping_guide_repository_test.dart: StaticCopingGuideRepository 등록되지 않은 증상은 null 반환    00:02 +71 ~1 -12: /Users/pro16/Desktop/project/n06/test/features/coping_guide/infrastructure/repositories/static_coping_guide_repository_test.dart: StaticCopingGuideRepository 등록되지 않은 증상은 null 반환    00:02 +71 ~1 -12: /Users/pro16/Desktop/project/n06/test/features/coping_guide/infrastructure/repositories/static_coping_guide_repository_test.dart: StaticCopingGuideRepository 각 가이드는 4가지 섹션을 포함      00:02 +72 ~1 -12: /Users/pro16/Desktop/project/n06/test/features/coping_guide/infrastructure/repositories/static_coping_guide_repository_test.dart: StaticCopingGuideRepository 각 가이드는 4가지 섹션을 포함      00:02 +72 ~1 -12: /Users/pro16/Desktop/project/n06/test/features/coping_guide/infrastructure/repositories/static_coping_guide_repository_test.dart: ... 섹션은 정해진 순서: 즉시조치, 식이조절, 생활습관, 경과관찰             00:02 +73 ~1 -12: /Users/pro16/Desktop/project/n06/test/features/coping_guide/infrastructure/repositories/static_coping_guide_repository_test.dart: ... 섹션은 정해진 순서: 즉시조치, 식이조절, 생활습관, 경과관찰             00:02 +73 ~1 -12: /Users/pro16/Desktop/project/n06/test/features/coping_guide/infrastructure/repositories/static_coping_guide_repository_test.dart: StaticCopingGuideRepository 가이드 데이터는 긍정적인 톤으로 작성됨  00:02 +74 ~1 -12: /Users/pro16/Desktop/project/n06/test/features/coping_guide/infrastructure/dtos/guide_feedback_dto_test.dart: GuideFeedbackDto Entity에서 DTO로 변환                                      00:02 +75 ~1 -12: /Users/pro16/Desktop/project/n06/test/features/coping_guide/presentation/widgets/coping_guide_card_test.dart: CopingGuideCard 증상명과 간단 가이드 표시                                         00:02 +76 ~1 -12: /Users/pro16/Desktop/project/n06/test/features/coping_guide/presentation/widgets/coping_guide_card_test.dart: CopingGuideCard 증상명과 간단 가이드 표시                                         00:02 +77 ~1 -12: /Users/pro16/Desktop/project/n06/test/features/coping_guide/presentation/widgets/coping_guide_card_test.dart: CopingGuideCard 증상명과 간단 가이드 표시                                         00:02 +78 ~1 -12: /Users/pro16/Desktop/project/n06/test/features/coping_guide/presentation/widgets/coping_guide_card_test.dart: CopingGuideCard 증상명과 간단 가이드 표시                                         00:02 +79 ~1 -12: /Users/pro16/Desktop/project/n06/test/features/coping_guide/presentation/widgets/coping_guide_card_test.dart: CopingGuideCard 증상명과 간단 가이드 표시                                         00:02 +80 ~1 -12: /Users/pro16/Desktop/project/n06/test/features/coping_guide/presentation/widgets/coping_guide_card_test.dart: CopingGuideCard 증상명과 간단 가이드 표시                                         00:02 +81 ~1 -12: /Users/pro16/Desktop/project/n06/test/features/coping_guide/presentation/widgets/coping_guide_card_test.dart: CopingGuideCard 증상명과 간단 가이드 표시                                         00:02 +82 ~1 -12: /Users/pro16/Desktop/project/n06/test/features/coping_guide/presentation/widgets/coping_guide_card_test.dart: CopingGuideCard 증상명과 간단 가이드 표시                                         00:02 +83 ~1 -12: /Users/pro16/Desktop/project/n06/test/features/coping_guide/presentation/widgets/coping_guide_card_test.dart: CopingGuideCard 증상명과 간단 가이드 표시                                         00:02 +84 ~1 -12: /Users/pro16/Desktop/project/n06/test/features/coping_guide/presentation/widgets/coping_guide_card_test.dart: CopingGuideCard 증상명과 간단 가이드 표시                                         00:02 +85 ~1 -12: /Users/pro16/Desktop/project/n06/test/features/coping_guide/presentation/widgets/coping_guide_card_test.dart: CopingGuideCard 증상명과 간단 가이드 표시                                         00:02 +86 ~1 -12: /Users/pro16/Desktop/project/n06/test/features/coping_guide/presentation/widgets/coping_guide_card_test.dart: CopingGuideCard 증상명과 간단 가이드 표시                                         00:02 +87 ~1 -12: /Users/pro16/Desktop/project/n06/test/features/coping_guide/presentation/widgets/coping_guide_card_test.dart: CopingGuideCard 증상명과 간단 가이드 표시                                         test/features/notification/infrastructure/repositories/isar_notification_repository_test.dart:33:33: Error: The argument type 'TimeOfDay' can't be assigned to the parameter type 'NotificationTime'.
 - 'TimeOfDay' is from 'package:flutter/src/material/time.dart' ('/opt/homebrew/share/flutter/packages/flutter/lib/src/material/time.dart').
 - 'NotificationTime' is from 'package:n06/features/notification/domain/value_objects/notification_time.dart' ('lib/features/notification/domain/value_objects/notification_time.dart').
        notificationTime: const TimeOfDay(hour: 9, minute: 0),
                                ^
test/features/notification/infrastructure/repositories/isar_notification_repository_test.dart:61:33: Error: The argument type 'TimeOfDay' can't be assigned to the parameter type 'NotificationTime'.
 - 'TimeOfDay' is from 'package:flutter/src/material/time.dart' ('/opt/homebrew/share/flutter/packages/flutter/lib/src/material/time.dart').
 - 'NotificationTime' is from 'package:n06/features/notification/domain/value_objects/notification_time.dart' ('lib/features/notification/domain/value_objects/notification_time.dart').
        notificationTime: const TimeOfDay(hour: 9, minute: 0),
                                ^
test/features/notification/infrastructure/repositories/isar_notification_repository_test.dart:69:33: Error: The argument type 'TimeOfDay' can't be assigned to the parameter type 'NotificationTime'.
 - 'TimeOfDay' is from 'package:flutter/src/material/time.dart' ('/opt/homebrew/share/flutter/packages/flutter/lib/src/material/time.dart').
 - 'NotificationTime' is from 'package:n06/features/notification/domain/value_objects/notification_time.dart' ('lib/features/notification/domain/value_objects/notification_time.dart').
        notificationTime: const TimeOfDay(hour: 21, minute: 0),
                                ^
test/features/notification/infrastructure/repositories/isar_notification_repository_test.dart:85:33: Error: The argument type 'TimeOfDay' can't be assigned to the parameter type 'NotificationTime'.
 - 'TimeOfDay' is from 'package:flutter/src/material/time.dart' ('/opt/homebrew/share/flutter/packages/flutter/lib/src/material/time.dart').
 - 'NotificationTime' is from 'package:n06/features/notification/domain/value_objects/notification_time.dart' ('lib/features/notification/domain/value_objects/notification_time.dart').
        notificationTime: const TimeOfDay(hour: 9, minute: 0),
                                ^
test/features/notification/infrastructure/repositories/isar_notification_repository_test.dart:90:33: Error: The argument type 'TimeOfDay' can't be assigned to the parameter type 'NotificationTime'.
 - 'TimeOfDay' is from 'package:flutter/src/material/time.dart' ('/opt/homebrew/share/flutter/packages/flutter/lib/src/material/time.dart').
 - 'NotificationTime' is from 'package:n06/features/notification/domain/value_objects/notification_time.dart' ('lib/features/notification/domain/value_objects/notification_time.dart').
        notificationTime: const TimeOfDay(hour: 14, minute: 30),
                                ^
00:02 +87 ~1 -13: loading /Users/pro16/Desktop/project/n06/test/features/notification/infrastructure/repositories/isar_notification_repository_test.dart [E]                                           
  Failed to load "/Users/pro16/Desktop/project/n06/test/features/notification/infrastructure/repositories/isar_notification_repository_test.dart":
  Compilation failed for testPath=/Users/pro16/Desktop/project/n06/test/features/notification/infrastructure/repositories/isar_notification_repository_test.dart: test/features/notification/infrastructure/repositories/isar_notification_repository_test.dart:33:33: Error: The argument type 'TimeOfDay' can't be assigned to the parameter type 'NotificationTime'.
   - 'TimeOfDay' is from 'package:flutter/src/material/time.dart' ('/opt/homebrew/share/flutter/packages/flutter/lib/src/material/time.dart').
   - 'NotificationTime' is from 'package:n06/features/notification/domain/value_objects/notification_time.dart' ('lib/features/notification/domain/value_objects/notification_time.dart').
          notificationTime: const TimeOfDay(hour: 9, minute: 0),
                                  ^
  test/features/notification/infrastructure/repositories/isar_notification_repository_test.dart:61:33: Error: The argument type 'TimeOfDay' can't be assigned to the parameter type 'NotificationTime'.
   - 'TimeOfDay' is from 'package:flutter/src/material/time.dart' ('/opt/homebrew/share/flutter/packages/flutter/lib/src/material/time.dart').
   - 'NotificationTime' is from 'package:n06/features/notification/domain/value_objects/notification_time.dart' ('lib/features/notification/domain/value_objects/notification_time.dart').
          notificationTime: const TimeOfDay(hour: 9, minute: 0),
                                  ^
  test/features/notification/infrastructure/repositories/isar_notification_repository_test.dart:69:33: Error: The argument type 'TimeOfDay' can't be assigned to the parameter type 'NotificationTime'.
   - 'TimeOfDay' is from 'package:flutter/src/material/time.dart' ('/opt/homebrew/share/flutter/packages/flutter/lib/src/material/time.dart').
   - 'NotificationTime' is from 'package:n06/features/notification/domain/value_objects/notification_time.dart' ('lib/features/notification/domain/value_objects/notification_time.dart').
          notificationTime: const TimeOfDay(hour: 21, minute: 0),
                                  ^
  test/features/notification/infrastructure/repositories/isar_notification_repository_test.dart:85:33: Error: The argument type 'TimeOfDay' can't be assigned to the parameter type 'NotificationTime'.
   - 'TimeOfDay' is from 'package:flutter/src/material/time.dart' ('/opt/homebrew/share/flutter/packages/flutter/lib/src/material/time.dart').
   - 'NotificationTime' is from 'package:n06/features/notification/domain/value_objects/notification_time.dart' ('lib/features/notification/domain/value_objects/notification_time.dart').
          notificationTime: const TimeOfDay(hour: 9, minute: 0),
                                  ^
  test/features/notification/infrastructure/repositories/isar_notification_repository_test.dart:90:33: Error: The argument type 'TimeOfDay' can't be assigned to the parameter type 'NotificationTime'.
   - 'TimeOfDay' is from 'package:flutter/src/material/time.dart' ('/opt/homebrew/share/flutter/packages/flutter/lib/src/material/time.dart').
   - 'NotificationTime' is from 'package:n06/features/notification/domain/value_objects/notification_time.dart' ('lib/features/notification/domain/value_objects/notification_time.dart').
          notificationTime: const TimeOfDay(hour: 14, minute: 30),
                                  ^
  .

To run this test again: /opt/homebrew/share/flutter/bin/cache/dart-sdk/bin/dart test /Users/pro16/Desktop/project/n06/test/features/notification/infrastructure/repositories/isar_notification_repository_test.dart -p vm --plain-name 'loading /Users/pro16/Desktop/project/n06/test/features/notification/infrastructure/repositories/isar_notification_repository_test.dart'
00:02 +88 ~1 -13: /Users/pro16/Desktop/project/n06/test/features/coping_guide/presentation/widgets/coping_guide_card_test.dart: CopingGuideCard 증상명과 간단 가이드 표시                                         00:02 +89 ~1 -13: /Users/pro16/Desktop/project/n06/test/features/coping_guide/presentation/widgets/severity_warning_banner_test.dart: SeverityWarningBanner 경고 메시지 텍스트 표시                              00:02 +90 ~1 -13: /Users/pro16/Desktop/project/n06/test/features/coping_guide/presentation/widgets/severity_warning_banner_test.dart: SeverityWarningBanner 경고 메시지 텍스트 표시                              00:02 +91 ~1 -13: /Users/pro16/Desktop/project/n06/test/features/coping_guide/presentation/widgets/severity_warning_banner_test.dart: SeverityWarningBanner 경고 메시지 텍스트 표시                              00:02 +92 ~1 -13: /Users/pro16/Desktop/project/n06/test/features/coping_guide/presentation/widgets/feedback_widget_test.dart: FeedbackWidget "도움이 되었나요?" 텍스트 표시                                        00:02 +93 ~1 -13: /Users/pro16/Desktop/project/n06/test/features/coping_guide/presentation/screens/detailed_guide_screen_test.dart: DetailedGuideScreen 증상명을 제목으로 표시                                   00:02 +94 ~1 -13: /Users/pro16/Desktop/project/n06/test/features/coping_guide/presentation/widgets/coping_guide_card_test.dart: CopingGuideCard "더 자세한 가이드 보기" 탭 시 콜백 호출                               00:02 +95 ~1 -13: /Users/pro16/Desktop/project/n06/test/features/coping_guide/presentation/widgets/coping_guide_card_test.dart: CopingGuideCard "더 자세한 가이드 보기" 탭 시 콜백 호출                               00:02 +96 ~1 -13: /Users/pro16/Desktop/project/n06/test/features/coping_guide/presentation/widgets/coping_guide_card_test.dart: CopingGuideCard "더 자세한 가이드 보기" 탭 시 콜백 호출                               00:02 +97 ~1 -13: /Users/pro16/Desktop/project/n06/test/features/coping_guide/presentation/widgets/coping_guide_card_test.dart: CopingGuideCard "더 자세한 가이드 보기" 탭 시 콜백 호출                               00:02 +98 ~1 -13: /Users/pro16/Desktop/project/n06/test/features/coping_guide/presentation/widgets/coping_guide_card_test.dart: CopingGuideCard "더 자세한 가이드 보기" 탭 시 콜백 호출                               00:02 +99 ~1 -13: /Users/pro16/Desktop/project/n06/test/features/coping_guide/presentation/widgets/severity_warning_banner_test.dart: SeverityWarningBanner "증상 체크하기" 버튼 탭 시 콜백 호출                     00:02 +100 ~1 -13: /Users/pro16/Desktop/project/n06/test/features/coping_guide/presentation/widgets/severity_warning_banner_test.dart: SeverityWarningBanner "증상 체크하기" 버튼 탭 시 콜백 호출                    00:02 +101 ~1 -13: /Users/pro16/Desktop/project/n06/test/features/coping_guide/presentation/widgets/severity_warning_banner_test.dart: SeverityWarningBanner "증상 체크하기" 버튼 탭 시 콜백 호출                    00:02 +102 ~1 -13: /Users/pro16/Desktop/project/n06/test/features/coping_guide/presentation/widgets/severity_warning_banner_test.dart: SeverityWarningBanner "증상 체크하기" 버튼 탭 시 콜백 호출                    00:02 +103 ~1 -13: /Users/pro16/Desktop/project/n06/test/features/coping_guide/presentation/widgets/severity_warning_banner_test.dart: SeverityWarningBanner "증상 체크하기" 버튼 탭 시 콜백 호출                    00:02 +104 ~1 -13: /Users/pro16/Desktop/project/n06/test/features/coping_guide/presentation/widgets/coping_guide_card_test.dart: CopingGuideCard 경고 배너 미활성화 시 배너 미표시                                   00:02 +105 ~1 -13: /Users/pro16/Desktop/project/n06/test/features/coping_guide/presentation/widgets/feedback_widget_test.dart: FeedbackWidget "아니오" 탭 시 추가 옵션 표시                                       00:02 +106 ~1 -13: /Users/pro16/Desktop/project/n06/test/features/coping_guide/presentation/screens/detailed_guide_screen_test.dart: DetailedGuideScreen AppBar가 표시됨                                   00:02 +107 ~1 -13: /Users/pro16/Desktop/project/n06/test/features/coping_guide/presentation/screens/detailed_guide_screen_test.dart: DetailedGuideScreen AppBar가 표시됨                                   00:02 +108 ~1 -13: /Users/pro16/Desktop/project/n06/test/features/coping_guide/presentation/widgets/coping_guide_card_test.dart: CopingGuideCard 경고 배너의 "증상 체크하기" 버튼 탭 시 콜백 호출                         00:02 +109 ~1 -13: /Users/pro16/Desktop/project/n06/test/features/coping_guide/presentation/widgets/coping_guide_card_test.dart: CopingGuideCard 경고 배너의 "증상 체크하기" 버튼 탭 시 콜백 호출                         00:02 +110 ~1 -13: /Users/pro16/Desktop/project/n06/test/features/coping_guide/presentation/widgets/severity_warning_banner_test.dart: SeverityWarningBanner 경고 아이콘 표시                                 00:02 +111 ~1 -13: /Users/pro16/Desktop/project/n06/test/features/coping_guide/presentation/screens/detailed_guide_screen_test.dart: DetailedGuideScreen 많은 섹션 처리 시 스크롤 가능                             00:02 +112 ~1 -13: /Users/pro16/Desktop/project/n06/test/features/coping_guide/presentation/screens/detailed_guide_screen_test.dart: DetailedGuideScreen 많은 섹션 처리 시 스크롤 가능                             00:02 +113 ~1 -13: /Users/pro16/Desktop/project/n06/test/features/coping_guide/presentation/widgets/feedback_widget_test.dart: FeedbackWidget "예" 선택 후 다시 상호작용 불가능 확인                                  00:02 +114 ~1 -13: /Users/pro16/Desktop/project/n06/test/features/notification/application/notifiers/notification_notifier_test.dart: NotificationNotifier should initialize with loading state        00:02 +114 ~1 -14: /Users/pro16/Desktop/project/n06/test/features/notification/application/notifiers/notification_notifier_test.dart: NotificationNotifier should initialize with loading state [E]    
  type 'Null' is not a subtype of type 'Future<NotificationSettings?>'
  test/features/notification/application/notifiers/notification_notifier_test.dart 18:7   MockNotificationRepository.getNotificationSettings
  test/features/notification/application/notifiers/notification_notifier_test.dart 39:27  main.<fn>.<fn>
  

To run this test again: /opt/homebrew/share/flutter/bin/cache/dart-sdk/bin/dart test /Users/pro16/Desktop/project/n06/test/features/notification/application/notifiers/notification_notifier_test.dart -p vm --plain-name 'NotificationNotifier should initialize with loading state'
00:02 +114 ~1 -14: /Users/pro16/Desktop/project/n06/test/features/notification/application/notifiers/notification_notifier_test.dart: NotificationNotifier should load notification settings on build  00:02 +114 ~1 -15: /Users/pro16/Desktop/project/n06/test/features/notification/application/notifiers/notification_notifier_test.dart: NotificationNotifier should load notification settings on build [E]
  Bad state: Cannot call `when` within a stub response
  package:mockito/src/mock.dart 1207:5                                                   when
  test/features/notification/application/notifiers/notification_notifier_test.dart 67:7  main.<fn>.<fn>
  

To run this test again: /opt/homebrew/share/flutter/bin/cache/dart-sdk/bin/dart test /Users/pro16/Desktop/project/n06/test/features/notification/application/notifiers/notification_notifier_test.dart -p vm --plain-name 'NotificationNotifier should load notification settings on build'
00:02 +114 ~1 -15: /Users/pro16/Desktop/project/n06/test/features/notification/application/notifiers/notification_notifier_test.dart: ... should return default settings when none exist               00:02 +114 ~1 -16: /Users/pro16/Desktop/project/n06/test/features/notification/application/notifiers/notification_notifier_test.dart: NotificationNotifier should return default settings when none exist [E]
  Bad state: Cannot call `when` within a stub response
  package:mockito/src/mock.dart 1207:5                                                   when
  test/features/notification/application/notifiers/notification_notifier_test.dart 91:7  main.<fn>.<fn>
  

To run this test again: /opt/homebrew/share/flutter/bin/cache/dart-sdk/bin/dart test /Users/pro16/Desktop/project/n06/test/features/notification/application/notifiers/notification_notifier_test.dart -p vm --plain-name 'NotificationNotifier should return default settings when none exist'
00:02 +114 ~1 -16: /Users/pro16/Desktop/project/n06/test/features/notification/application/notifiers/notification_notifier_test.dart: ... should update notification time and reschedule               00:02 +114 ~1 -17: /Users/pro16/Desktop/project/n06/test/features/notification/application/notifiers/notification_notifier_test.dart: NotificationNotifier should update notification time and reschedule [E]
  Bad state: Cannot call `when` within a stub response
  package:mockito/src/mock.dart 1207:5                                                    when
  test/features/notification/application/notifiers/notification_notifier_test.dart 128:7  main.<fn>.<fn>
  

To run this test again: /opt/homebrew/share/flutter/bin/cache/dart-sdk/bin/dart test /Users/pro16/Desktop/project/n06/test/features/notification/application/notifiers/notification_notifier_test.dart -p vm --plain-name 'NotificationNotifier should update notification time and reschedule'
00:02 +114 ~1 -17: /Users/pro16/Desktop/project/n06/test/features/notification/application/notifiers/notification_notifier_test.dart: ... should toggle notification enabled with permission check     00:02 +114 ~1 -18: /Users/pro16/Desktop/project/n06/test/features/notification/application/notifiers/notification_notifier_test.dart: NotificationNotifier should toggle notification enabled with permission check [E]
  Bad state: Cannot call `when` within a stub response
  package:mockito/src/mock.dart 1207:5                                                    when
  test/features/notification/application/notifiers/notification_notifier_test.dart 182:7  main.<fn>.<fn>
  

To run this test again: /opt/homebrew/share/flutter/bin/cache/dart-sdk/bin/dart test /Users/pro16/Desktop/project/n06/test/features/notification/application/notifiers/notification_notifier_test.dart -p vm --plain-name 'NotificationNotifier should toggle notification enabled with permission check'
00:02 +114 ~1 -18: /Users/pro16/Desktop/project/n06/test/features/notification/application/notifiers/notification_notifier_test.dart: ... should request permission when toggling without permission   00:02 +114 ~1 -19: /Users/pro16/Desktop/project/n06/test/features/notification/application/notifiers/notification_notifier_test.dart: NotificationNotifier should request permission when toggling without permission [E]
  Bad state: Cannot call `when` within a stub response
  package:mockito/src/mock.dart 1207:5                                                    when
  test/features/notification/application/notifiers/notification_notifier_test.dart 232:7  main.<fn>.<fn>
  

To run this test again: /opt/homebrew/share/flutter/bin/cache/dart-sdk/bin/dart test /Users/pro16/Desktop/project/n06/test/features/notification/application/notifiers/notification_notifier_test.dart -p vm --plain-name 'NotificationNotifier should request permission when toggling without permission'
00:02 +114 ~1 -19: /Users/pro16/Desktop/project/n06/test/features/notification/application/notifiers/notification_notifier_test.dart: NotificationNotifier should not enable when permission denied    00:02 +114 ~1 -20: /Users/pro16/Desktop/project/n06/test/features/notification/application/notifiers/notification_notifier_test.dart: NotificationNotifier should not enable when permission denied [E]
  Bad state: Cannot call `when` within a stub response
  package:mockito/src/mock.dart 1207:5                                                    when
  test/features/notification/application/notifiers/notification_notifier_test.dart 276:7  main.<fn>.<fn>
  

To run this test again: /opt/homebrew/share/flutter/bin/cache/dart-sdk/bin/dart test /Users/pro16/Desktop/project/n06/test/features/notification/application/notifiers/notification_notifier_test.dart -p vm --plain-name 'NotificationNotifier should not enable when permission denied'
00:02 +114 ~1 -20: /Users/pro16/Desktop/project/n06/test/features/notification/application/notifiers/notification_notifier_test.dart: ... should cancel all notifications when disabling               00:02 +114 ~1 -21: /Users/pro16/Desktop/project/n06/test/features/notification/application/notifiers/notification_notifier_test.dart: NotificationNotifier should cancel all notifications when disabling [E]
  Bad state: Cannot call `when` within a stub response
  package:mockito/src/mock.dart 1207:5                                                    when
  test/features/notification/application/notifiers/notification_notifier_test.dart 311:7  main.<fn>.<fn>
  

To run this test again: /opt/homebrew/share/flutter/bin/cache/dart-sdk/bin/dart test /Users/pro16/Desktop/project/n06/test/features/notification/application/notifiers/notification_notifier_test.dart -p vm --plain-name 'NotificationNotifier should cancel all notifications when disabling'
test/features/notification/infrastructure/dtos/notification_settings_dto_test.dart:32:33: Error: The argument type 'TimeOfDay' can't be assigned to the parameter type 'NotificationTime'.
 - 'TimeOfDay' is from 'package:flutter/src/material/time.dart' ('/opt/homebrew/share/flutter/packages/flutter/lib/src/material/time.dart').
 - 'NotificationTime' is from 'package:n06/features/notification/domain/value_objects/notification_time.dart' ('lib/features/notification/domain/value_objects/notification_time.dart').
        notificationTime: const TimeOfDay(hour: 21, minute: 30),
                                ^
test/features/notification/infrastructure/dtos/notification_settings_dto_test.dart:50:33: Error: The argument type 'TimeOfDay' can't be assigned to the parameter type 'NotificationTime'.
 - 'TimeOfDay' is from 'package:flutter/src/material/time.dart' ('/opt/homebrew/share/flutter/packages/flutter/lib/src/material/time.dart').
 - 'NotificationTime' is from 'package:n06/features/notification/domain/value_objects/notification_time.dart' ('lib/features/notification/domain/value_objects/notification_time.dart').
        notificationTime: const TimeOfDay(hour: 0, minute: 0),
                                ^
test/features/notification/infrastructure/dtos/notification_settings_dto_test.dart:67:33: Error: The argument type 'TimeOfDay' can't be assigned to the parameter type 'NotificationTime'.
 - 'TimeOfDay' is from 'package:flutter/src/material/time.dart' ('/opt/homebrew/share/flutter/packages/flutter/lib/src/material/time.dart').
 - 'NotificationTime' is from 'package:n06/features/notification/domain/value_objects/notification_time.dart' ('lib/features/notification/domain/value_objects/notification_time.dart').
        notificationTime: const TimeOfDay(hour: 23, minute: 59),
                                ^
test/features/notification/infrastructure/dtos/notification_settings_dto_test.dart:84:33: Error: The argument type 'TimeOfDay' can't be assigned to the parameter type 'NotificationTime'.
 - 'TimeOfDay' is from 'package:flutter/src/material/time.dart' ('/opt/homebrew/share/flutter/packages/flutter/lib/src/material/time.dart').
 - 'NotificationTime' is from 'package:n06/features/notification/domain/value_objects/notification_time.dart' ('lib/features/notification/domain/value_objects/notification_time.dart').
        notificationTime: const TimeOfDay(hour: 14, minute: 45),
                                ^
00:02 +114 ~1 -22: loading /Users/pro16/Desktop/project/n06/test/features/notification/infrastructure/dtos/notification_settings_dto_test.dart [E]                                                     
  Failed to load "/Users/pro16/Desktop/project/n06/test/features/notification/infrastructure/dtos/notification_settings_dto_test.dart":
  Compilation failed for testPath=/Users/pro16/Desktop/project/n06/test/features/notification/infrastructure/dtos/notification_settings_dto_test.dart: test/features/notification/infrastructure/dtos/notification_settings_dto_test.dart:32:33: Error: The argument type 'TimeOfDay' can't be assigned to the parameter type 'NotificationTime'.
   - 'TimeOfDay' is from 'package:flutter/src/material/time.dart' ('/opt/homebrew/share/flutter/packages/flutter/lib/src/material/time.dart').
   - 'NotificationTime' is from 'package:n06/features/notification/domain/value_objects/notification_time.dart' ('lib/features/notification/domain/value_objects/notification_time.dart').
          notificationTime: const TimeOfDay(hour: 21, minute: 30),
                                  ^
  test/features/notification/infrastructure/dtos/notification_settings_dto_test.dart:50:33: Error: The argument type 'TimeOfDay' can't be assigned to the parameter type 'NotificationTime'.
   - 'TimeOfDay' is from 'package:flutter/src/material/time.dart' ('/opt/homebrew/share/flutter/packages/flutter/lib/src/material/time.dart').
   - 'NotificationTime' is from 'package:n06/features/notification/domain/value_objects/notification_time.dart' ('lib/features/notification/domain/value_objects/notification_time.dart').
          notificationTime: const TimeOfDay(hour: 0, minute: 0),
                                  ^
  test/features/notification/infrastructure/dtos/notification_settings_dto_test.dart:67:33: Error: The argument type 'TimeOfDay' can't be assigned to the parameter type 'NotificationTime'.
   - 'TimeOfDay' is from 'package:flutter/src/material/time.dart' ('/opt/homebrew/share/flutter/packages/flutter/lib/src/material/time.dart').
   - 'NotificationTime' is from 'package:n06/features/notification/domain/value_objects/notification_time.dart' ('lib/features/notification/domain/value_objects/notification_time.dart').
          notificationTime: const TimeOfDay(hour: 23, minute: 59),
                                  ^
  test/features/notification/infrastructure/dtos/notification_settings_dto_test.dart:84:33: Error: The argument type 'TimeOfDay' can't be assigned to the parameter type 'NotificationTime'.
   - 'TimeOfDay' is from 'package:flutter/src/material/time.dart' ('/opt/homebrew/share/flutter/packages/flutter/lib/src/material/time.dart').
   - 'NotificationTime' is from 'package:n06/features/notification/domain/value_objects/notification_time.dart' ('lib/features/notification/domain/value_objects/notification_time.dart').
          notificationTime: const TimeOfDay(hour: 14, minute: 45),
                                  ^
  .

To run this test again: /opt/homebrew/share/flutter/bin/cache/dart-sdk/bin/dart test /Users/pro16/Desktop/project/n06/test/features/notification/infrastructure/dtos/notification_settings_dto_test.dart -p vm --plain-name 'loading /Users/pro16/Desktop/project/n06/test/features/notification/infrastructure/dtos/notification_settings_dto_test.dart'
test/features/notification/infrastructure/services/local_notification_scheduler_test.dart:76:33: Error: The argument type 'TimeOfDay' can't be assigned to the parameter type 'NotificationTime'.
 - 'TimeOfDay' is from 'package:flutter/src/material/time.dart' ('/opt/homebrew/share/flutter/packages/flutter/lib/src/material/time.dart').
 - 'NotificationTime' is from 'package:n06/features/notification/domain/value_objects/notification_time.dart' ('lib/features/notification/domain/value_objects/notification_time.dart').
        notificationTime: const TimeOfDay(hour: 9, minute: 0),
                                ^
test/features/notification/infrastructure/services/local_notification_scheduler_test.dart:94:33: Error: The argument type 'TimeOfDay' can't be assigned to the parameter type 'NotificationTime'.
 - 'TimeOfDay' is from 'package:flutter/src/material/time.dart' ('/opt/homebrew/share/flutter/packages/flutter/lib/src/material/time.dart').
 - 'NotificationTime' is from 'package:n06/features/notification/domain/value_objects/notification_time.dart' ('lib/features/notification/domain/value_objects/notification_time.dart').
        notificationTime: const TimeOfDay(hour: 9, minute: 0),
                                ^
test/features/notification/infrastructure/services/local_notification_scheduler_test.dart:117:33: Error: The argument type 'TimeOfDay' can't be assigned to the parameter type 'NotificationTime'.
 - 'TimeOfDay' is from 'package:flutter/src/material/time.dart' ('/opt/homebrew/share/flutter/packages/flutter/lib/src/material/time.dart').
 - 'NotificationTime' is from 'package:n06/features/notification/domain/value_objects/notification_time.dart' ('lib/features/notification/domain/value_objects/notification_time.dart').
        notificationTime: const TimeOfDay(hour: 9, minute: 0),
                                ^
test/features/notification/infrastructure/services/local_notification_scheduler_test.dart:146:33: Error: The argument type 'TimeOfDay' can't be assigned to the parameter type 'NotificationTime'.
 - 'TimeOfDay' is from 'package:flutter/src/material/time.dart' ('/opt/homebrew/share/flutter/packages/flutter/lib/src/material/time.dart').
 - 'NotificationTime' is from 'package:n06/features/notification/domain/value_objects/notification_time.dart' ('lib/features/notification/domain/value_objects/notification_time.dart').
        notificationTime: const TimeOfDay(hour: 9, minute: 0),
                                ^
00:03 +114 ~1 -23: loading /Users/pro16/Desktop/project/n06/test/features/notification/infrastructure/services/local_notification_scheduler_test.dart [E]                                              
  Failed to load "/Users/pro16/Desktop/project/n06/test/features/notification/infrastructure/services/local_notification_scheduler_test.dart":
  Compilation failed for testPath=/Users/pro16/Desktop/project/n06/test/features/notification/infrastructure/services/local_notification_scheduler_test.dart: test/features/notification/infrastructure/services/local_notification_scheduler_test.dart:76:33: Error: The argument type 'TimeOfDay' can't be assigned to the parameter type 'NotificationTime'.
   - 'TimeOfDay' is from 'package:flutter/src/material/time.dart' ('/opt/homebrew/share/flutter/packages/flutter/lib/src/material/time.dart').
   - 'NotificationTime' is from 'package:n06/features/notification/domain/value_objects/notification_time.dart' ('lib/features/notification/domain/value_objects/notification_time.dart').
          notificationTime: const TimeOfDay(hour: 9, minute: 0),
                                  ^
  test/features/notification/infrastructure/services/local_notification_scheduler_test.dart:94:33: Error: The argument type 'TimeOfDay' can't be assigned to the parameter type 'NotificationTime'.
   - 'TimeOfDay' is from 'package:flutter/src/material/time.dart' ('/opt/homebrew/share/flutter/packages/flutter/lib/src/material/time.dart').
   - 'NotificationTime' is from 'package:n06/features/notification/domain/value_objects/notification_time.dart' ('lib/features/notification/domain/value_objects/notification_time.dart').
          notificationTime: const TimeOfDay(hour: 9, minute: 0),
                                  ^
  test/features/notification/infrastructure/services/local_notification_scheduler_test.dart:117:33: Error: The argument type 'TimeOfDay' can't be assigned to the parameter type 'NotificationTime'.
   - 'TimeOfDay' is from 'package:flutter/src/material/time.dart' ('/opt/homebrew/share/flutter/packages/flutter/lib/src/material/time.dart').
   - 'NotificationTime' is from 'package:n06/features/notification/domain/value_objects/notification_time.dart' ('lib/features/notification/domain/value_objects/notification_time.dart').
          notificationTime: const TimeOfDay(hour: 9, minute: 0),
                                  ^
  test/features/notification/infrastructure/services/local_notification_scheduler_test.dart:146:33: Error: The argument type 'TimeOfDay' can't be assigned to the parameter type 'NotificationTime'.
   - 'TimeOfDay' is from 'package:flutter/src/material/time.dart' ('/opt/homebrew/share/flutter/packages/flutter/lib/src/material/time.dart').
   - 'NotificationTime' is from 'package:n06/features/notification/domain/value_objects/notification_time.dart' ('lib/features/notification/domain/value_objects/notification_time.dart').
          notificationTime: const TimeOfDay(hour: 9, minute: 0),
                                  ^
  .

To run this test again: /opt/homebrew/share/flutter/bin/cache/dart-sdk/bin/dart test /Users/pro16/Desktop/project/n06/test/features/notification/infrastructure/services/local_notification_scheduler_test.dart -p vm --plain-name 'loading /Users/pro16/Desktop/project/n06/test/features/notification/infrastructure/services/local_notification_scheduler_test.dart'
00:03 +114 ~1 -23: loading /Users/pro16/Desktop/project/n06/test/features/notification/infrastructure/services/permission_service_test.dart                                                            00:03 +114 ~1 -23: /Users/pro16/Desktop/project/n06/test/features/notification/infrastructure/services/permission_service_test.dart: ... should return true when notification permission is granted    00:03 +114 ~1 -24: /Users/pro16/Desktop/project/n06/test/features/notification/infrastructure/services/permission_service_test.dart: PermissionService should return true when notification permission is granted [E]
  Binding has not yet been initialized.
  The "instance" getter on the ServicesBinding binding mixin is only available once that binding has been initialized.
  Typically, this is done by calling "WidgetsFlutterBinding.ensureInitialized()" or "runApp()" (the latter calls the former). Typically this call is done in the "void main()" method. The "ensureInitialized" method is idempotent; calling it multiple times is not harmful. After calling that method, the "instance" getter will return the binding.
  In a test, one can call "TestWidgetsFlutterBinding.ensureInitialized()" as the first line in the test's "main()" method to initialize the binding.
  If ServicesBinding is a custom binding mixin, there must also be a custom binding class, like WidgetsFlutterBinding, but that mixes in the selected binding, and that is the class that must be constructed before using the "instance" getter.
  package:flutter/src/foundation/binding.dart 314:9                                                              BindingBase.checkInstance.<fn>
  package:flutter/src/foundation/binding.dart 401:6                                                              BindingBase.checkInstance
  package:flutter/src/services/binding.dart 73:54                                                                ServicesBinding.instance
  package:flutter/src/services/platform_channel.dart 179:25                                                      _findBinaryMessenger
  package:flutter/src/services/platform_channel.dart 320:56                                                      MethodChannel.binaryMessenger
  package:flutter/src/services/platform_channel.dart 360:17                                                      MethodChannel._invokeMethod
  package:flutter/src/services/platform_channel.dart 540:12                                                      MethodChannel.invokeMethod
  package:permission_handler_platform_interface/src/method_channel/method_channel_permission_handler.dart 17:41  MethodChannelPermissionHandler.checkPermissionStatus
  package:permission_handler/permission_handler.dart 89:51                                                       PermissionActions.status
  package:n06/features/notification/infrastructure/services/permission_service.dart 7:69                         PermissionService.checkPermission
  test/features/notification/infrastructure/services/permission_service_test.dart 25:43                          main.<fn>.<fn>
  

To run this test again: /opt/homebrew/share/flutter/bin/cache/dart-sdk/bin/dart test /Users/pro16/Desktop/project/n06/test/features/notification/infrastructure/services/permission_service_test.dart -p vm --plain-name 'PermissionService should return true when notification permission is granted'
00:03 +114 ~1 -24: /Users/pro16/Desktop/project/n06/test/features/notification/infrastructure/services/permission_service_test.dart: PermissionService should attempt to request permission            00:03 +114 ~1 -25: /Users/pro16/Desktop/project/n06/test/features/notification/infrastructure/services/permission_service_test.dart: PermissionService should attempt to request permission [E]        
  Binding has not yet been initialized.
  The "instance" getter on the ServicesBinding binding mixin is only available once that binding has been initialized.
  Typically, this is done by calling "WidgetsFlutterBinding.ensureInitialized()" or "runApp()" (the latter calls the former). Typically this call is done in the "void main()" method. The "ensureInitialized" method is idempotent; calling it multiple times is not harmful. After calling that method, the "instance" getter will return the binding.
  In a test, one can call "TestWidgetsFlutterBinding.ensureInitialized()" as the first line in the test's "main()" method to initialize the binding.
  If ServicesBinding is a custom binding mixin, there must also be a custom binding class, like WidgetsFlutterBinding, but that mixes in the selected binding, and that is the class that must be constructed before using the "instance" getter.
  package:flutter/src/foundation/binding.dart 314:9                                                              BindingBase.checkInstance.<fn>
  package:flutter/src/foundation/binding.dart 401:6                                                              BindingBase.checkInstance
  package:flutter/src/services/binding.dart 73:54                                                                ServicesBinding.instance
  package:flutter/src/services/platform_channel.dart 179:25                                                      _findBinaryMessenger
  package:flutter/src/services/platform_channel.dart 320:56                                                      MethodChannel.binaryMessenger
  package:flutter/src/services/platform_channel.dart 360:17                                                      MethodChannel._invokeMethod
  package:flutter/src/services/platform_channel.dart 540:12                                                      MethodChannel.invokeMethod
  package:permission_handler_platform_interface/src/method_channel/method_channel_permission_handler.dart 80:30  MethodChannelPermissionHandler.requestPermissions
  package:permission_handler/permission_handler.dart 200:16                                                      PermissionListActions.request
  package:permission_handler/permission_handler.dart 109:23                                                      PermissionActions.request
  package:n06/features/notification/infrastructure/services/permission_service.dart 13:69                        PermissionService.requestPermission
  test/features/notification/infrastructure/services/permission_service_test.dart 33:37                          main.<fn>.<fn>
  

To run this test again: /opt/homebrew/share/flutter/bin/cache/dart-sdk/bin/dart test /Users/pro16/Desktop/project/n06/test/features/notification/infrastructure/services/permission_service_test.dart -p vm --plain-name 'PermissionService should attempt to request permission'
00:03 +114 ~1 -25: /Users/pro16/Desktop/project/n06/test/features/notification/infrastructure/services/permission_service_test.dart: PermissionService should open app settings                        00:03 +114 ~1 -26: /Users/pro16/Desktop/project/n06/test/features/notification/infrastructure/services/permission_service_test.dart: PermissionService should open app settings [E]                    
  Binding has not yet been initialized.
  The "instance" getter on the ServicesBinding binding mixin is only available once that binding has been initialized.
  Typically, this is done by calling "WidgetsFlutterBinding.ensureInitialized()" or "runApp()" (the latter calls the former). Typically this call is done in the "void main()" method. The "ensureInitialized" method is idempotent; calling it multiple times is not harmful. After calling that method, the "instance" getter will return the binding.
  In a test, one can call "TestWidgetsFlutterBinding.ensureInitialized()" as the first line in the test's "main()" method to initialize the binding.
  If ServicesBinding is a custom binding mixin, there must also be a custom binding class, like WidgetsFlutterBinding, but that mixes in the selected binding, and that is the class that must be constructed before using the "instance" getter.
  package:flutter/src/foundation/binding.dart 314:9                                                              BindingBase.checkInstance.<fn>
  package:flutter/src/foundation/binding.dart 401:6                                                              BindingBase.checkInstance
  package:flutter/src/services/binding.dart 73:54                                                                ServicesBinding.instance
  package:flutter/src/services/platform_channel.dart 179:25                                                      _findBinaryMessenger
  package:flutter/src/services/platform_channel.dart 320:56                                                      MethodChannel.binaryMessenger
  package:flutter/src/services/platform_channel.dart 360:17                                                      MethodChannel._invokeMethod
  package:flutter/src/services/platform_channel.dart 540:12                                                      MethodChannel.invokeMethod
  package:permission_handler_platform_interface/src/method_channel/method_channel_permission_handler.dart 66:44  MethodChannelPermissionHandler.openAppSettings
  package:permission_handler/permission_handler.dart 22:44                                                       openAppSettings
  package:n06/features/notification/infrastructure/services/permission_service.dart 19:37                        PermissionService.openAppSettings
  test/features/notification/infrastructure/services/permission_service_test.dart 42:17                          main.<fn>.<fn>
  

To run this test again: /opt/homebrew/share/flutter/bin/cache/dart-sdk/bin/dart test /Users/pro16/Desktop/project/n06/test/features/notification/infrastructure/services/permission_service_test.dart -p vm --plain-name 'PermissionService should open app settings'
test/features/notification/domain/repositories/notification_repository_test.dart:21:33: Error: The argument type 'TimeOfDay' can't be assigned to the parameter type 'NotificationTime'.
 - 'TimeOfDay' is from 'package:flutter/src/material/time.dart' ('/opt/homebrew/share/flutter/packages/flutter/lib/src/material/time.dart').
 - 'NotificationTime' is from 'package:n06/features/notification/domain/value_objects/notification_time.dart' ('lib/features/notification/domain/value_objects/notification_time.dart').
        notificationTime: const TimeOfDay(hour: 9, minute: 0),
                                ^
test/features/notification/domain/repositories/notification_repository_test.dart:40:33: Error: The argument type 'TimeOfDay' can't be assigned to the parameter type 'NotificationTime'.
 - 'TimeOfDay' is from 'package:flutter/src/material/time.dart' ('/opt/homebrew/share/flutter/packages/flutter/lib/src/material/time.dart').
 - 'NotificationTime' is from 'package:n06/features/notification/domain/value_objects/notification_time.dart' ('lib/features/notification/domain/value_objects/notification_time.dart').
        notificationTime: const TimeOfDay(hour: 9, minute: 0),
                                ^
00:03 +114 ~1 -27: loading /Users/pro16/Desktop/project/n06/test/features/notification/domain/repositories/notification_repository_test.dart [E]                                                       
  Failed to load "/Users/pro16/Desktop/project/n06/test/features/notification/domain/repositories/notification_repository_test.dart":
  Compilation failed for testPath=/Users/pro16/Desktop/project/n06/test/features/notification/domain/repositories/notification_repository_test.dart: test/features/notification/domain/repositories/notification_repository_test.dart:21:33: Error: The argument type 'TimeOfDay' can't be assigned to the parameter type 'NotificationTime'.
   - 'TimeOfDay' is from 'package:flutter/src/material/time.dart' ('/opt/homebrew/share/flutter/packages/flutter/lib/src/material/time.dart').
   - 'NotificationTime' is from 'package:n06/features/notification/domain/value_objects/notification_time.dart' ('lib/features/notification/domain/value_objects/notification_time.dart').
          notificationTime: const TimeOfDay(hour: 9, minute: 0),
                                  ^
  test/features/notification/domain/repositories/notification_repository_test.dart:40:33: Error: The argument type 'TimeOfDay' can't be assigned to the parameter type 'NotificationTime'.
   - 'TimeOfDay' is from 'package:flutter/src/material/time.dart' ('/opt/homebrew/share/flutter/packages/flutter/lib/src/material/time.dart').
   - 'NotificationTime' is from 'package:n06/features/notification/domain/value_objects/notification_time.dart' ('lib/features/notification/domain/value_objects/notification_time.dart').
          notificationTime: const TimeOfDay(hour: 9, minute: 0),
                                  ^
  .

To run this test again: /opt/homebrew/share/flutter/bin/cache/dart-sdk/bin/dart test /Users/pro16/Desktop/project/n06/test/features/notification/domain/repositories/notification_repository_test.dart -p vm --plain-name 'loading /Users/pro16/Desktop/project/n06/test/features/notification/domain/repositories/notification_repository_test.dart'
test/features/notification/domain/services/notification_scheduler_test.dart:54:33: Error: The argument type 'TimeOfDay' can't be assigned to the parameter type 'NotificationTime'.
 - 'TimeOfDay' is from 'package:flutter/src/material/time.dart' ('/opt/homebrew/share/flutter/packages/flutter/lib/src/material/time.dart').
 - 'NotificationTime' is from 'package:n06/features/notification/domain/value_objects/notification_time.dart' ('lib/features/notification/domain/value_objects/notification_time.dart').
        notificationTime: const TimeOfDay(hour: 9, minute: 0),
                                ^
test/features/notification/domain/services/notification_scheduler_test.dart:60:33: Error: The argument type 'TimeOfDay' can't be assigned to the parameter type 'NotificationTime'.
 - 'TimeOfDay' is from 'package:flutter/src/material/time.dart' ('/opt/homebrew/share/flutter/packages/flutter/lib/src/material/time.dart').
 - 'NotificationTime' is from 'package:n06/features/notification/domain/value_objects/notification_time.dart' ('lib/features/notification/domain/value_objects/notification_time.dart').
        notificationTime: const TimeOfDay(hour: 9, minute: 0),
                                ^
test/features/notification/domain/services/notification_scheduler_test.dart:66:33: Error: The argument type 'TimeOfDay' can't be assigned to the parameter type 'NotificationTime'.
 - 'TimeOfDay' is from 'package:flutter/src/material/time.dart' ('/opt/homebrew/share/flutter/packages/flutter/lib/src/material/time.dart').
 - 'NotificationTime' is from 'package:n06/features/notification/domain/value_objects/notification_time.dart' ('lib/features/notification/domain/value_objects/notification_time.dart').
        notificationTime: const TimeOfDay(hour: 9, minute: 0),
                                ^
00:04 +114 ~1 -28: loading /Users/pro16/Desktop/project/n06/test/features/notification/domain/services/notification_scheduler_test.dart [E]                                                            
  Failed to load "/Users/pro16/Desktop/project/n06/test/features/notification/domain/services/notification_scheduler_test.dart":
  Compilation failed for testPath=/Users/pro16/Desktop/project/n06/test/features/notification/domain/services/notification_scheduler_test.dart: test/features/notification/domain/services/notification_scheduler_test.dart:54:33: Error: The argument type 'TimeOfDay' can't be assigned to the parameter type 'NotificationTime'.
   - 'TimeOfDay' is from 'package:flutter/src/material/time.dart' ('/opt/homebrew/share/flutter/packages/flutter/lib/src/material/time.dart').
   - 'NotificationTime' is from 'package:n06/features/notification/domain/value_objects/notification_time.dart' ('lib/features/notification/domain/value_objects/notification_time.dart').
          notificationTime: const TimeOfDay(hour: 9, minute: 0),
                                  ^
  test/features/notification/domain/services/notification_scheduler_test.dart:60:33: Error: The argument type 'TimeOfDay' can't be assigned to the parameter type 'NotificationTime'.
   - 'TimeOfDay' is from 'package:flutter/src/material/time.dart' ('/opt/homebrew/share/flutter/packages/flutter/lib/src/material/time.dart').
   - 'NotificationTime' is from 'package:n06/features/notification/domain/value_objects/notification_time.dart' ('lib/features/notification/domain/value_objects/notification_time.dart').
          notificationTime: const TimeOfDay(hour: 9, minute: 0),
                                  ^
  test/features/notification/domain/services/notification_scheduler_test.dart:66:33: Error: The argument type 'TimeOfDay' can't be assigned to the parameter type 'NotificationTime'.
   - 'TimeOfDay' is from 'package:flutter/src/material/time.dart' ('/opt/homebrew/share/flutter/packages/flutter/lib/src/material/time.dart').
   - 'NotificationTime' is from 'package:n06/features/notification/domain/value_objects/notification_time.dart' ('lib/features/notification/domain/value_objects/notification_time.dart').
          notificationTime: const TimeOfDay(hour: 9, minute: 0),
                                  ^
  .

To run this test again: /opt/homebrew/share/flutter/bin/cache/dart-sdk/bin/dart test /Users/pro16/Desktop/project/n06/test/features/notification/domain/services/notification_scheduler_test.dart -p vm --plain-name 'loading /Users/pro16/Desktop/project/n06/test/features/notification/domain/services/notification_scheduler_test.dart'
test/features/notification/domain/entities/notification_settings_test.dart:11:33: Error: The argument type 'TimeOfDay' can't be assigned to the parameter type 'NotificationTime'.
 - 'TimeOfDay' is from 'package:flutter/src/material/time.dart' ('/opt/homebrew/share/flutter/packages/flutter/lib/src/material/time.dart').
 - 'NotificationTime' is from 'package:n06/features/notification/domain/value_objects/notification_time.dart' ('lib/features/notification/domain/value_objects/notification_time.dart').
        notificationTime: const TimeOfDay(hour: 9, minute: 0),
                                ^
test/features/notification/domain/entities/notification_settings_test.dart:26:33: Error: The argument type 'TimeOfDay' can't be assigned to the parameter type 'NotificationTime'.
 - 'TimeOfDay' is from 'package:flutter/src/material/time.dart' ('/opt/homebrew/share/flutter/packages/flutter/lib/src/material/time.dart').
 - 'NotificationTime' is from 'package:n06/features/notification/domain/value_objects/notification_time.dart' ('lib/features/notification/domain/value_objects/notification_time.dart').
        notificationTime: const TimeOfDay(hour: 21, minute: 30),
                                ^
test/features/notification/domain/entities/notification_settings_test.dart:38:33: Error: The argument type 'TimeOfDay' can't be assigned to the parameter type 'NotificationTime'.
 - 'TimeOfDay' is from 'package:flutter/src/material/time.dart' ('/opt/homebrew/share/flutter/packages/flutter/lib/src/material/time.dart').
 - 'NotificationTime' is from 'package:n06/features/notification/domain/value_objects/notification_time.dart' ('lib/features/notification/domain/value_objects/notification_time.dart').
        notificationTime: const TimeOfDay(hour: 9, minute: 0),
                                ^
test/features/notification/domain/entities/notification_settings_test.dart:44:33: Error: The argument type 'TimeOfDay' can't be assigned to the parameter type 'NotificationTime?'.
 - 'TimeOfDay' is from 'package:flutter/src/material/time.dart' ('/opt/homebrew/share/flutter/packages/flutter/lib/src/material/time.dart').
 - 'NotificationTime' is from 'package:n06/features/notification/domain/value_objects/notification_time.dart' ('lib/features/notification/domain/value_objects/notification_time.dart').
        notificationTime: const TimeOfDay(hour: 21, minute: 0),
                                ^
test/features/notification/domain/entities/notification_settings_test.dart:57:33: Error: The argument type 'TimeOfDay' can't be assigned to the parameter type 'NotificationTime'.
 - 'TimeOfDay' is from 'package:flutter/src/material/time.dart' ('/opt/homebrew/share/flutter/packages/flutter/lib/src/material/time.dart').
 - 'NotificationTime' is from 'package:n06/features/notification/domain/value_objects/notification_time.dart' ('lib/features/notification/domain/value_objects/notification_time.dart').
        notificationTime: const TimeOfDay(hour: 9, minute: 0),
                                ^
test/features/notification/domain/entities/notification_settings_test.dart:63:33: Error: The argument type 'TimeOfDay' can't be assigned to the parameter type 'NotificationTime?'.
 - 'TimeOfDay' is from 'package:flutter/src/material/time.dart' ('/opt/homebrew/share/flutter/packages/flutter/lib/src/material/time.dart').
 - 'NotificationTime' is from 'package:n06/features/notification/domain/value_objects/notification_time.dart' ('lib/features/notification/domain/value_objects/notification_time.dart').
        notificationTime: const TimeOfDay(hour: 14, minute: 30),
                                ^
test/features/notification/domain/entities/notification_settings_test.dart:77:33: Error: The argument type 'TimeOfDay' can't be assigned to the parameter type 'NotificationTime'.
 - 'TimeOfDay' is from 'package:flutter/src/material/time.dart' ('/opt/homebrew/share/flutter/packages/flutter/lib/src/material/time.dart').
 - 'NotificationTime' is from 'package:n06/features/notification/domain/value_objects/notification_time.dart' ('lib/features/notification/domain/value_objects/notification_time.dart').
        notificationTime: const TimeOfDay(hour: 9, minute: 0),
                                ^
test/features/notification/domain/entities/notification_settings_test.dart:82:33: Error: The argument type 'TimeOfDay' can't be assigned to the parameter type 'NotificationTime'.
 - 'TimeOfDay' is from 'package:flutter/src/material/time.dart' ('/opt/homebrew/share/flutter/packages/flutter/lib/src/material/time.dart').
 - 'NotificationTime' is from 'package:n06/features/notification/domain/value_objects/notification_time.dart' ('lib/features/notification/domain/value_objects/notification_time.dart').
        notificationTime: const TimeOfDay(hour: 9, minute: 0),
                                ^
test/features/notification/domain/entities/notification_settings_test.dart:94:33: Error: The argument type 'TimeOfDay' can't be assigned to the parameter type 'NotificationTime'.
 - 'TimeOfDay' is from 'package:flutter/src/material/time.dart' ('/opt/homebrew/share/flutter/packages/flutter/lib/src/material/time.dart').
 - 'NotificationTime' is from 'package:n06/features/notification/domain/value_objects/notification_time.dart' ('lib/features/notification/domain/value_objects/notification_time.dart').
        notificationTime: const TimeOfDay(hour: 9, minute: 0),
                                ^
test/features/notification/domain/entities/notification_settings_test.dart:99:33: Error: The argument type 'TimeOfDay' can't be assigned to the parameter type 'NotificationTime'.
 - 'TimeOfDay' is from 'package:flutter/src/material/time.dart' ('/opt/homebrew/share/flutter/packages/flutter/lib/src/material/time.dart').
 - 'NotificationTime' is from 'package:n06/features/notification/domain/value_objects/notification_time.dart' ('lib/features/notification/domain/value_objects/notification_time.dart').
        notificationTime: const TimeOfDay(hour: 9, minute: 0),
                                ^
test/features/notification/domain/entities/notification_settings_test.dart:111:33: Error: The argument type 'TimeOfDay' can't be assigned to the parameter type 'NotificationTime'.
 - 'TimeOfDay' is from 'package:flutter/src/material/time.dart' ('/opt/homebrew/share/flutter/packages/flutter/lib/src/material/time.dart').
 - 'NotificationTime' is from 'package:n06/features/notification/domain/value_objects/notification_time.dart' ('lib/features/notification/domain/value_objects/notification_time.dart').
        notificationTime: const TimeOfDay(hour: 9, minute: 0),
                                ^
test/features/notification/domain/entities/notification_settings_test.dart:116:33: Error: The argument type 'TimeOfDay' can't be assigned to the parameter type 'NotificationTime'.
 - 'TimeOfDay' is from 'package:flutter/src/material/time.dart' ('/opt/homebrew/share/flutter/packages/flutter/lib/src/material/time.dart').
 - 'NotificationTime' is from 'package:n06/features/notification/domain/value_objects/notification_time.dart' ('lib/features/notification/domain/value_objects/notification_time.dart').
        notificationTime: const TimeOfDay(hour: 10, minute: 0),
                                ^
test/features/notification/domain/entities/notification_settings_test.dart:128:33: Error: The argument type 'TimeOfDay' can't be assigned to the parameter type 'NotificationTime'.
 - 'TimeOfDay' is from 'package:flutter/src/material/time.dart' ('/opt/homebrew/share/flutter/packages/flutter/lib/src/material/time.dart').
 - 'NotificationTime' is from 'package:n06/features/notification/domain/value_objects/notification_time.dart' ('lib/features/notification/domain/value_objects/notification_time.dart').
        notificationTime: const TimeOfDay(hour: 9, minute: 0),
                                ^
test/features/notification/domain/entities/notification_settings_test.dart:133:33: Error: The argument type 'TimeOfDay' can't be assigned to the parameter type 'NotificationTime'.
 - 'TimeOfDay' is from 'package:flutter/src/material/time.dart' ('/opt/homebrew/share/flutter/packages/flutter/lib/src/material/time.dart').
 - 'NotificationTime' is from 'package:n06/features/notification/domain/value_objects/notification_time.dart' ('lib/features/notification/domain/value_objects/notification_time.dart').
        notificationTime: const TimeOfDay(hour: 9, minute: 0),
                                ^
00:04 +114 ~1 -29: loading /Users/pro16/Desktop/project/n06/test/features/notification/domain/entities/notification_settings_test.dart [E]                                                             
  Failed to load "/Users/pro16/Desktop/project/n06/test/features/notification/domain/entities/notification_settings_test.dart":
  Compilation failed for testPath=/Users/pro16/Desktop/project/n06/test/features/notification/domain/entities/notification_settings_test.dart: test/features/notification/domain/entities/notification_settings_test.dart:11:33: Error: The argument type 'TimeOfDay' can't be assigned to the parameter type 'NotificationTime'.
   - 'TimeOfDay' is from 'package:flutter/src/material/time.dart' ('/opt/homebrew/share/flutter/packages/flutter/lib/src/material/time.dart').
   - 'NotificationTime' is from 'package:n06/features/notification/domain/value_objects/notification_time.dart' ('lib/features/notification/domain/value_objects/notification_time.dart').
          notificationTime: const TimeOfDay(hour: 9, minute: 0),
                                  ^
  test/features/notification/domain/entities/notification_settings_test.dart:26:33: Error: The argument type 'TimeOfDay' can't be assigned to the parameter type 'NotificationTime'.
   - 'TimeOfDay' is from 'package:flutter/src/material/time.dart' ('/opt/homebrew/share/flutter/packages/flutter/lib/src/material/time.dart').
   - 'NotificationTime' is from 'package:n06/features/notification/domain/value_objects/notification_time.dart' ('lib/features/notification/domain/value_objects/notification_time.dart').
          notificationTime: const TimeOfDay(hour: 21, minute: 30),
                                  ^
  test/features/notification/domain/entities/notification_settings_test.dart:38:33: Error: The argument type 'TimeOfDay' can't be assigned to the parameter type 'NotificationTime'.
   - 'TimeOfDay' is from 'package:flutter/src/material/time.dart' ('/opt/homebrew/share/flutter/packages/flutter/lib/src/material/time.dart').
   - 'NotificationTime' is from 'package:n06/features/notification/domain/value_objects/notification_time.dart' ('lib/features/notification/domain/value_objects/notification_time.dart').
          notificationTime: const TimeOfDay(hour: 9, minute: 0),
                                  ^
  test/features/notification/domain/entities/notification_settings_test.dart:44:33: Error: The argument type 'TimeOfDay' can't be assigned to the parameter type 'NotificationTime?'.
   - 'TimeOfDay' is from 'package:flutter/src/material/time.dart' ('/opt/homebrew/share/flutter/packages/flutter/lib/src/material/time.dart').
   - 'NotificationTime' is from 'package:n06/features/notification/domain/value_objects/notification_time.dart' ('lib/features/notification/domain/value_objects/notification_time.dart').
          notificationTime: const TimeOfDay(hour: 21, minute: 0),
                                  ^
  test/features/notification/domain/entities/notification_settings_test.dart:57:33: Error: The argument type 'TimeOfDay' can't be assigned to the parameter type 'NotificationTime'.
   - 'TimeOfDay' is from 'package:flutter/src/material/time.dart' ('/opt/homebrew/share/flutter/packages/flutter/lib/src/material/time.dart').
   - 'NotificationTime' is from 'package:n06/features/notification/domain/value_objects/notification_time.dart' ('lib/features/notification/domain/value_objects/notification_time.dart').
          notificationTime: const TimeOfDay(hour: 9, minute: 0),
                                  ^
  test/features/notification/domain/entities/notification_settings_test.dart:63:33: Error: The argument type 'TimeOfDay' can't be assigned to the parameter type 'NotificationTime?'.
   - 'TimeOfDay' is from 'package:flutter/src/material/time.dart' ('/opt/homebrew/share/flutter/packages/flutter/lib/src/material/time.dart').
   - 'NotificationTime' is from 'package:n06/features/notification/domain/value_objects/notification_time.dart' ('lib/features/notification/domain/value_objects/notification_time.dart').
          notificationTime: const TimeOfDay(hour: 14, minute: 30),
                                  ^
  test/features/notification/domain/entities/notification_settings_test.dart:77:33: Error: The argument type 'TimeOfDay' can't be assigned to the parameter type 'NotificationTime'.
   - 'TimeOfDay' is from 'package:flutter/src/material/time.dart' ('/opt/homebrew/share/flutter/packages/flutter/lib/src/material/time.dart').
   - 'NotificationTime' is from 'package:n06/features/notification/domain/value_objects/notification_time.dart' ('lib/features/notification/domain/value_objects/notification_time.dart').
          notificationTime: const TimeOfDay(hour: 9, minute: 0),
                                  ^
  test/features/notification/domain/entities/notification_settings_test.dart:82:33: Error: The argument type 'TimeOfDay' can't be assigned to the parameter type 'NotificationTime'.
   - 'TimeOfDay' is from 'package:flutter/src/material/time.dart' ('/opt/homebrew/share/flutter/packages/flutter/lib/src/material/time.dart').
   - 'NotificationTime' is from 'package:n06/features/notification/domain/value_objects/notification_time.dart' ('lib/features/notification/domain/value_objects/notification_time.dart').
          notificationTime: const TimeOfDay(hour: 9, minute: 0),
                                  ^
  test/features/notification/domain/entities/notification_settings_test.dart:94:33: Error: The argument type 'TimeOfDay' can't be assigned to the parameter type 'NotificationTime'.
   - 'TimeOfDay' is from 'package:flutter/src/material/time.dart' ('/opt/homebrew/share/flutter/packages/flutter/lib/src/material/time.dart').
   - 'NotificationTime' is from 'package:n06/features/notification/domain/value_objects/notification_time.dart' ('lib/features/notification/domain/value_objects/notification_time.dart').
          notificationTime: const TimeOfDay(hour: 9, minute: 0),
                                  ^
  test/features/notification/domain/entities/notification_settings_test.dart:99:33: Error: The argument type 'TimeOfDay' can't be assigned to the parameter type 'NotificationTime'.
   - 'TimeOfDay' is from 'package:flutter/src/material/time.dart' ('/opt/homebrew/share/flutter/packages/flutter/lib/src/material/time.dart').
   - 'NotificationTime' is from 'package:n06/features/notification/domain/value_objects/notification_time.dart' ('lib/features/notification/domain/value_objects/notification_time.dart').
          notificationTime: const TimeOfDay(hour: 9, minute: 0),
                                  ^
  test/features/notification/domain/entities/notification_settings_test.dart:111:33: Error: The argument type 'TimeOfDay' can't be assigned to the parameter type 'NotificationTime'.
   - 'TimeOfDay' is from 'package:flutter/src/material/time.dart' ('/opt/homebrew/share/flutter/packages/flutter/lib/src/material/time.dart').
   - 'NotificationTime' is from 'package:n06/features/notification/domain/value_objects/notification_time.dart' ('lib/features/notification/domain/value_objects/notification_time.dart').
          notificationTime: const TimeOfDay(hour: 9, minute: 0),
                                  ^
  test/features/notification/domain/entities/notification_settings_test.dart:116:33: Error: The argument type 'TimeOfDay' can't be assigned to the parameter type 'NotificationTime'.
   - 'TimeOfDay' is from 'package:flutter/src/material/time.dart' ('/opt/homebrew/share/flutter/packages/flutter/lib/src/material/time.dart').
   - 'NotificationTime' is from 'package:n06/features/notification/domain/value_objects/notification_time.dart' ('lib/features/notification/domain/value_objects/notification_time.dart').
          notificationTime: const TimeOfDay(hour: 10, minute: 0),
                                  ^
  test/features/notification/domain/entities/notification_settings_test.dart:128:33: Error: The argument type 'TimeOfDay' can't be assigned to the parameter type 'NotificationTime'.
   - 'TimeOfDay' is from 'package:flutter/src/material/time.dart' ('/opt/homebrew/share/flutter/packages/flutter/lib/src/material/time.dart').
   - 'NotificationTime' is from 'package:n06/features/notification/domain/value_objects/notification_time.dart' ('lib/features/notification/domain/value_objects/notification_time.dart').
          notificationTime: const TimeOfDay(hour: 9, minute: 0),
                                  ^
  test/features/notification/domain/entities/notification_settings_test.dart:133:33: Error: The argument type 'TimeOfDay' can't be assigned to the parameter type 'NotificationTime'.
   - 'TimeOfDay' is from 'package:flutter/src/material/time.dart' ('/opt/homebrew/share/flutter/packages/flutter/lib/src/material/time.dart').
   - 'NotificationTime' is from 'package:n06/features/notification/domain/value_objects/notification_time.dart' ('lib/features/notification/domain/value_objects/notification_time.dart').
          notificationTime: const TimeOfDay(hour: 9, minute: 0),
                                  ^
  .

To run this test again: /opt/homebrew/share/flutter/bin/cache/dart-sdk/bin/dart test /Users/pro16/Desktop/project/n06/test/features/notification/domain/entities/notification_settings_test.dart -p vm --plain-name 'loading /Users/pro16/Desktop/project/n06/test/features/notification/domain/entities/notification_settings_test.dart'
00:05 +114 ~1 -29: loading /Users/pro16/Desktop/project/n06/test/features/profile/application/notifiers/profile_notifier_update_weekly_goals_test.dart                                                 00:05 +114 ~1 -29: /Users/pro16/Desktop/project/n06/test/features/profile/application/notifiers/profile_notifier_update_weekly_goals_test.dart: ProfileNotifier.updateWeeklyGoals 주간 목표 업데이트 성공        00:05 +114 ~1 -30: /Users/pro16/Desktop/project/n06/test/features/profile/application/notifiers/profile_notifier_update_weekly_goals_test.dart: ProfileNotifier.updateWeeklyGoals 주간 목표 업데이트 성공 [E]    
  Bad state: The provider profileNotifierProvider:AutoDisposeAsyncNotifierProviderImpl<ProfileNotifier, UserProfile?>#e11d9 was disposed during loading state, yet no value could be emitted.
  package:riverpod/src/async_notifier/base.dart 467:22                                               FutureHandlerProviderElementMixin.dispose
  package:riverpod/src/framework/container.dart 319:22                                               ProviderContainer._disposeProvider
  package:riverpod/src/framework/scheduler.dart 137:26                                               ProviderScheduler._performDispose
  package:riverpod/src/framework/scheduler.dart 89:5                                                 ProviderScheduler._task
  ===== asynchronous gap ===========================
  dart:async                                                                                         _Completer.completeError
  package:riverpod/src/async_notifier/base.dart 465:19                                               FutureHandlerProviderElementMixin.dispose
  package:riverpod/src/framework/container.dart 319:22                                               ProviderContainer._disposeProvider
  package:riverpod/src/framework/scheduler.dart 137:26                                               ProviderScheduler._performDispose
  package:riverpod/src/framework/scheduler.dart 89:5                                                 ProviderScheduler._task
  ===== asynchronous gap ===========================
  dart:async                                                                                         new Future
  package:riverpod/src/framework/scheduler.dart 9:3                                                  _defaultVsync
  package:riverpod/src/framework/scheduler.dart 80:10                                                ProviderScheduler._scheduleTask
  package:riverpod/src/framework/scheduler.dart 116:5                                                ProviderScheduler.scheduleProviderDispose
  package:riverpod/src/framework/auto_dispose.dart 25:28                                             AutoDisposeProviderElementMixin.mayNeedDispose
  package:riverpod/src/framework/provider_base.dart 110:13                                           ProviderBase.read
  package:riverpod/src/framework/container.dart 241:21                                               ProviderContainer.read
  package:riverpod/src/framework/element.dart 692:23                                                 ProviderElementBase.read
  package:n06/features/authentication/application/notifiers/auth_notifier.dart 23:28                 AuthNotifier.build
  package:riverpod/src/async_notifier/base.dart 146:43                                               AsyncNotifierProviderImpl.runNotifierBuild
  package:riverpod/src/async_notifier/base.dart 547:26                                               AsyncNotifierProviderElement.create.<fn>.<fn>
  package:riverpod/src/async_notifier/base.dart 341:30                                               FutureHandlerProviderElementMixin.handleFuture.<fn>
  package:riverpod/src/async_notifier/base.dart 388:47                                               FutureHandlerProviderElementMixin._handleAsync
  package:riverpod/src/async_notifier/base.dart 335:5                                                FutureHandlerProviderElementMixin.handleFuture
  package:riverpod/src/async_notifier/base.dart 546:9                                                AsyncNotifierProviderElement.create.<fn>
  package:riverpod/src/result.dart 82:16                                                             ResultData.when
  package:riverpod/src/async_notifier/base.dart 541:20                                               AsyncNotifierProviderElement.create
  package:riverpod/src/framework/element.dart 426:7                                                  ProviderElementBase.buildState
  package:riverpod/src/framework/element.dart 228:5                                                  ProviderElementBase.mount
  package:riverpod/src/framework/container.dart 47:11                                                _StateReader._create
  package:riverpod/src/framework/container.dart 35:52                                                _StateReader.getElement
  package:riverpod/src/framework/container.dart 479:19                                               ProviderContainer.readProviderElement
  package:riverpod/src/framework/element.dart 624:42                                                 ProviderElementBase._debugAssertCanDependOn.<fn>
  package:riverpod/src/framework/element.dart 667:8                                                  ProviderElementBase._debugAssertCanDependOn
  package:riverpod/src/framework/element.dart 714:12                                                 ProviderElementBase.watch
  package:n06/features/profile/application/notifiers/profile_notifier.dart 22:27                     ProfileNotifier.build
  package:riverpod/src/async_notifier/auto_dispose.dart 101:54                                       AutoDisposeAsyncNotifierProviderImpl.runNotifierBuild
  package:riverpod/src/async_notifier/base.dart 547:26                                               AsyncNotifierProviderElement.create.<fn>.<fn>
  package:riverpod/src/async_notifier/base.dart 341:30                                               FutureHandlerProviderElementMixin.handleFuture.<fn>
  package:riverpod/src/async_notifier/base.dart 388:47                                               FutureHandlerProviderElementMixin._handleAsync
  package:riverpod/src/async_notifier/base.dart 335:5                                                FutureHandlerProviderElementMixin.handleFuture
  package:riverpod/src/async_notifier/base.dart 546:9                                                AsyncNotifierProviderElement.create.<fn>
  package:riverpod/src/result.dart 82:16                                                             ResultData.when
  package:riverpod/src/async_notifier/base.dart 541:20                                               AsyncNotifierProviderElement.create
  package:riverpod/src/framework/element.dart 426:7                                                  ProviderElementBase.buildState
  package:riverpod/src/framework/element.dart 228:5                                                  ProviderElementBase.mount
  package:riverpod/src/framework/container.dart 47:11                                                _StateReader._create
  package:riverpod/src/framework/container.dart 35:52                                                _StateReader.getElement
  package:riverpod/src/framework/container.dart 440:40                                               ProviderContainer.readProviderElement.<fn>
  package:riverpod/src/framework/container.dart 475:8                                                ProviderContainer.readProviderElement
  package:riverpod/src/framework/proxy_provider_listenable.dart 134:26                               ProviderElementProxy.read
  package:riverpod/src/framework/container.dart 241:21                                               ProviderContainer.read
  test/features/profile/application/notifiers/profile_notifier_update_weekly_goals_test.dart 101:34  main.<fn>.<fn>
  

To run this test again: /opt/homebrew/share/flutter/bin/cache/dart-sdk/bin/dart test /Users/pro16/Desktop/project/n06/test/features/profile/application/notifiers/profile_notifier_update_weekly_goals_test.dart -p vm --plain-name 'ProfileNotifier.updateWeeklyGoals 주간 목표 업데이트 성공'
00:05 +114 ~1 -30: /Users/pro16/Desktop/project/n06/test/features/profile/application/notifiers/profile_notifier_update_weekly_goals_test.dart: ProfileNotifier.updateWeeklyGoals 주간 목표 업데이트 실패 시 에러 상태00:05 +114 ~1 -31: /Users/pro16/Desktop/project/n06/test/features/profile/application/notifiers/profile_notifier_update_weekly_goals_test.dart: ProfileNotifier.updateWeeklyGoals 주간 목표 업데이트 실패 시 에러 상태 [E]
  Bad state: The provider profileNotifierProvider:AutoDisposeAsyncNotifierProviderImpl<ProfileNotifier, UserProfile?>#e11d9 was disposed during loading state, yet no value could be emitted.
  package:riverpod/src/async_notifier/base.dart 467:22                                               FutureHandlerProviderElementMixin.dispose
  package:riverpod/src/framework/container.dart 319:22                                               ProviderContainer._disposeProvider
  package:riverpod/src/framework/scheduler.dart 137:26                                               ProviderScheduler._performDispose
  package:riverpod/src/framework/scheduler.dart 89:5                                                 ProviderScheduler._task
  ===== asynchronous gap ===========================
  dart:async                                                                                         _Completer.completeError
  package:riverpod/src/async_notifier/base.dart 465:19                                               FutureHandlerProviderElementMixin.dispose
  package:riverpod/src/framework/container.dart 319:22                                               ProviderContainer._disposeProvider
  package:riverpod/src/framework/scheduler.dart 137:26                                               ProviderScheduler._performDispose
  package:riverpod/src/framework/scheduler.dart 89:5                                                 ProviderScheduler._task
  ===== asynchronous gap ===========================
  dart:async                                                                                         new Future
  package:riverpod/src/framework/scheduler.dart 9:3                                                  _defaultVsync
  package:riverpod/src/framework/scheduler.dart 80:10                                                ProviderScheduler._scheduleTask
  package:riverpod/src/framework/scheduler.dart 116:5                                                ProviderScheduler.scheduleProviderDispose
  package:riverpod/src/framework/auto_dispose.dart 25:28                                             AutoDisposeProviderElementMixin.mayNeedDispose
  package:riverpod/src/framework/provider_base.dart 110:13                                           ProviderBase.read
  package:riverpod/src/framework/container.dart 241:21                                               ProviderContainer.read
  package:riverpod/src/framework/element.dart 692:23                                                 ProviderElementBase.read
  package:n06/features/authentication/application/notifiers/auth_notifier.dart 23:28                 AuthNotifier.build
  package:riverpod/src/async_notifier/base.dart 146:43                                               AsyncNotifierProviderImpl.runNotifierBuild
  package:riverpod/src/async_notifier/base.dart 547:26                                               AsyncNotifierProviderElement.create.<fn>.<fn>
  package:riverpod/src/async_notifier/base.dart 341:30                                               FutureHandlerProviderElementMixin.handleFuture.<fn>
  package:riverpod/src/async_notifier/base.dart 388:47                                               FutureHandlerProviderElementMixin._handleAsync
  package:riverpod/src/async_notifier/base.dart 335:5                                                FutureHandlerProviderElementMixin.handleFuture
  package:riverpod/src/async_notifier/base.dart 546:9                                                AsyncNotifierProviderElement.create.<fn>
  package:riverpod/src/result.dart 82:16                                                             ResultData.when
  package:riverpod/src/async_notifier/base.dart 541:20                                               AsyncNotifierProviderElement.create
  package:riverpod/src/framework/element.dart 426:7                                                  ProviderElementBase.buildState
  package:riverpod/src/framework/element.dart 228:5                                                  ProviderElementBase.mount
  package:riverpod/src/framework/container.dart 47:11                                                _StateReader._create
  package:riverpod/src/framework/container.dart 35:52                                                _StateReader.getElement
  package:riverpod/src/framework/container.dart 479:19                                               ProviderContainer.readProviderElement
  package:riverpod/src/framework/element.dart 624:42                                                 ProviderElementBase._debugAssertCanDependOn.<fn>
  package:riverpod/src/framework/element.dart 667:8                                                  ProviderElementBase._debugAssertCanDependOn
  package:riverpod/src/framework/element.dart 714:12                                                 ProviderElementBase.watch
  package:n06/features/profile/application/notifiers/profile_notifier.dart 22:27                     ProfileNotifier.build
  package:riverpod/src/async_notifier/auto_dispose.dart 101:54                                       AutoDisposeAsyncNotifierProviderImpl.runNotifierBuild
  package:riverpod/src/async_notifier/base.dart 547:26                                               AsyncNotifierProviderElement.create.<fn>.<fn>
  package:riverpod/src/async_notifier/base.dart 341:30                                               FutureHandlerProviderElementMixin.handleFuture.<fn>
  package:riverpod/src/async_notifier/base.dart 388:47                                               FutureHandlerProviderElementMixin._handleAsync
  package:riverpod/src/async_notifier/base.dart 335:5                                                FutureHandlerProviderElementMixin.handleFuture
  package:riverpod/src/async_notifier/base.dart 546:9                                                AsyncNotifierProviderElement.create.<fn>
  package:riverpod/src/result.dart 82:16                                                             ResultData.when
  package:riverpod/src/async_notifier/base.dart 541:20                                               AsyncNotifierProviderElement.create
  package:riverpod/src/framework/element.dart 426:7                                                  ProviderElementBase.buildState
  package:riverpod/src/framework/element.dart 228:5                                                  ProviderElementBase.mount
  package:riverpod/src/framework/container.dart 47:11                                                _StateReader._create
  package:riverpod/src/framework/container.dart 35:52                                                _StateReader.getElement
  package:riverpod/src/framework/container.dart 440:40                                               ProviderContainer.readProviderElement.<fn>
  package:riverpod/src/framework/container.dart 475:8                                                ProviderContainer.readProviderElement
  package:riverpod/src/framework/proxy_provider_listenable.dart 134:26                               ProviderElementProxy.read
  package:riverpod/src/framework/container.dart 241:21                                               ProviderContainer.read
  test/features/profile/application/notifiers/profile_notifier_update_weekly_goals_test.dart 128:34  main.<fn>.<fn>
  

To run this test again: /opt/homebrew/share/flutter/bin/cache/dart-sdk/bin/dart test /Users/pro16/Desktop/project/n06/test/features/profile/application/notifiers/profile_notifier_update_weekly_goals_test.dart -p vm --plain-name 'ProfileNotifier.updateWeeklyGoals 주간 목표 업데이트 실패 시 에러 상태'
00:05 +114 ~1 -31: /Users/pro16/Desktop/project/n06/test/features/profile/application/notifiers/profile_notifier_update_weekly_goals_test.dart: ProfileNotifier.updateWeeklyGoals 주간 목표 0 업데이트 허용      00:05 +114 ~1 -32: /Users/pro16/Desktop/project/n06/test/features/profile/application/notifiers/profile_notifier_update_weekly_goals_test.dart: ProfileNotifier.updateWeeklyGoals 주간 목표 0 업데이트 허용 [E]  
  Bad state: The provider profileNotifierProvider:AutoDisposeAsyncNotifierProviderImpl<ProfileNotifier, UserProfile?>#e11d9 was disposed during loading state, yet no value could be emitted.
  package:riverpod/src/async_notifier/base.dart 467:22                                               FutureHandlerProviderElementMixin.dispose
  package:riverpod/src/framework/container.dart 319:22                                               ProviderContainer._disposeProvider
  package:riverpod/src/framework/scheduler.dart 137:26                                               ProviderScheduler._performDispose
  package:riverpod/src/framework/scheduler.dart 89:5                                                 ProviderScheduler._task
  ===== asynchronous gap ===========================
  dart:async                                                                                         _Completer.completeError
  package:riverpod/src/async_notifier/base.dart 465:19                                               FutureHandlerProviderElementMixin.dispose
  package:riverpod/src/framework/container.dart 319:22                                               ProviderContainer._disposeProvider
  package:riverpod/src/framework/scheduler.dart 137:26                                               ProviderScheduler._performDispose
  package:riverpod/src/framework/scheduler.dart 89:5                                                 ProviderScheduler._task
  ===== asynchronous gap ===========================
  dart:async                                                                                         new Future
  package:riverpod/src/framework/scheduler.dart 9:3                                                  _defaultVsync
  package:riverpod/src/framework/scheduler.dart 80:10                                                ProviderScheduler._scheduleTask
  package:riverpod/src/framework/scheduler.dart 116:5                                                ProviderScheduler.scheduleProviderDispose
  package:riverpod/src/framework/auto_dispose.dart 25:28                                             AutoDisposeProviderElementMixin.mayNeedDispose
  package:riverpod/src/framework/provider_base.dart 110:13                                           ProviderBase.read
  package:riverpod/src/framework/container.dart 241:21                                               ProviderContainer.read
  package:riverpod/src/framework/element.dart 692:23                                                 ProviderElementBase.read
  package:n06/features/authentication/application/notifiers/auth_notifier.dart 23:28                 AuthNotifier.build
  package:riverpod/src/async_notifier/base.dart 146:43                                               AsyncNotifierProviderImpl.runNotifierBuild
  package:riverpod/src/async_notifier/base.dart 547:26                                               AsyncNotifierProviderElement.create.<fn>.<fn>
  package:riverpod/src/async_notifier/base.dart 341:30                                               FutureHandlerProviderElementMixin.handleFuture.<fn>
  package:riverpod/src/async_notifier/base.dart 388:47                                               FutureHandlerProviderElementMixin._handleAsync
  package:riverpod/src/async_notifier/base.dart 335:5                                                FutureHandlerProviderElementMixin.handleFuture
  package:riverpod/src/async_notifier/base.dart 546:9                                                AsyncNotifierProviderElement.create.<fn>
  package:riverpod/src/result.dart 82:16                                                             ResultData.when
  package:riverpod/src/async_notifier/base.dart 541:20                                               AsyncNotifierProviderElement.create
  package:riverpod/src/framework/element.dart 426:7                                                  ProviderElementBase.buildState
  package:riverpod/src/framework/element.dart 228:5                                                  ProviderElementBase.mount
  package:riverpod/src/framework/container.dart 47:11                                                _StateReader._create
  package:riverpod/src/framework/container.dart 35:52                                                _StateReader.getElement
  package:riverpod/src/framework/container.dart 479:19                                               ProviderContainer.readProviderElement
  package:riverpod/src/framework/element.dart 624:42                                                 ProviderElementBase._debugAssertCanDependOn.<fn>
  package:riverpod/src/framework/element.dart 667:8                                                  ProviderElementBase._debugAssertCanDependOn
  package:riverpod/src/framework/element.dart 714:12                                                 ProviderElementBase.watch
  package:n06/features/profile/application/notifiers/profile_notifier.dart 22:27                     ProfileNotifier.build
  package:riverpod/src/async_notifier/auto_dispose.dart 101:54                                       AutoDisposeAsyncNotifierProviderImpl.runNotifierBuild
  package:riverpod/src/async_notifier/base.dart 547:26                                               AsyncNotifierProviderElement.create.<fn>.<fn>
  package:riverpod/src/async_notifier/base.dart 341:30                                               FutureHandlerProviderElementMixin.handleFuture.<fn>
  package:riverpod/src/async_notifier/base.dart 388:47                                               FutureHandlerProviderElementMixin._handleAsync
  package:riverpod/src/async_notifier/base.dart 335:5                                                FutureHandlerProviderElementMixin.handleFuture
  package:riverpod/src/async_notifier/base.dart 546:9                                                AsyncNotifierProviderElement.create.<fn>
  package:riverpod/src/result.dart 82:16                                                             ResultData.when
  package:riverpod/src/async_notifier/base.dart 541:20                                               AsyncNotifierProviderElement.create
  package:riverpod/src/framework/element.dart 426:7                                                  ProviderElementBase.buildState
  package:riverpod/src/framework/element.dart 228:5                                                  ProviderElementBase.mount
  package:riverpod/src/framework/container.dart 47:11                                                _StateReader._create
  package:riverpod/src/framework/container.dart 35:52                                                _StateReader.getElement
  package:riverpod/src/framework/container.dart 440:40                                               ProviderContainer.readProviderElement.<fn>
  package:riverpod/src/framework/container.dart 475:8                                                ProviderContainer.readProviderElement
  package:riverpod/src/framework/proxy_provider_listenable.dart 134:26                               ProviderElementProxy.read
  package:riverpod/src/framework/container.dart 241:21                                               ProviderContainer.read
  test/features/profile/application/notifiers/profile_notifier_update_weekly_goals_test.dart 152:34  main.<fn>.<fn>
  

To run this test again: /opt/homebrew/share/flutter/bin/cache/dart-sdk/bin/dart test /Users/pro16/Desktop/project/n06/test/features/profile/application/notifiers/profile_notifier_update_weekly_goals_test.dart -p vm --plain-name 'ProfileNotifier.updateWeeklyGoals 주간 목표 0 업데이트 허용'
00:05 +114 ~1 -32: /Users/pro16/Desktop/project/n06/test/features/profile/application/notifiers/profile_notifier_update_weekly_goals_test.dart: ProfileNotifier.updateWeeklyGoals 프로필이 로드되지 않았을 때 예외 발생00:05 +115 ~1 -32: /Users/pro16/Desktop/project/n06/test/features/profile/application/notifiers/profile_notifier_test.dart: ProfileNotifier build should load profile successfully                     00:05 +115 ~1 -33: /Users/pro16/Desktop/project/n06/test/features/profile/application/notifiers/profile_notifier_update_weekly_goals_test.dart: ProfileNotifier.updateWeeklyGoals 여러 번의 목표 업데이트 [E]    
  Bad state: The provider profileNotifierProvider:AutoDisposeAsyncNotifierProviderImpl<ProfileNotifier, UserProfile?>#e11d9 was disposed during loading state, yet no value could be emitted.
  package:riverpod/src/async_notifier/base.dart 467:22                                               FutureHandlerProviderElementMixin.dispose
  package:riverpod/src/framework/container.dart 319:22                                               ProviderContainer._disposeProvider
  package:riverpod/src/framework/scheduler.dart 137:26                                               ProviderScheduler._performDispose
  package:riverpod/src/framework/scheduler.dart 89:5                                                 ProviderScheduler._task
  ===== asynchronous gap ===========================
  dart:async                                                                                         _Completer.completeError
  package:riverpod/src/async_notifier/base.dart 465:19                                               FutureHandlerProviderElementMixin.dispose
  package:riverpod/src/framework/container.dart 319:22                                               ProviderContainer._disposeProvider
  package:riverpod/src/framework/scheduler.dart 137:26                                               ProviderScheduler._performDispose
  package:riverpod/src/framework/scheduler.dart 89:5                                                 ProviderScheduler._task
  ===== asynchronous gap ===========================
  dart:async                                                                                         new Future
  package:riverpod/src/framework/scheduler.dart 9:3                                                  _defaultVsync
  package:riverpod/src/framework/scheduler.dart 80:10                                                ProviderScheduler._scheduleTask
  package:riverpod/src/framework/scheduler.dart 116:5                                                ProviderScheduler.scheduleProviderDispose
  package:riverpod/src/framework/auto_dispose.dart 25:28                                             AutoDisposeProviderElementMixin.mayNeedDispose
  package:riverpod/src/framework/provider_base.dart 110:13                                           ProviderBase.read
  package:riverpod/src/framework/container.dart 241:21                                               ProviderContainer.read
  package:riverpod/src/framework/element.dart 692:23                                                 ProviderElementBase.read
  package:n06/features/authentication/application/notifiers/auth_notifier.dart 23:28                 AuthNotifier.build
  package:riverpod/src/async_notifier/base.dart 146:43                                               AsyncNotifierProviderImpl.runNotifierBuild
  package:riverpod/src/async_notifier/base.dart 547:26                                               AsyncNotifierProviderElement.create.<fn>.<fn>
  package:riverpod/src/async_notifier/base.dart 341:30                                               FutureHandlerProviderElementMixin.handleFuture.<fn>
  package:riverpod/src/async_notifier/base.dart 388:47                                               FutureHandlerProviderElementMixin._handleAsync
  package:riverpod/src/async_notifier/base.dart 335:5                                                FutureHandlerProviderElementMixin.handleFuture
  package:riverpod/src/async_notifier/base.dart 546:9                                                AsyncNotifierProviderElement.create.<fn>
  package:riverpod/src/result.dart 82:16                                                             ResultData.when
  package:riverpod/src/async_notifier/base.dart 541:20                                               AsyncNotifierProviderElement.create
  package:riverpod/src/framework/element.dart 426:7                                                  ProviderElementBase.buildState
  package:riverpod/src/framework/element.dart 228:5                                                  ProviderElementBase.mount
  package:riverpod/src/framework/container.dart 47:11                                                _StateReader._create
  package:riverpod/src/framework/container.dart 35:52                                                _StateReader.getElement
  package:riverpod/src/framework/container.dart 479:19                                               ProviderContainer.readProviderElement
  package:riverpod/src/framework/element.dart 624:42                                                 ProviderElementBase._debugAssertCanDependOn.<fn>
  package:riverpod/src/framework/element.dart 667:8                                                  ProviderElementBase._debugAssertCanDependOn
  package:riverpod/src/framework/element.dart 714:12                                                 ProviderElementBase.watch
  package:n06/features/profile/application/notifiers/profile_notifier.dart 22:27                     ProfileNotifier.build
  package:riverpod/src/async_notifier/auto_dispose.dart 101:54                                       AutoDisposeAsyncNotifierProviderImpl.runNotifierBuild
  package:riverpod/src/async_notifier/base.dart 547:26                                               AsyncNotifierProviderElement.create.<fn>.<fn>
  package:riverpod/src/async_notifier/base.dart 341:30                                               FutureHandlerProviderElementMixin.handleFuture.<fn>
  package:riverpod/src/async_notifier/base.dart 388:47                                               FutureHandlerProviderElementMixin._handleAsync
  package:riverpod/src/async_notifier/base.dart 335:5                                                FutureHandlerProviderElementMixin.handleFuture
  package:riverpod/src/async_notifier/base.dart 546:9                                                AsyncNotifierProviderElement.create.<fn>
  package:riverpod/src/result.dart 82:16                                                             ResultData.when
  package:riverpod/src/async_notifier/base.dart 541:20                                               AsyncNotifierProviderElement.create
  package:riverpod/src/framework/element.dart 426:7                                                  ProviderElementBase.buildState
  package:riverpod/src/framework/element.dart 228:5                                                  ProviderElementBase.mount
  package:riverpod/src/framework/container.dart 47:11                                                _StateReader._create
  package:riverpod/src/framework/container.dart 35:52                                                _StateReader.getElement
  package:riverpod/src/framework/container.dart 440:40                                               ProviderContainer.readProviderElement.<fn>
  package:riverpod/src/framework/container.dart 475:8                                                ProviderContainer.readProviderElement
  package:riverpod/src/framework/proxy_provider_listenable.dart 134:26                               ProviderElementProxy.read
  package:riverpod/src/framework/container.dart 241:21                                               ProviderContainer.read
  test/features/profile/application/notifiers/profile_notifier_update_weekly_goals_test.dart 187:34  main.<fn>.<fn>
  

To run this test again: /opt/homebrew/share/flutter/bin/cache/dart-sdk/bin/dart test /Users/pro16/Desktop/project/n06/test/features/profile/application/notifiers/profile_notifier_update_weekly_goals_test.dart -p vm --plain-name 'ProfileNotifier.updateWeeklyGoals 여러 번의 목표 업데이트'
00:05 +115 ~1 -34: loading /Users/pro16/Desktop/project/n06/test/features/profile/infrastructure/repositories/isar_profile_repository_update_weekly_goals_test.dart                                    00:05 +115 ~1 -34: ... IsarProfileRepository.updateWeeklyGoals (setUpAll)                                                                                                                              00:05 +115 ~1 -34: /Users/pro16/Desktop/project/n06/test/features/profile/application/notifiers/profile_notifier_test.dart: ProfileNotifier build should load profile successfully [E]                 
  Bad state: The provider profileNotifierProvider:AutoDisposeAsyncNotifierProviderImpl<ProfileNotifier, UserProfile?>#dd625 was disposed during loading state, yet no value could be emitted.
  package:riverpod/src/async_notifier/base.dart 467:22                                FutureHandlerProviderElementMixin.dispose
  package:riverpod/src/framework/container.dart 319:22                                ProviderContainer._disposeProvider
  package:riverpod/src/framework/scheduler.dart 137:26                                ProviderScheduler._performDispose
  package:riverpod/src/framework/scheduler.dart 89:5                                  ProviderScheduler._task
  ===== asynchronous gap ===========================
  dart:async                                                                          _Completer.completeError
  package:riverpod/src/async_notifier/base.dart 465:19                                FutureHandlerProviderElementMixin.dispose
  package:riverpod/src/framework/container.dart 319:22                                ProviderContainer._disposeProvider
  package:riverpod/src/framework/scheduler.dart 137:26                                ProviderScheduler._performDispose
  package:riverpod/src/framework/scheduler.dart 89:5                                  ProviderScheduler._task
  ===== asynchronous gap ===========================
  dart:async                                                                          new Future
  package:riverpod/src/framework/scheduler.dart 9:3                                   _defaultVsync
  package:riverpod/src/framework/scheduler.dart 80:10                                 ProviderScheduler._scheduleTask
  package:riverpod/src/framework/scheduler.dart 116:5                                 ProviderScheduler.scheduleProviderDispose
  package:riverpod/src/framework/auto_dispose.dart 25:28                              AutoDisposeProviderElementMixin.mayNeedDispose
  package:riverpod/src/framework/provider_base.dart 110:13                            ProviderBase.read
  package:riverpod/src/framework/container.dart 241:21                                ProviderContainer.read
  package:riverpod/src/framework/element.dart 692:23                                  ProviderElementBase.read
  package:n06/features/authentication/application/notifiers/auth_notifier.dart 23:28  AuthNotifier.build
  package:riverpod/src/async_notifier/base.dart 146:43                                AsyncNotifierProviderImpl.runNotifierBuild
  package:riverpod/src/async_notifier/base.dart 547:26                                AsyncNotifierProviderElement.create.<fn>.<fn>
  package:riverpod/src/async_notifier/base.dart 341:30                                FutureHandlerProviderElementMixin.handleFuture.<fn>
  package:riverpod/src/async_notifier/base.dart 388:47                                FutureHandlerProviderElementMixin._handleAsync
  package:riverpod/src/async_notifier/base.dart 335:5                                 FutureHandlerProviderElementMixin.handleFuture
  package:riverpod/src/async_notifier/base.dart 546:9                                 AsyncNotifierProviderElement.create.<fn>
  package:riverpod/src/result.dart 82:16                                              ResultData.when
  package:riverpod/src/async_notifier/base.dart 541:20                                AsyncNotifierProviderElement.create
  package:riverpod/src/framework/element.dart 426:7                                   ProviderElementBase.buildState
  package:riverpod/src/framework/element.dart 228:5                                   ProviderElementBase.mount
  package:riverpod/src/framework/container.dart 47:11                                 _StateReader._create
  package:riverpod/src/framework/container.dart 35:52                                 _StateReader.getElement
  package:riverpod/src/framework/container.dart 479:19                                ProviderContainer.readProviderElement
  package:riverpod/src/framework/element.dart 624:42                                  ProviderElementBase._debugAssertCanDependOn.<fn>
  package:riverpod/src/framework/element.dart 667:8                                   ProviderElementBase._debugAssertCanDependOn
  package:riverpod/src/framework/element.dart 714:12                                  ProviderElementBase.watch
  package:n06/features/profile/application/notifiers/profile_notifier.dart 22:27      ProfileNotifier.build
  package:riverpod/src/async_notifier/auto_dispose.dart 101:54                        AutoDisposeAsyncNotifierProviderImpl.runNotifierBuild
  package:riverpod/src/async_notifier/base.dart 547:26                                AsyncNotifierProviderElement.create.<fn>.<fn>
  package:riverpod/src/async_notifier/base.dart 341:30                                FutureHandlerProviderElementMixin.handleFuture.<fn>
  package:riverpod/src/async_notifier/base.dart 388:47                                FutureHandlerProviderElementMixin._handleAsync
  package:riverpod/src/async_notifier/base.dart 335:5                                 FutureHandlerProviderElementMixin.handleFuture
  package:riverpod/src/async_notifier/base.dart 546:9                                 AsyncNotifierProviderElement.create.<fn>
  package:riverpod/src/result.dart 82:16                                              ResultData.when
  package:riverpod/src/async_notifier/base.dart 541:20                                AsyncNotifierProviderElement.create
  package:riverpod/src/framework/element.dart 426:7                                   ProviderElementBase.buildState
  package:riverpod/src/framework/element.dart 228:5                                   ProviderElementBase.mount
  package:riverpod/src/framework/container.dart 47:11                                 _StateReader._create
  package:riverpod/src/framework/container.dart 35:52                                 _StateReader.getElement
  package:riverpod/src/framework/container.dart 440:40                                ProviderContainer.readProviderElement.<fn>
  package:riverpod/src/framework/container.dart 475:8                                 ProviderContainer.readProviderElement
  package:riverpod/src/framework/proxy_provider_listenable.dart 134:26                ProviderElementProxy.read
  package:riverpod/src/framework/container.dart 241:21                                ProviderContainer.read
  test/features/profile/application/notifiers/profile_notifier_test.dart 34:38        main.<fn>.<fn>
  

To run this test again: /opt/homebrew/share/flutter/bin/cache/dart-sdk/bin/dart test /Users/pro16/Desktop/project/n06/test/features/profile/application/notifiers/profile_notifier_test.dart -p vm --plain-name 'ProfileNotifier build should load profile successfully'
00:05 +115 ~1 -34: ... IsarProfileRepository.updateWeeklyGoals (setUpAll)                                                                                                                              00:05 +116 ~1 -34: ... IsarProfileRepository.updateWeeklyGoals (setUpAll)                                                                                                                              00:05 +116 ~1 -35: /Users/pro16/Desktop/project/n06/test/features/profile/application/notifiers/profile_notifier_test.dart: ProfileNotifier updateProfile should update profile successfully [E]       
  No matching calls (actually, no calls at all).
  (If you called `verify(...).called(0);`, please instead use `verifyNever(...);`.)
  package:matcher                                                               fail
  package:mocktail/src/mocktail.dart 728:7                                      _VerifyCall._checkWith
  package:mocktail/src/mocktail.dart 519:18                                     _makeVerify.<fn>
  test/features/profile/application/notifiers/profile_notifier_test.dart 67:13  main.<fn>.<fn>
  

To run this test again: /opt/homebrew/share/flutter/bin/cache/dart-sdk/bin/dart test /Users/pro16/Desktop/project/n06/test/features/profile/application/notifiers/profile_notifier_test.dart -p vm --plain-name 'ProfileNotifier updateProfile should update profile successfully'
00:05 +117 ~1 -35: ... IsarProfileRepository.updateWeeklyGoals (setUpAll)                                                                                                                              00:05 +118 ~1 -35: ... IsarProfileRepository.updateWeeklyGoals (setUpAll)                                                                                                                              00:05 +119 ~1 -35: ... IsarProfileRepository.updateWeeklyGoals (setUpAll)                                                                                                                              00:05 +120 ~1 -35: ... IsarProfileRepository.updateWeeklyGoals (setUpAll)                                                                                                                              00:05 +120 ~1 -35: /Users/pro16/Desktop/project/n06/test/features/dashboard/presentation/widgets/timeline_widget_test.dart: TimelineWidget should display empty message when timeline is empty         00:05 +121 ~1 -36: /Users/pro16/Desktop/project/n06/test/features/dashboard/presentation/widgets/timeline_widget_test.dart: TimelineWidget should display empty message when timeline is empty         00:05 +122 ~1 -36: /Users/pro16/Desktop/project/n06/test/features/dashboard/presentation/widgets/timeline_widget_test.dart: TimelineWidget should display empty message when timeline is empty         00:05 +123 ~1 -36: /Users/pro16/Desktop/project/n06/test/features/dashboard/presentation/widgets/timeline_widget_test.dart: TimelineWidget should display empty message when timeline is empty         00:05 +124 ~1 -36: /Users/pro16/Desktop/project/n06/test/features/dashboard/presentation/widgets/timeline_widget_test.dart: TimelineWidget should display empty message when timeline is empty         00:05 +125 ~1 -36: /Users/pro16/Desktop/project/n06/test/features/dashboard/presentation/widgets/timeline_widget_test.dart: TimelineWidget should display empty message when timeline is empty         00:05 +126 ~1 -36: /Users/pro16/Desktop/project/n06/test/features/dashboard/presentation/widgets/timeline_widget_test.dart: TimelineWidget should display empty message when timeline is empty         00:05 +126 ~1 -36: /Users/pro16/Desktop/project/n06/test/features/profile/infrastructure/repositories/isar_profile_repository_update_weekly_goals_test.dart: IsarProfileRepository.updateWeeklyGoals 주간 목표 업데이트 성공 [E]
  Invalid argument(s): Failed to load dynamic library '/Users/pro16/Desktop/project/n06/libisar.dylib': dlopen(/Users/pro16/Desktop/project/n06/libisar.dylib, 0x0001): tried: '/Users/pro16/Desktop/project/n06/libisar.dylib' (no such file), '/System/Volumes/Preboot/Cryptexes/OS/Users/pro16/Desktop/project/n06/libisar.dylib' (no such file), '/Users/pro16/Desktop/project/n06/libisar.dylib' (no such file)
  dart:ffi                                                                                                       new DynamicLibrary.open
  package:isar/src/native/isar_core.dart 92:28                                                                   _initializePath
  package:isar/src/native/isar_core.dart 75:9                                                                    initializeCoreBinary
  package:isar/src/native/open.dart 81:3                                                                         openIsar
  package:isar/src/isar.dart 107:12                                                                              Isar.open
  test/features/profile/infrastructure/repositories/isar_profile_repository_update_weekly_goals_test.dart 19:25  main.<fn>.<fn>
  
00:05 +126 ~1 -36: /Users/pro16/Desktop/project/n06/test/features/dashboard/presentation/widgets/timeline_widget_test.dart: TimelineWidget should display empty message when timeline is empty         00:05 +126 ~1 -36: /Users/pro16/Desktop/project/n06/test/features/profile/infrastructure/repositories/isar_profile_repository_update_weekly_goals_test.dart: IsarProfileRepository.updateWeeklyGoals 주간 목표 업데이트 성공 [E]
  LateInitializationError: Local 'isar' has not been initialized.
  dart:_internal                                                                                           LateError._throwLocalNotInitialized
  test/features/profile/infrastructure/repositories/isar_profile_repository_update_weekly_goals_test.dart  main.<fn>.<fn>
  

To run this test again: /opt/homebrew/share/flutter/bin/cache/dart-sdk/bin/dart test /Users/pro16/Desktop/project/n06/test/features/profile/infrastructure/repositories/isar_profile_repository_update_weekly_goals_test.dart -p vm --plain-name 'IsarProfileRepository.updateWeeklyGoals 주간 목표 업데이트 성공'
00:05 +126 ~1 -37: /Users/pro16/Desktop/project/n06/test/features/profile/infrastructure/repositories/isar_profile_repository_update_weekly_goals_test.dart: IsarProfileRepository.updateWeeklyGoals 주간 체중 기록 목표 0으로 업데이트 [E]
  Invalid argument(s): Failed to load dynamic library '/Users/pro16/Desktop/project/n06/libisar.dylib': dlopen(/Users/pro16/Desktop/project/n06/libisar.dylib, 0x0001): tried: '/Users/pro16/Desktop/project/n06/libisar.dylib' (no such file), '/System/Volumes/Preboot/Cryptexes/OS/Users/pro16/Desktop/project/n06/libisar.dylib' (no such file), '/Users/pro16/Desktop/project/n06/libisar.dylib' (no such file)
  dart:ffi                                                                                                       new DynamicLibrary.open
  package:isar/src/native/isar_core.dart 92:28                                                                   _initializePath
  package:isar/src/native/isar_core.dart 75:9                                                                    initializeCoreBinary
  package:isar/src/native/open.dart 81:3                                                                         openIsar
  package:isar/src/isar.dart 107:12                                                                              Isar.open
  test/features/profile/infrastructure/repositories/isar_profile_repository_update_weekly_goals_test.dart 19:25  main.<fn>.<fn>
  
00:05 +127 ~1 -37: /Users/pro16/Desktop/project/n06/test/features/dashboard/presentation/widgets/timeline_widget_test.dart: TimelineWidget should display empty message when timeline is empty         00:05 +127 ~1 -37: /Users/pro16/Desktop/project/n06/test/features/profile/infrastructure/repositories/isar_profile_repository_update_weekly_goals_test.dart: IsarProfileRepository.updateWeeklyGoals 주간 체중 기록 목표 0으로 업데이트 [E]
  LateInitializationError: Local 'isar' has not been initialized.
  dart:_internal                                                                                           LateError._throwLocalNotInitialized
  test/features/profile/infrastructure/repositories/isar_profile_repository_update_weekly_goals_test.dart  main.<fn>.<fn>
  

To run this test again: /opt/homebrew/share/flutter/bin/cache/dart-sdk/bin/dart test /Users/pro16/Desktop/project/n06/test/features/profile/infrastructure/repositories/isar_profile_repository_update_weekly_goals_test.dart -p vm --plain-name 'IsarProfileRepository.updateWeeklyGoals 주간 체중 기록 목표 0으로 업데이트'
00:05 +128 ~1 -38: /Users/pro16/Desktop/project/n06/test/features/dashboard/presentation/widgets/timeline_widget_test.dart: TimelineWidget should display empty message when timeline is empty         00:05 +129 ~1 -38: /Users/pro16/Desktop/project/n06/test/features/dashboard/presentation/widgets/timeline_widget_test.dart: TimelineWidget should display empty message when timeline is empty         00:05 +129 ~1 -38: /Users/pro16/Desktop/project/n06/test/features/profile/infrastructure/repositories/isar_profile_repository_update_weekly_goals_test.dart: IsarProfileRepository.updateWeeklyGoals 존재하지 않는 사용자 업데이트 시 예외 발생 [E]
  Invalid argument(s): Failed to load dynamic library '/Users/pro16/Desktop/project/n06/libisar.dylib': dlopen(/Users/pro16/Desktop/project/n06/libisar.dylib, 0x0001): tried: '/Users/pro16/Desktop/project/n06/libisar.dylib' (no such file), '/System/Volumes/Preboot/Cryptexes/OS/Users/pro16/Desktop/project/n06/libisar.dylib' (no such file), '/Users/pro16/Desktop/project/n06/libisar.dylib' (no such file)
  dart:ffi                                                                                                       new DynamicLibrary.open
  package:isar/src/native/isar_core.dart 92:28                                                                   _initializePath
  package:isar/src/native/isar_core.dart 75:9                                                                    initializeCoreBinary
  package:isar/src/native/open.dart 81:3                                                                         openIsar
  package:isar/src/isar.dart 107:12                                                                              Isar.open
  test/features/profile/infrastructure/repositories/isar_profile_repository_update_weekly_goals_test.dart 19:25  main.<fn>.<fn>
  
00:05 +130 ~1 -38: /Users/pro16/Desktop/project/n06/test/features/dashboard/presentation/widgets/timeline_widget_test.dart: TimelineWidget should display empty message when timeline is empty         00:05 +131 ~1 -38: /Users/pro16/Desktop/project/n06/test/features/dashboard/presentation/widgets/timeline_widget_test.dart: TimelineWidget should display empty message when timeline is empty         00:05 +131 ~1 -38: /Users/pro16/Desktop/project/n06/test/features/profile/infrastructure/repositories/isar_profile_repository_update_weekly_goals_test.dart: IsarProfileRepository.updateWeeklyGoals 존재하지 않는 사용자 업데이트 시 예외 발생 [E]
  LateInitializationError: Local 'isar' has not been initialized.
  dart:_internal                                                                                           LateError._throwLocalNotInitialized
  test/features/profile/infrastructure/repositories/isar_profile_repository_update_weekly_goals_test.dart  main.<fn>.<fn>
  

To run this test again: /opt/homebrew/share/flutter/bin/cache/dart-sdk/bin/dart test /Users/pro16/Desktop/project/n06/test/features/profile/infrastructure/repositories/isar_profile_repository_update_weekly_goals_test.dart -p vm --plain-name 'IsarProfileRepository.updateWeeklyGoals 존재하지 않는 사용자 업데이트 시 예외 발생'
00:05 +132 ~1 -38: /Users/pro16/Desktop/project/n06/test/features/dashboard/presentation/widgets/timeline_widget_test.dart: TimelineWidget should display empty message when timeline is empty         00:05 +132 ~1 -39: /Users/pro16/Desktop/project/n06/test/features/profile/infrastructure/repositories/isar_profile_repository_update_weekly_goals_test.dart: IsarProfileRepository.updateWeeklyGoals 주간 목표만 변경되고 다른 필드는 유지 [E]
  Invalid argument(s): Failed to load dynamic library '/Users/pro16/Desktop/project/n06/libisar.dylib': dlopen(/Users/pro16/Desktop/project/n06/libisar.dylib, 0x0001): tried: '/Users/pro16/Desktop/project/n06/libisar.dylib' (no such file), '/System/Volumes/Preboot/Cryptexes/OS/Users/pro16/Desktop/project/n06/libisar.dylib' (no such file), '/Users/pro16/Desktop/project/n06/libisar.dylib' (no such file)
  dart:ffi                                                                                                       new DynamicLibrary.open
  package:isar/src/native/isar_core.dart 92:28                                                                   _initializePath
  package:isar/src/native/isar_core.dart 75:9                                                                    initializeCoreBinary
  package:isar/src/native/open.dart 81:3                                                                         openIsar
  package:isar/src/isar.dart 107:12                                                                              Isar.open
  test/features/profile/infrastructure/repositories/isar_profile_repository_update_weekly_goals_test.dart 19:25  main.<fn>.<fn>
  
  LateInitializationError: Local 'isar' has not been initialized.
  dart:_internal                                                                                           LateError._throwLocalNotInitialized
  test/features/profile/infrastructure/repositories/isar_profile_repository_update_weekly_goals_test.dart  main.<fn>.<fn>
  

To run this test again: /opt/homebrew/share/flutter/bin/cache/dart-sdk/bin/dart test /Users/pro16/Desktop/project/n06/test/features/profile/infrastructure/repositories/isar_profile_repository_update_weekly_goals_test.dart -p vm --plain-name 'IsarProfileRepository.updateWeeklyGoals 주간 목표만 변경되고 다른 필드는 유지'
00:05 +132 ~1 -40: /Users/pro16/Desktop/project/n06/test/features/profile/infrastructure/repositories/isar_profile_repository_update_weekly_goals_test.dart: IsarProfileRepository.updateWeeklyGoals 여러 번의 업데이트 작업 수행 [E]
  Invalid argument(s): Failed to load dynamic library '/Users/pro16/Desktop/project/n06/libisar.dylib': dlopen(/Users/pro16/Desktop/project/n06/libisar.dylib, 0x0001): tried: '/Users/pro16/Desktop/project/n06/libisar.dylib' (no such file), '/System/Volumes/Preboot/Cryptexes/OS/Users/pro16/Desktop/project/n06/libisar.dylib' (no such file), '/Users/pro16/Desktop/project/n06/libisar.dylib' (no such file)
  dart:ffi                                                                                                       new DynamicLibrary.open
  package:isar/src/native/isar_core.dart 92:28                                                                   _initializePath
  package:isar/src/native/isar_core.dart 75:9                                                                    initializeCoreBinary
  package:isar/src/native/open.dart 81:3                                                                         openIsar
  package:isar/src/isar.dart 107:12                                                                              Isar.open
  test/features/profile/infrastructure/repositories/isar_profile_repository_update_weekly_goals_test.dart 19:25  main.<fn>.<fn>
  
  LateInitializationError: Local 'isar' has not been initialized.
  dart:_internal                                                                                           LateError._throwLocalNotInitialized
  test/features/profile/infrastructure/repositories/isar_profile_repository_update_weekly_goals_test.dart  main.<fn>.<fn>
  

To run this test again: /opt/homebrew/share/flutter/bin/cache/dart-sdk/bin/dart test /Users/pro16/Desktop/project/n06/test/features/profile/infrastructure/repositories/isar_profile_repository_update_weekly_goals_test.dart -p vm --plain-name 'IsarProfileRepository.updateWeeklyGoals 여러 번의 업데이트 작업 수행'
00:05 +132 ~1 -41: /Users/pro16/Desktop/project/n06/test/features/profile/infrastructure/repositories/isar_profile_repository_update_weekly_goals_test.dart: IsarProfileRepository.updateWeeklyGoals 다른 사용자의 데이터는 영향받지 않음 [E]
  Invalid argument(s): Failed to load dynamic library '/Users/pro16/Desktop/project/n06/libisar.dylib': dlopen(/Users/pro16/Desktop/project/n06/libisar.dylib, 0x0001): tried: '/Users/pro16/Desktop/project/n06/libisar.dylib' (no such file), '/System/Volumes/Preboot/Cryptexes/OS/Users/pro16/Desktop/project/n06/libisar.dylib' (no such file), '/Users/pro16/Desktop/project/n06/libisar.dylib' (no such file)
  dart:ffi                                                                                                       new DynamicLibrary.open
  package:isar/src/native/isar_core.dart 92:28                                                                   _initializePath
  package:isar/src/native/isar_core.dart 75:9                                                                    initializeCoreBinary
  package:isar/src/native/open.dart 81:3                                                                         openIsar
  package:isar/src/isar.dart 107:12                                                                              Isar.open
  test/features/profile/infrastructure/repositories/isar_profile_repository_update_weekly_goals_test.dart 19:25  main.<fn>.<fn>
  
  LateInitializationError: Local 'isar' has not been initialized.
  dart:_internal                                                                                           LateError._throwLocalNotInitialized
  test/features/profile/infrastructure/repositories/isar_profile_repository_update_weekly_goals_test.dart  main.<fn>.<fn>
  

To run this test again: /opt/homebrew/share/flutter/bin/cache/dart-sdk/bin/dart test /Users/pro16/Desktop/project/n06/test/features/profile/infrastructure/repositories/isar_profile_repository_update_weekly_goals_test.dart -p vm --plain-name 'IsarProfileRepository.updateWeeklyGoals 다른 사용자의 데이터는 영향받지 않음'
00:05 +132 ~1 -41: /Users/pro16/Desktop/project/n06/test/features/dashboard/presentation/widgets/timeline_widget_test.dart: TimelineWidget should display empty message when timeline is empty         00:06 +132 ~1 -41: /Users/pro16/Desktop/project/n06/test/features/dashboard/presentation/widgets/timeline_widget_test.dart: TimelineWidget should display empty message when timeline is empty         00:06 +133 ~1 -41: /Users/pro16/Desktop/project/n06/test/features/notification/presentation/screens/notification_settings_screen_test.dart: ... should display notification settings components        00:06 +134 ~1 -41: /Users/pro16/Desktop/project/n06/test/features/notification/presentation/screens/notification_settings_screen_test.dart: ... should display notification settings components        00:06 +135 ~1 -41: /Users/pro16/Desktop/project/n06/test/features/notification/presentation/screens/notification_settings_screen_test.dart: ... should display notification settings components        00:06 +136 ~1 -41: /Users/pro16/Desktop/project/n06/test/features/notification/presentation/screens/notification_settings_screen_test.dart: ... should display notification settings components        00:06 +137 ~1 -41: /Users/pro16/Desktop/project/n06/test/features/notification/presentation/screens/notification_settings_screen_test.dart: ... should display notification settings components        00:06 +137 ~1 -41: /Users/pro16/Desktop/project/n06/test/features/notification/presentation/screens/notification_settings_screen_test.dart: NotificationSettingsScreen should display notification settings components
══╡ EXCEPTION CAUGHT BY WIDGETS LIBRARY ╞═══════════════════════════════════════════════════════════
The following StateError was thrown building NotificationSettingsScreen(dirty, state:
_ConsumerState#335d1):
Bad state: No ProviderScope found

The relevant error-causing widget was:
  NotificationSettingsScreen
  NotificationSettingsScreen:file:///Users/pro16/Desktop/project/n06/test/features/notification/presentation/screens/notification_settings_screen_test.dart:13:17

When the exception was thrown, this was the stack:
#0      ProviderScope.containerOf (package:flutter_riverpod/src/framework.dart:110:7)
#1      ConsumerStatefulElement._container (package:flutter_riverpod/src/consumer.dart:508:53)
#2      ConsumerStatefulElement._container (package:flutter_riverpod/src/consumer.dart)
#3      ConsumerStatefulElement.watch.<anonymous closure> (package:flutter_riverpod/src/consumer.dart:564:14)
#4      _LinkedHashMapMixin.putIfAbsent (dart:_compact_hash:674:23)
#5      ConsumerStatefulElement.watch (package:flutter_riverpod/src/consumer.dart:557:26)
#6      NotificationSettingsScreen.build (package:n06/features/notification/presentation/screens/notification_settings_screen.dart:13:31)
#7      _ConsumerState.build (package:flutter_riverpod/src/consumer.dart:476:19)
#8      StatefulElement.build (package:flutter/src/widgets/framework.dart:5833:27)
#9      ConsumerStatefulElement.build (package:flutter_riverpod/src/consumer.dart:539:20)
#10     ComponentElement.performRebuild (package:flutter/src/widgets/framework.dart:5723:15)
#11     StatefulElement.performRebuild (package:flutter/src/widgets/framework.dart:5884:11)
#12     Element.rebuild (package:flutter/src/widgets/framework.dart:5435:7)
#13     ComponentElement._firstBuild (package:flutter/src/widgets/framework.dart:5705:5)
#14     StatefulElement._firstBuild (package:flutter/src/widgets/framework.dart:5875:11)
#15     ComponentElement.mount (package:flutter/src/widgets/framework.dart:5699:5)
...     Normal element mounting (228 frames)
#243    Element.inflateWidget (package:flutter/src/widgets/framework.dart:4548:16)
#244    MultiChildRenderObjectElement.inflateWidget (package:flutter/src/widgets/framework.dart:7169:36)
#245    MultiChildRenderObjectElement.mount (package:flutter/src/widgets/framework.dart:7185:32)
...     Normal element mounting (465 frames)
#710    Element.inflateWidget (package:flutter/src/widgets/framework.dart:4548:16)
#711    Element.updateChild (package:flutter/src/widgets/framework.dart:3998:20)
#712    ComponentElement.performRebuild (package:flutter/src/widgets/framework.dart:5747:16)
#713    Element.rebuild (package:flutter/src/widgets/framework.dart:5435:7)
#714    ProxyElement.update (package:flutter/src/widgets/framework.dart:6051:5)
#715    _InheritedNotifierElement.update (package:flutter/src/widgets/inherited_notifier.dart:108:11)
#716    Element.updateChild (package:flutter/src/widgets/framework.dart:3982:15)
#717    ComponentElement.performRebuild (package:flutter/src/widgets/framework.dart:5747:16)
#718    StatefulElement.performRebuild (package:flutter/src/widgets/framework.dart:5884:11)
#719    Element.rebuild (package:flutter/src/widgets/framework.dart:5435:7)
#720    StatefulElement.update (package:flutter/src/widgets/framework.dart:5909:5)
#721    Element.updateChild (package:flutter/src/widgets/framework.dart:3982:15)
#722    ComponentElement.performRebuild (package:flutter/src/widgets/framework.dart:5747:16)
#723    Element.rebuild (package:flutter/src/widgets/framework.dart:5435:7)
#724    ProxyElement.update (package:flutter/src/widgets/framework.dart:6051:5)
#725    _InheritedNotifierElement.update (package:flutter/src/widgets/inherited_notifier.dart:108:11)
#726    Element.updateChild (package:flutter/src/widgets/framework.dart:3982:15)
#727    ComponentElement.performRebuild (package:flutter/src/widgets/framework.dart:5747:16)
#728    StatefulElement.performRebuild (package:flutter/src/widgets/framework.dart:5884:11)
#729    Element.rebuild (package:flutter/src/widgets/framework.dart:5435:7)
#730    StatefulElement.update (package:flutter/src/widgets/framework.dart:5909:5)
#731    Element.updateChild (package:flutter/src/widgets/framework.dart:3982:15)
#732    ComponentElement.performRebuild (package:flutter/src/widgets/framework.dart:5747:16)
#733    StatefulElement.performRebuild (package:flutter/src/widgets/framework.dart:5884:11)
#734    Element.rebuild (package:flutter/src/widgets/framework.dart:5435:7)
#735    StatefulElement.update (package:flutter/src/widgets/framework.dart:5909:5)
#736    Element.updateChild (package:flutter/src/widgets/framework.dart:3982:15)
#737    ComponentElement.performRebuild (package:flutter/src/widgets/framework.dart:5747:16)
#738    Element.rebuild (package:flutter/src/widgets/framework.dart:5435:7)
#739    ProxyElement.update (package:flutter/src/widgets/framework.dart:6051:5)
#740    Element.updateChild (package:flutter/src/widgets/framework.dart:3982:15)
#741    ComponentElement.performRebuild (package:flutter/src/widgets/framework.dart:5747:16)
#742    StatefulElement.performRebuild (package:flutter/src/widgets/framework.dart:5884:11)
#743    Element.rebuild (package:flutter/src/widgets/framework.dart:5435:7)
#744    StatefulElement.update (package:flutter/src/widgets/framework.dart:5909:5)
#745    Element.updateChild (package:flutter/src/widgets/framework.dart:3982:15)
#746    ComponentElement.performRebuild (package:flutter/src/widgets/framework.dart:5747:16)
#747    Element.rebuild (package:flutter/src/widgets/framework.dart:5435:7)
#748    ProxyElement.update (package:flutter/src/widgets/framework.dart:6051:5)
#749    Element.updateChild (package:flutter/src/widgets/framework.dart:3982:15)
#750    ComponentElement.performRebuild (package:flutter/src/widgets/framework.dart:5747:16)
#751    Element.rebuild (package:flutter/src/widgets/framework.dart:5435:7)
#752    ProxyElement.update (package:flutter/src/widgets/framework.dart:6051:5)
#753    Element.updateChild (package:flutter/src/widgets/framework.dart:3982:15)
#754    _RawViewElement._updateChild (package:flutter/src/widgets/view.dart:481:16)
#755    _RawViewElement.update (package:flutter/src/widgets/view.dart:568:5)
#756    Element.updateChild (package:flutter/src/widgets/framework.dart:3982:15)
#757    ComponentElement.performRebuild (package:flutter/src/widgets/framework.dart:5747:16)
#758    Element.rebuild (package:flutter/src/widgets/framework.dart:5435:7)
#759    StatelessElement.update (package:flutter/src/widgets/framework.dart:5797:5)
#760    Element.updateChild (package:flutter/src/widgets/framework.dart:3982:15)
#761    ComponentElement.performRebuild (package:flutter/src/widgets/framework.dart:5747:16)
#762    StatefulElement.performRebuild (package:flutter/src/widgets/framework.dart:5884:11)
#763    Element.rebuild (package:flutter/src/widgets/framework.dart:5435:7)
#764    StatefulElement.update (package:flutter/src/widgets/framework.dart:5909:5)
#765    Element.updateChild (package:flutter/src/widgets/framework.dart:3982:15)
#766    RootElement._rebuild (package:flutter/src/widgets/binding.dart:1716:16)
#767    RootElement.update (package:flutter/src/widgets/binding.dart:1694:5)
#768    RootElement.performRebuild (package:flutter/src/widgets/binding.dart:1708:7)
#769    Element.rebuild (package:flutter/src/widgets/framework.dart:5435:7)
#770    BuildScope._tryRebuild (package:flutter/src/widgets/framework.dart:2695:15)
#771    BuildScope._flushDirtyElements (package:flutter/src/widgets/framework.dart:2752:11)
#772    BuildOwner.buildScope (package:flutter/src/widgets/framework.dart:3056:18)
#773    AutomatedTestWidgetsFlutterBinding.drawFrame (package:flutter_test/src/binding.dart:1506:19)
#774    RendererBinding._handlePersistentFrameCallback (package:flutter/src/rendering/binding.dart:495:5)
#775    SchedulerBinding._invokeFrameCallback (package:flutter/src/scheduler/binding.dart:1434:15)
#776    SchedulerBinding.handleDrawFrame (package:flutter/src/scheduler/binding.dart:1347:9)
#777    AutomatedTestWidgetsFlutterBinding.pump.<anonymous closure> (package:flutter_test/src/binding.dart:1335:9)
#780    TestAsyncUtils.guard (package:flutter_test/src/test_async_utils.dart:74:41)
#781    AutomatedTestWidgetsFlutterBinding.pump (package:flutter_test/src/binding.dart:1324:27)
#782    WidgetTester.pumpWidget.<anonymous closure> (package:flutter_test/src/widget_tester.dart:598:22)
#785    TestAsyncUtils.guard (package:flutter_test/src/test_async_utils.dart:74:41)
#786    WidgetTester.pumpWidget (package:flutter_test/src/widget_tester.dart:595:27)
#787    main.<anonymous closure>.<anonymous closure> (file:///Users/pro16/Desktop/project/n06/test/features/notification/presentation/screens/notification_settings_screen_test.dart:11:20)
#788    testWidgets.<anonymous closure>.<anonymous closure> (package:flutter_test/src/widget_tester.dart:192:29)
<asynchronous suspension>
#789    TestWidgetsFlutterBinding._runTestBody (package:flutter_test/src/binding.dart:1059:5)
<asynchronous suspension>
<asynchronous suspension>
(elided 5 frames from dart:async and package:stack_trace)

════════════════════════════════════════════════════════════════════════════════════════════════════
00:06 +137 ~1 -42: /Users/pro16/Desktop/project/n06/test/features/notification/presentation/screens/notification_settings_screen_test.dart: NotificationSettingsScreen should display notification settings components [E]
  Test failed. See exception logs above.
  The test description was: should display notification settings components
  

To run this test again: /opt/homebrew/share/flutter/bin/cache/dart-sdk/bin/dart test /Users/pro16/Desktop/project/n06/test/features/notification/presentation/screens/notification_settings_screen_test.dart -p vm --plain-name 'NotificationSettingsScreen should display notification settings components'
00:06 +137 ~1 -42: loading /Users/pro16/Desktop/project/n06/test/features/tracking/infrastructure/dtos/emergency_symptom_check_dto_test.dart                                                           00:06 +137 ~1 -42: /Users/pro16/Desktop/project/n06/test/features/tracking/infrastructure/dtos/emergency_symptom_check_dto_test.dart: EmergencySymptomCheckDto Entity를 DTO로 변환 시, 모든 필드 매핑             00:06 +138 ~1 -42: /Users/pro16/Desktop/project/n06/test/features/tracking/infrastructure/dtos/emergency_symptom_check_dto_test.dart: EmergencySymptomCheckDto Entity를 DTO로 변환 시, 모든 필드 매핑             00:06 +138 ~1 -42: /Users/pro16/Desktop/project/n06/test/features/tracking/infrastructure/dtos/emergency_symptom_check_dto_test.dart: EmergencySymptomCheckDto DTO를 Entity로 변환 시, 모든 필드 매핑             00:06 +139 ~1 -42: /Users/pro16/Desktop/project/n06/test/features/tracking/infrastructure/dtos/emergency_symptom_check_dto_test.dart: EmergencySymptomCheckDto DTO를 Entity로 변환 시, 모든 필드 매핑             00:06 +139 ~1 -42: /Users/pro16/Desktop/project/n06/test/features/tracking/infrastructure/dtos/emergency_symptom_check_dto_test.dart: EmergencySymptomCheckDto 빈 증상 리스트 변환 시, 빈 리스트 유지                 00:06 +140 ~1 -42: /Users/pro16/Desktop/project/n06/test/features/tracking/infrastructure/dtos/emergency_symptom_check_dto_test.dart: EmergencySymptomCheckDto 빈 증상 리스트 변환 시, 빈 리스트 유지                 00:06 +140 ~1 -42: /Users/pro16/Desktop/project/n06/test/features/tracking/infrastructure/dtos/emergency_symptom_check_dto_test.dart: EmergencySymptomCheckDto 여러 증상 변환 시, 순서 유지                       00:06 +141 ~1 -42: /Users/pro16/Desktop/project/n06/test/features/tracking/infrastructure/dtos/emergency_symptom_check_dto_test.dart: EmergencySymptomCheckDto 여러 증상 변환 시, 순서 유지                       00:06 +141 ~1 -42: loading /Users/pro16/Desktop/project/n06/test/features/profile/domain/entities/user_profile_weekly_goals_test.dart                                                                  00:06 +141 ~1 -42: /Users/pro16/Desktop/project/n06/test/features/profile/domain/entities/user_profile_weekly_goals_test.dart: ... - Weekly Goals Validation 주간 목표 범위 검증 (0~7) 유효한 주간 체중 기록 목표로 생성 성공  00:06 +142 ~1 -42: /Users/pro16/Desktop/project/n06/test/features/profile/domain/entities/user_profile_weekly_goals_test.dart: ... - Weekly Goals Validation 주간 목표 범위 검증 (0~7) 유효한 주간 체중 기록 목표로 생성 성공  00:06 +142 ~1 -42: /Users/pro16/Desktop/project/n06/test/features/profile/domain/entities/user_profile_weekly_goals_test.dart: ... Entity - Weekly Goals Validation 주간 목표 범위 검증 (0~7) 주간 체중 기록 목표 0은 허용00:06 +143 ~1 -42: /Users/pro16/Desktop/project/n06/test/features/profile/domain/entities/user_profile_weekly_goals_test.dart: ... Entity - Weekly Goals Validation 주간 목표 범위 검증 (0~7) 주간 체중 기록 목표 0은 허용00:06 +143 ~1 -42: /Users/pro16/Desktop/project/n06/test/features/profile/domain/entities/user_profile_weekly_goals_test.dart: ... - Weekly Goals Validation 주간 목표 범위 검증 (0~7) 주간 부작용 기록 목표 0은 허용      00:06 +144 ~1 -42: /Users/pro16/Desktop/project/n06/test/features/profile/domain/entities/user_profile_weekly_goals_test.dart: ... - Weekly Goals Validation 주간 목표 범위 검증 (0~7) 주간 부작용 기록 목표 0은 허용      00:06 +144 ~1 -42: /Users/pro16/Desktop/project/n06/test/features/profile/domain/entities/user_profile_weekly_goals_test.dart: ... Entity - Weekly Goals Validation 주간 목표 범위 검증 (0~7) 주간 체중 기록 목표 기본값 700:06 +145 ~1 -42: /Users/pro16/Desktop/project/n06/test/features/profile/domain/entities/user_profile_weekly_goals_test.dart: ... Entity - Weekly Goals Validation 주간 목표 범위 검증 (0~7) 주간 체중 기록 목표 기본값 700:06 +145 ~1 -42: /Users/pro16/Desktop/project/n06/test/features/profile/domain/entities/user_profile_weekly_goals_test.dart: ... - Weekly Goals Validation 주간 목표 범위 검증 (0~7) 주간 부작용 기록 목표 기본값 7      00:06 +146 ~1 -42: /Users/pro16/Desktop/project/n06/test/features/profile/domain/entities/user_profile_weekly_goals_test.dart: ... - Weekly Goals Validation 주간 목표 범위 검증 (0~7) 주간 부작용 기록 목표 기본값 7      00:06 +146 ~1 -42: /Users/pro16/Desktop/project/n06/test/features/profile/domain/entities/user_profile_weekly_goals_test.dart: ... - Weekly Goals Validation copyWith 메서드로 주간 목표 변경 주간 체중 기록 목표만 변경    00:06 +147 ~1 -42: /Users/pro16/Desktop/project/n06/test/features/profile/domain/entities/user_profile_weekly_goals_test.dart: ... - Weekly Goals Validation copyWith 메서드로 주간 목표 변경 주간 체중 기록 목표만 변경    00:06 +147 ~1 -42: /Users/pro16/Desktop/project/n06/test/features/profile/domain/entities/user_profile_weekly_goals_test.dart: ... - Weekly Goals Validation copyWith 메서드로 주간 목표 변경 주간 부작용 기록 목표만 변경   00:06 +148 ~1 -42: /Users/pro16/Desktop/project/n06/test/features/profile/domain/entities/user_profile_weekly_goals_test.dart: ... - Weekly Goals Validation copyWith 메서드로 주간 목표 변경 주간 부작용 기록 목표만 변경   00:06 +148 ~1 -42: /Users/pro16/Desktop/project/n06/test/features/profile/domain/entities/user_profile_weekly_goals_test.dart: ... - Weekly Goals Validation copyWith 메서드로 주간 목표 변경 두 주간 목표 동시 변경      00:06 +149 ~1 -42: /Users/pro16/Desktop/project/n06/test/features/profile/domain/entities/user_profile_weekly_goals_test.dart: ... - Weekly Goals Validation copyWith 메서드로 주간 목표 변경 두 주간 목표 동시 변경      00:06 +149 ~1 -42: /Users/pro16/Desktop/project/n06/test/features/profile/domain/entities/user_profile_weekly_goals_test.dart: ... Goals Validation copyWith 메서드로 주간 목표 변경 copyWith에서 null 전달 시 기존 값 유지00:06 +150 ~1 -42: /Users/pro16/Desktop/project/n06/test/features/profile/domain/entities/user_profile_weekly_goals_test.dart: ... Goals Validation copyWith 메서드로 주간 목표 변경 copyWith에서 null 전달 시 기존 값 유지00:06 +150 ~1 -42: /Users/pro16/Desktop/project/n06/test/features/profile/domain/entities/user_profile_weekly_goals_test.dart: ... Goals Validation 주간 목표 동등성 검증 (== 연산) 주간 목표가 다르면 다른 Profile로 판단     00:06 +151 ~1 -42: /Users/pro16/Desktop/project/n06/test/features/profile/domain/entities/user_profile_weekly_goals_test.dart: ... Goals Validation 주간 목표 동등성 검증 (== 연산) 주간 목표가 다르면 다른 Profile로 판단     00:06 +151 ~1 -42: /Users/pro16/Desktop/project/n06/test/features/profile/domain/entities/user_profile_weekly_goals_test.dart: ... Goals Validation 주간 목표 동등성 검증 (== 연산) 주간 목표가 같으면 같은 Profile로 판단     00:06 +152 ~1 -42: /Users/pro16/Desktop/project/n06/test/features/profile/domain/entities/user_profile_weekly_goals_test.dart: ... Goals Validation 주간 목표 동등성 검증 (== 연산) 주간 목표가 같으면 같은 Profile로 판단     00:06 +152 ~1 -42: loading /Users/pro16/Desktop/project/n06/test/features/tracking/infrastructure/repositories/isar_dose_schedule_repository_test.dart                                                 00:06 +152 ~1 -42: /Users/pro16/Desktop/project/n06/test/features/tracking/infrastructure/repositories/isar_dose_schedule_repository_test.dart: ... saveBatchSchedules should save batch of schedules  00:06 +152 ~1 -43: loading /Users/pro16/Desktop/project/n06/test/features/tracking/infrastructure/repositories/isar_emergency_check_repository_test.dart                                               00:06 +152 ~1 -43: /Users/pro16/Desktop/project/n06/test/features/tracking/infrastructure/repositories/isar_emergency_check_repository_test.dart: ... Integration 증상 체크 저장 시, DB에 정상 저장                00:06 +152 ~1 -44: /Users/pro16/Desktop/project/n06/test/features/tracking/infrastructure/repositories/isar_tracking_repository_test.dart: IsarTrackingRepository should save WeightLog to Isar        00:06 +152 ~1 -44: /Users/pro16/Desktop/project/n06/test/features/tracking/infrastructure/repositories/isar_dose_schedule_repository_test.dart: IsarDoseScheduleRepository saveBatchSchedules should save batch of schedules [E]
  Binding has not yet been initialized.
  The "instance" getter on the ServicesBinding binding mixin is only available once that binding has been initialized.
  Typically, this is done by calling "WidgetsFlutterBinding.ensureInitialized()" or "runApp()" (the latter calls the former). Typically this call is done in the "void main()" method. The "ensureInitialized" method is idempotent; calling it multiple times is not harmful. After calling that method, the "instance" getter will return the binding.
  In a test, one can call "TestWidgetsFlutterBinding.ensureInitialized()" as the first line in the test's "main()" method to initialize the binding.
  If ServicesBinding is a custom binding mixin, there must also be a custom binding class, like WidgetsFlutterBinding, but that mixes in the selected binding, and that is the class that must be constructed before using the "instance" getter.
  package:flutter/src/foundation/binding.dart 314:9                                                 BindingBase.checkInstance.<fn>
  package:flutter/src/foundation/binding.dart 401:6                                                 BindingBase.checkInstance
  package:flutter/src/services/binding.dart 73:54                                                   ServicesBinding.instance
  package:flutter/src/services/platform_channel.dart 179:25                                         _findBinaryMessenger
  package:flutter/src/services/platform_channel.dart 320:56                                         MethodChannel.binaryMessenger
  package:flutter/src/services/platform_channel.dart 360:17                                         MethodChannel._invokeMethod
  package:flutter/src/services/platform_channel.dart 540:12                                         MethodChannel.invokeMethod
  package:path_provider_platform_interface/src/method_channel_path_provider.dart 33:26              MethodChannelPathProvider.getTemporaryPath
  package:path_provider/path_provider.dart 55:40                                                    getTemporaryDirectory
  test/features/tracking/infrastructure/repositories/isar_dose_schedule_repository_test.dart 14:29  main.<fn>.<fn>
  
00:06 +152 ~1 -45: /Users/pro16/Desktop/project/n06/test/features/tracking/infrastructure/repositories/isar_dose_schedule_repository_test.dart: IsarDoseScheduleRepository saveBatchSchedules should save batch of schedules [E]
  LateInitializationError: Local 'isar' has not been initialized.
  dart:_internal                                                                              LateError._throwLocalNotInitialized
  test/features/tracking/infrastructure/repositories/isar_dose_schedule_repository_test.dart  main.<fn>.<fn>
  

To run this test again: /opt/homebrew/share/flutter/bin/cache/dart-sdk/bin/dart test /Users/pro16/Desktop/project/n06/test/features/tracking/infrastructure/repositories/isar_dose_schedule_repository_test.dart -p vm --plain-name 'IsarDoseScheduleRepository saveBatchSchedules should save batch of schedules'
00:06 +152 ~1 -46: /Users/pro16/Desktop/project/n06/test/features/tracking/infrastructure/repositories/isar_dose_schedule_repository_test.dart: IsarDoseScheduleRepository saveBatchSchedules should save many schedules efficiently [E]
  Binding has not yet been initialized.
  The "instance" getter on the ServicesBinding binding mixin is only available once that binding has been initialized.
  Typically, this is done by calling "WidgetsFlutterBinding.ensureInitialized()" or "runApp()" (the latter calls the former). Typically this call is done in the "void main()" method. The "ensureInitialized" method is idempotent; calling it multiple times is not harmful. After calling that method, the "instance" getter will return the binding.
  In a test, one can call "TestWidgetsFlutterBinding.ensureInitialized()" as the first line in the test's "main()" method to initialize the binding.
  If ServicesBinding is a custom binding mixin, there must also be a custom binding class, like WidgetsFlutterBinding, but that mixes in the selected binding, and that is the class that must be constructed before using the "instance" getter.
  package:flutter/src/foundation/binding.dart 314:9                                                 BindingBase.checkInstance.<fn>
  package:flutter/src/foundation/binding.dart 401:6                                                 BindingBase.checkInstance
  package:flutter/src/services/binding.dart 73:54                                                   ServicesBinding.instance
  package:flutter/src/services/platform_channel.dart 179:25                                         _findBinaryMessenger
  package:flutter/src/services/platform_channel.dart 320:56                                         MethodChannel.binaryMessenger
  package:flutter/src/services/platform_channel.dart 360:17                                         MethodChannel._invokeMethod
  package:flutter/src/services/platform_channel.dart 540:12                                         MethodChannel.invokeMethod
  package:path_provider_platform_interface/src/method_channel_path_provider.dart 33:26              MethodChannelPathProvider.getTemporaryPath
  package:path_provider/path_provider.dart 55:40                                                    getTemporaryDirectory
  test/features/tracking/infrastructure/repositories/isar_dose_schedule_repository_test.dart 14:29  main.<fn>.<fn>
  
  LateInitializationError: Local 'isar' has not been initialized.
  dart:_internal                                                                              LateError._throwLocalNotInitialized
  test/features/tracking/infrastructure/repositories/isar_dose_schedule_repository_test.dart  main.<fn>.<fn>
  

To run this test again: /opt/homebrew/share/flutter/bin/cache/dart-sdk/bin/dart test /Users/pro16/Desktop/project/n06/test/features/tracking/infrastructure/repositories/isar_dose_schedule_repository_test.dart -p vm --plain-name 'IsarDoseScheduleRepository saveBatchSchedules should save many schedules efficiently'
00:06 +152 ~1 -47: /Users/pro16/Desktop/project/n06/test/features/tracking/infrastructure/repositories/isar_emergency_check_repository_test.dart: IsarEmergencyCheckRepository Integration 증상 체크 저장 시, DB에 정상 저장 [E]
  Invalid argument(s): Failed to load dynamic library '/Users/pro16/Desktop/project/n06/libisar.dylib': dlopen(/Users/pro16/Desktop/project/n06/libisar.dylib, 0x0001): tried: '/Users/pro16/Desktop/project/n06/libisar.dylib' (no such file), '/System/Volumes/Preboot/Cryptexes/OS/Users/pro16/Desktop/project/n06/libisar.dylib' (no such file), '/Users/pro16/Desktop/project/n06/libisar.dylib' (no such file)
  dart:ffi                                                                                            new DynamicLibrary.open
  package:isar/src/native/isar_core.dart 92:28                                                        _initializePath
  package:isar/src/native/isar_core.dart 75:9                                                         initializeCoreBinary
  package:isar/src/native/open.dart 81:3                                                              openIsar
  package:isar/src/isar.dart 107:12                                                                   Isar.open
  test/features/tracking/infrastructure/repositories/isar_emergency_check_repository_test.dart 13:25  main.<fn>.<fn>
  
00:06 +152 ~1 -48: /Users/pro16/Desktop/project/n06/test/features/tracking/infrastructure/repositories/isar_dose_schedule_repository_test.dart: IsarDoseScheduleRepository getSchedulesByPlanId should get schedules by plan ID [E]
  Binding has not yet been initialized.
  The "instance" getter on the ServicesBinding binding mixin is only available once that binding has been initialized.
  Typically, this is done by calling "WidgetsFlutterBinding.ensureInitialized()" or "runApp()" (the latter calls the former). Typically this call is done in the "void main()" method. The "ensureInitialized" method is idempotent; calling it multiple times is not harmful. After calling that method, the "instance" getter will return the binding.
  In a test, one can call "TestWidgetsFlutterBinding.ensureInitialized()" as the first line in the test's "main()" method to initialize the binding.
  If ServicesBinding is a custom binding mixin, there must also be a custom binding class, like WidgetsFlutterBinding, but that mixes in the selected binding, and that is the class that must be constructed before using the "instance" getter.
  package:flutter/src/foundation/binding.dart 314:9                                                 BindingBase.checkInstance.<fn>
  package:flutter/src/foundation/binding.dart 401:6                                                 BindingBase.checkInstance
  package:flutter/src/services/binding.dart 73:54                                                   ServicesBinding.instance
  package:flutter/src/services/platform_channel.dart 179:25                                         _findBinaryMessenger
  package:flutter/src/services/platform_channel.dart 320:56                                         MethodChannel.binaryMessenger
  package:flutter/src/services/platform_channel.dart 360:17                                         MethodChannel._invokeMethod
  package:flutter/src/services/platform_channel.dart 540:12                                         MethodChannel.invokeMethod
  package:path_provider_platform_interface/src/method_channel_path_provider.dart 33:26              MethodChannelPathProvider.getTemporaryPath
  package:path_provider/path_provider.dart 55:40                                                    getTemporaryDirectory
  test/features/tracking/infrastructure/repositories/isar_dose_schedule_repository_test.dart 14:29  main.<fn>.<fn>
  
  LateInitializationError: Local 'isar' has not been initialized.
  dart:_internal                                                                              LateError._throwLocalNotInitialized
  test/features/tracking/infrastructure/repositories/isar_dose_schedule_repository_test.dart  main.<fn>.<fn>
  

To run this test again: /opt/homebrew/share/flutter/bin/cache/dart-sdk/bin/dart test /Users/pro16/Desktop/project/n06/test/features/tracking/infrastructure/repositories/isar_dose_schedule_repository_test.dart -p vm --plain-name 'IsarDoseScheduleRepository getSchedulesByPlanId should get schedules by plan ID'
00:06 +152 ~1 -48: /Users/pro16/Desktop/project/n06/test/features/tracking/infrastructure/repositories/isar_dose_schedule_repository_test.dart: ... should return empty list when plan has no schedules00:06 +152 ~1 -48: /Users/pro16/Desktop/project/n06/test/features/tracking/infrastructure/repositories/isar_emergency_check_repository_test.dart: IsarEmergencyCheckRepository Integration 증상 체크 저장 시, DB에 정상 저장 [E]
  LateInitializationError: Local 'isar' has not been initialized.
  dart:_internal                                                                                LateError._throwLocalNotInitialized
  test/features/tracking/infrastructure/repositories/isar_emergency_check_repository_test.dart  main.<fn>.<fn>
  

To run this test again: /opt/homebrew/share/flutter/bin/cache/dart-sdk/bin/dart test /Users/pro16/Desktop/project/n06/test/features/tracking/infrastructure/repositories/isar_emergency_check_repository_test.dart -p vm --plain-name 'IsarEmergencyCheckRepository Integration 증상 체크 저장 시, DB에 정상 저장'
00:06 +152 ~1 -49: /Users/pro16/Desktop/project/n06/test/features/tracking/infrastructure/repositories/isar_emergency_check_repository_test.dart: ... Integration 사용자별 증상 체크 조회 시, 해당 사용자 데이터만 반환      00:06 +152 ~1 -50: /Users/pro16/Desktop/project/n06/test/features/tracking/infrastructure/repositories/isar_dose_schedule_repository_test.dart: IsarDoseScheduleRepository getSchedulesByPlanId should return empty list when plan has no schedules [E]
  Binding has not yet been initialized.
  The "instance" getter on the ServicesBinding binding mixin is only available once that binding has been initialized.
  Typically, this is done by calling "WidgetsFlutterBinding.ensureInitialized()" or "runApp()" (the latter calls the former). Typically this call is done in the "void main()" method. The "ensureInitialized" method is idempotent; calling it multiple times is not harmful. After calling that method, the "instance" getter will return the binding.
  In a test, one can call "TestWidgetsFlutterBinding.ensureInitialized()" as the first line in the test's "main()" method to initialize the binding.
  If ServicesBinding is a custom binding mixin, there must also be a custom binding class, like WidgetsFlutterBinding, but that mixes in the selected binding, and that is the class that must be constructed before using the "instance" getter.
  package:flutter/src/foundation/binding.dart 314:9                                                 BindingBase.checkInstance.<fn>
  package:flutter/src/foundation/binding.dart 401:6                                                 BindingBase.checkInstance
  package:flutter/src/services/binding.dart 73:54                                                   ServicesBinding.instance
  package:flutter/src/services/platform_channel.dart 179:25                                         _findBinaryMessenger
  package:flutter/src/services/platform_channel.dart 320:56                                         MethodChannel.binaryMessenger
  package:flutter/src/services/platform_channel.dart 360:17                                         MethodChannel._invokeMethod
  package:flutter/src/services/platform_channel.dart 540:12                                         MethodChannel.invokeMethod
  package:path_provider_platform_interface/src/method_channel_path_provider.dart 33:26              MethodChannelPathProvider.getTemporaryPath
  package:path_provider/path_provider.dart 55:40                                                    getTemporaryDirectory
  test/features/tracking/infrastructure/repositories/isar_dose_schedule_repository_test.dart 14:29  main.<fn>.<fn>
  
00:06 +152 ~1 -50: /Users/pro16/Desktop/project/n06/test/features/tracking/infrastructure/repositories/isar_tracking_repository_test.dart: IsarTrackingRepository should save WeightLog to Isar [E]    
  Binding has not yet been initialized.
  The "instance" getter on the ServicesBinding binding mixin is only available once that binding has been initialized.
  Typically, this is done by calling "WidgetsFlutterBinding.ensureInitialized()" or "runApp()" (the latter calls the former). Typically this call is done in the "void main()" method. The "ensureInitialized" method is idempotent; calling it multiple times is not harmful. After calling that method, the "instance" getter will return the binding.
  In a test, one can call "TestWidgetsFlutterBinding.ensureInitialized()" as the first line in the test's "main()" method to initialize the binding.
  If ServicesBinding is a custom binding mixin, there must also be a custom binding class, like WidgetsFlutterBinding, but that mixes in the selected binding, and that is the class that must be constructed before using the "instance" getter.
  package:flutter/src/foundation/binding.dart 314:9                                            BindingBase.checkInstance.<fn>
  package:flutter/src/foundation/binding.dart 401:6                                            BindingBase.checkInstance
  package:flutter/src/services/binding.dart 73:54                                              ServicesBinding.instance
  package:flutter/src/services/platform_channel.dart 179:25                                    _findBinaryMessenger
  package:flutter/src/services/platform_channel.dart 320:56                                    MethodChannel.binaryMessenger
  package:flutter/src/services/platform_channel.dart 360:17                                    MethodChannel._invokeMethod
  package:flutter/src/services/platform_channel.dart 540:12                                    MethodChannel.invokeMethod
  package:path_provider_platform_interface/src/method_channel_path_provider.dart 33:26         MethodChannelPathProvider.getTemporaryPath
  package:path_provider/path_provider.dart 55:40                                               getTemporaryDirectory
  test/features/tracking/infrastructure/repositories/isar_tracking_repository_test.dart 17:29  main.<fn>.<fn>
  
00:06 +152 ~1 -50: /Users/pro16/Desktop/project/n06/test/features/tracking/infrastructure/repositories/isar_dose_schedule_repository_test.dart: IsarDoseScheduleRepository getSchedulesByPlanId should return empty list when plan has no schedules [E]
  LateInitializationError: Local 'isar' has not been initialized.
  dart:_internal                                                                              LateError._throwLocalNotInitialized
  test/features/tracking/infrastructure/repositories/isar_dose_schedule_repository_test.dart  main.<fn>.<fn>
  

To run this test again: /opt/homebrew/share/flutter/bin/cache/dart-sdk/bin/dart test /Users/pro16/Desktop/project/n06/test/features/tracking/infrastructure/repositories/isar_dose_schedule_repository_test.dart -p vm --plain-name 'IsarDoseScheduleRepository getSchedulesByPlanId should return empty list when plan has no schedules'
00:06 +152 ~1 -50: /Users/pro16/Desktop/project/n06/test/features/tracking/infrastructure/repositories/isar_emergency_check_repository_test.dart: IsarEmergencyCheckRepository Integration 사용자별 증상 체크 조회 시, 해당 사용자 데이터만 반환 [E]
  Invalid argument(s): Failed to load dynamic library '/Users/pro16/Desktop/project/n06/libisar.dylib': dlopen(/Users/pro16/Desktop/project/n06/libisar.dylib, 0x0001): tried: '/Users/pro16/Desktop/project/n06/libisar.dylib' (no such file), '/System/Volumes/Preboot/Cryptexes/OS/Users/pro16/Desktop/project/n06/libisar.dylib' (no such file), '/Users/pro16/Desktop/project/n06/libisar.dylib' (no such file)
  dart:ffi                                                                                            new DynamicLibrary.open
  package:isar/src/native/isar_core.dart 92:28                                                        _initializePath
  package:isar/src/native/isar_core.dart 75:9                                                         initializeCoreBinary
  package:isar/src/native/open.dart 81:3                                                              openIsar
  package:isar/src/isar.dart 107:12                                                                   Isar.open
  test/features/tracking/infrastructure/repositories/isar_emergency_check_repository_test.dart 13:25  main.<fn>.<fn>
  
00:06 +152 ~1 -50: /Users/pro16/Desktop/project/n06/test/features/tracking/infrastructure/repositories/isar_dose_schedule_repository_test.dart: ... should get schedules for different plans separately00:06 +152 ~1 -51: /Users/pro16/Desktop/project/n06/test/features/tracking/infrastructure/repositories/isar_emergency_check_repository_test.dart: IsarEmergencyCheckRepository Integration 사용자별 증상 체크 조회 시, 해당 사용자 데이터만 반환 [E]
  LateInitializationError: Local 'isar' has not been initialized.
  dart:_internal                                                                                LateError._throwLocalNotInitialized
  test/features/tracking/infrastructure/repositories/isar_emergency_check_repository_test.dart  main.<fn>.<fn>
  

To run this test again: /opt/homebrew/share/flutter/bin/cache/dart-sdk/bin/dart test /Users/pro16/Desktop/project/n06/test/features/tracking/infrastructure/repositories/isar_emergency_check_repository_test.dart -p vm --plain-name 'IsarEmergencyCheckRepository Integration 사용자별 증상 체크 조회 시, 해당 사용자 데이터만 반환'
00:06 +152 ~1 -51: /Users/pro16/Desktop/project/n06/test/features/tracking/infrastructure/repositories/isar_emergency_check_repository_test.dart: ... Integration 증상 체크 삭제 시, DB에서 제거                  00:06 +152 ~1 -52: /Users/pro16/Desktop/project/n06/test/features/tracking/infrastructure/repositories/isar_tracking_repository_test.dart: IsarTrackingRepository should save WeightLog to Isar [E]    
  LateInitializationError: Local 'isar' has not been initialized.
  dart:_internal                                                                         LateError._throwLocalNotInitialized
  test/features/tracking/infrastructure/repositories/isar_tracking_repository_test.dart  main.<fn>.<fn>
  
00:06 +152 ~1 -52: /Users/pro16/Desktop/project/n06/test/features/tracking/infrastructure/repositories/isar_dose_schedule_repository_test.dart: IsarDoseScheduleRepository getSchedulesByPlanId should get schedules for different plans separately [E]
  Binding has not yet been initialized.
  The "instance" getter on the ServicesBinding binding mixin is only available once that binding has been initialized.
  Typically, this is done by calling "WidgetsFlutterBinding.ensureInitialized()" or "runApp()" (the latter calls the former). Typically this call is done in the "void main()" method. The "ensureInitialized" method is idempotent; calling it multiple times is not harmful. After calling that method, the "instance" getter will return the binding.
  In a test, one can call "TestWidgetsFlutterBinding.ensureInitialized()" as the first line in the test's "main()" method to initialize the binding.
  If ServicesBinding is a custom binding mixin, there must also be a custom binding class, like WidgetsFlutterBinding, but that mixes in the selected binding, and that is the class that must be constructed before using the "instance" getter.
  package:flutter/src/foundation/binding.dart 314:9                                                 BindingBase.checkInstance.<fn>
  package:flutter/src/foundation/binding.dart 401:6                                                 BindingBase.checkInstance
  package:flutter/src/services/binding.dart 73:54                                                   ServicesBinding.instance
  package:flutter/src/services/platform_channel.dart 179:25                                         _findBinaryMessenger
  package:flutter/src/services/platform_channel.dart 320:56                                         MethodChannel.binaryMessenger
  package:flutter/src/services/platform_channel.dart 360:17                                         MethodChannel._invokeMethod
  package:flutter/src/services/platform_channel.dart 540:12                                         MethodChannel.invokeMethod
  package:path_provider_platform_interface/src/method_channel_path_provider.dart 33:26              MethodChannelPathProvider.getTemporaryPath
  package:path_provider/path_provider.dart 55:40                                                    getTemporaryDirectory
  test/features/tracking/infrastructure/repositories/isar_dose_schedule_repository_test.dart 14:29  main.<fn>.<fn>
  

To run this test again: /opt/homebrew/share/flutter/bin/cache/dart-sdk/bin/dart test /Users/pro16/Desktop/project/n06/test/features/tracking/infrastructure/repositories/isar_tracking_repository_test.dart -p vm --plain-name 'IsarTrackingRepository should save WeightLog to Isar'
00:06 +152 ~1 -52: /Users/pro16/Desktop/project/n06/test/features/tracking/infrastructure/repositories/isar_tracking_repository_test.dart: IsarTrackingRepository should overwrite duplicate WeightLog 00:06 +152 ~1 -53: /Users/pro16/Desktop/project/n06/test/features/tracking/infrastructure/repositories/isar_dose_schedule_repository_test.dart: IsarDoseScheduleRepository getSchedulesByPlanId should get schedules for different plans separately [E]
  LateInitializationError: Local 'isar' has not been initialized.
  dart:_internal                                                                              LateError._throwLocalNotInitialized
  test/features/tracking/infrastructure/repositories/isar_dose_schedule_repository_test.dart  main.<fn>.<fn>
  

To run this test again: /opt/homebrew/share/flutter/bin/cache/dart-sdk/bin/dart test /Users/pro16/Desktop/project/n06/test/features/tracking/infrastructure/repositories/isar_dose_schedule_repository_test.dart -p vm --plain-name 'IsarDoseScheduleRepository getSchedulesByPlanId should get schedules for different plans separately'
00:06 +152 ~1 -53: /Users/pro16/Desktop/project/n06/test/features/tracking/infrastructure/repositories/isar_dose_schedule_repository_test.dart: ... should delete schedules from specific date onwards 00:06 +152 ~1 -54: /Users/pro16/Desktop/project/n06/test/features/tracking/infrastructure/repositories/isar_emergency_check_repository_test.dart: IsarEmergencyCheckRepository Integration 증상 체크 삭제 시, DB에서 제거 [E]
  Invalid argument(s): Failed to load dynamic library '/Users/pro16/Desktop/project/n06/libisar.dylib': dlopen(/Users/pro16/Desktop/project/n06/libisar.dylib, 0x0001): tried: '/Users/pro16/Desktop/project/n06/libisar.dylib' (no such file), '/System/Volumes/Preboot/Cryptexes/OS/Users/pro16/Desktop/project/n06/libisar.dylib' (no such file), '/Users/pro16/Desktop/project/n06/libisar.dylib' (no such file)
  dart:ffi                                                                                            new DynamicLibrary.open
  package:isar/src/native/isar_core.dart 92:28                                                        _initializePath
  package:isar/src/native/isar_core.dart 75:9                                                         initializeCoreBinary
  package:isar/src/native/open.dart 81:3                                                              openIsar
  package:isar/src/isar.dart 107:12                                                                   Isar.open
  test/features/tracking/infrastructure/repositories/isar_emergency_check_repository_test.dart 13:25  main.<fn>.<fn>
  
00:06 +152 ~1 -54: /Users/pro16/Desktop/project/n06/test/features/tracking/infrastructure/repositories/isar_tracking_repository_test.dart: IsarTrackingRepository should overwrite duplicate WeightLog [E]
  Binding has not yet been initialized.
  The "instance" getter on the ServicesBinding binding mixin is only available once that binding has been initialized.
  Typically, this is done by calling "WidgetsFlutterBinding.ensureInitialized()" or "runApp()" (the latter calls the former). Typically this call is done in the "void main()" method. The "ensureInitialized" method is idempotent; calling it multiple times is not harmful. After calling that method, the "instance" getter will return the binding.
  In a test, one can call "TestWidgetsFlutterBinding.ensureInitialized()" as the first line in the test's "main()" method to initialize the binding.
  If ServicesBinding is a custom binding mixin, there must also be a custom binding class, like WidgetsFlutterBinding, but that mixes in the selected binding, and that is the class that must be constructed before using the "instance" getter.
  package:flutter/src/foundation/binding.dart 314:9                                            BindingBase.checkInstance.<fn>
  package:flutter/src/foundation/binding.dart 401:6                                            BindingBase.checkInstance
  package:flutter/src/services/binding.dart 73:54                                              ServicesBinding.instance
  package:flutter/src/services/platform_channel.dart 179:25                                    _findBinaryMessenger
  package:flutter/src/services/platform_channel.dart 320:56                                    MethodChannel.binaryMessenger
  package:flutter/src/services/platform_channel.dart 360:17                                    MethodChannel._invokeMethod
  package:flutter/src/services/platform_channel.dart 540:12                                    MethodChannel.invokeMethod
  package:path_provider_platform_interface/src/method_channel_path_provider.dart 33:26         MethodChannelPathProvider.getTemporaryPath
  package:path_provider/path_provider.dart 55:40                                               getTemporaryDirectory
  test/features/tracking/infrastructure/repositories/isar_tracking_repository_test.dart 17:29  main.<fn>.<fn>
  
00:06 +152 ~1 -54: /Users/pro16/Desktop/project/n06/test/features/tracking/infrastructure/repositories/isar_dose_schedule_repository_test.dart: IsarDoseScheduleRepository deleteFutureSchedules should delete schedules from specific date onwards [E]
  Binding has not yet been initialized.
  The "instance" getter on the ServicesBinding binding mixin is only available once that binding has been initialized.
  Typically, this is done by calling "WidgetsFlutterBinding.ensureInitialized()" or "runApp()" (the latter calls the former). Typically this call is done in the "void main()" method. The "ensureInitialized" method is idempotent; calling it multiple times is not harmful. After calling that method, the "instance" getter will return the binding.
  In a test, one can call "TestWidgetsFlutterBinding.ensureInitialized()" as the first line in the test's "main()" method to initialize the binding.
  If ServicesBinding is a custom binding mixin, there must also be a custom binding class, like WidgetsFlutterBinding, but that mixes in the selected binding, and that is the class that must be constructed before using the "instance" getter.
  package:flutter/src/foundation/binding.dart 314:9                                                 BindingBase.checkInstance.<fn>
  package:flutter/src/foundation/binding.dart 401:6                                                 BindingBase.checkInstance
  package:flutter/src/services/binding.dart 73:54                                                   ServicesBinding.instance
  package:flutter/src/services/platform_channel.dart 179:25                                         _findBinaryMessenger
  package:flutter/src/services/platform_channel.dart 320:56                                         MethodChannel.binaryMessenger
  package:flutter/src/services/platform_channel.dart 360:17                                         MethodChannel._invokeMethod
  package:flutter/src/services/platform_channel.dart 540:12                                         MethodChannel.invokeMethod
  package:path_provider_platform_interface/src/method_channel_path_provider.dart 33:26              MethodChannelPathProvider.getTemporaryPath
  package:path_provider/path_provider.dart 55:40                                                    getTemporaryDirectory
  test/features/tracking/infrastructure/repositories/isar_dose_schedule_repository_test.dart 14:29  main.<fn>.<fn>
  
00:06 +152 ~1 -54: /Users/pro16/Desktop/project/n06/test/features/tracking/infrastructure/repositories/isar_emergency_check_repository_test.dart: IsarEmergencyCheckRepository Integration 증상 체크 삭제 시, DB에서 제거 [E]
  LateInitializationError: Local 'isar' has not been initialized.
  dart:_internal                                                                                LateError._throwLocalNotInitialized
  test/features/tracking/infrastructure/repositories/isar_emergency_check_repository_test.dart  main.<fn>.<fn>
  

To run this test again: /opt/homebrew/share/flutter/bin/cache/dart-sdk/bin/dart test /Users/pro16/Desktop/project/n06/test/features/tracking/infrastructure/repositories/isar_emergency_check_repository_test.dart -p vm --plain-name 'IsarEmergencyCheckRepository Integration 증상 체크 삭제 시, DB에서 제거'
00:06 +152 ~1 -54: /Users/pro16/Desktop/project/n06/test/features/tracking/infrastructure/repositories/isar_dose_schedule_repository_test.dart: IsarDoseScheduleRepository deleteFutureSchedules should delete schedules from specific date onwards [E]
  LateInitializationError: Local 'isar' has not been initialized.
  dart:_internal                                                                              LateError._throwLocalNotInitialized
  test/features/tracking/infrastructure/repositories/isar_dose_schedule_repository_test.dart  main.<fn>.<fn>
  

To run this test again: /opt/homebrew/share/flutter/bin/cache/dart-sdk/bin/dart test /Users/pro16/Desktop/project/n06/test/features/tracking/infrastructure/repositories/isar_dose_schedule_repository_test.dart -p vm --plain-name 'IsarDoseScheduleRepository deleteFutureSchedules should delete schedules from specific date onwards'
00:06 +152 ~1 -54: /Users/pro16/Desktop/project/n06/test/features/tracking/infrastructure/repositories/isar_tracking_repository_test.dart: IsarTrackingRepository should overwrite duplicate WeightLog [E]
  LateInitializationError: Local 'isar' has not been initialized.
  dart:_internal                                                                         LateError._throwLocalNotInitialized
  test/features/tracking/infrastructure/repositories/isar_tracking_repository_test.dart  main.<fn>.<fn>
  

To run this test again: /opt/homebrew/share/flutter/bin/cache/dart-sdk/bin/dart test /Users/pro16/Desktop/project/n06/test/features/tracking/infrastructure/repositories/isar_tracking_repository_test.dart -p vm --plain-name 'IsarTrackingRepository should overwrite duplicate WeightLog'
00:06 +152 ~1 -54: /Users/pro16/Desktop/project/n06/test/features/tracking/infrastructure/repositories/isar_dosage_plan_repository_test.dart: IsarDosagePlanRepository getActiveDosagePlan should get active dosage plan for user [E]
  Binding has not yet been initialized.
  The "instance" getter on the ServicesBinding binding mixin is only available once that binding has been initialized.
  Typically, this is done by calling "WidgetsFlutterBinding.ensureInitialized()" or "runApp()" (the latter calls the former). Typically this call is done in the "void main()" method. The "ensureInitialized" method is idempotent; calling it multiple times is not harmful. After calling that method, the "instance" getter will return the binding.
  In a test, one can call "TestWidgetsFlutterBinding.ensureInitialized()" as the first line in the test's "main()" method to initialize the binding.
  If ServicesBinding is a custom binding mixin, there must also be a custom binding class, like WidgetsFlutterBinding, but that mixes in the selected binding, and that is the class that must be constructed before using the "instance" getter.
  package:flutter/src/foundation/binding.dart 314:9                                               BindingBase.checkInstance.<fn>
  package:flutter/src/foundation/binding.dart 401:6                                               BindingBase.checkInstance
  package:flutter/src/services/binding.dart 73:54                                                 ServicesBinding.instance
  package:flutter/src/services/platform_channel.dart 179:25                                       _findBinaryMessenger
  package:flutter/src/services/platform_channel.dart 320:56                                       MethodChannel.binaryMessenger
  package:flutter/src/services/platform_channel.dart 360:17                                       MethodChannel._invokeMethod
  package:flutter/src/services/platform_channel.dart 540:12                                       MethodChannel.invokeMethod
  package:path_provider_platform_interface/src/method_channel_path_provider.dart 33:26            MethodChannelPathProvider.getTemporaryPath
  package:path_provider/path_provider.dart 55:40                                                  getTemporaryDirectory
  test/features/tracking/infrastructure/repositories/isar_dosage_plan_repository_test.dart 16:29  main.<fn>.<fn>
  
00:06 +152 ~1 -56: /Users/pro16/Desktop/project/n06/test/features/tracking/infrastructure/repositories/isar_dosage_plan_repository_test.dart: IsarDosagePlanRepository getActiveDosagePlan should get active dosage plan for user [E]
  LateInitializationError: Local 'isar' has not been initialized.
  dart:_internal                                                                            LateError._throwLocalNotInitialized
  test/features/tracking/infrastructure/repositories/isar_dosage_plan_repository_test.dart  main.<fn>.<fn>
  

To run this test again: /opt/homebrew/share/flutter/bin/cache/dart-sdk/bin/dart test /Users/pro16/Desktop/project/n06/test/features/tracking/infrastructure/repositories/isar_dosage_plan_repository_test.dart -p vm --plain-name 'IsarDosagePlanRepository getActiveDosagePlan should get active dosage plan for user'
00:06 +152 ~1 -57: /Users/pro16/Desktop/project/n06/test/features/tracking/infrastructure/repositories/isar_emergency_check_repository_test.dart: IsarEmergencyCheckRepository Integration 최근 체크 순서로 정렬 조회 [E]
  Invalid argument(s): Failed to load dynamic library '/Users/pro16/Desktop/project/n06/libisar.dylib': dlopen(/Users/pro16/Desktop/project/n06/libisar.dylib, 0x0001): tried: '/Users/pro16/Desktop/project/n06/libisar.dylib' (no such file), '/System/Volumes/Preboot/Cryptexes/OS/Users/pro16/Desktop/project/n06/libisar.dylib' (no such file), '/Users/pro16/Desktop/project/n06/libisar.dylib' (no such file)
  dart:ffi                                                                                            new DynamicLibrary.open
  package:isar/src/native/isar_core.dart 92:28                                                        _initializePath
  package:isar/src/native/isar_core.dart 75:9                                                         initializeCoreBinary
  package:isar/src/native/open.dart 81:3                                                              openIsar
  package:isar/src/isar.dart 107:12                                                                   Isar.open
  test/features/tracking/infrastructure/repositories/isar_emergency_check_repository_test.dart 13:25  main.<fn>.<fn>
  
00:06 +152 ~1 -58: /Users/pro16/Desktop/project/n06/test/features/tracking/infrastructure/repositories/isar_dose_schedule_repository_test.dart: IsarDoseScheduleRepository deleteFutureSchedules should preserve past schedules when deleting future ones [E]
  Binding has not yet been initialized.
  The "instance" getter on the ServicesBinding binding mixin is only available once that binding has been initialized.
  Typically, this is done by calling "WidgetsFlutterBinding.ensureInitialized()" or "runApp()" (the latter calls the former). Typically this call is done in the "void main()" method. The "ensureInitialized" method is idempotent; calling it multiple times is not harmful. After calling that method, the "instance" getter will return the binding.
  In a test, one can call "TestWidgetsFlutterBinding.ensureInitialized()" as the first line in the test's "main()" method to initialize the binding.
  If ServicesBinding is a custom binding mixin, there must also be a custom binding class, like WidgetsFlutterBinding, but that mixes in the selected binding, and that is the class that must be constructed before using the "instance" getter.
  package:flutter/src/foundation/binding.dart 314:9                                                 BindingBase.checkInstance.<fn>
  package:flutter/src/foundation/binding.dart 401:6                                                 BindingBase.checkInstance
  package:flutter/src/services/binding.dart 73:54                                                   ServicesBinding.instance
  package:flutter/src/services/platform_channel.dart 179:25                                         _findBinaryMessenger
  package:flutter/src/services/platform_channel.dart 320:56                                         MethodChannel.binaryMessenger
  package:flutter/src/services/platform_channel.dart 360:17                                         MethodChannel._invokeMethod
  package:flutter/src/services/platform_channel.dart 540:12                                         MethodChannel.invokeMethod
  package:path_provider_platform_interface/src/method_channel_path_provider.dart 33:26              MethodChannelPathProvider.getTemporaryPath
  package:path_provider/path_provider.dart 55:40                                                    getTemporaryDirectory
  test/features/tracking/infrastructure/repositories/isar_dose_schedule_repository_test.dart 14:29  main.<fn>.<fn>
  
00:06 +152 ~1 -58: /Users/pro16/Desktop/project/n06/test/features/tracking/infrastructure/repositories/isar_emergency_check_repository_test.dart: IsarEmergencyCheckRepository Integration 최근 체크 순서로 정렬 조회 [E]
  LateInitializationError: Local 'isar' has not been initialized.
  dart:_internal                                                                                LateError._throwLocalNotInitialized
  test/features/tracking/infrastructure/repositories/isar_emergency_check_repository_test.dart  main.<fn>.<fn>
  
00:06 +152 ~1 -58: /Users/pro16/Desktop/project/n06/test/features/tracking/infrastructure/repositories/isar_tracking_repository_test.dart: IsarTrackingRepository should save SymptomLog to Isar [E]   
  Binding has not yet been initialized.
  The "instance" getter on the ServicesBinding binding mixin is only available once that binding has been initialized.
  Typically, this is done by calling "WidgetsFlutterBinding.ensureInitialized()" or "runApp()" (the latter calls the former). Typically this call is done in the "void main()" method. The "ensureInitialized" method is idempotent; calling it multiple times is not harmful. After calling that method, the "instance" getter will return the binding.
  In a test, one can call "TestWidgetsFlutterBinding.ensureInitialized()" as the first line in the test's "main()" method to initialize the binding.
  If ServicesBinding is a custom binding mixin, there must also be a custom binding class, like WidgetsFlutterBinding, but that mixes in the selected binding, and that is the class that must be constructed before using the "instance" getter.
  package:flutter/src/foundation/binding.dart 314:9                                            BindingBase.checkInstance.<fn>
  package:flutter/src/foundation/binding.dart 401:6                                            BindingBase.checkInstance
  package:flutter/src/services/binding.dart 73:54                                              ServicesBinding.instance
  package:flutter/src/services/platform_channel.dart 179:25                                    _findBinaryMessenger
  package:flutter/src/services/platform_channel.dart 320:56                                    MethodChannel.binaryMessenger
  package:flutter/src/services/platform_channel.dart 360:17                                    MethodChannel._invokeMethod
  package:flutter/src/services/platform_channel.dart 540:12                                    MethodChannel.invokeMethod
  package:path_provider_platform_interface/src/method_channel_path_provider.dart 33:26         MethodChannelPathProvider.getTemporaryPath
  package:path_provider/path_provider.dart 55:40                                               getTemporaryDirectory
  test/features/tracking/infrastructure/repositories/isar_tracking_repository_test.dart 17:29  main.<fn>.<fn>
  
00:06 +152 ~1 -58: /Users/pro16/Desktop/project/n06/test/features/tracking/infrastructure/repositories/isar_dose_schedule_repository_test.dart: IsarDoseScheduleRepository deleteFutureSchedules should preserve past schedules when deleting future ones [E]
  LateInitializationError: Local 'isar' has not been initialized.
  dart:_internal                                                                              LateError._throwLocalNotInitialized
  test/features/tracking/infrastructure/repositories/isar_dose_schedule_repository_test.dart  main.<fn>.<fn>
  

To run this test again: /opt/homebrew/share/flutter/bin/cache/dart-sdk/bin/dart test /Users/pro16/Desktop/project/n06/test/features/tracking/infrastructure/repositories/isar_dose_schedule_repository_test.dart -p vm --plain-name 'IsarDoseScheduleRepository deleteFutureSchedules should preserve past schedules when deleting future ones'

To run this test again: /opt/homebrew/share/flutter/bin/cache/dart-sdk/bin/dart test /Users/pro16/Desktop/project/n06/test/features/tracking/infrastructure/repositories/isar_emergency_check_repository_test.dart -p vm --plain-name 'IsarEmergencyCheckRepository Integration 최근 체크 순서로 정렬 조회'
00:06 +152 ~1 -59: /Users/pro16/Desktop/project/n06/test/features/tracking/infrastructure/repositories/isar_dosage_plan_repository_test.dart: IsarDosagePlanRepository getActiveDosagePlan should return null when no active plan exists [E]
  Binding has not yet been initialized.
  The "instance" getter on the ServicesBinding binding mixin is only available once that binding has been initialized.
  Typically, this is done by calling "WidgetsFlutterBinding.ensureInitialized()" or "runApp()" (the latter calls the former). Typically this call is done in the "void main()" method. The "ensureInitialized" method is idempotent; calling it multiple times is not harmful. After calling that method, the "instance" getter will return the binding.
  In a test, one can call "TestWidgetsFlutterBinding.ensureInitialized()" as the first line in the test's "main()" method to initialize the binding.
  If ServicesBinding is a custom binding mixin, there must also be a custom binding class, like WidgetsFlutterBinding, but that mixes in the selected binding, and that is the class that must be constructed before using the "instance" getter.
  package:flutter/src/foundation/binding.dart 314:9                                               BindingBase.checkInstance.<fn>
  package:flutter/src/foundation/binding.dart 401:6                                               BindingBase.checkInstance
  package:flutter/src/services/binding.dart 73:54                                                 ServicesBinding.instance
  package:flutter/src/services/platform_channel.dart 179:25                                       _findBinaryMessenger
  package:flutter/src/services/platform_channel.dart 320:56                                       MethodChannel.binaryMessenger
  package:flutter/src/services/platform_channel.dart 360:17                                       MethodChannel._invokeMethod
  package:flutter/src/services/platform_channel.dart 540:12                                       MethodChannel.invokeMethod
  package:path_provider_platform_interface/src/method_channel_path_provider.dart 33:26            MethodChannelPathProvider.getTemporaryPath
  package:path_provider/path_provider.dart 55:40                                                  getTemporaryDirectory
  test/features/tracking/infrastructure/repositories/isar_dosage_plan_repository_test.dart 16:29  main.<fn>.<fn>
  
00:06 +152 ~1 -59: /Users/pro16/Desktop/project/n06/test/features/tracking/infrastructure/repositories/isar_tracking_repository_test.dart: IsarTrackingRepository should save SymptomLog to Isar [E]   
  LateInitializationError: Local 'isar' has not been initialized.
  dart:_internal                                                                         LateError._throwLocalNotInitialized
  test/features/tracking/infrastructure/repositories/isar_tracking_repository_test.dart  main.<fn>.<fn>
  

To run this test again: /opt/homebrew/share/flutter/bin/cache/dart-sdk/bin/dart test /Users/pro16/Desktop/project/n06/test/features/tracking/infrastructure/repositories/isar_tracking_repository_test.dart -p vm --plain-name 'IsarTrackingRepository should save SymptomLog to Isar'
00:06 +152 ~1 -60: /Users/pro16/Desktop/project/n06/test/features/tracking/infrastructure/repositories/isar_dose_schedule_repository_test.dart: IsarDoseScheduleRepository deleteFutureSchedules should delete all future schedules when date is today [E]
  Binding has not yet been initialized.
  The "instance" getter on the ServicesBinding binding mixin is only available once that binding has been initialized.
  Typically, this is done by calling "WidgetsFlutterBinding.ensureInitialized()" or "runApp()" (the latter calls the former). Typically this call is done in the "void main()" method. The "ensureInitialized" method is idempotent; calling it multiple times is not harmful. After calling that method, the "instance" getter will return the binding.
  In a test, one can call "TestWidgetsFlutterBinding.ensureInitialized()" as the first line in the test's "main()" method to initialize the binding.
  If ServicesBinding is a custom binding mixin, there must also be a custom binding class, like WidgetsFlutterBinding, but that mixes in the selected binding, and that is the class that must be constructed before using the "instance" getter.
  package:flutter/src/foundation/binding.dart 314:9                                                 BindingBase.checkInstance.<fn>
  package:flutter/src/foundation/binding.dart 401:6                                                 BindingBase.checkInstance
  package:flutter/src/services/binding.dart 73:54                                                   ServicesBinding.instance
  package:flutter/src/services/platform_channel.dart 179:25                                         _findBinaryMessenger
  package:flutter/src/services/platform_channel.dart 320:56                                         MethodChannel.binaryMessenger
  package:flutter/src/services/platform_channel.dart 360:17                                         MethodChannel._invokeMethod
  package:flutter/src/services/platform_channel.dart 540:12                                         MethodChannel.invokeMethod
  package:path_provider_platform_interface/src/method_channel_path_provider.dart 33:26              MethodChannelPathProvider.getTemporaryPath
  package:path_provider/path_provider.dart 55:40                                                    getTemporaryDirectory
  test/features/tracking/infrastructure/repositories/isar_dose_schedule_repository_test.dart 14:29  main.<fn>.<fn>
  
00:06 +152 ~1 -60: /Users/pro16/Desktop/project/n06/test/features/tracking/infrastructure/repositories/isar_dosage_plan_repository_test.dart: IsarDosagePlanRepository getActiveDosagePlan should return null when no active plan exists [E]
  LateInitializationError: Local 'isar' has not been initialized.
  dart:_internal                                                                            LateError._throwLocalNotInitialized
  test/features/tracking/infrastructure/repositories/isar_dosage_plan_repository_test.dart  main.<fn>.<fn>
  

To run this test again: /opt/homebrew/share/flutter/bin/cache/dart-sdk/bin/dart test /Users/pro16/Desktop/project/n06/test/features/tracking/infrastructure/repositories/isar_dosage_plan_repository_test.dart -p vm --plain-name 'IsarDosagePlanRepository getActiveDosagePlan should return null when no active plan exists'
00:06 +152 ~1 -60: /Users/pro16/Desktop/project/n06/test/features/tracking/infrastructure/repositories/isar_emergency_check_repository_test.dart: IsarEmergencyCheckRepository Integration 존재하지 않는 ID 삭제 시, 예외 발생하지 않음 [E]
  Invalid argument(s): Failed to load dynamic library '/Users/pro16/Desktop/project/n06/libisar.dylib': dlopen(/Users/pro16/Desktop/project/n06/libisar.dylib, 0x0001): tried: '/Users/pro16/Desktop/project/n06/libisar.dylib' (no such file), '/System/Volumes/Preboot/Cryptexes/OS/Users/pro16/Desktop/project/n06/libisar.dylib' (no such file), '/Users/pro16/Desktop/project/n06/libisar.dylib' (no such file)
  dart:ffi                                                                                            new DynamicLibrary.open
  package:isar/src/native/isar_core.dart 92:28                                                        _initializePath
  package:isar/src/native/isar_core.dart 75:9                                                         initializeCoreBinary
  package:isar/src/native/open.dart 81:3                                                              openIsar
  package:isar/src/isar.dart 107:12                                                                   Isar.open
  test/features/tracking/infrastructure/repositories/isar_emergency_check_repository_test.dart 13:25  main.<fn>.<fn>
  
00:06 +152 ~1 -61: /Users/pro16/Desktop/project/n06/test/features/tracking/infrastructure/repositories/isar_dose_schedule_repository_test.dart: IsarDoseScheduleRepository deleteFutureSchedules should delete all future schedules when date is today [E]
  LateInitializationError: Local 'isar' has not been initialized.
  dart:_internal                                                                              LateError._throwLocalNotInitialized
  test/features/tracking/infrastructure/repositories/isar_dose_schedule_repository_test.dart  main.<fn>.<fn>
  
00:06 +152 ~1 -61: /Users/pro16/Desktop/project/n06/test/features/tracking/infrastructure/repositories/isar_emergency_check_repository_test.dart: IsarEmergencyCheckRepository Integration 존재하지 않는 ID 삭제 시, 예외 발생하지 않음 [E]
  LateInitializationError: Local 'isar' has not been initialized.
  dart:_internal                                                                                LateError._throwLocalNotInitialized
  test/features/tracking/infrastructure/repositories/isar_emergency_check_repository_test.dart  main.<fn>.<fn>
  

To run this test again: /opt/homebrew/share/flutter/bin/cache/dart-sdk/bin/dart test /Users/pro16/Desktop/project/n06/test/features/tracking/infrastructure/repositories/isar_dose_schedule_repository_test.dart -p vm --plain-name 'IsarDoseScheduleRepository deleteFutureSchedules should delete all future schedules when date is today'

To run this test again: /opt/homebrew/share/flutter/bin/cache/dart-sdk/bin/dart test /Users/pro16/Desktop/project/n06/test/features/tracking/infrastructure/repositories/isar_emergency_check_repository_test.dart -p vm --plain-name 'IsarEmergencyCheckRepository Integration 존재하지 않는 ID 삭제 시, 예외 발생하지 않음'
00:06 +152 ~1 -63: /Users/pro16/Desktop/project/n06/test/features/tracking/infrastructure/repositories/isar_tracking_repository_test.dart: IsarTrackingRepository should get SymptomLogs in date range [E]
  Binding has not yet been initialized.
  The "instance" getter on the ServicesBinding binding mixin is only available once that binding has been initialized.
  Typically, this is done by calling "WidgetsFlutterBinding.ensureInitialized()" or "runApp()" (the latter calls the former). Typically this call is done in the "void main()" method. The "ensureInitialized" method is idempotent; calling it multiple times is not harmful. After calling that method, the "instance" getter will return the binding.
  In a test, one can call "TestWidgetsFlutterBinding.ensureInitialized()" as the first line in the test's "main()" method to initialize the binding.
  If ServicesBinding is a custom binding mixin, there must also be a custom binding class, like WidgetsFlutterBinding, but that mixes in the selected binding, and that is the class that must be constructed before using the "instance" getter.
  package:flutter/src/foundation/binding.dart 314:9                                            BindingBase.checkInstance.<fn>
  package:flutter/src/foundation/binding.dart 401:6                                            BindingBase.checkInstance
  package:flutter/src/services/binding.dart 73:54                                              ServicesBinding.instance
  package:flutter/src/services/platform_channel.dart 179:25                                    _findBinaryMessenger
  package:flutter/src/services/platform_channel.dart 320:56                                    MethodChannel.binaryMessenger
  package:flutter/src/services/platform_channel.dart 360:17                                    MethodChannel._invokeMethod
  package:flutter/src/services/platform_channel.dart 540:12                                    MethodChannel.invokeMethod
  package:path_provider_platform_interface/src/method_channel_path_provider.dart 33:26         MethodChannelPathProvider.getTemporaryPath
  package:path_provider/path_provider.dart 55:40                                               getTemporaryDirectory
  test/features/tracking/infrastructure/repositories/isar_tracking_repository_test.dart 17:29  main.<fn>.<fn>
  
00:06 +152 ~1 -64: /Users/pro16/Desktop/project/n06/test/features/tracking/infrastructure/repositories/isar_tracking_repository_test.dart: IsarTrackingRepository should get SymptomLogs in date range [E]
  LateInitializationError: Local 'isar' has not been initialized.
  dart:_internal                                                                         LateError._throwLocalNotInitialized
  test/features/tracking/infrastructure/repositories/isar_tracking_repository_test.dart  main.<fn>.<fn>
  

To run this test again: /opt/homebrew/share/flutter/bin/cache/dart-sdk/bin/dart test /Users/pro16/Desktop/project/n06/test/features/tracking/infrastructure/repositories/isar_tracking_repository_test.dart -p vm --plain-name 'IsarTrackingRepository should get SymptomLogs in date range'
00:06 +152 ~1 -64: /Users/pro16/Desktop/project/n06/test/features/tracking/infrastructure/repositories/isar_dose_schedule_repository_test.dart: IsarDoseScheduleRepository deleteFutureSchedules should have no effect when deleting from future date [E]
  Binding has not yet been initialized.
  The "instance" getter on the ServicesBinding binding mixin is only available once that binding has been initialized.
  Typically, this is done by calling "WidgetsFlutterBinding.ensureInitialized()" or "runApp()" (the latter calls the former). Typically this call is done in the "void main()" method. The "ensureInitialized" method is idempotent; calling it multiple times is not harmful. After calling that method, the "instance" getter will return the binding.
  In a test, one can call "TestWidgetsFlutterBinding.ensureInitialized()" as the first line in the test's "main()" method to initialize the binding.
  If ServicesBinding is a custom binding mixin, there must also be a custom binding class, like WidgetsFlutterBinding, but that mixes in the selected binding, and that is the class that must be constructed before using the "instance" getter.
  package:flutter/src/foundation/binding.dart 314:9                                                 BindingBase.checkInstance.<fn>
  package:flutter/src/foundation/binding.dart 401:6                                                 BindingBase.checkInstance
  package:flutter/src/services/binding.dart 73:54                                                   ServicesBinding.instance
  package:flutter/src/services/platform_channel.dart 179:25                                         _findBinaryMessenger
  package:flutter/src/services/platform_channel.dart 320:56                                         MethodChannel.binaryMessenger
  package:flutter/src/services/platform_channel.dart 360:17                                         MethodChannel._invokeMethod
  package:flutter/src/services/platform_channel.dart 540:12                                         MethodChannel.invokeMethod
  package:path_provider_platform_interface/src/method_channel_path_provider.dart 33:26              MethodChannelPathProvider.getTemporaryPath
  package:path_provider/path_provider.dart 55:40                                                    getTemporaryDirectory
  test/features/tracking/infrastructure/repositories/isar_dose_schedule_repository_test.dart 14:29  main.<fn>.<fn>
  
00:06 +152 ~1 -64: /Users/pro16/Desktop/project/n06/test/features/tracking/infrastructure/repositories/isar_emergency_check_repository_test.dart: IsarEmergencyCheckRepository Integration 증상 체크 수정 시, DB에 업데이트 [E]
  Invalid argument(s): Failed to load dynamic library '/Users/pro16/Desktop/project/n06/libisar.dylib': dlopen(/Users/pro16/Desktop/project/n06/libisar.dylib, 0x0001): tried: '/Users/pro16/Desktop/project/n06/libisar.dylib' (no such file), '/System/Volumes/Preboot/Cryptexes/OS/Users/pro16/Desktop/project/n06/libisar.dylib' (no such file), '/Users/pro16/Desktop/project/n06/libisar.dylib' (no such file)
  dart:ffi                                                                                            new DynamicLibrary.open
  package:isar/src/native/isar_core.dart 92:28                                                        _initializePath
  package:isar/src/native/isar_core.dart 75:9                                                         initializeCoreBinary
  package:isar/src/native/open.dart 81:3                                                              openIsar
  package:isar/src/isar.dart 107:12                                                                   Isar.open
  test/features/tracking/infrastructure/repositories/isar_emergency_check_repository_test.dart 13:25  main.<fn>.<fn>
  
00:06 +152 ~1 -64: /Users/pro16/Desktop/project/n06/test/features/tracking/infrastructure/repositories/isar_dosage_plan_repository_test.dart: IsarDosagePlanRepository getActiveDosagePlan should return only active plan when multiple plans exist [E]
  Binding has not yet been initialized.
  The "instance" getter on the ServicesBinding binding mixin is only available once that binding has been initialized.
  Typically, this is done by calling "WidgetsFlutterBinding.ensureInitialized()" or "runApp()" (the latter calls the former). Typically this call is done in the "void main()" method. The "ensureInitialized" method is idempotent; calling it multiple times is not harmful. After calling that method, the "instance" getter will return the binding.
  In a test, one can call "TestWidgetsFlutterBinding.ensureInitialized()" as the first line in the test's "main()" method to initialize the binding.
  If ServicesBinding is a custom binding mixin, there must also be a custom binding class, like WidgetsFlutterBinding, but that mixes in the selected binding, and that is the class that must be constructed before using the "instance" getter.
  package:flutter/src/foundation/binding.dart 314:9                                               BindingBase.checkInstance.<fn>
  package:flutter/src/foundation/binding.dart 401:6                                               BindingBase.checkInstance
  package:flutter/src/services/binding.dart 73:54                                                 ServicesBinding.instance
  package:flutter/src/services/platform_channel.dart 179:25                                       _findBinaryMessenger
  package:flutter/src/services/platform_channel.dart 320:56                                       MethodChannel.binaryMessenger
  package:flutter/src/services/platform_channel.dart 360:17                                       MethodChannel._invokeMethod
  package:flutter/src/services/platform_channel.dart 540:12                                       MethodChannel.invokeMethod
  package:path_provider_platform_interface/src/method_channel_path_provider.dart 33:26            MethodChannelPathProvider.getTemporaryPath
  package:path_provider/path_provider.dart 55:40                                                  getTemporaryDirectory
  test/features/tracking/infrastructure/repositories/isar_dosage_plan_repository_test.dart 16:29  main.<fn>.<fn>
  
00:06 +152 ~1 -64: /Users/pro16/Desktop/project/n06/test/features/tracking/infrastructure/repositories/isar_dose_schedule_repository_test.dart: IsarDoseScheduleRepository deleteFutureSchedules should have no effect when deleting from future date [E]
  LateInitializationError: Local 'isar' has not been initialized.
  dart:_internal                                                                              LateError._throwLocalNotInitialized
  test/features/tracking/infrastructure/repositories/isar_dose_schedule_repository_test.dart  main.<fn>.<fn>
  
00:06 +152 ~1 -64: /Users/pro16/Desktop/project/n06/test/features/tracking/infrastructure/repositories/isar_emergency_check_repository_test.dart: IsarEmergencyCheckRepository Integration 증상 체크 수정 시, DB에 업데이트 [E]
  LateInitializationError: Local 'isar' has not been initialized.
  dart:_internal                                                                                LateError._throwLocalNotInitialized
  test/features/tracking/infrastructure/repositories/isar_emergency_check_repository_test.dart  main.<fn>.<fn>
  

To run this test again: /opt/homebrew/share/flutter/bin/cache/dart-sdk/bin/dart test /Users/pro16/Desktop/project/n06/test/features/tracking/infrastructure/repositories/isar_dose_schedule_repository_test.dart -p vm --plain-name 'IsarDoseScheduleRepository deleteFutureSchedules should have no effect when deleting from future date'

To run this test again: /opt/homebrew/share/flutter/bin/cache/dart-sdk/bin/dart test /Users/pro16/Desktop/project/n06/test/features/tracking/infrastructure/repositories/isar_emergency_check_repository_test.dart -p vm --plain-name 'IsarEmergencyCheckRepository Integration 증상 체크 수정 시, DB에 업데이트'
00:06 +152 ~1 -65: /Users/pro16/Desktop/project/n06/test/features/tracking/infrastructure/repositories/isar_dosage_plan_repository_test.dart: IsarDosagePlanRepository getActiveDosagePlan should return only active plan when multiple plans exist [E]
  LateInitializationError: Local 'isar' has not been initialized.
  dart:_internal                                                                            LateError._throwLocalNotInitialized
  test/features/tracking/infrastructure/repositories/isar_dosage_plan_repository_test.dart  main.<fn>.<fn>
  

To run this test again: /opt/homebrew/share/flutter/bin/cache/dart-sdk/bin/dart test /Users/pro16/Desktop/project/n06/test/features/tracking/infrastructure/repositories/isar_dosage_plan_repository_test.dart -p vm --plain-name 'IsarDosagePlanRepository getActiveDosagePlan should return only active plan when multiple plans exist'
00:06 +153 ~1 -67: /Users/pro16/Desktop/project/n06/test/features/tracking/infrastructure/repositories/isar_dosage_plan_repository_test.dart: ... getDosagePlan should get specific plan by ID         00:06 +153 ~1 -67: /Users/pro16/Desktop/project/n06/test/features/tracking/infrastructure/repositories/isar_tracking_repository_test.dart: IsarTrackingRepository should delete WeightLog [E]          
  Binding has not yet been initialized.
  The "instance" getter on the ServicesBinding binding mixin is only available once that binding has been initialized.
  Typically, this is done by calling "WidgetsFlutterBinding.ensureInitialized()" or "runApp()" (the latter calls the former). Typically this call is done in the "void main()" method. The "ensureInitialized" method is idempotent; calling it multiple times is not harmful. After calling that method, the "instance" getter will return the binding.
  In a test, one can call "TestWidgetsFlutterBinding.ensureInitialized()" as the first line in the test's "main()" method to initialize the binding.
  If ServicesBinding is a custom binding mixin, there must also be a custom binding class, like WidgetsFlutterBinding, but that mixes in the selected binding, and that is the class that must be constructed before using the "instance" getter.
  package:flutter/src/foundation/binding.dart 314:9                                            BindingBase.checkInstance.<fn>
  package:flutter/src/foundation/binding.dart 401:6                                            BindingBase.checkInstance
  package:flutter/src/services/binding.dart 73:54                                              ServicesBinding.instance
  package:flutter/src/services/platform_channel.dart 179:25                                    _findBinaryMessenger
  package:flutter/src/services/platform_channel.dart 320:56                                    MethodChannel.binaryMessenger
  package:flutter/src/services/platform_channel.dart 360:17                                    MethodChannel._invokeMethod
  package:flutter/src/services/platform_channel.dart 540:12                                    MethodChannel.invokeMethod
  package:path_provider_platform_interface/src/method_channel_path_provider.dart 33:26         MethodChannelPathProvider.getTemporaryPath
  package:path_provider/path_provider.dart 55:40                                               getTemporaryDirectory
  test/features/tracking/infrastructure/repositories/isar_tracking_repository_test.dart 17:29  main.<fn>.<fn>
  
00:06 +153 ~1 -68: /Users/pro16/Desktop/project/n06/test/features/tracking/infrastructure/repositories/isar_dose_schedule_repository_test.dart: IsarDoseScheduleRepository deleteFutureSchedules should only affect specified plan [E]
  Binding has not yet been initialized.
  The "instance" getter on the ServicesBinding binding mixin is only available once that binding has been initialized.
  Typically, this is done by calling "WidgetsFlutterBinding.ensureInitialized()" or "runApp()" (the latter calls the former). Typically this call is done in the "void main()" method. The "ensureInitialized" method is idempotent; calling it multiple times is not harmful. After calling that method, the "instance" getter will return the binding.
  In a test, one can call "TestWidgetsFlutterBinding.ensureInitialized()" as the first line in the test's "main()" method to initialize the binding.
  If ServicesBinding is a custom binding mixin, there must also be a custom binding class, like WidgetsFlutterBinding, but that mixes in the selected binding, and that is the class that must be constructed before using the "instance" getter.
  package:flutter/src/foundation/binding.dart 314:9                                                 BindingBase.checkInstance.<fn>
  package:flutter/src/foundation/binding.dart 401:6                                                 BindingBase.checkInstance
  package:flutter/src/services/binding.dart 73:54                                                   ServicesBinding.instance
  package:flutter/src/services/platform_channel.dart 179:25                                         _findBinaryMessenger
  package:flutter/src/services/platform_channel.dart 320:56                                         MethodChannel.binaryMessenger
  package:flutter/src/services/platform_channel.dart 360:17                                         MethodChannel._invokeMethod
  package:flutter/src/services/platform_channel.dart 540:12                                         MethodChannel.invokeMethod
  package:path_provider_platform_interface/src/method_channel_path_provider.dart 33:26              MethodChannelPathProvider.getTemporaryPath
  package:path_provider/path_provider.dart 55:40                                                    getTemporaryDirectory
  test/features/tracking/infrastructure/repositories/isar_dose_schedule_repository_test.dart 14:29  main.<fn>.<fn>
  
00:06 +153 ~1 -68: /Users/pro16/Desktop/project/n06/test/features/tracking/infrastructure/repositories/isar_emergency_check_repository_test.dart: IsarEmergencyCheckRepository Integration 같은 증상 반복 체크 시, 별도 기록으로 저장 [E]
  Invalid argument(s): Failed to load dynamic library '/Users/pro16/Desktop/project/n06/libisar.dylib': dlopen(/Users/pro16/Desktop/project/n06/libisar.dylib, 0x0001): tried: '/Users/pro16/Desktop/project/n06/libisar.dylib' (no such file), '/System/Volumes/Preboot/Cryptexes/OS/Users/pro16/Desktop/project/n06/libisar.dylib' (no such file), '/Users/pro16/Desktop/project/n06/libisar.dylib' (no such file)
  dart:ffi                                                                                            new DynamicLibrary.open
  package:isar/src/native/isar_core.dart 92:28                                                        _initializePath
  package:isar/src/native/isar_core.dart 75:9                                                         initializeCoreBinary
  package:isar/src/native/open.dart 81:3                                                              openIsar
  package:isar/src/isar.dart 107:12                                                                   Isar.open
  test/features/tracking/infrastructure/repositories/isar_emergency_check_repository_test.dart 13:25  main.<fn>.<fn>
  
00:06 +153 ~1 -68: /Users/pro16/Desktop/project/n06/test/features/tracking/infrastructure/repositories/isar_tracking_repository_test.dart: IsarTrackingRepository should delete WeightLog [E]          
  LateInitializationError: Local 'isar' has not been initialized.
  dart:_internal                                                                         LateError._throwLocalNotInitialized
  test/features/tracking/infrastructure/repositories/isar_tracking_repository_test.dart  main.<fn>.<fn>
  

To run this test again: /opt/homebrew/share/flutter/bin/cache/dart-sdk/bin/dart test /Users/pro16/Desktop/project/n06/test/features/tracking/infrastructure/repositories/isar_tracking_repository_test.dart -p vm --plain-name 'IsarTrackingRepository should delete WeightLog'
00:06 +153 ~1 -68: /Users/pro16/Desktop/project/n06/test/features/tracking/infrastructure/repositories/isar_dose_schedule_repository_test.dart: IsarDoseScheduleRepository deleteFutureSchedules should only affect specified plan [E]
  LateInitializationError: Local 'isar' has not been initialized.
  dart:_internal                                                                              LateError._throwLocalNotInitialized
  test/features/tracking/infrastructure/repositories/isar_dose_schedule_repository_test.dart  main.<fn>.<fn>
  

To run this test again: /opt/homebrew/share/flutter/bin/cache/dart-sdk/bin/dart test /Users/pro16/Desktop/project/n06/test/features/tracking/infrastructure/repositories/isar_dose_schedule_repository_test.dart -p vm --plain-name 'IsarDoseScheduleRepository deleteFutureSchedules should only affect specified plan'
00:06 +153 ~1 -68: /Users/pro16/Desktop/project/n06/test/features/tracking/infrastructure/repositories/isar_emergency_check_repository_test.dart: IsarEmergencyCheckRepository Integration 같은 증상 반복 체크 시, 별도 기록으로 저장 [E]
  LateInitializationError: Local 'isar' has not been initialized.
  dart:_internal                                                                                LateError._throwLocalNotInitialized
  test/features/tracking/infrastructure/repositories/isar_emergency_check_repository_test.dart  main.<fn>.<fn>
  

To run this test again: /opt/homebrew/share/flutter/bin/cache/dart-sdk/bin/dart test /Users/pro16/Desktop/project/n06/test/features/tracking/infrastructure/repositories/isar_emergency_check_repository_test.dart -p vm --plain-name 'IsarEmergencyCheckRepository Integration 같은 증상 반복 체크 시, 별도 기록으로 저장'
00:06 +153 ~1 -70: /Users/pro16/Desktop/project/n06/test/features/tracking/infrastructure/repositories/isar_dosage_plan_repository_test.dart: IsarDosagePlanRepository getDosagePlan should get specific plan by ID [E]
  Binding has not yet been initialized.
  The "instance" getter on the ServicesBinding binding mixin is only available once that binding has been initialized.
  Typically, this is done by calling "WidgetsFlutterBinding.ensureInitialized()" or "runApp()" (the latter calls the former). Typically this call is done in the "void main()" method. The "ensureInitialized" method is idempotent; calling it multiple times is not harmful. After calling that method, the "instance" getter will return the binding.
  In a test, one can call "TestWidgetsFlutterBinding.ensureInitialized()" as the first line in the test's "main()" method to initialize the binding.
  If ServicesBinding is a custom binding mixin, there must also be a custom binding class, like WidgetsFlutterBinding, but that mixes in the selected binding, and that is the class that must be constructed before using the "instance" getter.
  package:flutter/src/foundation/binding.dart 314:9                                               BindingBase.checkInstance.<fn>
  package:flutter/src/foundation/binding.dart 401:6                                               BindingBase.checkInstance
  package:flutter/src/services/binding.dart 73:54                                                 ServicesBinding.instance
  package:flutter/src/services/platform_channel.dart 179:25                                       _findBinaryMessenger
  package:flutter/src/services/platform_channel.dart 320:56                                       MethodChannel.binaryMessenger
  package:flutter/src/services/platform_channel.dart 360:17                                       MethodChannel._invokeMethod
  package:flutter/src/services/platform_channel.dart 540:12                                       MethodChannel.invokeMethod
  package:path_provider_platform_interface/src/method_channel_path_provider.dart 33:26            MethodChannelPathProvider.getTemporaryPath
  package:path_provider/path_provider.dart 55:40                                                  getTemporaryDirectory
  test/features/tracking/infrastructure/repositories/isar_dosage_plan_repository_test.dart 16:29  main.<fn>.<fn>
  
00:06 +153 ~1 -70: /Users/pro16/Desktop/project/n06/test/features/tracking/infrastructure/repositories/isar_tracking_repository_test.dart: IsarTrackingRepository should delete SymptomLog [E]         
  Binding has not yet been initialized.
  The "instance" getter on the ServicesBinding binding mixin is only available once that binding has been initialized.
  Typically, this is done by calling "WidgetsFlutterBinding.ensureInitialized()" or "runApp()" (the latter calls the former). Typically this call is done in the "void main()" method. The "ensureInitialized" method is idempotent; calling it multiple times is not harmful. After calling that method, the "instance" getter will return the binding.
  In a test, one can call "TestWidgetsFlutterBinding.ensureInitialized()" as the first line in the test's "main()" method to initialize the binding.
  If ServicesBinding is a custom binding mixin, there must also be a custom binding class, like WidgetsFlutterBinding, but that mixes in the selected binding, and that is the class that must be constructed before using the "instance" getter.
  package:flutter/src/foundation/binding.dart 314:9                                            BindingBase.checkInstance.<fn>
  package:flutter/src/foundation/binding.dart 401:6                                            BindingBase.checkInstance
  package:flutter/src/services/binding.dart 73:54                                              ServicesBinding.instance
  package:flutter/src/services/platform_channel.dart 179:25                                    _findBinaryMessenger
  package:flutter/src/services/platform_channel.dart 320:56                                    MethodChannel.binaryMessenger
  package:flutter/src/services/platform_channel.dart 360:17                                    MethodChannel._invokeMethod
  package:flutter/src/services/platform_channel.dart 540:12                                    MethodChannel.invokeMethod
  package:path_provider_platform_interface/src/method_channel_path_provider.dart 33:26         MethodChannelPathProvider.getTemporaryPath
  package:path_provider/path_provider.dart 55:40                                               getTemporaryDirectory
  test/features/tracking/infrastructure/repositories/isar_tracking_repository_test.dart 17:29  main.<fn>.<fn>
  
00:06 +153 ~1 -70: /Users/pro16/Desktop/project/n06/test/features/tracking/infrastructure/repositories/isar_dosage_plan_repository_test.dart: IsarDosagePlanRepository getDosagePlan should get specific plan by ID [E]
  LateInitializationError: Local 'isar' has not been initialized.
  dart:_internal                                                                            LateError._throwLocalNotInitialized
  test/features/tracking/infrastructure/repositories/isar_dosage_plan_repository_test.dart  main.<fn>.<fn>
  

To run this test again: /opt/homebrew/share/flutter/bin/cache/dart-sdk/bin/dart test /Users/pro16/Desktop/project/n06/test/features/tracking/infrastructure/repositories/isar_dosage_plan_repository_test.dart -p vm --plain-name 'IsarDosagePlanRepository getDosagePlan should get specific plan by ID'
00:06 +153 ~1 -70: /Users/pro16/Desktop/project/n06/test/features/tracking/infrastructure/repositories/isar_dose_schedule_repository_test.dart: IsarDoseScheduleRepository watchSchedulesByPlanId should emit schedules on watch [E]
  Binding has not yet been initialized.
  The "instance" getter on the ServicesBinding binding mixin is only available once that binding has been initialized.
  Typically, this is done by calling "WidgetsFlutterBinding.ensureInitialized()" or "runApp()" (the latter calls the former). Typically this call is done in the "void main()" method. The "ensureInitialized" method is idempotent; calling it multiple times is not harmful. After calling that method, the "instance" getter will return the binding.
  In a test, one can call "TestWidgetsFlutterBinding.ensureInitialized()" as the first line in the test's "main()" method to initialize the binding.
  If ServicesBinding is a custom binding mixin, there must also be a custom binding class, like WidgetsFlutterBinding, but that mixes in the selected binding, and that is the class that must be constructed before using the "instance" getter.
  package:flutter/src/foundation/binding.dart 314:9                                                 BindingBase.checkInstance.<fn>
  package:flutter/src/foundation/binding.dart 401:6                                                 BindingBase.checkInstance
  package:flutter/src/services/binding.dart 73:54                                                   ServicesBinding.instance
  package:flutter/src/services/platform_channel.dart 179:25                                         _findBinaryMessenger
  package:flutter/src/services/platform_channel.dart 320:56                                         MethodChannel.binaryMessenger
  package:flutter/src/services/platform_channel.dart 360:17                                         MethodChannel._invokeMethod
  package:flutter/src/services/platform_channel.dart 540:12                                         MethodChannel.invokeMethod
  package:path_provider_platform_interface/src/method_channel_path_provider.dart 33:26              MethodChannelPathProvider.getTemporaryPath
  package:path_provider/path_provider.dart 55:40                                                    getTemporaryDirectory
  test/features/tracking/infrastructure/repositories/isar_dose_schedule_repository_test.dart 14:29  main.<fn>.<fn>
  
00:06 +153 ~1 -71: /Users/pro16/Desktop/project/n06/test/features/tracking/infrastructure/repositories/isar_dose_schedule_repository_test.dart: IsarDoseScheduleRepository watchSchedulesByPlanId should emit schedules on watch [E]
  LateInitializationError: Local 'isar' has not been initialized.
  dart:_internal                                                                              LateError._throwLocalNotInitialized
  test/features/tracking/infrastructure/repositories/isar_dose_schedule_repository_test.dart  main.<fn>.<fn>
  

To run this test again: /opt/homebrew/share/flutter/bin/cache/dart-sdk/bin/dart test /Users/pro16/Desktop/project/n06/test/features/tracking/infrastructure/repositories/isar_dose_schedule_repository_test.dart -p vm --plain-name 'IsarDoseScheduleRepository watchSchedulesByPlanId should emit schedules on watch'
00:06 +153 ~1 -71: /Users/pro16/Desktop/project/n06/test/features/tracking/infrastructure/repositories/isar_tracking_repository_test.dart: IsarTrackingRepository should delete SymptomLog [E]         
  LateInitializationError: Local 'isar' has not been initialized.
  dart:_internal                                                                         LateError._throwLocalNotInitialized
  test/features/tracking/infrastructure/repositories/isar_tracking_repository_test.dart  main.<fn>.<fn>
  

To run this test again: /opt/homebrew/share/flutter/bin/cache/dart-sdk/bin/dart test /Users/pro16/Desktop/project/n06/test/features/tracking/infrastructure/repositories/isar_tracking_repository_test.dart -p vm --plain-name 'IsarTrackingRepository should delete SymptomLog'
00:06 +153 ~1 -73: /Users/pro16/Desktop/project/n06/test/features/tracking/infrastructure/repositories/isar_dosage_plan_repository_test.dart: IsarDosagePlanRepository getDosagePlan should return null when plan does not exist [E]
  Binding has not yet been initialized.
  The "instance" getter on the ServicesBinding binding mixin is only available once that binding has been initialized.
  Typically, this is done by calling "WidgetsFlutterBinding.ensureInitialized()" or "runApp()" (the latter calls the former). Typically this call is done in the "void main()" method. The "ensureInitialized" method is idempotent; calling it multiple times is not harmful. After calling that method, the "instance" getter will return the binding.
  In a test, one can call "TestWidgetsFlutterBinding.ensureInitialized()" as the first line in the test's "main()" method to initialize the binding.
  If ServicesBinding is a custom binding mixin, there must also be a custom binding class, like WidgetsFlutterBinding, but that mixes in the selected binding, and that is the class that must be constructed before using the "instance" getter.
  package:flutter/src/foundation/binding.dart 314:9                                               BindingBase.checkInstance.<fn>
  package:flutter/src/foundation/binding.dart 401:6                                               BindingBase.checkInstance
  package:flutter/src/services/binding.dart 73:54                                                 ServicesBinding.instance
  package:flutter/src/services/platform_channel.dart 179:25                                       _findBinaryMessenger
  package:flutter/src/services/platform_channel.dart 320:56                                       MethodChannel.binaryMessenger
  package:flutter/src/services/platform_channel.dart 360:17                                       MethodChannel._invokeMethod
  package:flutter/src/services/platform_channel.dart 540:12                                       MethodChannel.invokeMethod
  package:path_provider_platform_interface/src/method_channel_path_provider.dart 33:26            MethodChannelPathProvider.getTemporaryPath
  package:path_provider/path_provider.dart 55:40                                                  getTemporaryDirectory
  test/features/tracking/infrastructure/repositories/isar_dosage_plan_repository_test.dart 16:29  main.<fn>.<fn>
  
  LateInitializationError: Local 'isar' has not been initialized.
  dart:_internal                                                                            LateError._throwLocalNotInitialized
  test/features/tracking/infrastructure/repositories/isar_dosage_plan_repository_test.dart  main.<fn>.<fn>
  

To run this test again: /opt/homebrew/share/flutter/bin/cache/dart-sdk/bin/dart test /Users/pro16/Desktop/project/n06/test/features/tracking/infrastructure/repositories/isar_dosage_plan_repository_test.dart -p vm --plain-name 'IsarDosagePlanRepository getDosagePlan should return null when plan does not exist'
00:06 +153 ~1 -73: /Users/pro16/Desktop/project/n06/test/features/tracking/infrastructure/repositories/isar_tracking_repository_test.dart: IsarTrackingRepository should update WeightLog [E]          
  Binding has not yet been initialized.
  The "instance" getter on the ServicesBinding binding mixin is only available once that binding has been initialized.
  Typically, this is done by calling "WidgetsFlutterBinding.ensureInitialized()" or "runApp()" (the latter calls the former). Typically this call is done in the "void main()" method. The "ensureInitialized" method is idempotent; calling it multiple times is not harmful. After calling that method, the "instance" getter will return the binding.
  In a test, one can call "TestWidgetsFlutterBinding.ensureInitialized()" as the first line in the test's "main()" method to initialize the binding.
  If ServicesBinding is a custom binding mixin, there must also be a custom binding class, like WidgetsFlutterBinding, but that mixes in the selected binding, and that is the class that must be constructed before using the "instance" getter.
  package:flutter/src/foundation/binding.dart 314:9                                            BindingBase.checkInstance.<fn>
  package:flutter/src/foundation/binding.dart 401:6                                            BindingBase.checkInstance
  package:flutter/src/services/binding.dart 73:54                                              ServicesBinding.instance
  package:flutter/src/services/platform_channel.dart 179:25                                    _findBinaryMessenger
  package:flutter/src/services/platform_channel.dart 320:56                                    MethodChannel.binaryMessenger
  package:flutter/src/services/platform_channel.dart 360:17                                    MethodChannel._invokeMethod
  package:flutter/src/services/platform_channel.dart 540:12                                    MethodChannel.invokeMethod
  package:path_provider_platform_interface/src/method_channel_path_provider.dart 33:26         MethodChannelPathProvider.getTemporaryPath
  package:path_provider/path_provider.dart 55:40                                               getTemporaryDirectory
  test/features/tracking/infrastructure/repositories/isar_tracking_repository_test.dart 17:29  main.<fn>.<fn>
  
  LateInitializationError: Local 'isar' has not been initialized.
  dart:_internal                                                                         LateError._throwLocalNotInitialized
  test/features/tracking/infrastructure/repositories/isar_tracking_repository_test.dart  main.<fn>.<fn>
  
00:06 +153 ~1 -73: loading /Users/pro16/Desktop/project/n06/test/features/tracking/application/notifiers/tracking_notifier_test.dart                                                                   00:06 +153 ~1 -73: /Users/pro16/Desktop/project/n06/test/features/tracking/application/notifiers/tracking_notifier_test.dart: TrackingNotifier should save WeightLog                                   
To run this test again: /opt/homebrew/share/flutter/bin/cache/dart-sdk/bin/dart test /Users/pro16/Desktop/project/n06/test/features/tracking/infrastructure/repositories/isar_tracking_repository_test.dart -p vm --plain-name 'IsarTrackingRepository should update WeightLog'
00:06 +153 ~1 -75: /Users/pro16/Desktop/project/n06/test/features/tracking/infrastructure/repositories/isar_tracking_repository_test.dart: IsarTrackingRepository should update SymptomLog [E]         
  Binding has not yet been initialized.
  The "instance" getter on the ServicesBinding binding mixin is only available once that binding has been initialized.
  Typically, this is done by calling "WidgetsFlutterBinding.ensureInitialized()" or "runApp()" (the latter calls the former). Typically this call is done in the "void main()" method. The "ensureInitialized" method is idempotent; calling it multiple times is not harmful. After calling that method, the "instance" getter will return the binding.
  In a test, one can call "TestWidgetsFlutterBinding.ensureInitialized()" as the first line in the test's "main()" method to initialize the binding.
  If ServicesBinding is a custom binding mixin, there must also be a custom binding class, like WidgetsFlutterBinding, but that mixes in the selected binding, and that is the class that must be constructed before using the "instance" getter.
  package:flutter/src/foundation/binding.dart 314:9                                            BindingBase.checkInstance.<fn>
  package:flutter/src/foundation/binding.dart 401:6                                            BindingBase.checkInstance
  package:flutter/src/services/binding.dart 73:54                                              ServicesBinding.instance
  package:flutter/src/services/platform_channel.dart 179:25                                    _findBinaryMessenger
  package:flutter/src/services/platform_channel.dart 320:56                                    MethodChannel.binaryMessenger
  package:flutter/src/services/platform_channel.dart 360:17                                    MethodChannel._invokeMethod
  package:flutter/src/services/platform_channel.dart 540:12                                    MethodChannel.invokeMethod
  package:path_provider_platform_interface/src/method_channel_path_provider.dart 33:26         MethodChannelPathProvider.getTemporaryPath
  package:path_provider/path_provider.dart 55:40                                               getTemporaryDirectory
  test/features/tracking/infrastructure/repositories/isar_tracking_repository_test.dart 17:29  main.<fn>.<fn>
  
00:06 +153 ~1 -75: /Users/pro16/Desktop/project/n06/test/features/tracking/infrastructure/repositories/isar_dosage_plan_repository_test.dart: IsarDosagePlanRepository saveDosagePlan should save new dosage plan [E]
  Binding has not yet been initialized.
  The "instance" getter on the ServicesBinding binding mixin is only available once that binding has been initialized.
  Typically, this is done by calling "WidgetsFlutterBinding.ensureInitialized()" or "runApp()" (the latter calls the former). Typically this call is done in the "void main()" method. The "ensureInitialized" method is idempotent; calling it multiple times is not harmful. After calling that method, the "instance" getter will return the binding.
  In a test, one can call "TestWidgetsFlutterBinding.ensureInitialized()" as the first line in the test's "main()" method to initialize the binding.
  If ServicesBinding is a custom binding mixin, there must also be a custom binding class, like WidgetsFlutterBinding, but that mixes in the selected binding, and that is the class that must be constructed before using the "instance" getter.
  package:flutter/src/foundation/binding.dart 314:9                                               BindingBase.checkInstance.<fn>
  package:flutter/src/foundation/binding.dart 401:6                                               BindingBase.checkInstance
  package:flutter/src/services/binding.dart 73:54                                                 ServicesBinding.instance
  package:flutter/src/services/platform_channel.dart 179:25                                       _findBinaryMessenger
  package:flutter/src/services/platform_channel.dart 320:56                                       MethodChannel.binaryMessenger
  package:flutter/src/services/platform_channel.dart 360:17                                       MethodChannel._invokeMethod
  package:flutter/src/services/platform_channel.dart 540:12                                       MethodChannel.invokeMethod
  package:path_provider_platform_interface/src/method_channel_path_provider.dart 33:26            MethodChannelPathProvider.getTemporaryPath
  package:path_provider/path_provider.dart 55:40                                                  getTemporaryDirectory
  test/features/tracking/infrastructure/repositories/isar_dosage_plan_repository_test.dart 16:29  main.<fn>.<fn>
  
  LateInitializationError: Local 'isar' has not been initialized.
  dart:_internal                                                                            LateError._throwLocalNotInitialized
  test/features/tracking/infrastructure/repositories/isar_dosage_plan_repository_test.dart  main.<fn>.<fn>
  
00:06 +153 ~1 -75: /Users/pro16/Desktop/project/n06/test/features/tracking/infrastructure/repositories/isar_tracking_repository_test.dart: IsarTrackingRepository should update SymptomLog [E]         
  LateInitializationError: Local 'isar' has not been initialized.
  dart:_internal                                                                         LateError._throwLocalNotInitialized
  test/features/tracking/infrastructure/repositories/isar_tracking_repository_test.dart  main.<fn>.<fn>
  

To run this test again: /opt/homebrew/share/flutter/bin/cache/dart-sdk/bin/dart test /Users/pro16/Desktop/project/n06/test/features/tracking/infrastructure/repositories/isar_tracking_repository_test.dart -p vm --plain-name 'IsarTrackingRepository should update SymptomLog'

To run this test again: /opt/homebrew/share/flutter/bin/cache/dart-sdk/bin/dart test /Users/pro16/Desktop/project/n06/test/features/tracking/infrastructure/repositories/isar_dosage_plan_repository_test.dart -p vm --plain-name 'IsarDosagePlanRepository saveDosagePlan should save new dosage plan'
00:06 +153 ~1 -77: /Users/pro16/Desktop/project/n06/test/features/tracking/infrastructure/repositories/isar_tracking_repository_test.dart: IsarTrackingRepository should get symptom logs by tag [E]   
  Binding has not yet been initialized.
  The "instance" getter on the ServicesBinding binding mixin is only available once that binding has been initialized.
  Typically, this is done by calling "WidgetsFlutterBinding.ensureInitialized()" or "runApp()" (the latter calls the former). Typically this call is done in the "void main()" method. The "ensureInitialized" method is idempotent; calling it multiple times is not harmful. After calling that method, the "instance" getter will return the binding.
  In a test, one can call "TestWidgetsFlutterBinding.ensureInitialized()" as the first line in the test's "main()" method to initialize the binding.
  If ServicesBinding is a custom binding mixin, there must also be a custom binding class, like WidgetsFlutterBinding, but that mixes in the selected binding, and that is the class that must be constructed before using the "instance" getter.
  package:flutter/src/foundation/binding.dart 314:9                                            BindingBase.checkInstance.<fn>
  package:flutter/src/foundation/binding.dart 401:6                                            BindingBase.checkInstance
  package:flutter/src/services/binding.dart 73:54                                              ServicesBinding.instance
  package:flutter/src/services/platform_channel.dart 179:25                                    _findBinaryMessenger
  package:flutter/src/services/platform_channel.dart 320:56                                    MethodChannel.binaryMessenger
  package:flutter/src/services/platform_channel.dart 360:17                                    MethodChannel._invokeMethod
  package:flutter/src/services/platform_channel.dart 540:12                                    MethodChannel.invokeMethod
  package:path_provider_platform_interface/src/method_channel_path_provider.dart 33:26         MethodChannelPathProvider.getTemporaryPath
  package:path_provider/path_provider.dart 55:40                                               getTemporaryDirectory
  test/features/tracking/infrastructure/repositories/isar_tracking_repository_test.dart 17:29  main.<fn>.<fn>
  
00:06 +153 ~1 -77: /Users/pro16/Desktop/project/n06/test/features/tracking/infrastructure/repositories/isar_dosage_plan_repository_test.dart: IsarDosagePlanRepository updateDosagePlan should update existing dosage plan [E]
  Binding has not yet been initialized.
  The "instance" getter on the ServicesBinding binding mixin is only available once that binding has been initialized.
  Typically, this is done by calling "WidgetsFlutterBinding.ensureInitialized()" or "runApp()" (the latter calls the former). Typically this call is done in the "void main()" method. The "ensureInitialized" method is idempotent; calling it multiple times is not harmful. After calling that method, the "instance" getter will return the binding.
  In a test, one can call "TestWidgetsFlutterBinding.ensureInitialized()" as the first line in the test's "main()" method to initialize the binding.
  If ServicesBinding is a custom binding mixin, there must also be a custom binding class, like WidgetsFlutterBinding, but that mixes in the selected binding, and that is the class that must be constructed before using the "instance" getter.
  package:flutter/src/foundation/binding.dart 314:9                                               BindingBase.checkInstance.<fn>
  package:flutter/src/foundation/binding.dart 401:6                                               BindingBase.checkInstance
  package:flutter/src/services/binding.dart 73:54                                                 ServicesBinding.instance
  package:flutter/src/services/platform_channel.dart 179:25                                       _findBinaryMessenger
  package:flutter/src/services/platform_channel.dart 320:56                                       MethodChannel.binaryMessenger
  package:flutter/src/services/platform_channel.dart 360:17                                       MethodChannel._invokeMethod
  package:flutter/src/services/platform_channel.dart 540:12                                       MethodChannel.invokeMethod
  package:path_provider_platform_interface/src/method_channel_path_provider.dart 33:26            MethodChannelPathProvider.getTemporaryPath
  package:path_provider/path_provider.dart 55:40                                                  getTemporaryDirectory
  test/features/tracking/infrastructure/repositories/isar_dosage_plan_repository_test.dart 16:29  main.<fn>.<fn>
  
00:06 +153 ~1 -77: /Users/pro16/Desktop/project/n06/test/features/tracking/infrastructure/repositories/isar_tracking_repository_test.dart: IsarTrackingRepository should get symptom logs by tag [E]   
  LateInitializationError: Local 'isar' has not been initialized.
  dart:_internal                                                                         LateError._throwLocalNotInitialized
  test/features/tracking/infrastructure/repositories/isar_tracking_repository_test.dart  main.<fn>.<fn>
  
00:06 +153 ~1 -77: /Users/pro16/Desktop/project/n06/test/features/tracking/infrastructure/repositories/isar_dosage_plan_repository_test.dart: IsarDosagePlanRepository updateDosagePlan should update existing dosage plan [E]
  LateInitializationError: Local 'isar' has not been initialized.
  dart:_internal                                                                            LateError._throwLocalNotInitialized
  test/features/tracking/infrastructure/repositories/isar_dosage_plan_repository_test.dart  main.<fn>.<fn>
  

To run this test again: /opt/homebrew/share/flutter/bin/cache/dart-sdk/bin/dart test /Users/pro16/Desktop/project/n06/test/features/tracking/infrastructure/repositories/isar_dosage_plan_repository_test.dart -p vm --plain-name 'IsarDosagePlanRepository updateDosagePlan should update existing dosage plan'

To run this test again: /opt/homebrew/share/flutter/bin/cache/dart-sdk/bin/dart test /Users/pro16/Desktop/project/n06/test/features/tracking/infrastructure/repositories/isar_tracking_repository_test.dart -p vm --plain-name 'IsarTrackingRepository should get symptom logs by tag'
00:06 +153 ~1 -79: /Users/pro16/Desktop/project/n06/test/features/tracking/infrastructure/repositories/isar_dosage_plan_repository_test.dart: IsarDosagePlanRepository savePlanChangeHistory should save plan change history [E]
  Binding has not yet been initialized.
  The "instance" getter on the ServicesBinding binding mixin is only available once that binding has been initialized.
  Typically, this is done by calling "WidgetsFlutterBinding.ensureInitialized()" or "runApp()" (the latter calls the former). Typically this call is done in the "void main()" method. The "ensureInitialized" method is idempotent; calling it multiple times is not harmful. After calling that method, the "instance" getter will return the binding.
  In a test, one can call "TestWidgetsFlutterBinding.ensureInitialized()" as the first line in the test's "main()" method to initialize the binding.
  If ServicesBinding is a custom binding mixin, there must also be a custom binding class, like WidgetsFlutterBinding, but that mixes in the selected binding, and that is the class that must be constructed before using the "instance" getter.
  package:flutter/src/foundation/binding.dart 314:9                                               BindingBase.checkInstance.<fn>
  package:flutter/src/foundation/binding.dart 401:6                                               BindingBase.checkInstance
  package:flutter/src/services/binding.dart 73:54                                                 ServicesBinding.instance
  package:flutter/src/services/platform_channel.dart 179:25                                       _findBinaryMessenger
  package:flutter/src/services/platform_channel.dart 320:56                                       MethodChannel.binaryMessenger
  package:flutter/src/services/platform_channel.dart 360:17                                       MethodChannel._invokeMethod
  package:flutter/src/services/platform_channel.dart 540:12                                       MethodChannel.invokeMethod
  package:path_provider_platform_interface/src/method_channel_path_provider.dart 33:26            MethodChannelPathProvider.getTemporaryPath
  package:path_provider/path_provider.dart 55:40                                                  getTemporaryDirectory
  test/features/tracking/infrastructure/repositories/isar_dosage_plan_repository_test.dart 16:29  main.<fn>.<fn>
  
00:06 +153 ~1 -79: /Users/pro16/Desktop/project/n06/test/features/tracking/application/notifiers/emergency_check_notifier_test.dart: EmergencyCheckNotifier 증상 체크 저장 성공 시, 상태 갱신 [E]                   
  Bad state: A test tried to use `any` or `captureAny` on a parameter of type `SymptomLog`, but
  registerFallbackValue was not previously called to register a fallback value for `SymptomLog`.
  
  To fix, do:
  
  ```
  void main() {
    setUpAll(() {
      registerFallbackValue(/* create a dummy instance of `SymptomLog` */);
    });
  }
  ```
  
  This instance of `SymptomLog` will only be passed around, but never be interacted with.
  Therefore, if `SymptomLog` is a function, it does not have to return a valid object and
  could throw unconditionally.
  If you cannot easily create an instance of `SymptomLog`, consider defining a `Fake`:
  
  ```
  class MyTypeFake extends Fake implements MyType {}
  
  void main() {
    setUpAll(() {
      registerFallbackValue(MyTypeFake());
    });
  }
  ```
  
  Fallbacks are required because mocktail has to know of a valid `SymptomLog` to prevent
  TypeErrors from being thrown in Dart's sound null safe mode, while still
  providing a convenient syntax.
  
  package:mocktail/src/_register_matcher.dart 49:5                                       _getFallbackValue
  package:mocktail/src/_register_matcher.dart 160:25                                     _registerMatcher
  package:mocktail/src/_register_matcher.dart 104:10                                     any
  test/features/tracking/application/notifiers/emergency_check_notifier_test.dart 55:56  main.<fn>.<fn>.<fn>
  package:mocktail/src/mocktail.dart 211:9                                               when.<fn>
  test/features/tracking/application/notifiers/emergency_check_notifier_test.dart 55:11  main.<fn>.<fn>
  

To run this test again: /opt/homebrew/share/flutter/bin/cache/dart-sdk/bin/dart test /Users/pro16/Desktop/project/n06/test/features/tracking/application/notifiers/emergency_check_notifier_test.dart -p vm --plain-name 'EmergencyCheckNotifier 증상 체크 저장 성공 시, 상태 갱신'
00:06 +153 ~1 -79: /Users/pro16/Desktop/project/n06/test/features/tracking/infrastructure/repositories/isar_tracking_repository_test.dart: IsarTrackingRepository should get all tags for user [E]     
  Binding has not yet been initialized.
  The "instance" getter on the ServicesBinding binding mixin is only available once that binding has been initialized.
  Typically, this is done by calling "WidgetsFlutterBinding.ensureInitialized()" or "runApp()" (the latter calls the former). Typically this call is done in the "void main()" method. The "ensureInitialized" method is idempotent; calling it multiple times is not harmful. After calling that method, the "instance" getter will return the binding.
  In a test, one can call "TestWidgetsFlutterBinding.ensureInitialized()" as the first line in the test's "main()" method to initialize the binding.
  If ServicesBinding is a custom binding mixin, there must also be a custom binding class, like WidgetsFlutterBinding, but that mixes in the selected binding, and that is the class that must be constructed before using the "instance" getter.
  package:flutter/src/foundation/binding.dart 314:9                                            BindingBase.checkInstance.<fn>
  package:flutter/src/foundation/binding.dart 401:6                                            BindingBase.checkInstance
  package:flutter/src/services/binding.dart 73:54                                              ServicesBinding.instance
  package:flutter/src/services/platform_channel.dart 179:25                                    _findBinaryMessenger
  package:flutter/src/services/platform_channel.dart 320:56                                    MethodChannel.binaryMessenger
  package:flutter/src/services/platform_channel.dart 360:17                                    MethodChannel._invokeMethod
  package:flutter/src/services/platform_channel.dart 540:12                                    MethodChannel.invokeMethod
  package:path_provider_platform_interface/src/method_channel_path_provider.dart 33:26         MethodChannelPathProvider.getTemporaryPath
  package:path_provider/path_provider.dart 55:40                                               getTemporaryDirectory
  test/features/tracking/infrastructure/repositories/isar_tracking_repository_test.dart 17:29  main.<fn>.<fn>
  
00:06 +153 ~1 -80: /Users/pro16/Desktop/project/n06/test/features/tracking/infrastructure/repositories/isar_tracking_repository_test.dart: IsarTrackingRepository should get all tags for user [E]     
  LateInitializationError: Local 'isar' has not been initialized.
  dart:_internal                                                                         LateError._throwLocalNotInitialized
  test/features/tracking/infrastructure/repositories/isar_tracking_repository_test.dart  main.<fn>.<fn>
  

To run this test again: /opt/homebrew/share/flutter/bin/cache/dart-sdk/bin/dart test /Users/pro16/Desktop/project/n06/test/features/tracking/infrastructure/repositories/isar_tracking_repository_test.dart -p vm --plain-name 'IsarTrackingRepository should get all tags for user'
00:06 +153 ~1 -80: /Users/pro16/Desktop/project/n06/test/features/tracking/infrastructure/repositories/isar_dosage_plan_repository_test.dart: IsarDosagePlanRepository savePlanChangeHistory should save plan change history [E]
  LateInitializationError: Local 'isar' has not been initialized.
  dart:_internal                                                                            LateError._throwLocalNotInitialized
  test/features/tracking/infrastructure/repositories/isar_dosage_plan_repository_test.dart  main.<fn>.<fn>
  

To run this test again: /opt/homebrew/share/flutter/bin/cache/dart-sdk/bin/dart test /Users/pro16/Desktop/project/n06/test/features/tracking/infrastructure/repositories/isar_dosage_plan_repository_test.dart -p vm --plain-name 'IsarDosagePlanRepository savePlanChangeHistory should save plan change history'
00:06 +153 ~1 -80: /Users/pro16/Desktop/project/n06/test/features/tracking/infrastructure/repositories/isar_dosage_plan_repository_test.dart: ... should save multiple history records                 00:06 +153 ~1 -81: /Users/pro16/Desktop/project/n06/test/features/tracking/infrastructure/repositories/isar_dosage_plan_repository_test.dart: IsarDosagePlanRepository savePlanChangeHistory should save multiple history records [E]
  Binding has not yet been initialized.
  The "instance" getter on the ServicesBinding binding mixin is only available once that binding has been initialized.
  Typically, this is done by calling "WidgetsFlutterBinding.ensureInitialized()" or "runApp()" (the latter calls the former). Typically this call is done in the "void main()" method. The "ensureInitialized" method is idempotent; calling it multiple times is not harmful. After calling that method, the "instance" getter will return the binding.
  In a test, one can call "TestWidgetsFlutterBinding.ensureInitialized()" as the first line in the test's "main()" method to initialize the binding.
  If ServicesBinding is a custom binding mixin, there must also be a custom binding class, like WidgetsFlutterBinding, but that mixes in the selected binding, and that is the class that must be constructed before using the "instance" getter.
  package:flutter/src/foundation/binding.dart 314:9                                               BindingBase.checkInstance.<fn>
  package:flutter/src/foundation/binding.dart 401:6                                               BindingBase.checkInstance
  package:flutter/src/services/binding.dart 73:54                                                 ServicesBinding.instance
  package:flutter/src/services/platform_channel.dart 179:25                                       _findBinaryMessenger
  package:flutter/src/services/platform_channel.dart 320:56                                       MethodChannel.binaryMessenger
  package:flutter/src/services/platform_channel.dart 360:17                                       MethodChannel._invokeMethod
  package:flutter/src/services/platform_channel.dart 540:12                                       MethodChannel.invokeMethod
  package:path_provider_platform_interface/src/method_channel_path_provider.dart 33:26            MethodChannelPathProvider.getTemporaryPath
  package:path_provider/path_provider.dart 55:40                                                  getTemporaryDirectory
  test/features/tracking/infrastructure/repositories/isar_dosage_plan_repository_test.dart 16:29  main.<fn>.<fn>
  
  LateInitializationError: Local 'isar' has not been initialized.
  dart:_internal                                                                            LateError._throwLocalNotInitialized
  test/features/tracking/infrastructure/repositories/isar_dosage_plan_repository_test.dart  main.<fn>.<fn>
  

To run this test again: /opt/homebrew/share/flutter/bin/cache/dart-sdk/bin/dart test /Users/pro16/Desktop/project/n06/test/features/tracking/infrastructure/repositories/isar_dosage_plan_repository_test.dart -p vm --plain-name 'IsarDosagePlanRepository savePlanChangeHistory should save multiple history records'
00:06 +153 ~1 -81: /Users/pro16/Desktop/project/n06/test/features/tracking/application/notifiers/tracking_notifier_test.dart: TrackingNotifier should save WeightLog [E]                               
  Bad state: A test tried to use `any` or `captureAny` on a parameter of type `WeightLog`, but
  registerFallbackValue was not previously called to register a fallback value for `WeightLog`.
  
  To fix, do:
  
  ```
  void main() {
    setUpAll(() {
      registerFallbackValue(/* create a dummy instance of `WeightLog` */);
    });
  }
  ```
  
  This instance of `WeightLog` will only be passed around, but never be interacted with.
  Therefore, if `WeightLog` is a function, it does not have to return a valid object and
  could throw unconditionally.
  If you cannot easily create an instance of `WeightLog`, consider defining a `Fake`:
  
  ```
  class MyTypeFake extends Fake implements MyType {}
  
  void main() {
    setUpAll(() {
      registerFallbackValue(MyTypeFake());
    });
  }
  ```
  
  Fallbacks are required because mocktail has to know of a valid `WeightLog` to prevent
  TypeErrors from being thrown in Dart's sound null safe mode, while still
  providing a convenient syntax.
  
  package:mocktail/src/_register_matcher.dart 49:5                                _getFallbackValue
  package:mocktail/src/_register_matcher.dart 160:25                              _registerMatcher
  package:mocktail/src/_register_matcher.dart 104:10                              any
  test/features/tracking/application/notifiers/tracking_notifier_test.dart 28:47  main.<fn>.<fn>.<fn>
  package:mocktail/src/mocktail.dart 211:9                                        when.<fn>
  test/features/tracking/application/notifiers/tracking_notifier_test.dart 28:11  main.<fn>.<fn>
  

To run this test again: /opt/homebrew/share/flutter/bin/cache/dart-sdk/bin/dart test /Users/pro16/Desktop/project/n06/test/features/tracking/application/notifiers/tracking_notifier_test.dart -p vm --plain-name 'TrackingNotifier should save WeightLog'
00:06 +153 ~1 -81: /Users/pro16/Desktop/project/n06/test/features/tracking/infrastructure/repositories/isar_dosage_plan_repository_test.dart: ... should get history ordered by most recent first      00:06 +153 ~1 -82: /Users/pro16/Desktop/project/n06/test/features/tracking/infrastructure/repositories/isar_dosage_plan_repository_test.dart: IsarDosagePlanRepository getPlanChangeHistory should get history ordered by most recent first [E]
  Binding has not yet been initialized.
  The "instance" getter on the ServicesBinding binding mixin is only available once that binding has been initialized.
  Typically, this is done by calling "WidgetsFlutterBinding.ensureInitialized()" or "runApp()" (the latter calls the former). Typically this call is done in the "void main()" method. The "ensureInitialized" method is idempotent; calling it multiple times is not harmful. After calling that method, the "instance" getter will return the binding.
  In a test, one can call "TestWidgetsFlutterBinding.ensureInitialized()" as the first line in the test's "main()" method to initialize the binding.
  If ServicesBinding is a custom binding mixin, there must also be a custom binding class, like WidgetsFlutterBinding, but that mixes in the selected binding, and that is the class that must be constructed before using the "instance" getter.
  package:flutter/src/foundation/binding.dart 314:9                                               BindingBase.checkInstance.<fn>
  package:flutter/src/foundation/binding.dart 401:6                                               BindingBase.checkInstance
  package:flutter/src/services/binding.dart 73:54                                                 ServicesBinding.instance
  package:flutter/src/services/platform_channel.dart 179:25                                       _findBinaryMessenger
  package:flutter/src/services/platform_channel.dart 320:56                                       MethodChannel.binaryMessenger
  package:flutter/src/services/platform_channel.dart 360:17                                       MethodChannel._invokeMethod
  package:flutter/src/services/platform_channel.dart 540:12                                       MethodChannel.invokeMethod
  package:path_provider_platform_interface/src/method_channel_path_provider.dart 33:26            MethodChannelPathProvider.getTemporaryPath
  package:path_provider/path_provider.dart 55:40                                                  getTemporaryDirectory
  test/features/tracking/infrastructure/repositories/isar_dosage_plan_repository_test.dart 16:29  main.<fn>.<fn>
  
  LateInitializationError: Local 'isar' has not been initialized.
  dart:_internal                                                                            LateError._throwLocalNotInitialized
  test/features/tracking/infrastructure/repositories/isar_dosage_plan_repository_test.dart  main.<fn>.<fn>
  

To run this test again: /opt/homebrew/share/flutter/bin/cache/dart-sdk/bin/dart test /Users/pro16/Desktop/project/n06/test/features/tracking/infrastructure/repositories/isar_dosage_plan_repository_test.dart -p vm --plain-name 'IsarDosagePlanRepository getPlanChangeHistory should get history ordered by most recent first'
00:06 +153 ~1 -83: /Users/pro16/Desktop/project/n06/test/features/tracking/infrastructure/repositories/isar_dosage_plan_repository_test.dart: IsarDosagePlanRepository getPlanChangeHistory should return empty list when no history exists [E]
  Binding has not yet been initialized.
  The "instance" getter on the ServicesBinding binding mixin is only available once that binding has been initialized.
  Typically, this is done by calling "WidgetsFlutterBinding.ensureInitialized()" or "runApp()" (the latter calls the former). Typically this call is done in the "void main()" method. The "ensureInitialized" method is idempotent; calling it multiple times is not harmful. After calling that method, the "instance" getter will return the binding.
  In a test, one can call "TestWidgetsFlutterBinding.ensureInitialized()" as the first line in the test's "main()" method to initialize the binding.
  If ServicesBinding is a custom binding mixin, there must also be a custom binding class, like WidgetsFlutterBinding, but that mixes in the selected binding, and that is the class that must be constructed before using the "instance" getter.
  package:flutter/src/foundation/binding.dart 314:9                                               BindingBase.checkInstance.<fn>
  package:flutter/src/foundation/binding.dart 401:6                                               BindingBase.checkInstance
  package:flutter/src/services/binding.dart 73:54                                                 ServicesBinding.instance
  package:flutter/src/services/platform_channel.dart 179:25                                       _findBinaryMessenger
  package:flutter/src/services/platform_channel.dart 320:56                                       MethodChannel.binaryMessenger
  package:flutter/src/services/platform_channel.dart 360:17                                       MethodChannel._invokeMethod
  package:flutter/src/services/platform_channel.dart 540:12                                       MethodChannel.invokeMethod
  package:path_provider_platform_interface/src/method_channel_path_provider.dart 33:26            MethodChannelPathProvider.getTemporaryPath
  package:path_provider/path_provider.dart 55:40                                                  getTemporaryDirectory
  test/features/tracking/infrastructure/repositories/isar_dosage_plan_repository_test.dart 16:29  main.<fn>.<fn>
  
  LateInitializationError: Local 'isar' has not been initialized.
  dart:_internal                                                                            LateError._throwLocalNotInitialized
  test/features/tracking/infrastructure/repositories/isar_dosage_plan_repository_test.dart  main.<fn>.<fn>
  

To run this test again: /opt/homebrew/share/flutter/bin/cache/dart-sdk/bin/dart test /Users/pro16/Desktop/project/n06/test/features/tracking/infrastructure/repositories/isar_dosage_plan_repository_test.dart -p vm --plain-name 'IsarDosagePlanRepository getPlanChangeHistory should return empty list when no history exists'
00:06 +154 ~1 -84: /Users/pro16/Desktop/project/n06/test/features/tracking/application/notifiers/tracking_notifier_test.dart: TrackingNotifier should check for existing weight log on date            00:06 +154 ~1 -84: /Users/pro16/Desktop/project/n06/test/features/tracking/application/notifiers/tracking_notifier_test.dart: TrackingNotifier should return null when no weight log exists on date    00:06 +154 ~1 -84: /Users/pro16/Desktop/project/n06/test/features/tracking/infrastructure/repositories/isar_dosage_plan_repository_test.dart: IsarDosagePlanRepository updatePlanWithHistory should update plan and save history in transaction [E]
  Binding has not yet been initialized.
  The "instance" getter on the ServicesBinding binding mixin is only available once that binding has been initialized.
  Typically, this is done by calling "WidgetsFlutterBinding.ensureInitialized()" or "runApp()" (the latter calls the former). Typically this call is done in the "void main()" method. The "ensureInitialized" method is idempotent; calling it multiple times is not harmful. After calling that method, the "instance" getter will return the binding.
  In a test, one can call "TestWidgetsFlutterBinding.ensureInitialized()" as the first line in the test's "main()" method to initialize the binding.
  If ServicesBinding is a custom binding mixin, there must also be a custom binding class, like WidgetsFlutterBinding, but that mixes in the selected binding, and that is the class that must be constructed before using the "instance" getter.
  package:flutter/src/foundation/binding.dart 314:9                                               BindingBase.checkInstance.<fn>
  package:flutter/src/foundation/binding.dart 401:6                                               BindingBase.checkInstance
  package:flutter/src/services/binding.dart 73:54                                                 ServicesBinding.instance
  package:flutter/src/services/platform_channel.dart 179:25                                       _findBinaryMessenger
  package:flutter/src/services/platform_channel.dart 320:56                                       MethodChannel.binaryMessenger
  package:flutter/src/services/platform_channel.dart 360:17                                       MethodChannel._invokeMethod
  package:flutter/src/services/platform_channel.dart 540:12                                       MethodChannel.invokeMethod
  package:path_provider_platform_interface/src/method_channel_path_provider.dart 33:26            MethodChannelPathProvider.getTemporaryPath
  package:path_provider/path_provider.dart 55:40                                                  getTemporaryDirectory
  test/features/tracking/infrastructure/repositories/isar_dosage_plan_repository_test.dart 16:29  main.<fn>.<fn>
  
  LateInitializationError: Local 'isar' has not been initialized.
  dart:_internal                                                                            LateError._throwLocalNotInitialized
  test/features/tracking/infrastructure/repositories/isar_dosage_plan_repository_test.dart  main.<fn>.<fn>
  

To run this test again: /opt/homebrew/share/flutter/bin/cache/dart-sdk/bin/dart test /Users/pro16/Desktop/project/n06/test/features/tracking/infrastructure/repositories/isar_dosage_plan_repository_test.dart -p vm --plain-name 'IsarDosagePlanRepository updatePlanWithHistory should update plan and save history in transaction'
00:06 +155 ~1 -84: /Users/pro16/Desktop/project/n06/test/features/tracking/application/notifiers/tracking_notifier_test.dart: TrackingNotifier should return null when no weight log exists on date    00:06 +155 ~1 -84: /Users/pro16/Desktop/project/n06/test/features/tracking/infrastructure/repositories/isar_dosage_plan_repository_test.dart: ... should save both plan and history or neither         00:06 +155 ~1 -86: /Users/pro16/Desktop/project/n06/test/features/tracking/infrastructure/repositories/isar_dosage_plan_repository_test.dart: IsarDosagePlanRepository updatePlanWithHistory should save both plan and history or neither [E]
  Binding has not yet been initialized.
  The "instance" getter on the ServicesBinding binding mixin is only available once that binding has been initialized.
  Typically, this is done by calling "WidgetsFlutterBinding.ensureInitialized()" or "runApp()" (the latter calls the former). Typically this call is done in the "void main()" method. The "ensureInitialized" method is idempotent; calling it multiple times is not harmful. After calling that method, the "instance" getter will return the binding.
  In a test, one can call "TestWidgetsFlutterBinding.ensureInitialized()" as the first line in the test's "main()" method to initialize the binding.
  If ServicesBinding is a custom binding mixin, there must also be a custom binding class, like WidgetsFlutterBinding, but that mixes in the selected binding, and that is the class that must be constructed before using the "instance" getter.
  package:flutter/src/foundation/binding.dart 314:9                                               BindingBase.checkInstance.<fn>
  package:flutter/src/foundation/binding.dart 401:6                                               BindingBase.checkInstance
  package:flutter/src/services/binding.dart 73:54                                                 ServicesBinding.instance
  package:flutter/src/services/platform_channel.dart 179:25                                       _findBinaryMessenger
  package:flutter/src/services/platform_channel.dart 320:56                                       MethodChannel.binaryMessenger
  package:flutter/src/services/platform_channel.dart 360:17                                       MethodChannel._invokeMethod
  package:flutter/src/services/platform_channel.dart 540:12                                       MethodChannel.invokeMethod
  package:path_provider_platform_interface/src/method_channel_path_provider.dart 33:26            MethodChannelPathProvider.getTemporaryPath
  package:path_provider/path_provider.dart 55:40                                                  getTemporaryDirectory
  test/features/tracking/infrastructure/repositories/isar_dosage_plan_repository_test.dart 16:29  main.<fn>.<fn>
  
  LateInitializationError: Local 'isar' has not been initialized.
  dart:_internal                                                                            LateError._throwLocalNotInitialized
  test/features/tracking/infrastructure/repositories/isar_dosage_plan_repository_test.dart  main.<fn>.<fn>
  

To run this test again: /opt/homebrew/share/flutter/bin/cache/dart-sdk/bin/dart test /Users/pro16/Desktop/project/n06/test/features/tracking/infrastructure/repositories/isar_dosage_plan_repository_test.dart -p vm --plain-name 'IsarDosagePlanRepository updatePlanWithHistory should save both plan and history or neither'
00:06 +155 ~1 -86: /Users/pro16/Desktop/project/n06/test/features/tracking/infrastructure/repositories/isar_dosage_plan_repository_test.dart: ... should emit active plan on watch                     00:06 +155 ~1 -86: /Users/pro16/Desktop/project/n06/test/features/tracking/application/notifiers/tracking_notifier_test.dart: TrackingNotifier should save SymptomLog [E]                              
  Bad state: A test tried to use `any` or `captureAny` on a parameter of type `SymptomLog`, but
  registerFallbackValue was not previously called to register a fallback value for `SymptomLog`.
  
  To fix, do:
  
  ```
  void main() {
    setUpAll(() {
      registerFallbackValue(/* create a dummy instance of `SymptomLog` */);
    });
  }
  ```
  
  This instance of `SymptomLog` will only be passed around, but never be interacted with.
  Therefore, if `SymptomLog` is a function, it does not have to return a valid object and
  could throw unconditionally.
  If you cannot easily create an instance of `SymptomLog`, consider defining a `Fake`:
  
  ```
  class MyTypeFake extends Fake implements MyType {}
  
  void main() {
    setUpAll(() {
      registerFallbackValue(MyTypeFake());
    });
  }
  ```
  
  Fallbacks are required because mocktail has to know of a valid `SymptomLog` to prevent
  TypeErrors from being thrown in Dart's sound null safe mode, while still
  providing a convenient syntax.
  
  package:mocktail/src/_register_matcher.dart 49:5                                _getFallbackValue
  package:mocktail/src/_register_matcher.dart 160:25                              _registerMatcher
  package:mocktail/src/_register_matcher.dart 104:10                              any
  test/features/tracking/application/notifiers/tracking_notifier_test.dart 85:48  main.<fn>.<fn>.<fn>
  package:mocktail/src/mocktail.dart 211:9                                        when.<fn>
  test/features/tracking/application/notifiers/tracking_notifier_test.dart 85:11  main.<fn>.<fn>
  

To run this test again: /opt/homebrew/share/flutter/bin/cache/dart-sdk/bin/dart test /Users/pro16/Desktop/project/n06/test/features/tracking/application/notifiers/tracking_notifier_test.dart -p vm --plain-name 'TrackingNotifier should save SymptomLog'
00:06 +156 ~1 -87: /Users/pro16/Desktop/project/n06/test/features/tracking/application/notifiers/tracking_notifier_test.dart: TrackingNotifier should delete WeightLog                                 00:06 +156 ~1 -87: /Users/pro16/Desktop/project/n06/test/features/tracking/application/notifiers/tracking_notifier_test.dart: TrackingNotifier should update WeightLog                                 00:06 +156 ~1 -87: /Users/pro16/Desktop/project/n06/test/features/tracking/infrastructure/repositories/isar_dosage_plan_repository_test.dart: IsarDosagePlanRepository watchActiveDosagePlan should emit active plan on watch [E]
  Binding has not yet been initialized.
  The "instance" getter on the ServicesBinding binding mixin is only available once that binding has been initialized.
  Typically, this is done by calling "WidgetsFlutterBinding.ensureInitialized()" or "runApp()" (the latter calls the former). Typically this call is done in the "void main()" method. The "ensureInitialized" method is idempotent; calling it multiple times is not harmful. After calling that method, the "instance" getter will return the binding.
  In a test, one can call "TestWidgetsFlutterBinding.ensureInitialized()" as the first line in the test's "main()" method to initialize the binding.
  If ServicesBinding is a custom binding mixin, there must also be a custom binding class, like WidgetsFlutterBinding, but that mixes in the selected binding, and that is the class that must be constructed before using the "instance" getter.
  package:flutter/src/foundation/binding.dart 314:9                                               BindingBase.checkInstance.<fn>
  package:flutter/src/foundation/binding.dart 401:6                                               BindingBase.checkInstance
  package:flutter/src/services/binding.dart 73:54                                                 ServicesBinding.instance
  package:flutter/src/services/platform_channel.dart 179:25                                       _findBinaryMessenger
  package:flutter/src/services/platform_channel.dart 320:56                                       MethodChannel.binaryMessenger
  package:flutter/src/services/platform_channel.dart 360:17                                       MethodChannel._invokeMethod
  package:flutter/src/services/platform_channel.dart 540:12                                       MethodChannel.invokeMethod
  package:path_provider_platform_interface/src/method_channel_path_provider.dart 33:26            MethodChannelPathProvider.getTemporaryPath
  package:path_provider/path_provider.dart 55:40                                                  getTemporaryDirectory
  test/features/tracking/infrastructure/repositories/isar_dosage_plan_repository_test.dart 16:29  main.<fn>.<fn>
  
  LateInitializationError: Local 'isar' has not been initialized.
  dart:_internal                                                                            LateError._throwLocalNotInitialized
  test/features/tracking/infrastructure/repositories/isar_dosage_plan_repository_test.dart  main.<fn>.<fn>
  
00:06 +157 ~1 -87: /Users/pro16/Desktop/project/n06/test/features/tracking/application/notifiers/tracking_notifier_test.dart: TrackingNotifier should update WeightLog                                 
To run this test again: /opt/homebrew/share/flutter/bin/cache/dart-sdk/bin/dart test /Users/pro16/Desktop/project/n06/test/features/tracking/infrastructure/repositories/isar_dosage_plan_repository_test.dart -p vm --plain-name 'IsarDosagePlanRepository watchActiveDosagePlan should emit active plan on watch'
00:06 +157 ~1 -87: /Users/pro16/Desktop/project/n06/test/features/tracking/application/notifiers/tracking_notifier_test.dart: TrackingNotifier should update SymptomLog                                00:06 +157 ~1 -88: /Users/pro16/Desktop/project/n06/test/features/tracking/application/notifiers/tracking_notifier_test.dart: TrackingNotifier should update SymptomLog [E]                            
  Bad state: A test tried to use `any` or `captureAny` on a parameter of type `SymptomLog`, but
  registerFallbackValue was not previously called to register a fallback value for `SymptomLog`.
  
  To fix, do:
  
  ```
  void main() {
    setUpAll(() {
      registerFallbackValue(/* create a dummy instance of `SymptomLog` */);
    });
  }
  ```
  
  This instance of `SymptomLog` will only be passed around, but never be interacted with.
  Therefore, if `SymptomLog` is a function, it does not have to return a valid object and
  could throw unconditionally.
  If you cannot easily create an instance of `SymptomLog`, consider defining a `Fake`:
  
  ```
  class MyTypeFake extends Fake implements MyType {}
  
  void main() {
    setUpAll(() {
      registerFallbackValue(MyTypeFake());
    });
  }
  ```
  
  Fallbacks are required because mocktail has to know of a valid `SymptomLog` to prevent
  TypeErrors from being thrown in Dart's sound null safe mode, while still
  providing a convenient syntax.
  
  package:mocktail/src/_register_matcher.dart 49:5                                 _getFallbackValue
  package:mocktail/src/_register_matcher.dart 160:25                               _registerMatcher
  package:mocktail/src/_register_matcher.dart 104:10                               any
  test/features/tracking/application/notifiers/tracking_notifier_test.dart 132:60  main.<fn>.<fn>.<fn>
  package:mocktail/src/mocktail.dart 211:9                                         when.<fn>
  test/features/tracking/application/notifiers/tracking_notifier_test.dart 132:11  main.<fn>.<fn>
  

To run this test again: /opt/homebrew/share/flutter/bin/cache/dart-sdk/bin/dart test /Users/pro16/Desktop/project/n06/test/features/tracking/application/notifiers/tracking_notifier_test.dart -p vm --plain-name 'TrackingNotifier should update SymptomLog'
00:06 +157 ~1 -88: /Users/pro16/Desktop/project/n06/test/features/tracking/application/notifiers/tracking_notifier_test.dart: TrackingNotifier should get multiple weight logs                         00:06 +158 ~1 -88: /Users/pro16/Desktop/project/n06/test/features/tracking/application/notifiers/tracking_notifier_test.dart: TrackingNotifier should get multiple weight logs                         00:06 +158 ~1 -88: /Users/pro16/Desktop/project/n06/test/features/tracking/application/notifiers/tracking_notifier_test.dart: TrackingNotifier should delete SymptomLog                                00:06 +159 ~1 -88: /Users/pro16/Desktop/project/n06/test/features/tracking/application/notifiers/tracking_notifier_test.dart: TrackingNotifier should delete SymptomLog                                00:06 +159 ~1 -88: /Users/pro16/Desktop/project/n06/test/features/tracking/application/notifiers/tracking_notifier_test.dart: TrackingNotifier should get symptom logs by tag                          00:06 +160 ~1 -88: /Users/pro16/Desktop/project/n06/test/features/tracking/application/notifiers/tracking_notifier_test.dart: TrackingNotifier should get symptom logs by tag                          00:07 +160 ~1 -88: /Users/pro16/Desktop/project/n06/test/features/tracking/application/notifiers/tracking_notifier_test.dart: TrackingNotifier should get symptom logs by tag                          00:07 +160 ~1 -88: loading /Users/pro16/Desktop/project/n06/test/features/tracking/domain/usecases/missed_dose_analyzer_usecase_test.dart                                                              00:07 +160 ~1 -88: /Users/pro16/Desktop/project/n06/test/features/tracking/domain/usecases/missed_dose_analyzer_usecase_test.dart: ... should return no missed doses when all completed                00:07 +161 ~1 -88: /Users/pro16/Desktop/project/n06/test/features/tracking/domain/usecases/missed_dose_analyzer_usecase_test.dart: ... should return no missed doses when all completed                00:07 +161 ~1 -88: /Users/pro16/Desktop/project/n06/test/features/tracking/domain/usecases/missed_dose_analyzer_usecase_test.dart: MissedDoseAnalyzerUseCase should detect missed dose within 5 days   00:07 +162 ~1 -88: /Users/pro16/Desktop/project/n06/test/features/tracking/domain/usecases/missed_dose_analyzer_usecase_test.dart: MissedDoseAnalyzerUseCase should detect missed dose within 5 days   00:07 +162 ~1 -88: /Users/pro16/Desktop/project/n06/test/features/tracking/domain/usecases/missed_dose_analyzer_usecase_test.dart: MissedDoseAnalyzerUseCase should detect missed dose over 5 days     00:07 +163 ~1 -88: /Users/pro16/Desktop/project/n06/test/features/tracking/domain/usecases/missed_dose_analyzer_usecase_test.dart: MissedDoseAnalyzerUseCase should detect missed dose over 5 days     00:07 +163 ~1 -88: /Users/pro16/Desktop/project/n06/test/features/tracking/domain/usecases/missed_dose_analyzer_usecase_test.dart: ... should recommend expert consultation for 7+ days missed         00:07 +164 ~1 -88: /Users/pro16/Desktop/project/n06/test/features/tracking/domain/usecases/missed_dose_analyzer_usecase_test.dart: ... should recommend expert consultation for 7+ days missed         00:07 +164 ~1 -88: /Users/pro16/Desktop/project/n06/test/features/tracking/domain/usecases/missed_dose_analyzer_usecase_test.dart: MissedDoseAnalyzerUseCase should handle multiple missed doses       00:07 +165 ~1 -88: /Users/pro16/Desktop/project/n06/test/features/tracking/domain/usecases/missed_dose_analyzer_usecase_test.dart: MissedDoseAnalyzerUseCase should handle multiple missed doses       00:07 +165 ~1 -88: /Users/pro16/Desktop/project/n06/test/features/tracking/domain/usecases/missed_dose_analyzer_usecase_test.dart: ... should calculate days elapsed for each missed dose              00:07 +166 ~1 -88: /Users/pro16/Desktop/project/n06/test/features/tracking/domain/usecases/missed_dose_analyzer_usecase_test.dart: ... should calculate days elapsed for each missed dose              00:07 +166 ~1 -88: loading /Users/pro16/Desktop/project/n06/test/features/tracking/domain/usecases/injection_site_rotation_usecase_test.dart                                                           00:07 +166 ~1 -88: /Users/pro16/Desktop/project/n06/test/features/tracking/domain/usecases/injection_site_rotation_usecase_test.dart: ... checking should return no warning when no recent records     00:07 +167 ~1 -88: /Users/pro16/Desktop/project/n06/test/features/tracking/infrastructure/dtos/symptom_log_dto_test.dart: SymptomLogDto should convert SymptomLog entity to SymptomLogDto              00:07 +168 ~1 -88: /Users/pro16/Desktop/project/n06/test/features/tracking/infrastructure/dtos/symptom_log_dto_test.dart: SymptomLogDto should convert SymptomLog entity to SymptomLogDto              00:07 +169 ~1 -88: /Users/pro16/Desktop/project/n06/test/features/tracking/infrastructure/dtos/symptom_log_dto_test.dart: SymptomLogDto should convert SymptomLog entity to SymptomLogDto              00:07 +170 ~1 -88: /Users/pro16/Desktop/project/n06/test/features/tracking/infrastructure/dtos/symptom_log_dto_test.dart: SymptomLogDto should convert SymptomLog entity to SymptomLogDto              00:07 +171 ~1 -88: /Users/pro16/Desktop/project/n06/test/features/tracking/infrastructure/dtos/symptom_log_dto_test.dart: SymptomLogDto should convert SymptomLog entity to SymptomLogDto              00:07 +172 ~1 -88: /Users/pro16/Desktop/project/n06/test/features/tracking/infrastructure/dtos/symptom_log_dto_test.dart: SymptomLogDto should convert SymptomLog entity to SymptomLogDto              00:07 +173 ~1 -88: /Users/pro16/Desktop/project/n06/test/features/tracking/infrastructure/dtos/symptom_log_dto_test.dart: SymptomLogDto should convert SymptomLog entity to SymptomLogDto              00:07 +173 ~1 -88: /Users/pro16/Desktop/project/n06/test/features/tracking/infrastructure/dtos/symptom_log_dto_test.dart: SymptomLogDto should convert SymptomLogDto to entity                         00:07 +174 ~1 -89: /Users/pro16/Desktop/project/n06/test/features/tracking/infrastructure/dtos/weight_log_dto_test.dart: WeightLogDto should convert WeightLog entity to WeightLogDto                  00:07 +175 ~1 -89: /Users/pro16/Desktop/project/n06/test/features/tracking/infrastructure/dtos/weight_log_dto_test.dart: WeightLogDto should convert WeightLog entity to WeightLogDto                  00:07 +176 ~1 -89: /Users/pro16/Desktop/project/n06/test/features/tracking/infrastructure/dtos/weight_log_dto_test.dart: WeightLogDto should convert WeightLog entity to WeightLogDto                  00:07 +177 ~1 -89: /Users/pro16/Desktop/project/n06/test/features/tracking/domain/usecases/validate_symptom_edit_usecase_test.dart: ... should return error for empty symptom name                     00:07 +178 ~1 -89: /Users/pro16/Desktop/project/n06/test/features/tracking/infrastructure/dtos/weight_log_dto_test.dart: WeightLogDto should convert WeightLogDto to WeightLog entity                  00:07 +179 ~1 -89: /Users/pro16/Desktop/project/n06/test/features/tracking/infrastructure/dtos/weight_log_dto_test.dart: WeightLogDto should convert WeightLogDto to WeightLog entity                  00:07 +180 ~1 -89: /Users/pro16/Desktop/project/n06/test/features/tracking/domain/usecases/validate_symptom_edit_usecase_test.dart: ... should allow custom symptom names (not in predefined list)     00:07 +181 ~1 -89: /Users/pro16/Desktop/project/n06/test/features/tracking/infrastructure/dtos/weight_log_dto_test.dart: WeightLogDto should preserve data in round-trip conversion                    00:07 +182 ~1 -89: /Users/pro16/Desktop/project/n06/test/features/tracking/infrastructure/dtos/weight_log_dto_test.dart: WeightLogDto should preserve data in round-trip conversion                    00:07 +182 ~1 -89: /Users/pro16/Desktop/project/n06/test/features/tracking/domain/usecases/validate_symptom_edit_usecase_test.dart: ... should accept boundary value 1 for severity                    00:07 +183 ~1 -89: /Users/pro16/Desktop/project/n06/test/features/tracking/domain/usecases/validate_symptom_edit_usecase_test.dart: ... should accept boundary value 1 for severity                    00:07 +183 ~1 -89: /Users/pro16/Desktop/project/n06/test/features/tracking/domain/usecases/validate_symptom_edit_usecase_test.dart: ... should accept boundary value 10 for severity                   00:07 +184 ~1 -89: /Users/pro16/Desktop/project/n06/test/features/tracking/domain/usecases/validate_symptom_edit_usecase_test.dart: ... should accept boundary value 10 for severity                   00:07 +184 ~1 -89: /Users/pro16/Desktop/project/n06/test/features/tracking/infrastructure/dtos/symptom_log_dto_test.dart: SymptomLogDto should convert SymptomLogDto to entity [E]                     
  LateInitializationError: Field 'isPersistent24h' has not been initialized.
  package:n06/features/tracking/infrastructure/dtos/symptom_log_dto.dart        SymptomLogDto.isPersistent24h
  package:n06/features/tracking/infrastructure/dtos/symptom_log_dto.dart 28:24  SymptomLogDto.toEntity
  test/features/tracking/infrastructure/dtos/symptom_log_dto_test.dart 44:26    main.<fn>.<fn>
  

To run this test again: /opt/homebrew/share/flutter/bin/cache/dart-sdk/bin/dart test /Users/pro16/Desktop/project/n06/test/features/tracking/infrastructure/dtos/symptom_log_dto_test.dart -p vm --plain-name 'SymptomLogDto should convert SymptomLogDto to entity'
00:07 +184 ~1 -89: /Users/pro16/Desktop/project/n06/test/features/tracking/infrastructure/dtos/symptom_log_dto_test.dart: SymptomLogDto should preserve isPersistent24h in DTO conversion              00:07 +185 ~1 -89: /Users/pro16/Desktop/project/n06/test/features/tracking/infrastructure/dtos/symptom_log_dto_test.dart: SymptomLogDto should preserve isPersistent24h in DTO conversion              00:07 +185 ~1 -89: /Users/pro16/Desktop/project/n06/test/features/tracking/infrastructure/dtos/symptom_log_dto_test.dart: SymptomLogDto should preserve data in round-trip conversion                  00:07 +186 ~1 -89: /Users/pro16/Desktop/project/n06/test/features/tracking/infrastructure/dtos/symptom_log_dto_test.dart: SymptomLogDto should preserve data in round-trip conversion                  00:07 +186 ~1 -89: loading /Users/pro16/Desktop/project/n06/test/features/tracking/domain/usecases/recalculate_dose_schedule_usecase_test.dart                                                         00:07 +186 ~1 -89: /Users/pro16/Desktop/project/n06/test/features/tracking/domain/usecases/recalculate_dose_schedule_usecase_test.dart: ... should generate schedules with correct cycle               00:07 +187 ~1 -89: /Users/pro16/Desktop/project/n06/test/features/tracking/domain/usecases/recalculate_dose_schedule_usecase_test.dart: ... should generate schedules with correct cycle               00:07 +187 ~1 -89: /Users/pro16/Desktop/project/n06/test/features/tracking/domain/usecases/recalculate_dose_schedule_usecase_test.dart: ... should apply escalation plan to schedules                  00:07 +188 ~1 -89: /Users/pro16/Desktop/project/n06/test/features/tracking/domain/usecases/recalculate_dose_schedule_usecase_test.dart: ... should apply escalation plan to schedules                  00:07 +188 ~1 -89: /Users/pro16/Desktop/project/n06/test/features/tracking/domain/usecases/recalculate_dose_schedule_usecase_test.dart: ... should only generate schedules after fromDate              00:07 +189 ~1 -89: /Users/pro16/Desktop/project/n06/test/features/tracking/domain/usecases/recalculate_dose_schedule_usecase_test.dart: ... should only generate schedules after fromDate              00:07 +189 ~1 -89: /Users/pro16/Desktop/project/n06/test/features/tracking/domain/usecases/recalculate_dose_schedule_usecase_test.dart: ... should generate schedules with correct plan id             00:07 +190 ~1 -89: /Users/pro16/Desktop/project/n06/test/features/tracking/domain/usecases/recalculate_dose_schedule_usecase_test.dart: ... should generate schedules with correct plan id             00:07 +190 ~1 -89: /Users/pro16/Desktop/project/n06/test/features/tracking/domain/usecases/recalculate_dose_schedule_usecase_test.dart: ... should generate unique schedule IDs                        00:07 +191 ~1 -89: /Users/pro16/Desktop/project/n06/test/features/tracking/domain/usecases/recalculate_dose_schedule_usecase_test.dart: ... should generate unique schedule IDs                        00:07 +191 ~1 -89: loading /Users/pro16/Desktop/project/n06/test/features/tracking/domain/usecases/validate_dosage_plan_usecase_test.dart                                                              00:07 +191 ~1 -89: /Users/pro16/Desktop/project/n06/test/features/tracking/domain/usecases/validate_dosage_plan_usecase_test.dart: ... valid dosage plan should return success for valid dosage plan   00:07 +192 ~1 -89: /Users/pro16/Desktop/project/n06/test/features/tracking/domain/usecases/validate_dosage_plan_usecase_test.dart: ... valid dosage plan should return success for valid dosage plan   00:07 +192 ~1 -89: /Users/pro16/Desktop/project/n06/test/features/tracking/domain/usecases/validate_dosage_plan_usecase_test.dart: ... plan should return success for valid dosage plan with escalation00:07 +193 ~1 -89: /Users/pro16/Desktop/project/n06/test/features/tracking/domain/usecases/validate_dosage_plan_usecase_test.dart: ... plan should return success for valid dosage plan with escalation00:07 +193 ~1 -89: /Users/pro16/Desktop/project/n06/test/features/tracking/domain/usecases/validate_dosage_plan_usecase_test.dart: ... plan structure should validate medication name is not empty     00:07 +194 ~1 -89: /Users/pro16/Desktop/project/n06/test/features/tracking/domain/usecases/validate_dosage_plan_usecase_test.dart: ... plan structure should validate medication name is not empty     00:07 +194 ~1 -89: /Users/pro16/Desktop/project/n06/test/features/tracking/domain/usecases/validate_dosage_plan_usecase_test.dart: ... validates plan structure should validate cycle days is positive 00:07 +195 ~1 -89: /Users/pro16/Desktop/project/n06/test/features/tracking/domain/usecases/validate_dosage_plan_usecase_test.dart: ... validates plan structure should validate cycle days is positive 00:07 +195 ~1 -89: /Users/pro16/Desktop/project/n06/test/features/tracking/domain/usecases/validate_dosage_plan_usecase_test.dart: ... plan structure should validate initial dose is positive         00:07 +196 ~1 -89: /Users/pro16/Desktop/project/n06/test/features/tracking/domain/usecases/validate_dosage_plan_usecase_test.dart: ... plan structure should validate initial dose is positive         00:07 +196 ~1 -89: /Users/pro16/Desktop/project/n06/test/features/tracking/domain/usecases/validate_dosage_plan_usecase_test.dart: ... plan structure should validate escalation plan monotonicity     00:07 +197 ~1 -89: /Users/pro16/Desktop/project/n06/test/features/tracking/domain/usecases/validate_dosage_plan_usecase_test.dart: ... plan structure should validate escalation plan monotonicity     00:07 +197 ~1 -89: loading /Users/pro16/Desktop/project/n06/test/features/tracking/domain/repositories/emergency_check_repository_test.dart                                                            00:07 +197 ~1 -89: /Users/pro16/Desktop/project/n06/test/features/tracking/domain/repositories/emergency_check_repository_test.dart: ... Interface saveEmergencyCheck 호출 시, Future<void> 반환            00:07 +198 ~1 -89: /Users/pro16/Desktop/project/n06/test/features/tracking/domain/repositories/emergency_check_repository_test.dart: ... Interface saveEmergencyCheck 호출 시, Future<void> 반환            00:07 +198 ~1 -89: /Users/pro16/Desktop/project/n06/test/features/tracking/domain/repositories/emergency_check_repository_test.dart: ... getEmergencyChecks 호출 시, List<EmergencySymptomCheck> 반환       00:07 +199 ~1 -89: /Users/pro16/Desktop/project/n06/test/features/tracking/domain/repositories/emergency_check_repository_test.dart: ... getEmergencyChecks 호출 시, List<EmergencySymptomCheck> 반환       00:07 +199 ~1 -89: /Users/pro16/Desktop/project/n06/test/features/tracking/domain/repositories/emergency_check_repository_test.dart: ... Interface deleteEmergencyCheck 호출 시, Future<void> 반환          00:07 +200 ~1 -89: /Users/pro16/Desktop/project/n06/test/features/tracking/domain/repositories/emergency_check_repository_test.dart: ... Interface deleteEmergencyCheck 호출 시, Future<void> 반환          00:07 +200 ~1 -89: /Users/pro16/Desktop/project/n06/test/features/tracking/domain/repositories/emergency_check_repository_test.dart: ... Interface updateEmergencyCheck 호출 시, Future<void> 반환          00:07 +201 ~1 -89: /Users/pro16/Desktop/project/n06/test/features/tracking/domain/repositories/emergency_check_repository_test.dart: ... Interface updateEmergencyCheck 호출 시, Future<void> 반환          00:08 +201 ~1 -89: /Users/pro16/Desktop/project/n06/test/features/tracking/domain/repositories/emergency_check_repository_test.dart: ... Interface updateEmergencyCheck 호출 시, Future<void> 반환          00:08 +201 ~1 -89: loading /Users/pro16/Desktop/project/n06/test/features/tracking/domain/entities/weight_log_test.dart                                                                                00:08 +201 ~1 -89: /Users/pro16/Desktop/project/n06/test/features/tracking/domain/entities/weight_log_test.dart: WeightLog Entity should create WeightLog with valid data                              00:08 +202 ~1 -89: /Users/pro16/Desktop/project/n06/test/features/tracking/domain/entities/weight_log_test.dart: WeightLog Entity should create WeightLog with valid data                              00:08 +202 ~1 -89: /Users/pro16/Desktop/project/n06/test/features/tracking/domain/entities/weight_log_test.dart: WeightLog Entity should copy WeightLog with updated weightKg                          00:08 +203 ~1 -89: /Users/pro16/Desktop/project/n06/test/features/tracking/domain/entities/weight_log_test.dart: WeightLog Entity should copy WeightLog with updated weightKg                          00:08 +203 ~1 -89: /Users/pro16/Desktop/project/n06/test/features/tracking/domain/entities/weight_log_test.dart: WeightLog Entity should compare two WeightLog entities correctly                      00:08 +204 ~1 -89: /Users/pro16/Desktop/project/n06/test/features/tracking/domain/entities/weight_log_test.dart: WeightLog Entity should compare two WeightLog entities correctly                      00:08 +204 ~1 -89: /Users/pro16/Desktop/project/n06/test/features/tracking/domain/entities/weight_log_test.dart: WeightLog Entity should have toString method                                          00:08 +205 ~1 -89: /Users/pro16/Desktop/project/n06/test/features/tracking/domain/entities/weight_log_test.dart: WeightLog Entity should have toString method                                          00:08 +205 ~1 -89: loading /Users/pro16/Desktop/project/n06/test/features/tracking/domain/usecases/analyze_plan_change_impact_usecase_test.dart                                                        00:08 +205 ~1 -89: /Users/pro16/Desktop/project/n06/test/features/tracking/domain/usecases/analyze_plan_change_impact_usecase_test.dart: ... should detect no changes when plans are identical         00:08 +206 ~1 -89: /Users/pro16/Desktop/project/n06/test/features/tracking/domain/usecases/analyze_plan_change_impact_usecase_test.dart: ... should detect no changes when plans are identical         00:08 +206 ~1 -89: /Users/pro16/Desktop/project/n06/test/features/tracking/domain/usecases/analyze_plan_change_impact_usecase_test.dart: ... should detect medication name change                      00:08 +207 ~1 -89: /Users/pro16/Desktop/project/n06/test/features/tracking/domain/usecases/analyze_plan_change_impact_usecase_test.dart: ... should detect medication name change                      00:08 +207 ~1 -89: /Users/pro16/Desktop/project/n06/test/features/tracking/domain/usecases/analyze_plan_change_impact_usecase_test.dart: AnalyzePlanChangeImpactUseCase should detect start date change00:08 +208 ~1 -89: /Users/pro16/Desktop/project/n06/test/features/tracking/domain/entities/dose_schedule_test.dart: DoseSchedule should create dose schedule with valid data                           00:08 +209 ~1 -89: /Users/pro16/Desktop/project/n06/test/features/tracking/domain/entities/dose_schedule_test.dart: DoseSchedule should create dose schedule with valid data                           00:08 +210 ~1 -89: /Users/pro16/Desktop/project/n06/test/features/tracking/domain/entities/dose_schedule_test.dart: DoseSchedule should create dose schedule with valid data                           00:08 +211 ~1 -89: /Users/pro16/Desktop/project/n06/test/features/tracking/domain/entities/dose_schedule_test.dart: DoseSchedule should create dose schedule with valid data                           00:08 +212 ~1 -89: /Users/pro16/Desktop/project/n06/test/features/tracking/domain/entities/dose_schedule_test.dart: DoseSchedule should create dose schedule with valid data                           00:08 +213 ~1 -89: /Users/pro16/Desktop/project/n06/test/features/tracking/domain/entities/dose_schedule_test.dart: DoseSchedule should create dose schedule with valid data                           00:08 +214 ~1 -89: /Users/pro16/Desktop/project/n06/test/features/tracking/domain/entities/dose_schedule_test.dart: DoseSchedule should create dose schedule with valid data                           00:08 +215 ~1 -89: /Users/pro16/Desktop/project/n06/test/features/tracking/domain/entities/dose_schedule_test.dart: DoseSchedule should create dose schedule with valid data                           00:08 +215 ~1 -89: /Users/pro16/Desktop/project/n06/test/features/tracking/domain/entities/dose_schedule_test.dart: DoseSchedule date comparisons should detect if schedule is overdue                 00:08 +216 ~1 -89: /Users/pro16/Desktop/project/n06/test/features/tracking/domain/entities/dose_schedule_test.dart: DoseSchedule date comparisons should detect if schedule is overdue                 00:08 +216 ~1 -89: /Users/pro16/Desktop/project/n06/test/features/tracking/domain/entities/dose_schedule_test.dart: DoseSchedule date comparisons should detect if schedule is today                   00:08 +217 ~1 -89: /Users/pro16/Desktop/project/n06/test/features/tracking/domain/entities/dose_schedule_test.dart: DoseSchedule date comparisons should detect if schedule is today                   00:08 +217 ~1 -89: /Users/pro16/Desktop/project/n06/test/features/tracking/domain/entities/dose_schedule_test.dart: DoseSchedule date comparisons should detect if schedule is upcoming                00:08 +218 ~1 -89: /Users/pro16/Desktop/project/n06/test/features/tracking/domain/usecases/schedule_generator_usecase_test.dart: ... should generate schedule for simple plan without escalation       00:08 +219 ~1 -89: /Users/pro16/Desktop/project/n06/test/features/tracking/domain/usecases/schedule_generator_usecase_test.dart: ... should generate schedule for simple plan without escalation       00:08 +220 ~1 -89: /Users/pro16/Desktop/project/n06/test/features/tracking/domain/usecases/schedule_generator_usecase_test.dart: ... should generate schedule for simple plan without escalation       00:08 +221 ~1 -89: /Users/pro16/Desktop/project/n06/test/features/tracking/domain/usecases/schedule_generator_usecase_test.dart: ... should generate schedule for simple plan without escalation       00:08 +222 ~1 -89: /Users/pro16/Desktop/project/n06/test/features/tracking/domain/entities/symptom_log_test.dart: SymptomLog Entity should create SymptomLog with severity 1-6                         00:08 +223 ~1 -89: /Users/pro16/Desktop/project/n06/test/features/tracking/domain/entities/symptom_log_test.dart: SymptomLog Entity should create SymptomLog with severity 1-6                         00:08 +224 ~1 -89: /Users/pro16/Desktop/project/n06/test/features/tracking/domain/usecases/validate_weight_edit_usecase_test.dart: ... should return success for valid weight in range 20-300kg        00:08 +225 ~1 -89: /Users/pro16/Desktop/project/n06/test/features/tracking/domain/usecases/validate_weight_edit_usecase_test.dart: ... should return success for valid weight in range 20-300kg        00:08 +226 ~1 -89: /Users/pro16/Desktop/project/n06/test/features/tracking/domain/usecases/validate_weight_edit_usecase_test.dart: ... should return success for valid weight in range 20-300kg        00:08 +227 ~1 -89: /Users/pro16/Desktop/project/n06/test/features/tracking/domain/usecases/schedule_generator_usecase_test.dart: ... performance should generate 6 months schedule within 1 second     00:08 +228 ~1 -89: /Users/pro16/Desktop/project/n06/test/features/tracking/domain/entities/symptom_log_test.dart: SymptomLog Entity should throw exception for invalid severity (0)                    00:08 +229 ~1 -89: /Users/pro16/Desktop/project/n06/test/features/tracking/domain/entities/symptom_log_test.dart: SymptomLog Entity should throw exception for invalid severity (0)                    00:08 +230 ~1 -89: /Users/pro16/Desktop/project/n06/test/features/tracking/domain/entities/symptom_log_test.dart: SymptomLog Entity should throw exception for invalid severity (0)                    00:08 +231 ~1 -89: /Users/pro16/Desktop/project/n06/test/features/tracking/domain/entities/symptom_log_test.dart: SymptomLog Entity should throw exception for invalid severity (0)                    00:08 +232 ~1 -89: /Users/pro16/Desktop/project/n06/test/features/tracking/domain/entities/symptom_log_test.dart: SymptomLog Entity should throw exception for invalid severity (0)                    00:08 +233 ~1 -89: /Users/pro16/Desktop/project/n06/test/features/tracking/domain/entities/symptom_log_test.dart: SymptomLog Entity should throw exception for invalid severity (0)                    00:08 +234 ~1 -89: /Users/pro16/Desktop/project/n06/test/features/tracking/domain/entities/symptom_log_test.dart: SymptomLog Entity should throw exception for invalid severity (0)                    00:08 +235 ~1 -89: /Users/pro16/Desktop/project/n06/test/features/tracking/domain/entities/symptom_log_test.dart: SymptomLog Entity should throw exception for invalid severity (0)                    00:08 +236 ~1 -89: /Users/pro16/Desktop/project/n06/test/features/tracking/domain/entities/symptom_log_test.dart: SymptomLog Entity should throw exception for invalid severity (0)                    00:08 +237 ~1 -89: /Users/pro16/Desktop/project/n06/test/features/tracking/domain/entities/symptom_log_test.dart: SymptomLog Entity should throw exception for invalid severity (0)                    00:08 +238 ~1 -89: /Users/pro16/Desktop/project/n06/test/features/tracking/domain/entities/symptom_log_test.dart: SymptomLog Entity should throw exception for invalid severity (0)                    00:08 +238 ~1 -90: loading /Users/pro16/Desktop/project/n06/test/features/tracking/domain/entities/dose_record_test.dart                                                                               00:08 +238 ~1 -90: /Users/pro16/Desktop/project/n06/test/features/tracking/domain/entities/dose_record_test.dart: DoseRecord should create dose record with required fields                            00:08 +238 ~1 -90: /Users/pro16/Desktop/project/n06/test/features/tracking/domain/entities/symptom_log_test.dart: SymptomLog Entity should throw exception for invalid severity (0) [E]                
  Expected: throws <Instance of 'ArgumentError'>
    Actual: <Closure: () => SymptomLog>
     Which: threw _AssertionError:<'package:n06/features/tracking/domain/entities/symptom_log.dart': Failed assertion: line 26 pos 15: 'severity >= 1 && severity <= 10': Severity must be between 1 and 10>
            stack dart:core                                                             _AssertionError._throwNew
                  package:n06/features/tracking/domain/entities/symptom_log.dart 26:15  new SymptomLog
                  test/features/tracking/domain/entities/symptom_log_test.dart 47:15    main.<fn>.<fn>.<fn>
                  package:matcher                                                       expect
                  package:flutter_test/src/widget_tester.dart 473:18                    expect
                  test/features/tracking/domain/entities/symptom_log_test.dart 46:7     main.<fn>.<fn>
                  
            which is not an instance of 'ArgumentError'
  
  package:matcher                                                    expect
  package:flutter_test/src/widget_tester.dart 473:18                 expect
  test/features/tracking/domain/entities/symptom_log_test.dart 46:7  main.<fn>.<fn>
  

To run this test again: /opt/homebrew/share/flutter/bin/cache/dart-sdk/bin/dart test /Users/pro16/Desktop/project/n06/test/features/tracking/domain/entities/symptom_log_test.dart -p vm --plain-name 'SymptomLog Entity should throw exception for invalid severity (0)'
00:08 +238 ~1 -90: /Users/pro16/Desktop/project/n06/test/features/tracking/domain/entities/dose_record_test.dart: DoseRecord should create dose record with required fields                            00:08 +238 ~1 -91: /Users/pro16/Desktop/project/n06/test/features/tracking/domain/entities/symptom_log_test.dart: SymptomLog Entity should throw exception for invalid severity (11) [E]               
  Expected: throws <Instance of 'ArgumentError'>
    Actual: <Closure: () => SymptomLog>
     Which: threw _AssertionError:<'package:n06/features/tracking/domain/entities/symptom_log.dart': Failed assertion: line 26 pos 15: 'severity >= 1 && severity <= 10': Severity must be between 1 and 10>
            stack dart:core                                                             _AssertionError._throwNew
                  package:n06/features/tracking/domain/entities/symptom_log.dart 26:15  new SymptomLog
                  test/features/tracking/domain/entities/symptom_log_test.dart 62:15    main.<fn>.<fn>.<fn>
                  package:matcher                                                       expect
                  package:flutter_test/src/widget_tester.dart 473:18                    expect
                  test/features/tracking/domain/entities/symptom_log_test.dart 61:7     main.<fn>.<fn>
                  
            which is not an instance of 'ArgumentError'
  
  package:matcher                                                    expect
  package:flutter_test/src/widget_tester.dart 473:18                 expect
  test/features/tracking/domain/entities/symptom_log_test.dart 61:7  main.<fn>.<fn>
  

To run this test again: /opt/homebrew/share/flutter/bin/cache/dart-sdk/bin/dart test /Users/pro16/Desktop/project/n06/test/features/tracking/domain/entities/symptom_log_test.dart -p vm --plain-name 'SymptomLog Entity should throw exception for invalid severity (11)'
00:08 +239 ~1 -91: /Users/pro16/Desktop/project/n06/test/features/tracking/domain/entities/dosage_plan_test.dart: ... constructor validation should create valid dosage plan with required fields      00:08 +240 ~1 -91: /Users/pro16/Desktop/project/n06/test/features/tracking/domain/entities/dosage_plan_test.dart: ... constructor validation should create valid dosage plan with required fields      00:08 +241 ~1 -91: /Users/pro16/Desktop/project/n06/test/features/tracking/domain/entities/dosage_plan_test.dart: ... constructor validation should create valid dosage plan with required fields      00:08 +242 ~1 -91: /Users/pro16/Desktop/project/n06/test/features/tracking/domain/entities/dosage_plan_test.dart: ... constructor validation should create valid dosage plan with required fields      00:08 +243 ~1 -91: /Users/pro16/Desktop/project/n06/test/features/tracking/domain/entities/dosage_plan_test.dart: ... constructor validation should create valid dosage plan with required fields      00:08 +244 ~1 -91: /Users/pro16/Desktop/project/n06/test/features/tracking/domain/entities/dosage_plan_test.dart: ... constructor validation should create valid dosage plan with required fields      00:08 +245 ~1 -91: /Users/pro16/Desktop/project/n06/test/features/tracking/domain/entities/dosage_plan_test.dart: ... constructor validation should create valid dosage plan with required fields      00:08 +246 ~1 -91: /Users/pro16/Desktop/project/n06/test/features/tracking/domain/entities/dosage_plan_test.dart: ... constructor validation should create valid dosage plan with required fields      00:08 +247 ~1 -91: /Users/pro16/Desktop/project/n06/test/features/tracking/domain/entities/dosage_plan_test.dart: ... constructor validation should create valid dosage plan with required fields      00:08 +248 ~1 -91: /Users/pro16/Desktop/project/n06/test/features/tracking/domain/entities/dosage_plan_test.dart: ... constructor validation should create valid dosage plan with required fields      00:08 +249 ~1 -91: /Users/pro16/Desktop/project/n06/test/features/tracking/domain/entities/dosage_plan_test.dart: ... constructor validation should create valid dosage plan with required fields      00:08 +250 ~1 -91: /Users/pro16/Desktop/project/n06/test/features/tracking/domain/entities/dosage_plan_test.dart: ... constructor validation should create valid dosage plan with required fields      00:08 +251 ~1 -91: /Users/pro16/Desktop/project/n06/test/features/tracking/domain/entities/dose_record_test.dart: DoseRecord copyWith should copy record with updated fields                           00:08 +252 ~1 -91: /Users/pro16/Desktop/project/n06/test/features/tracking/domain/entities/dosage_plan_test.dart: DosagePlan constructor validation should throw exception when start date is in future00:08 +253 ~1 -91: /Users/pro16/Desktop/project/n06/test/features/tracking/domain/entities/dosage_plan_test.dart: DosagePlan constructor validation should throw exception when start date is in future00:08 +253 ~1 -91: /Users/pro16/Desktop/project/n06/test/features/tracking/domain/entities/dosage_plan_test.dart: ... constructor validation should throw exception when cycle days is less than 1     00:08 +254 ~1 -91: /Users/pro16/Desktop/project/n06/test/features/tracking/domain/entities/dosage_plan_test.dart: ... constructor validation should throw exception when cycle days is less than 1     00:08 +254 ~1 -91: /Users/pro16/Desktop/project/n06/test/features/tracking/domain/entities/dosage_plan_test.dart: ... constructor validation should throw exception when initial dose is negative      00:08 +255 ~1 -91: /Users/pro16/Desktop/project/n06/test/features/tracking/domain/entities/dosage_plan_test.dart: ... constructor validation should throw exception when initial dose is negative      00:08 +255 ~1 -91: /Users/pro16/Desktop/project/n06/test/features/tracking/domain/entities/dosage_plan_test.dart: ... validation should throw exception when escalation plan has decreasing doses      00:08 +256 ~1 -91: /Users/pro16/Desktop/project/n06/test/features/tracking/domain/entities/dosage_plan_test.dart: ... validation should throw exception when escalation plan has decreasing doses      00:08 +256 ~1 -91: /Users/pro16/Desktop/project/n06/test/features/tracking/domain/entities/dosage_plan_test.dart: ... validation should throw exception when escalation exceeds max dose (2.4mg)       00:08 +257 ~1 -91: /Users/pro16/Desktop/project/n06/test/features/tracking/domain/entities/dosage_plan_test.dart: ... validation should throw exception when escalation exceeds max dose (2.4mg)       00:08 +257 ~1 -91: /Users/pro16/Desktop/project/n06/test/features/tracking/domain/entities/dosage_plan_test.dart: ... validation should throw exception when escalation time order is not maintained   00:08 +258 ~1 -91: /Users/pro16/Desktop/project/n06/test/features/tracking/domain/entities/dosage_plan_test.dart: ... validation should throw exception when escalation time order is not maintained   00:08 +258 ~1 -91: /Users/pro16/Desktop/project/n06/test/features/tracking/domain/entities/dosage_plan_test.dart: DosagePlan dose calculation should return initial dose when no escalation plan exists00:08 +259 ~1 -91: /Users/pro16/Desktop/project/n06/test/features/tracking/domain/entities/dosage_plan_test.dart: DosagePlan dose calculation should return initial dose when no escalation plan exists00:08 +259 ~1 -91: /Users/pro16/Desktop/project/n06/test/features/tracking/domain/entities/dosage_plan_test.dart: DosagePlan dose calculation should return correct dose during escalation period      00:08 +260 ~1 -91: /Users/pro16/Desktop/project/n06/test/features/tracking/domain/entities/dosage_plan_test.dart: DosagePlan dose calculation should return correct dose during escalation period      00:08 +260 ~1 -91: /Users/pro16/Desktop/project/n06/test/features/tracking/domain/entities/dosage_plan_test.dart: DosagePlan dose calculation should return max dose after escalation completes        00:08 +261 ~1 -91: /Users/pro16/Desktop/project/n06/test/features/tracking/domain/entities/dosage_plan_test.dart: DosagePlan dose calculation should return max dose after escalation completes        00:08 +261 ~1 -91: /Users/pro16/Desktop/project/n06/test/features/tracking/domain/entities/dosage_plan_test.dart: DosagePlan state checking should detect if plan is active                            00:08 +262 ~1 -91: /Users/pro16/Desktop/project/n06/test/features/tracking/domain/entities/dosage_plan_test.dart: DosagePlan state checking should detect if plan is active                            00:08 +262 ~1 -91: /Users/pro16/Desktop/project/n06/test/features/tracking/domain/entities/dosage_plan_test.dart: DosagePlan state checking should detect if plan is inactive                          00:08 +263 ~1 -91: /Users/pro16/Desktop/project/n06/test/features/tracking/domain/entities/dosage_plan_test.dart: DosagePlan state checking should detect if plan is inactive                          00:08 +263 ~1 -91: /Users/pro16/Desktop/project/n06/test/features/tracking/domain/entities/dosage_plan_test.dart: DosagePlan copyWith should copy plan with updated fields                             00:08 +264 ~1 -91: /Users/pro16/Desktop/project/n06/test/features/tracking/domain/entities/dosage_plan_test.dart: DosagePlan copyWith should copy plan with updated fields                             00:08 +264 ~1 -91: loading /Users/pro16/Desktop/project/n06/test/features/tracking/presentation/dialogs/record_delete_dialog_test.dart                                                                 00:08 +264 ~1 -91: /Users/pro16/Desktop/project/n06/test/features/tracking/presentation/dialogs/record_delete_dialog_test.dart: ... Show Delete Confirmation should display delete confirmation message00:08 +264 ~1 -92: /Users/pro16/Desktop/project/n06/test/features/tracking/presentation/dialogs/record_delete_dialog_test.dart: ... Show Delete Confirmation should display delete confirmation message00:08 +264 ~1 -92: /Users/pro16/Desktop/project/n06/test/features/tracking/presentation/dialogs/dose_edit_dialog_test.dart: DoseEditDialog TC-DED-01: Display Current Dose should display current dose amount [E]
  Invalid argument(s): Invalid injection site. Must be one of: abdomen, thigh, arm
  package:n06/features/tracking/domain/entities/dose_record.dart 43:7           DoseRecord._validate
  package:n06/features/tracking/domain/entities/dose_record.dart 27:5           new DoseRecord
  test/features/tracking/presentation/dialogs/dose_edit_dialog_test.dart 12:23  main.<fn>.<fn>
  

To run this test again: /opt/homebrew/share/flutter/bin/cache/dart-sdk/bin/dart test /Users/pro16/Desktop/project/n06/test/features/tracking/presentation/dialogs/dose_edit_dialog_test.dart -p vm --plain-name 'DoseEditDialog TC-DED-01: Display Current Dose should display current dose amount'
00:08 +264 ~1 -92: /Users/pro16/Desktop/project/n06/test/features/tracking/presentation/dialogs/record_delete_dialog_test.dart: ... Show Delete Confirmation should display delete confirmation message00:08 +264 ~1 -93: /Users/pro16/Desktop/project/n06/test/features/tracking/presentation/dialogs/dose_edit_dialog_test.dart: DoseEditDialog TC-DED-01: Display Current Dose should display current injection site [E]
  Invalid argument(s): Invalid injection site. Must be one of: abdomen, thigh, arm
  package:n06/features/tracking/domain/entities/dose_record.dart 43:7           DoseRecord._validate
  package:n06/features/tracking/domain/entities/dose_record.dart 27:5           new DoseRecord
  test/features/tracking/presentation/dialogs/dose_edit_dialog_test.dart 12:23  main.<fn>.<fn>
  

To run this test again: /opt/homebrew/share/flutter/bin/cache/dart-sdk/bin/dart test /Users/pro16/Desktop/project/n06/test/features/tracking/presentation/dialogs/dose_edit_dialog_test.dart -p vm --plain-name 'DoseEditDialog TC-DED-01: Display Current Dose should display current injection site'
00:08 +265 ~1 -94: /Users/pro16/Desktop/project/n06/test/features/tracking/presentation/dialogs/record_delete_dialog_test.dart: ... Show Delete Confirmation should display delete confirmation message00:08 +265 ~1 -94: /Users/pro16/Desktop/project/n06/test/features/tracking/presentation/dialogs/dose_edit_dialog_test.dart: DoseEditDialog TC-DED-01: Display Current Dose should display dose with correct decimal places [E]
  Invalid argument(s): Invalid injection site. Must be one of: abdomen, thigh, arm
  package:n06/features/tracking/domain/entities/dose_record.dart 43:7           DoseRecord._validate
  package:n06/features/tracking/domain/entities/dose_record.dart 27:5           new DoseRecord
  test/features/tracking/presentation/dialogs/dose_edit_dialog_test.dart 12:23  main.<fn>.<fn>
  

To run this test again: /opt/homebrew/share/flutter/bin/cache/dart-sdk/bin/dart test /Users/pro16/Desktop/project/n06/test/features/tracking/presentation/dialogs/dose_edit_dialog_test.dart -p vm --plain-name 'DoseEditDialog TC-DED-01: Display Current Dose should display dose with correct decimal places'
00:08 +266 ~1 -94: /Users/pro16/Desktop/project/n06/test/features/tracking/presentation/dialogs/record_delete_dialog_test.dart: ... Show Delete Confirmation should display delete confirmation message00:08 +267 ~1 -95: /Users/pro16/Desktop/project/n06/test/features/tracking/presentation/dialogs/record_delete_dialog_test.dart: ... Show Delete Confirmation should display delete confirmation message00:08 +267 ~1 -95: /Users/pro16/Desktop/project/n06/test/features/tracking/presentation/dialogs/dose_edit_dialog_test.dart: DoseEditDialog TC-DED-01: Display Current Dose should display note if present [E]
  Invalid argument(s): Invalid injection site. Must be one of: abdomen, thigh, arm
  package:n06/features/tracking/domain/entities/dose_record.dart 43:7           DoseRecord._validate
  package:n06/features/tracking/domain/entities/dose_record.dart 27:5           new DoseRecord
  test/features/tracking/presentation/dialogs/dose_edit_dialog_test.dart 12:23  main.<fn>.<fn>
  

To run this test again: /opt/homebrew/share/flutter/bin/cache/dart-sdk/bin/dart test /Users/pro16/Desktop/project/n06/test/features/tracking/presentation/dialogs/dose_edit_dialog_test.dart -p vm --plain-name 'DoseEditDialog TC-DED-01: Display Current Dose should display note if present'
00:08 +268 ~1 -95: /Users/pro16/Desktop/project/n06/test/features/tracking/presentation/dialogs/record_delete_dialog_test.dart: ... Show Delete Confirmation should display delete confirmation message00:08 +269 ~1 -96: /Users/pro16/Desktop/project/n06/test/features/tracking/presentation/dialogs/record_delete_dialog_test.dart: ... Show Delete Confirmation should display delete confirmation message00:09 +269 ~1 -96: /Users/pro16/Desktop/project/n06/test/features/tracking/presentation/dialogs/dose_edit_dialog_test.dart: DoseEditDialog TC-DED-02: Update Dose and Save should allow changing dose amount [E]
  Invalid argument(s): Invalid injection site. Must be one of: abdomen, thigh, arm
  package:n06/features/tracking/domain/entities/dose_record.dart 43:7           DoseRecord._validate
  package:n06/features/tracking/domain/entities/dose_record.dart 27:5           new DoseRecord
  test/features/tracking/presentation/dialogs/dose_edit_dialog_test.dart 12:23  main.<fn>.<fn>
  

To run this test again: /opt/homebrew/share/flutter/bin/cache/dart-sdk/bin/dart test /Users/pro16/Desktop/project/n06/test/features/tracking/presentation/dialogs/dose_edit_dialog_test.dart -p vm --plain-name 'DoseEditDialog TC-DED-02: Update Dose and Save should allow changing dose amount'
00:09 +269 ~1 -97: /Users/pro16/Desktop/project/n06/test/features/tracking/presentation/dialogs/dose_edit_dialog_test.dart: DoseEditDialog TC-DED-02: Update Dose and Save should allow changing injection site [E]
  Invalid argument(s): Invalid injection site. Must be one of: abdomen, thigh, arm
  package:n06/features/tracking/domain/entities/dose_record.dart 43:7           DoseRecord._validate
  package:n06/features/tracking/domain/entities/dose_record.dart 27:5           new DoseRecord
  test/features/tracking/presentation/dialogs/dose_edit_dialog_test.dart 12:23  main.<fn>.<fn>
  

To run this test again: /opt/homebrew/share/flutter/bin/cache/dart-sdk/bin/dart test /Users/pro16/Desktop/project/n06/test/features/tracking/presentation/dialogs/dose_edit_dialog_test.dart -p vm --plain-name 'DoseEditDialog TC-DED-02: Update Dose and Save should allow changing injection site'
00:09 +269 ~1 -98: /Users/pro16/Desktop/project/n06/test/features/tracking/presentation/dialogs/dose_edit_dialog_test.dart: DoseEditDialog TC-DED-02: Update Dose and Save should display save button [E]
  Invalid argument(s): Invalid injection site. Must be one of: abdomen, thigh, arm
  package:n06/features/tracking/domain/entities/dose_record.dart 43:7           DoseRecord._validate
  package:n06/features/tracking/domain/entities/dose_record.dart 27:5           new DoseRecord
  test/features/tracking/presentation/dialogs/dose_edit_dialog_test.dart 12:23  main.<fn>.<fn>
  

To run this test again: /opt/homebrew/share/flutter/bin/cache/dart-sdk/bin/dart test /Users/pro16/Desktop/project/n06/test/features/tracking/presentation/dialogs/dose_edit_dialog_test.dart -p vm --plain-name 'DoseEditDialog TC-DED-02: Update Dose and Save should display save button'
00:09 +269 ~1 -99: /Users/pro16/Desktop/project/n06/test/features/tracking/presentation/dialogs/dose_edit_dialog_test.dart: DoseEditDialog TC-DED-03: Invalidate Dashboard on Save should validate dose is positive [E]
  Invalid argument(s): Invalid injection site. Must be one of: abdomen, thigh, arm
  package:n06/features/tracking/domain/entities/dose_record.dart 43:7           DoseRecord._validate
  package:n06/features/tracking/domain/entities/dose_record.dart 27:5           new DoseRecord
  test/features/tracking/presentation/dialogs/dose_edit_dialog_test.dart 12:23  main.<fn>.<fn>
  
00:09 +269 ~1 -99: /Users/pro16/Desktop/project/n06/test/features/tracking/presentation/dialogs/record_delete_dialog_test.dart: ... Show Delete Confirmation should display delete confirmation message
To run this test again: /opt/homebrew/share/flutter/bin/cache/dart-sdk/bin/dart test /Users/pro16/Desktop/project/n06/test/features/tracking/presentation/dialogs/dose_edit_dialog_test.dart -p vm --plain-name 'DoseEditDialog TC-DED-03: Invalidate Dashboard on Save should validate dose is positive'
00:09 +269 ~1 -100: /Users/pro16/Desktop/project/n06/test/features/tracking/presentation/dialogs/dose_edit_dialog_test.dart: DoseEditDialog TC-DED-03: Invalidate Dashboard on Save should allow positive dose values [E]
  Invalid argument(s): Invalid injection site. Must be one of: abdomen, thigh, arm
  package:n06/features/tracking/domain/entities/dose_record.dart 43:7           DoseRecord._validate
  package:n06/features/tracking/domain/entities/dose_record.dart 27:5           new DoseRecord
  test/features/tracking/presentation/dialogs/dose_edit_dialog_test.dart 12:23  main.<fn>.<fn>
  

To run this test again: /opt/homebrew/share/flutter/bin/cache/dart-sdk/bin/dart test /Users/pro16/Desktop/project/n06/test/features/tracking/presentation/dialogs/dose_edit_dialog_test.dart -p vm --plain-name 'DoseEditDialog TC-DED-03: Invalidate Dashboard on Save should allow positive dose values'
00:09 +269 ~1 -101: /Users/pro16/Desktop/project/n06/test/features/tracking/presentation/dialogs/dose_edit_dialog_test.dart: DoseEditDialog TC-DED-03: Invalidate Dashboard on Save should show all injection site options [E]
  Invalid argument(s): Invalid injection site. Must be one of: abdomen, thigh, arm
  package:n06/features/tracking/domain/entities/dose_record.dart 43:7           DoseRecord._validate
  package:n06/features/tracking/domain/entities/dose_record.dart 27:5           new DoseRecord
  test/features/tracking/presentation/dialogs/dose_edit_dialog_test.dart 12:23  main.<fn>.<fn>
  

To run this test again: /opt/homebrew/share/flutter/bin/cache/dart-sdk/bin/dart test /Users/pro16/Desktop/project/n06/test/features/tracking/presentation/dialogs/dose_edit_dialog_test.dart -p vm --plain-name 'DoseEditDialog TC-DED-03: Invalidate Dashboard on Save should show all injection site options'
00:09 +269 ~1 -102: /Users/pro16/Desktop/project/n06/test/features/tracking/presentation/dialogs/dose_edit_dialog_test.dart: DoseEditDialog TC-DED-03: Invalidate Dashboard on Save should accept valid dose and close dialog [E]
  Invalid argument(s): Invalid injection site. Must be one of: abdomen, thigh, arm
  package:n06/features/tracking/domain/entities/dose_record.dart 43:7           DoseRecord._validate
  package:n06/features/tracking/domain/entities/dose_record.dart 27:5           new DoseRecord
  test/features/tracking/presentation/dialogs/dose_edit_dialog_test.dart 12:23  main.<fn>.<fn>
  

To run this test again: /opt/homebrew/share/flutter/bin/cache/dart-sdk/bin/dart test /Users/pro16/Desktop/project/n06/test/features/tracking/presentation/dialogs/dose_edit_dialog_test.dart -p vm --plain-name 'DoseEditDialog TC-DED-03: Invalidate Dashboard on Save should accept valid dose and close dialog'
00:09 +269 ~1 -102: /Users/pro16/Desktop/project/n06/test/features/tracking/presentation/dialogs/record_delete_dialog_test.dart: ... Delete Confirmation should display delete confirmation message    00:09 +270 ~1 -102: /Users/pro16/Desktop/project/n06/test/features/tracking/presentation/dialogs/weight_edit_dialog_test.dart: ... Display Current Weight should display current weight value          00:09 +270 ~1 -102: /Users/pro16/Desktop/project/n06/test/features/tracking/presentation/dialogs/record_delete_dialog_test.dart: RecordDeleteDialog TC-RDD-01: Show Delete Confirmation should show permanent deletion warning
══╡ EXCEPTION CAUGHT BY FLUTTER TEST FRAMEWORK ╞════════════════════════════════════════════════════
The following TestFailure was thrown running a test:
Expected: exactly one matching candidate
  Actual: _TextContainingWidgetFinder:<Found 0 widgets with text containing 영구적: []>
   Which: means none were found but one was expected

When the exception was thrown, this was the stack:
#4      main.<anonymous closure>.<anonymous closure>.<anonymous closure> (file:///Users/pro16/Desktop/project/n06/test/features/tracking/presentation/dialogs/record_delete_dialog_test.dart:42:9)
<asynchronous suspension>
#5      testWidgets.<anonymous closure>.<anonymous closure> (package:flutter_test/src/widget_tester.dart:192:15)
<asynchronous suspension>
#6      TestWidgetsFlutterBinding._runTestBody (package:flutter_test/src/binding.dart:1059:5)
<asynchronous suspension>
<asynchronous suspension>
(elided one frame from package:stack_trace)

This was caught by the test expectation on the following line:
  file:///Users/pro16/Desktop/project/n06/test/features/tracking/presentation/dialogs/record_delete_dialog_test.dart line 42
The test description was:
  should show permanent deletion warning
════════════════════════════════════════════════════════════════════════════════════════════════════
00:09 +270 ~1 -103: /Users/pro16/Desktop/project/n06/test/features/tracking/presentation/dialogs/record_delete_dialog_test.dart: RecordDeleteDialog TC-RDD-01: Show Delete Confirmation should show permanent deletion warning [E]
  Test failed. See exception logs above.
  The test description was: should show permanent deletion warning
  

To run this test again: /opt/homebrew/share/flutter/bin/cache/dart-sdk/bin/dart test /Users/pro16/Desktop/project/n06/test/features/tracking/presentation/dialogs/record_delete_dialog_test.dart -p vm --plain-name 'RecordDeleteDialog TC-RDD-01: Show Delete Confirmation should show permanent deletion warning'
00:09 +271 ~1 -103: /Users/pro16/Desktop/project/n06/test/features/tracking/presentation/dialogs/symptom_edit_dialog_test.dart: ... Display Current Symptom Data should display current symptom name   00:09 +272 ~1 -103: /Users/pro16/Desktop/project/n06/test/features/tracking/presentation/dialogs/symptom_edit_dialog_test.dart: ... Display Current Symptom Data should display current symptom name   00:09 +273 ~1 -103: /Users/pro16/Desktop/project/n06/test/features/tracking/presentation/dialogs/symptom_edit_dialog_test.dart: ... Display Current Symptom Data should display current symptom name   00:09 +274 ~1 -103: /Users/pro16/Desktop/project/n06/test/features/tracking/presentation/dialogs/symptom_edit_dialog_test.dart: ... Display Current Symptom Data should display current symptom name   00:09 +275 ~1 -103: /Users/pro16/Desktop/project/n06/test/features/tracking/presentation/dialogs/symptom_edit_dialog_test.dart: ... Display Current Symptom Data should display current symptom name   00:09 +275 ~1 -103: /Users/pro16/Desktop/project/n06/test/features/tracking/presentation/dialogs/record_delete_dialog_test.dart: RecordDeleteDialog TC-RDD-02: Delete Record on Confirm should call onConfirm when delete button tapped
══╡ EXCEPTION CAUGHT BY FLUTTER TEST FRAMEWORK ╞════════════════════════════════════════════════════
The following assertion was thrown running a test:
The finder "Found 0 widgets with widget matching predicate: []" (used in a call to "tap()") could
not find any matching widgets.

When the exception was thrown, this was the stack:
#0      WidgetController._getElementPoint (package:flutter_test/src/controller.dart:2009:7)
#1      WidgetController.getCenter (package:flutter_test/src/controller.dart:1861:12)
#2      WidgetController.tap (package:flutter_test/src/controller.dart:1041:7)
#3      main.<anonymous closure>.<anonymous closure>.<anonymous closure> (file:///Users/pro16/Desktop/project/n06/test/features/tracking/presentation/dialogs/record_delete_dialog_test.dart:109:22)
<asynchronous suspension>
#4      testWidgets.<anonymous closure>.<anonymous closure> (package:flutter_test/src/widget_tester.dart:192:15)
<asynchronous suspension>
#5      TestWidgetsFlutterBinding._runTestBody (package:flutter_test/src/binding.dart:1059:5)
<asynchronous suspension>
<asynchronous suspension>
(elided one frame from package:stack_trace)

The test description was:
  should call onConfirm when delete button tapped
════════════════════════════════════════════════════════════════════════════════════════════════════
00:09 +275 ~1 -104: /Users/pro16/Desktop/project/n06/test/features/tracking/presentation/dialogs/record_delete_dialog_test.dart: RecordDeleteDialog TC-RDD-02: Delete Record on Confirm should call onConfirm when delete button tapped [E]
  Test failed. See exception logs above.
  The test description was: should call onConfirm when delete button tapped
  

To run this test again: /opt/homebrew/share/flutter/bin/cache/dart-sdk/bin/dart test /Users/pro16/Desktop/project/n06/test/features/tracking/presentation/dialogs/record_delete_dialog_test.dart -p vm --plain-name 'RecordDeleteDialog TC-RDD-02: Delete Record on Confirm should call onConfirm when delete button tapped'
00:09 +276 ~1 -104: /Users/pro16/Desktop/project/n06/test/features/tracking/presentation/dialogs/symptom_edit_dialog_test.dart: ... Display Current Symptom Data should display current symptom name   00:09 +277 ~1 -104: /Users/pro16/Desktop/project/n06/test/features/tracking/presentation/dialogs/symptom_edit_dialog_test.dart: ... Display Current Symptom Data should display current symptom name   00:09 +277 ~1 -104: /Users/pro16/Desktop/project/n06/test/features/tracking/presentation/sheets/record_detail_sheet_test.dart: RecordDetailSheet TC-RDS-01: Display Record Details should display weight record details
══╡ EXCEPTION CAUGHT BY FLUTTER TEST FRAMEWORK ╞════════════════════════════════════════════════════
The following TestFailure was thrown running a test:
Expected: exactly one matching candidate
  Actual: _TextWidgetFinder:<Found 0 widgets with text "70.5": []>
   Which: means none were found but one was expected

When the exception was thrown, this was the stack:
#4      main.<anonymous closure>.<anonymous closure>.<anonymous closure> (file:///Users/pro16/Desktop/project/n06/test/features/tracking/presentation/sheets/record_detail_sheet_test.dart:31:9)
<asynchronous suspension>
#5      testWidgets.<anonymous closure>.<anonymous closure> (package:flutter_test/src/widget_tester.dart:192:15)
<asynchronous suspension>
#6      TestWidgetsFlutterBinding._runTestBody (package:flutter_test/src/binding.dart:1059:5)
<asynchronous suspension>
<asynchronous suspension>
(elided one frame from package:stack_trace)

This was caught by the test expectation on the following line:
  file:///Users/pro16/Desktop/project/n06/test/features/tracking/presentation/sheets/record_detail_sheet_test.dart line 31
The test description was:
  should display weight record details
════════════════════════════════════════════════════════════════════════════════════════════════════
00:09 +277 ~1 -105: /Users/pro16/Desktop/project/n06/test/features/tracking/presentation/sheets/record_detail_sheet_test.dart: RecordDetailSheet TC-RDS-01: Display Record Details should display weight record details [E]
  Test failed. See exception logs above.
  The test description was: should display weight record details
  

To run this test again: /opt/homebrew/share/flutter/bin/cache/dart-sdk/bin/dart test /Users/pro16/Desktop/project/n06/test/features/tracking/presentation/sheets/record_detail_sheet_test.dart -p vm --plain-name 'RecordDetailSheet TC-RDS-01: Display Record Details should display weight record details'
00:09 +278 ~1 -105: /Users/pro16/Desktop/project/n06/test/features/tracking/presentation/screens/symptom_record_screen_test.dart: ... TC-SRS-01: Screen Rendering should render SymptomRecordScreen    00:09 +279 ~1 -105: /Users/pro16/Desktop/project/n06/test/features/tracking/presentation/screens/symptom_record_screen_test.dart: ... TC-SRS-01: Screen Rendering should render SymptomRecordScreen    00:09 +280 ~1 -105: /Users/pro16/Desktop/project/n06/test/features/tracking/presentation/screens/symptom_record_screen_test.dart: ... TC-SRS-01: Screen Rendering should render SymptomRecordScreen    00:09 +281 ~1 -105: /Users/pro16/Desktop/project/n06/test/features/tracking/presentation/screens/symptom_record_screen_test.dart: ... TC-SRS-01: Screen Rendering should render SymptomRecordScreen    00:09 +282 ~1 -105: /Users/pro16/Desktop/project/n06/test/features/tracking/presentation/screens/symptom_record_screen_test.dart: ... TC-SRS-01: Screen Rendering should render SymptomRecordScreen    00:09 +283 ~1 -105: /Users/pro16/Desktop/project/n06/test/features/tracking/presentation/screens/symptom_record_screen_test.dart: ... TC-SRS-01: Screen Rendering should render SymptomRecordScreen    00:09 +284 ~1 -105: /Users/pro16/Desktop/project/n06/test/features/tracking/presentation/screens/symptom_record_screen_test.dart: ... TC-SRS-01: Screen Rendering should render SymptomRecordScreen    00:09 +285 ~1 -105: /Users/pro16/Desktop/project/n06/test/features/tracking/presentation/screens/symptom_record_screen_test.dart: ... TC-SRS-01: Screen Rendering should render SymptomRecordScreen    00:09 +286 ~1 -105: /Users/pro16/Desktop/project/n06/test/features/tracking/presentation/screens/symptom_record_screen_test.dart: ... TC-SRS-01: Screen Rendering should render SymptomRecordScreen    00:09 +287 ~1 -105: /Users/pro16/Desktop/project/n06/test/features/tracking/presentation/screens/symptom_record_screen_test.dart: ... TC-SRS-01: Screen Rendering should render SymptomRecordScreen    00:09 +287 ~1 -105: /Users/pro16/Desktop/project/n06/test/features/tracking/presentation/dialogs/record_delete_dialog_test.dart: RecordDeleteDialog TC-RDD-03: Invalidate Dashboard on Delete should trigger deletion on confirm button tap
══╡ EXCEPTION CAUGHT BY FLUTTER TEST FRAMEWORK ╞════════════════════════════════════════════════════
The following assertion was thrown running a test:
The finder "Found 0 widgets with widget matching predicate: []" (used in a call to "tap()") could
not find any matching widgets.

When the exception was thrown, this was the stack:
#0      WidgetController._getElementPoint (package:flutter_test/src/controller.dart:2009:7)
#1      WidgetController.getCenter (package:flutter_test/src/controller.dart:1861:12)
#2      WidgetController.tap (package:flutter_test/src/controller.dart:1041:7)
#3      main.<anonymous closure>.<anonymous closure>.<anonymous closure> (file:///Users/pro16/Desktop/project/n06/test/features/tracking/presentation/dialogs/record_delete_dialog_test.dart:237:22)
<asynchronous suspension>
#4      testWidgets.<anonymous closure>.<anonymous closure> (package:flutter_test/src/widget_tester.dart:192:15)
<asynchronous suspension>
#5      TestWidgetsFlutterBinding._runTestBody (package:flutter_test/src/binding.dart:1059:5)
<asynchronous suspension>
<asynchronous suspension>
(elided one frame from package:stack_trace)

The test description was:
  should trigger deletion on confirm button tap
════════════════════════════════════════════════════════════════════════════════════════════════════
00:09 +287 ~1 -106: /Users/pro16/Desktop/project/n06/test/features/tracking/presentation/dialogs/record_delete_dialog_test.dart: RecordDeleteDialog TC-RDD-03: Invalidate Dashboard on Delete should trigger deletion on confirm button tap [E]
  Test failed. See exception logs above.
  The test description was: should trigger deletion on confirm button tap
  

To run this test again: /opt/homebrew/share/flutter/bin/cache/dart-sdk/bin/dart test /Users/pro16/Desktop/project/n06/test/features/tracking/presentation/dialogs/record_delete_dialog_test.dart -p vm --plain-name 'RecordDeleteDialog TC-RDD-03: Invalidate Dashboard on Delete should trigger deletion on confirm button tap'
00:09 +287 ~1 -106: /Users/pro16/Desktop/project/n06/test/features/tracking/presentation/screens/symptom_record_screen_test.dart: ... TC-SRS-01: Screen Rendering should render SymptomRecordScreen    00:09 +288 ~1 -106: /Users/pro16/Desktop/project/n06/test/features/tracking/presentation/screens/symptom_record_screen_test.dart: ... TC-SRS-01: Screen Rendering should render SymptomRecordScreen    00:09 +288 ~1 -106: /Users/pro16/Desktop/project/n06/test/features/tracking/presentation/sheets/record_detail_sheet_test.dart: RecordDetailSheet TC-RDS-01: Display Record Details should display symptom record details
══╡ EXCEPTION CAUGHT BY FLUTTER TEST FRAMEWORK ╞════════════════════════════════════════════════════
The following TestFailure was thrown running a test:
Expected: at least one matching candidate
  Actual: _TextWidgetFinder:<Found 0 widgets with text "7": []>
   Which: means none were found but some were expected

When the exception was thrown, this was the stack:
#4      main.<anonymous closure>.<anonymous closure>.<anonymous closure> (file:///Users/pro16/Desktop/project/n06/test/features/tracking/presentation/sheets/record_detail_sheet_test.dart:58:9)
<asynchronous suspension>
#5      testWidgets.<anonymous closure>.<anonymous closure> (package:flutter_test/src/widget_tester.dart:192:15)
<asynchronous suspension>
#6      TestWidgetsFlutterBinding._runTestBody (package:flutter_test/src/binding.dart:1059:5)
<asynchronous suspension>
<asynchronous suspension>
(elided one frame from package:stack_trace)

This was caught by the test expectation on the following line:
  file:///Users/pro16/Desktop/project/n06/test/features/tracking/presentation/sheets/record_detail_sheet_test.dart line 58
The test description was:
  should display symptom record details
════════════════════════════════════════════════════════════════════════════════════════════════════
00:09 +288 ~1 -107: /Users/pro16/Desktop/project/n06/test/features/tracking/presentation/sheets/record_detail_sheet_test.dart: RecordDetailSheet TC-RDS-01: Display Record Details should display symptom record details [E]
  Test failed. See exception logs above.
  The test description was: should display symptom record details
  

To run this test again: /opt/homebrew/share/flutter/bin/cache/dart-sdk/bin/dart test /Users/pro16/Desktop/project/n06/test/features/tracking/presentation/sheets/record_detail_sheet_test.dart -p vm --plain-name 'RecordDetailSheet TC-RDS-01: Display Record Details should display symptom record details'
00:09 +289 ~1 -107: /Users/pro16/Desktop/project/n06/test/features/tracking/presentation/screens/symptom_record_screen_test.dart: ... TC-SRS-01: Screen Rendering should render SymptomRecordScreen    00:09 +289 ~1 -107: /Users/pro16/Desktop/project/n06/test/features/tracking/presentation/sheets/record_detail_sheet_test.dart: RecordDetailSheet TC-RDS-01: Display Record Details should display dose record details
══╡ EXCEPTION CAUGHT BY FLUTTER TEST FRAMEWORK ╞════════════════════════════════════════════════════
The following ArgumentError was thrown running a test:
Invalid argument(s): Invalid injection site. Must be one of: abdomen, thigh, arm

When the exception was thrown, this was the stack:
#0      DoseRecord._validate (package:n06/features/tracking/domain/entities/dose_record.dart:43:7)
#1      new DoseRecord (package:n06/features/tracking/domain/entities/dose_record.dart:27:5)
#2      main.<anonymous closure>.<anonymous closure>.<anonymous closure> (file:///Users/pro16/Desktop/project/n06/test/features/tracking/presentation/sheets/record_detail_sheet_test.dart:65:28)
#3      testWidgets.<anonymous closure>.<anonymous closure> (package:flutter_test/src/widget_tester.dart:192:29)
<asynchronous suspension>
#4      TestWidgetsFlutterBinding._runTestBody (package:flutter_test/src/binding.dart:1059:5)
<asynchronous suspension>
<asynchronous suspension>
(elided one frame from package:stack_trace)

The test description was:
  should display dose record details
════════════════════════════════════════════════════════════════════════════════════════════════════
00:09 +289 ~1 -108: /Users/pro16/Desktop/project/n06/test/features/tracking/presentation/sheets/record_detail_sheet_test.dart: RecordDetailSheet TC-RDS-01: Display Record Details should display dose record details [E]
  Test failed. See exception logs above.
  The test description was: should display dose record details
  

To run this test again: /opt/homebrew/share/flutter/bin/cache/dart-sdk/bin/dart test /Users/pro16/Desktop/project/n06/test/features/tracking/presentation/sheets/record_detail_sheet_test.dart -p vm --plain-name 'RecordDetailSheet TC-RDS-01: Display Record Details should display dose record details'
00:09 +290 ~1 -108: /Users/pro16/Desktop/project/n06/test/features/tracking/presentation/screens/symptom_record_screen_test.dart: ... TC-SRS-01: Screen Rendering should render SymptomRecordScreen    00:09 +290 ~1 -108: /Users/pro16/Desktop/project/n06/test/features/tracking/presentation/dialogs/symptom_edit_dialog_test.dart: SymptomEditDialog TC-SED-01: Display Current Symptom Data should display current severity level
══╡ EXCEPTION CAUGHT BY FLUTTER TEST FRAMEWORK ╞════════════════════════════════════════════════════
The following TestFailure was thrown running a test:
Expected: at least one matching candidate
  Actual: _TextWidgetFinder:<Found 0 widgets with text "7": []>
   Which: means none were found but some were expected

When the exception was thrown, this was the stack:
#4      main.<anonymous closure>.<anonymous closure>.<anonymous closure> (file:///Users/pro16/Desktop/project/n06/test/features/tracking/presentation/dialogs/symptom_edit_dialog_test.dart:59:9)
<asynchronous suspension>
#5      testWidgets.<anonymous closure>.<anonymous closure> (package:flutter_test/src/widget_tester.dart:192:15)
<asynchronous suspension>
#6      TestWidgetsFlutterBinding._runTestBody (package:flutter_test/src/binding.dart:1059:5)
<asynchronous suspension>
<asynchronous suspension>
(elided one frame from package:stack_trace)

This was caught by the test expectation on the following line:
  file:///Users/pro16/Desktop/project/n06/test/features/tracking/presentation/dialogs/symptom_edit_dialog_test.dart line 59
The test description was:
  should display current severity level
════════════════════════════════════════════════════════════════════════════════════════════════════
00:09 +290 ~1 -109: /Users/pro16/Desktop/project/n06/test/features/tracking/presentation/dialogs/symptom_edit_dialog_test.dart: SymptomEditDialog TC-SED-01: Display Current Symptom Data should display current severity level [E]
  Test failed. See exception logs above.
  The test description was: should display current severity level
  

To run this test again: /opt/homebrew/share/flutter/bin/cache/dart-sdk/bin/dart test /Users/pro16/Desktop/project/n06/test/features/tracking/presentation/dialogs/symptom_edit_dialog_test.dart -p vm --plain-name 'SymptomEditDialog TC-SED-01: Display Current Symptom Data should display current severity level'
00:09 +291 ~1 -109: /Users/pro16/Desktop/project/n06/test/features/tracking/presentation/screens/symptom_record_screen_test.dart: ... TC-SRS-01: Screen Rendering should render SymptomRecordScreen    00:09 +292 ~1 -109: /Users/pro16/Desktop/project/n06/test/features/tracking/presentation/screens/symptom_record_screen_test.dart: ... TC-SRS-01: Screen Rendering should render SymptomRecordScreen    00:09 +293 ~1 -109: /Users/pro16/Desktop/project/n06/test/features/tracking/presentation/screens/symptom_record_screen_test.dart: ... TC-SRS-01: Screen Rendering should render SymptomRecordScreen    00:09 +293 ~1 -109: /Users/pro16/Desktop/project/n06/test/features/tracking/presentation/dialogs/weight_edit_dialog_test.dart: WeightEditDialog TC-WED-03: Show Validation Error should show error for weight below 20kg
══╡ EXCEPTION CAUGHT BY FLUTTER TEST FRAMEWORK ╞════════════════════════════════════════════════════
The following TestFailure was thrown running a test:
Expected: exactly one matching candidate
  Actual: _TextContainingWidgetFinder:<Found 2 widgets with text containing 20: [
            Text("2025-01-15", inherit: true, size: 16.0, dependencies: [DefaultSelectionStyle,
DefaultTextStyle, MediaQuery]),
            Text("체중은 20.0kg 이상이어야 합니다", debugLabel: ((englishLike bodySmall
2021).merge((blackMountainView bodySmall).apply)).copyWith, inherit: false, color: Color(alpha:
1.0000, red: 0.7020, green: 0.1490, blue: 0.1176, colorSpace: ColorSpace.sRGB), family: Roboto,
size: 12.0, weight: 400, letterSpacing: 0.4, baseline: alphabetic, height: 1.3x,
leadingDistribution: even, decoration: Color(alpha: 1.0000, red: 0.1137, green: 0.1059, blue:
0.1255, colorSpace: ColorSpace.sRGB) TextDecoration.none, textAlign: start, overflow: ellipsis,
dependencies: [DefaultSelectionStyle, DefaultTextStyle, MediaQuery]),
          ]>
   Which: is too many

When the exception was thrown, this was the stack:
#4      main.<anonymous closure>.<anonymous closure>.<anonymous closure> (file:///Users/pro16/Desktop/project/n06/test/features/tracking/presentation/dialogs/weight_edit_dialog_test.dart:184:9)
<asynchronous suspension>
#5      testWidgets.<anonymous closure>.<anonymous closure> (package:flutter_test/src/widget_tester.dart:192:15)
<asynchronous suspension>
#6      TestWidgetsFlutterBinding._runTestBody (package:flutter_test/src/binding.dart:1059:5)
<asynchronous suspension>
<asynchronous suspension>
(elided one frame from package:stack_trace)

This was caught by the test expectation on the following line:
  file:///Users/pro16/Desktop/project/n06/test/features/tracking/presentation/dialogs/weight_edit_dialog_test.dart line 184
The test description was:
  should show error for weight below 20kg
════════════════════════════════════════════════════════════════════════════════════════════════════
00:09 +293 ~1 -110: /Users/pro16/Desktop/project/n06/test/features/tracking/presentation/dialogs/weight_edit_dialog_test.dart: WeightEditDialog TC-WED-03: Show Validation Error should show error for weight below 20kg [E]
  Test failed. See exception logs above.
  The test description was: should show error for weight below 20kg
  

To run this test again: /opt/homebrew/share/flutter/bin/cache/dart-sdk/bin/dart test /Users/pro16/Desktop/project/n06/test/features/tracking/presentation/dialogs/weight_edit_dialog_test.dart -p vm --plain-name 'WeightEditDialog TC-WED-03: Show Validation Error should show error for weight below 20kg'
00:09 +294 ~1 -110: /Users/pro16/Desktop/project/n06/test/features/tracking/presentation/screens/symptom_record_screen_test.dart: ... TC-SRS-01: Screen Rendering should render SymptomRecordScreen    00:09 +294 ~1 -110: /Users/pro16/Desktop/project/n06/test/features/tracking/presentation/sheets/record_detail_sheet_test.dart: RecordDetailSheet TC-RDS-02: Open Edit Dialog should display edit button for dose record
══╡ EXCEPTION CAUGHT BY FLUTTER TEST FRAMEWORK ╞════════════════════════════════════════════════════
The following ArgumentError was thrown running a test:
Invalid argument(s): Invalid injection site. Must be one of: abdomen, thigh, arm

When the exception was thrown, this was the stack:
#0      DoseRecord._validate (package:n06/features/tracking/domain/entities/dose_record.dart:43:7)
#1      new DoseRecord (package:n06/features/tracking/domain/entities/dose_record.dart:27:5)
#2      main.<anonymous closure>.<anonymous closure>.<anonymous closure> (file:///Users/pro16/Desktop/project/n06/test/features/tracking/presentation/sheets/record_detail_sheet_test.dart:188:28)
#3      testWidgets.<anonymous closure>.<anonymous closure> (package:flutter_test/src/widget_tester.dart:192:29)
<asynchronous suspension>
#4      TestWidgetsFlutterBinding._runTestBody (package:flutter_test/src/binding.dart:1059:5)
<asynchronous suspension>
<asynchronous suspension>
(elided one frame from package:stack_trace)

The test description was:
  should display edit button for dose record
════════════════════════════════════════════════════════════════════════════════════════════════════
00:09 +294 ~1 -111: /Users/pro16/Desktop/project/n06/test/features/tracking/presentation/sheets/record_detail_sheet_test.dart: RecordDetailSheet TC-RDS-02: Open Edit Dialog should display edit button for dose record [E]
  Test failed. See exception logs above.
  The test description was: should display edit button for dose record
  

To run this test again: /opt/homebrew/share/flutter/bin/cache/dart-sdk/bin/dart test /Users/pro16/Desktop/project/n06/test/features/tracking/presentation/sheets/record_detail_sheet_test.dart -p vm --plain-name 'RecordDetailSheet TC-RDS-02: Open Edit Dialog should display edit button for dose record'
00:09 +295 ~1 -111: /Users/pro16/Desktop/project/n06/test/features/tracking/presentation/screens/symptom_record_screen_test.dart: ... TC-SRS-01: Screen Rendering should render SymptomRecordScreen    00:09 +296 ~1 -111: /Users/pro16/Desktop/project/n06/test/features/tracking/presentation/screens/symptom_record_screen_test.dart: ... TC-SRS-01: Screen Rendering should render SymptomRecordScreen    00:09 +297 ~1 -111: /Users/pro16/Desktop/project/n06/test/features/tracking/presentation/screens/symptom_record_screen_test.dart: ... TC-SRS-01: Screen Rendering should render SymptomRecordScreen    00:09 +298 ~1 -111: /Users/pro16/Desktop/project/n06/test/features/tracking/presentation/screens/symptom_record_screen_test.dart: ... TC-SRS-01: Screen Rendering should render SymptomRecordScreen    00:09 +299 ~1 -111: /Users/pro16/Desktop/project/n06/test/features/tracking/presentation/screens/symptom_record_screen_test.dart: ... TC-SRS-01: Screen Rendering should render SymptomRecordScreen    00:09 +300 ~1 -111: /Users/pro16/Desktop/project/n06/test/features/tracking/presentation/screens/symptom_record_screen_test.dart: ... TC-SRS-01: Screen Rendering should render SymptomRecordScreen    00:09 +300 ~1 -111: /Users/pro16/Desktop/project/n06/test/features/tracking/presentation/screens/symptom_record_screen_test.dart: SymptomRecordScreen TC-SRS-01: Screen Rendering should render SymptomRecordScreen
══╡ EXCEPTION CAUGHT BY FLUTTER TEST FRAMEWORK ╞════════════════════════════════════════════════════
The following _TypeError was thrown running a test:
type 'Null' is not a subtype of type 'Future<DateTime?>'

When the exception was thrown, this was the stack:
#0      MockTrackingRepository.getLatestDoseEscalationDate (file:///Users/pro16/Desktop/project/n06/test/features/tracking/presentation/screens/symptom_record_screen_test.dart:9:7)
#1      TrackingNotifier.getLatestDoseEscalationDate (package:n06/features/tracking/application/notifiers/tracking_notifier.dart:192:30)
#2      _SymptomRecordScreenState._loadEscalationDate (package:n06/features/tracking/presentation/screens/symptom_record_screen.dart:64:43)
#3      _SymptomRecordScreenState.initState (package:n06/features/tracking/presentation/screens/symptom_record_screen.dart:58:5)
#4      StatefulElement._firstBuild (package:flutter/src/widgets/framework.dart:5852:55)
#5      ComponentElement.mount (package:flutter/src/widgets/framework.dart:5699:5)
...     Normal element mounting (228 frames)
#233    Element.inflateWidget (package:flutter/src/widgets/framework.dart:4548:16)
#234    MultiChildRenderObjectElement.inflateWidget (package:flutter/src/widgets/framework.dart:7169:36)
#235    MultiChildRenderObjectElement.mount (package:flutter/src/widgets/framework.dart:7185:32)
...     Normal element mounting (471 frames)
#706    _UncontrolledProviderScopeElement.mount (package:flutter_riverpod/src/framework.dart:315:11)
...     Normal element mounting (9 frames)
#715    Element.inflateWidget (package:flutter/src/widgets/framework.dart:4548:16)
#716    Element.updateChild (package:flutter/src/widgets/framework.dart:3998:20)
#717    ComponentElement.performRebuild (package:flutter/src/widgets/framework.dart:5747:16)
#718    Element.rebuild (package:flutter/src/widgets/framework.dart:5435:7)
#719    ProxyElement.update (package:flutter/src/widgets/framework.dart:6051:5)
#720    _InheritedNotifierElement.update (package:flutter/src/widgets/inherited_notifier.dart:108:11)
#721    Element.updateChild (package:flutter/src/widgets/framework.dart:3982:15)
#722    ComponentElement.performRebuild (package:flutter/src/widgets/framework.dart:5747:16)
#723    StatefulElement.performRebuild (package:flutter/src/widgets/framework.dart:5884:11)
#724    Element.rebuild (package:flutter/src/widgets/framework.dart:5435:7)
#725    StatefulElement.update (package:flutter/src/widgets/framework.dart:5909:5)
#726    Element.updateChild (package:flutter/src/widgets/framework.dart:3982:15)
#727    ComponentElement.performRebuild (package:flutter/src/widgets/framework.dart:5747:16)
#728    Element.rebuild (package:flutter/src/widgets/framework.dart:5435:7)
#729    ProxyElement.update (package:flutter/src/widgets/framework.dart:6051:5)
#730    _InheritedNotifierElement.update (package:flutter/src/widgets/inherited_notifier.dart:108:11)
#731    Element.updateChild (package:flutter/src/widgets/framework.dart:3982:15)
#732    ComponentElement.performRebuild (package:flutter/src/widgets/framework.dart:5747:16)
#733    StatefulElement.performRebuild (package:flutter/src/widgets/framework.dart:5884:11)
#734    Element.rebuild (package:flutter/src/widgets/framework.dart:5435:7)
#735    StatefulElement.update (package:flutter/src/widgets/framework.dart:5909:5)
#736    Element.updateChild (package:flutter/src/widgets/framework.dart:3982:15)
#737    ComponentElement.performRebuild (package:flutter/src/widgets/framework.dart:5747:16)
#738    StatefulElement.performRebuild (package:flutter/src/widgets/framework.dart:5884:11)
#739    Element.rebuild (package:flutter/src/widgets/framework.dart:5435:7)
#740    StatefulElement.update (package:flutter/src/widgets/framework.dart:5909:5)
#741    Element.updateChild (package:flutter/src/widgets/framework.dart:3982:15)
#742    ComponentElement.performRebuild (package:flutter/src/widgets/framework.dart:5747:16)
#743    Element.rebuild (package:flutter/src/widgets/framework.dart:5435:7)
#744    ProxyElement.update (package:flutter/src/widgets/framework.dart:6051:5)
#745    Element.updateChild (package:flutter/src/widgets/framework.dart:3982:15)
#746    ComponentElement.performRebuild (package:flutter/src/widgets/framework.dart:5747:16)
#747    StatefulElement.performRebuild (package:flutter/src/widgets/framework.dart:5884:11)
#748    Element.rebuild (package:flutter/src/widgets/framework.dart:5435:7)
#749    StatefulElement.update (package:flutter/src/widgets/framework.dart:5909:5)
#750    Element.updateChild (package:flutter/src/widgets/framework.dart:3982:15)
#751    ComponentElement.performRebuild (package:flutter/src/widgets/framework.dart:5747:16)
#752    Element.rebuild (package:flutter/src/widgets/framework.dart:5435:7)
#753    ProxyElement.update (package:flutter/src/widgets/framework.dart:6051:5)
#754    Element.updateChild (package:flutter/src/widgets/framework.dart:3982:15)
#755    ComponentElement.performRebuild (package:flutter/src/widgets/framework.dart:5747:16)
#756    Element.rebuild (package:flutter/src/widgets/framework.dart:5435:7)
#757    ProxyElement.update (package:flutter/src/widgets/framework.dart:6051:5)
#758    Element.updateChild (package:flutter/src/widgets/framework.dart:3982:15)
#759    _RawViewElement._updateChild (package:flutter/src/widgets/view.dart:481:16)
#760    _RawViewElement.update (package:flutter/src/widgets/view.dart:568:5)
#761    Element.updateChild (package:flutter/src/widgets/framework.dart:3982:15)
#762    ComponentElement.performRebuild (package:flutter/src/widgets/framework.dart:5747:16)
#763    Element.rebuild (package:flutter/src/widgets/framework.dart:5435:7)
#764    StatelessElement.update (package:flutter/src/widgets/framework.dart:5797:5)
#765    Element.updateChild (package:flutter/src/widgets/framework.dart:3982:15)
#766    ComponentElement.performRebuild (package:flutter/src/widgets/framework.dart:5747:16)
#767    StatefulElement.performRebuild (package:flutter/src/widgets/framework.dart:5884:11)
#768    Element.rebuild (package:flutter/src/widgets/framework.dart:5435:7)
#769    StatefulElement.update (package:flutter/src/widgets/framework.dart:5909:5)
#770    Element.updateChild (package:flutter/src/widgets/framework.dart:3982:15)
#771    RootElement._rebuild (package:flutter/src/widgets/binding.dart:1716:16)
#772    RootElement.update (package:flutter/src/widgets/binding.dart:1694:5)
#773    RootElement.performRebuild (package:flutter/src/widgets/binding.dart:1708:7)
#774    Element.rebuild (package:flutter/src/widgets/framework.dart:5435:7)
#775    BuildScope._tryRebuild (package:flutter/src/widgets/framework.dart:2695:15)
#776    BuildScope._flushDirtyElements (package:flutter/src/widgets/framework.dart:2752:11)
#777    BuildOwner.buildScope (package:flutter/src/widgets/framework.dart:3056:18)
#778    AutomatedTestWidgetsFlutterBinding.drawFrame (package:flutter_test/src/binding.dart:1506:19)
#779    RendererBinding._handlePersistentFrameCallback (package:flutter/src/rendering/binding.dart:495:5)
#780    SchedulerBinding._invokeFrameCallback (package:flutter/src/scheduler/binding.dart:1434:15)
#781    SchedulerBinding.handleDrawFrame (package:flutter/src/scheduler/binding.dart:1347:9)
#782    AutomatedTestWidgetsFlutterBinding.pump.<anonymous closure> (package:flutter_test/src/binding.dart:1335:9)
#785    TestAsyncUtils.guard (package:flutter_test/src/test_async_utils.dart:74:41)
#786    AutomatedTestWidgetsFlutterBinding.pump (package:flutter_test/src/binding.dart:1324:27)
#787    WidgetTester.pumpWidget.<anonymous closure> (package:flutter_test/src/widget_tester.dart:598:22)
#790    TestAsyncUtils.guard (package:flutter_test/src/test_async_utils.dart:74:41)
#791    WidgetTester.pumpWidget (package:flutter_test/src/widget_tester.dart:595:27)
#792    main.<anonymous closure>.<anonymous closure>.<anonymous closure> (file:///Users/pro16/Desktop/project/n06/test/features/tracking/presentation/screens/symptom_record_screen_test.dart:39:22)
#793    testWidgets.<anonymous closure>.<anonymous closure> (package:flutter_test/src/widget_tester.dart:192:29)
<asynchronous suspension>
#794    TestWidgetsFlutterBinding._runTestBody (package:flutter_test/src/binding.dart:1059:5)
<asynchronous suspension>
<asynchronous suspension>
(elided 5 frames from dart:async and package:stack_trace)

The test description was:
  should render SymptomRecordScreen
════════════════════════════════════════════════════════════════════════════════════════════════════
00:09 +300 ~1 -112: /Users/pro16/Desktop/project/n06/test/features/tracking/presentation/sheets/record_detail_sheet_test.dart: RecordDetailSheet TC-RDS-03: Open Delete Dialog should show record info in delete context
══╡ EXCEPTION CAUGHT BY FLUTTER TEST FRAMEWORK ╞════════════════════════════════════════════════════
The following TestFailure was thrown running a test:
Expected: exactly one matching candidate
  Actual: _TextWidgetFinder:<Found 0 widgets with text "70.5": []>
   Which: means none were found but one was expected

When the exception was thrown, this was the stack:
#4      main.<anonymous closure>.<anonymous closure>.<anonymous closure> (file:///Users/pro16/Desktop/project/n06/test/features/tracking/presentation/sheets/record_detail_sheet_test.dart:279:9)
<asynchronous suspension>
#5      testWidgets.<anonymous closure>.<anonymous closure> (package:flutter_test/src/widget_tester.dart:192:15)
<asynchronous suspension>
#6      TestWidgetsFlutterBinding._runTestBody (package:flutter_test/src/binding.dart:1059:5)
<asynchronous suspension>
<asynchronous suspension>
(elided one frame from package:stack_trace)

This was caught by the test expectation on the following line:
  file:///Users/pro16/Desktop/project/n06/test/features/tracking/presentation/sheets/record_detail_sheet_test.dart line 279
The test description was:
  should show record info in delete context
════════════════════════════════════════════════════════════════════════════════════════════════════
00:09 +300 ~1 -113: /Users/pro16/Desktop/project/n06/test/features/tracking/presentation/screens/symptom_record_screen_test.dart: SymptomRecordScreen TC-SRS-01: Screen Rendering should render SymptomRecordScreen [E]
  Test failed. See exception logs above.
  The test description was: should render SymptomRecordScreen
  
00:09 +300 ~1 -113: /Users/pro16/Desktop/project/n06/test/features/tracking/presentation/sheets/record_detail_sheet_test.dart: RecordDetailSheet TC-RDS-03: Open Delete Dialog should show record info in delete context [E]
  Test failed. See exception logs above.
  The test description was: should show record info in delete context
  

To run this test again: /opt/homebrew/share/flutter/bin/cache/dart-sdk/bin/dart test /Users/pro16/Desktop/project/n06/test/features/tracking/presentation/sheets/record_detail_sheet_test.dart -p vm --plain-name 'RecordDetailSheet TC-RDS-03: Open Delete Dialog should show record info in delete context'
00:09 +301 ~1 -113: /Users/pro16/Desktop/project/n06/test/features/tracking/presentation/widgets/date_selection_widget_test.dart: ... Quick Button Rendering should render quick date buttons          00:09 +301 ~1 -113: /Users/pro16/Desktop/project/n06/test/features/tracking/presentation/sheets/record_detail_sheet_test.dart: RecordDetailSheet TC-RDS-03: Open Delete Dialog should allow delete action for dose records
══╡ EXCEPTION CAUGHT BY FLUTTER TEST FRAMEWORK ╞════════════════════════════════════════════════════
The following ArgumentError was thrown running a test:
Invalid argument(s): Invalid injection site. Must be one of: abdomen, thigh, arm

When the exception was thrown, this was the stack:
#0      DoseRecord._validate (package:n06/features/tracking/domain/entities/dose_record.dart:43:7)
#1      new DoseRecord (package:n06/features/tracking/domain/entities/dose_record.dart:27:5)
#2      main.<anonymous closure>.<anonymous closure>.<anonymous closure> (file:///Users/pro16/Desktop/project/n06/test/features/tracking/presentation/sheets/record_detail_sheet_test.dart:309:28)
#3      testWidgets.<anonymous closure>.<anonymous closure> (package:flutter_test/src/widget_tester.dart:192:29)
<asynchronous suspension>
#4      TestWidgetsFlutterBinding._runTestBody (package:flutter_test/src/binding.dart:1059:5)
<asynchronous suspension>
<asynchronous suspension>
(elided one frame from package:stack_trace)

The test description was:
  should allow delete action for dose records
════════════════════════════════════════════════════════════════════════════════════════════════════
00:09 +301 ~1 -114: /Users/pro16/Desktop/project/n06/test/features/tracking/presentation/sheets/record_detail_sheet_test.dart: RecordDetailSheet TC-RDS-03: Open Delete Dialog should allow delete action for dose records [E]
  Test failed. See exception logs above.
  The test description was: should allow delete action for dose records
  

To run this test again: /opt/homebrew/share/flutter/bin/cache/dart-sdk/bin/dart test /Users/pro16/Desktop/project/n06/test/features/tracking/presentation/sheets/record_detail_sheet_test.dart -p vm --plain-name 'RecordDetailSheet TC-RDS-03: Open Delete Dialog should allow delete action for dose records'
00:09 +302 ~1 -114: /Users/pro16/Desktop/project/n06/test/features/tracking/presentation/widgets/date_selection_widget_test.dart: ... Quick Button Rendering should render quick date buttons          
To run this test again: /opt/homebrew/share/flutter/bin/cache/dart-sdk/bin/dart test /Users/pro16/Desktop/project/n06/test/features/tracking/presentation/screens/symptom_record_screen_test.dart -p vm --plain-name 'SymptomRecordScreen TC-SRS-01: Screen Rendering should render SymptomRecordScreen'
00:09 +302 ~1 -114: /Users/pro16/Desktop/project/n06/test/features/tracking/presentation/dialogs/weight_edit_dialog_test.dart: WeightEditDialog TC-WED-03: Show Validation Error should show error for negative weight
══╡ EXCEPTION CAUGHT BY FLUTTER TEST FRAMEWORK ╞════════════════════════════════════════════════════
The following TestFailure was thrown running a test:
Expected: exactly one matching candidate
  Actual: _TextContainingWidgetFinder:<Found 0 widgets with text containing 양수: []>
   Which: means none were found but one was expected

When the exception was thrown, this was the stack:
#4      main.<anonymous closure>.<anonymous closure>.<anonymous closure> (file:///Users/pro16/Desktop/project/n06/test/features/tracking/presentation/dialogs/weight_edit_dialog_test.dart:232:9)
<asynchronous suspension>
#5      testWidgets.<anonymous closure>.<anonymous closure> (package:flutter_test/src/widget_tester.dart:192:15)
<asynchronous suspension>
#6      TestWidgetsFlutterBinding._runTestBody (package:flutter_test/src/binding.dart:1059:5)
<asynchronous suspension>
<asynchronous suspension>
(elided one frame from package:stack_trace)

This was caught by the test expectation on the following line:
  file:///Users/pro16/Desktop/project/n06/test/features/tracking/presentation/dialogs/weight_edit_dialog_test.dart line 232
The test description was:
  should show error for negative weight
════════════════════════════════════════════════════════════════════════════════════════════════════
00:09 +302 ~1 -115: /Users/pro16/Desktop/project/n06/test/features/tracking/presentation/dialogs/weight_edit_dialog_test.dart: WeightEditDialog TC-WED-03: Show Validation Error should show error for negative weight [E]
  Test failed. See exception logs above.
  The test description was: should show error for negative weight
  

To run this test again: /opt/homebrew/share/flutter/bin/cache/dart-sdk/bin/dart test /Users/pro16/Desktop/project/n06/test/features/tracking/presentation/dialogs/weight_edit_dialog_test.dart -p vm --plain-name 'WeightEditDialog TC-WED-03: Show Validation Error should show error for negative weight'
00:09 +303 ~1 -115: /Users/pro16/Desktop/project/n06/test/features/tracking/presentation/widgets/date_selection_widget_test.dart: ... Quick Button Rendering should render quick date buttons          00:09 +304 ~1 -115: /Users/pro16/Desktop/project/n06/test/features/tracking/presentation/widgets/input_validation_widget_test.dart: ... TC-IVW-01: Range Validation should accept valid weight 20kg    00:09 +305 ~1 -115: /Users/pro16/Desktop/project/n06/test/features/tracking/presentation/widgets/input_validation_widget_test.dart: ... TC-IVW-01: Range Validation should accept valid weight 20kg    00:09 +306 ~1 -115: /Users/pro16/Desktop/project/n06/test/features/tracking/presentation/widgets/input_validation_widget_test.dart: ... TC-IVW-01: Range Validation should accept valid weight 20kg    00:09 +307 ~1 -115: /Users/pro16/Desktop/project/n06/test/features/tracking/presentation/widgets/input_validation_widget_test.dart: ... TC-IVW-01: Range Validation should accept valid weight 20kg    00:09 +308 ~1 -115: /Users/pro16/Desktop/project/n06/test/features/tracking/presentation/widgets/input_validation_widget_test.dart: ... TC-IVW-01: Range Validation should accept valid weight 20kg    00:09 +308 ~1 -115: /Users/pro16/Desktop/project/n06/test/features/tracking/presentation/screens/symptom_record_screen_test.dart: SymptomRecordScreen TC-SRS-01: Screen Rendering should render symptom list
══╡ EXCEPTION CAUGHT BY FLUTTER TEST FRAMEWORK ╞════════════════════════════════════════════════════
The following _TypeError was thrown running a test:
type 'Null' is not a subtype of type 'Future<DateTime?>'

When the exception was thrown, this was the stack:
#0      MockTrackingRepository.getLatestDoseEscalationDate (file:///Users/pro16/Desktop/project/n06/test/features/tracking/presentation/screens/symptom_record_screen_test.dart:9:7)
#1      TrackingNotifier.getLatestDoseEscalationDate (package:n06/features/tracking/application/notifiers/tracking_notifier.dart:192:30)
#2      _SymptomRecordScreenState._loadEscalationDate (package:n06/features/tracking/presentation/screens/symptom_record_screen.dart:64:43)
#3      _SymptomRecordScreenState.initState (package:n06/features/tracking/presentation/screens/symptom_record_screen.dart:58:5)
#4      StatefulElement._firstBuild (package:flutter/src/widgets/framework.dart:5852:55)
#5      ComponentElement.mount (package:flutter/src/widgets/framework.dart:5699:5)
...     Normal element mounting (228 frames)
#233    Element.inflateWidget (package:flutter/src/widgets/framework.dart:4548:16)
#234    MultiChildRenderObjectElement.inflateWidget (package:flutter/src/widgets/framework.dart:7169:36)
#235    MultiChildRenderObjectElement.mount (package:flutter/src/widgets/framework.dart:7185:32)
...     Normal element mounting (471 frames)
#706    _UncontrolledProviderScopeElement.mount (package:flutter_riverpod/src/framework.dart:315:11)
...     Normal element mounting (9 frames)
#715    Element.inflateWidget (package:flutter/src/widgets/framework.dart:4548:16)
#716    Element.updateChild (package:flutter/src/widgets/framework.dart:3998:20)
#717    ComponentElement.performRebuild (package:flutter/src/widgets/framework.dart:5747:16)
#718    Element.rebuild (package:flutter/src/widgets/framework.dart:5435:7)
#719    ProxyElement.update (package:flutter/src/widgets/framework.dart:6051:5)
#720    _InheritedNotifierElement.update (package:flutter/src/widgets/inherited_notifier.dart:108:11)
#721    Element.updateChild (package:flutter/src/widgets/framework.dart:3982:15)
#722    ComponentElement.performRebuild (package:flutter/src/widgets/framework.dart:5747:16)
#723    StatefulElement.performRebuild (package:flutter/src/widgets/framework.dart:5884:11)
#724    Element.rebuild (package:flutter/src/widgets/framework.dart:5435:7)
#725    StatefulElement.update (package:flutter/src/widgets/framework.dart:5909:5)
#726    Element.updateChild (package:flutter/src/widgets/framework.dart:3982:15)
#727    ComponentElement.performRebuild (package:flutter/src/widgets/framework.dart:5747:16)
#728    Element.rebuild (package:flutter/src/widgets/framework.dart:5435:7)
#729    ProxyElement.update (package:flutter/src/widgets/framework.dart:6051:5)
#730    _InheritedNotifierElement.update (package:flutter/src/widgets/inherited_notifier.dart:108:11)
#731    Element.updateChild (package:flutter/src/widgets/framework.dart:3982:15)
#732    ComponentElement.performRebuild (package:flutter/src/widgets/framework.dart:5747:16)
#733    StatefulElement.performRebuild (package:flutter/src/widgets/framework.dart:5884:11)
#734    Element.rebuild (package:flutter/src/widgets/framework.dart:5435:7)
#735    StatefulElement.update (package:flutter/src/widgets/framework.dart:5909:5)
#736    Element.updateChild (package:flutter/src/widgets/framework.dart:3982:15)
#737    ComponentElement.performRebuild (package:flutter/src/widgets/framework.dart:5747:16)
#738    StatefulElement.performRebuild (package:flutter/src/widgets/framework.dart:5884:11)
#739    Element.rebuild (package:flutter/src/widgets/framework.dart:5435:7)
#740    StatefulElement.update (package:flutter/src/widgets/framework.dart:5909:5)
#741    Element.updateChild (package:flutter/src/widgets/framework.dart:3982:15)
#742    ComponentElement.performRebuild (package:flutter/src/widgets/framework.dart:5747:16)
#743    Element.rebuild (package:flutter/src/widgets/framework.dart:5435:7)
#744    ProxyElement.update (package:flutter/src/widgets/framework.dart:6051:5)
#745    Element.updateChild (package:flutter/src/widgets/framework.dart:3982:15)
#746    ComponentElement.performRebuild (package:flutter/src/widgets/framework.dart:5747:16)
#747    StatefulElement.performRebuild (package:flutter/src/widgets/framework.dart:5884:11)
#748    Element.rebuild (package:flutter/src/widgets/framework.dart:5435:7)
#749    StatefulElement.update (package:flutter/src/widgets/framework.dart:5909:5)
#750    Element.updateChild (package:flutter/src/widgets/framework.dart:3982:15)
#751    ComponentElement.performRebuild (package:flutter/src/widgets/framework.dart:5747:16)
#752    Element.rebuild (package:flutter/src/widgets/framework.dart:5435:7)
#753    ProxyElement.update (package:flutter/src/widgets/framework.dart:6051:5)
#754    Element.updateChild (package:flutter/src/widgets/framework.dart:3982:15)
#755    ComponentElement.performRebuild (package:flutter/src/widgets/framework.dart:5747:16)
#756    Element.rebuild (package:flutter/src/widgets/framework.dart:5435:7)
#757    ProxyElement.update (package:flutter/src/widgets/framework.dart:6051:5)
#758    Element.updateChild (package:flutter/src/widgets/framework.dart:3982:15)
#759    _RawViewElement._updateChild (package:flutter/src/widgets/view.dart:481:16)
#760    _RawViewElement.update (package:flutter/src/widgets/view.dart:568:5)
#761    Element.updateChild (package:flutter/src/widgets/framework.dart:3982:15)
#762    ComponentElement.performRebuild (package:flutter/src/widgets/framework.dart:5747:16)
#763    Element.rebuild (package:flutter/src/widgets/framework.dart:5435:7)
#764    StatelessElement.update (package:flutter/src/widgets/framework.dart:5797:5)
#765    Element.updateChild (package:flutter/src/widgets/framework.dart:3982:15)
#766    ComponentElement.performRebuild (package:flutter/src/widgets/framework.dart:5747:16)
#767    StatefulElement.performRebuild (package:flutter/src/widgets/framework.dart:5884:11)
#768    Element.rebuild (package:flutter/src/widgets/framework.dart:5435:7)
#769    StatefulElement.update (package:flutter/src/widgets/framework.dart:5909:5)
#770    Element.updateChild (package:flutter/src/widgets/framework.dart:3982:15)
#771    RootElement._rebuild (package:flutter/src/widgets/binding.dart:1716:16)
#772    RootElement.update (package:flutter/src/widgets/binding.dart:1694:5)
#773    RootElement.performRebuild (package:flutter/src/widgets/binding.dart:1708:7)
#774    Element.rebuild (package:flutter/src/widgets/framework.dart:5435:7)
#775    BuildScope._tryRebuild (package:flutter/src/widgets/framework.dart:2695:15)
#776    BuildScope._flushDirtyElements (package:flutter/src/widgets/framework.dart:2752:11)
#777    BuildOwner.buildScope (package:flutter/src/widgets/framework.dart:3056:18)
#778    AutomatedTestWidgetsFlutterBinding.drawFrame (package:flutter_test/src/binding.dart:1506:19)
#779    RendererBinding._handlePersistentFrameCallback (package:flutter/src/rendering/binding.dart:495:5)
#780    SchedulerBinding._invokeFrameCallback (package:flutter/src/scheduler/binding.dart:1434:15)
#781    SchedulerBinding.handleDrawFrame (package:flutter/src/scheduler/binding.dart:1347:9)
#782    AutomatedTestWidgetsFlutterBinding.pump.<anonymous closure> (package:flutter_test/src/binding.dart:1335:9)
#785    TestAsyncUtils.guard (package:flutter_test/src/test_async_utils.dart:74:41)
#786    AutomatedTestWidgetsFlutterBinding.pump (package:flutter_test/src/binding.dart:1324:27)
#787    WidgetTester.pumpWidget.<anonymous closure> (package:flutter_test/src/widget_tester.dart:598:22)
#790    TestAsyncUtils.guard (package:flutter_test/src/test_async_utils.dart:74:41)
#791    WidgetTester.pumpWidget (package:flutter_test/src/widget_tester.dart:595:27)
#792    main.<anonymous closure>.<anonymous closure>.<anonymous closure> (file:///Users/pro16/Desktop/project/n06/test/features/tracking/presentation/screens/symptom_record_screen_test.dart:56:22)
#793    testWidgets.<anonymous closure>.<anonymous closure> (package:flutter_test/src/widget_tester.dart:192:29)
<asynchronous suspension>
#794    TestWidgetsFlutterBinding._runTestBody (package:flutter_test/src/binding.dart:1059:5)
<asynchronous suspension>
<asynchronous suspension>
(elided 5 frames from dart:async and package:stack_trace)

The test description was:
  should render symptom list
════════════════════════════════════════════════════════════════════════════════════════════════════
00:09 +308 ~1 -116: /Users/pro16/Desktop/project/n06/test/features/tracking/presentation/screens/symptom_record_screen_test.dart: SymptomRecordScreen TC-SRS-01: Screen Rendering should render symptom list [E]
  Test failed. See exception logs above.
  The test description was: should render symptom list
  
00:09 +309 ~1 -116: /Users/pro16/Desktop/project/n06/test/features/tracking/presentation/widgets/input_validation_widget_test.dart: ... TC-IVW-01: Range Validation should accept valid weight 20kg    
To run this test again: /opt/homebrew/share/flutter/bin/cache/dart-sdk/bin/dart test /Users/pro16/Desktop/project/n06/test/features/tracking/presentation/screens/symptom_record_screen_test.dart -p vm --plain-name 'SymptomRecordScreen TC-SRS-01: Screen Rendering should render symptom list'
00:09 +310 ~1 -116: /Users/pro16/Desktop/project/n06/test/features/tracking/presentation/widgets/input_validation_widget_test.dart: ... TC-IVW-01: Range Validation should accept valid weight 20kg    00:10 +310 ~1 -116: /Users/pro16/Desktop/project/n06/test/features/tracking/presentation/widgets/input_validation_widget_test.dart: ... TC-IVW-01: Range Validation should accept valid weight 20kg    00:10 +311 ~1 -116: /Users/pro16/Desktop/project/n06/test/features/tracking/presentation/widgets/input_validation_widget_test.dart: ... TC-IVW-01: Range Validation should accept valid weight 20kg    00:10 +312 ~1 -116: /Users/pro16/Desktop/project/n06/test/features/tracking/presentation/widgets/input_validation_widget_test.dart: ... TC-IVW-01: Range Validation should accept valid weight 20kg    00:10 +313 ~1 -116: /Users/pro16/Desktop/project/n06/test/features/tracking/presentation/widgets/input_validation_widget_test.dart: ... TC-IVW-01: Range Validation should accept valid weight 20kg    00:10 +314 ~1 -116: /Users/pro16/Desktop/project/n06/test/features/tracking/presentation/widgets/input_validation_widget_test.dart: ... TC-IVW-01: Range Validation should accept valid weight 20kg    00:10 +315 ~1 -116: /Users/pro16/Desktop/project/n06/test/features/tracking/presentation/widgets/input_validation_widget_test.dart: ... TC-IVW-01: Range Validation should accept valid weight 20kg    00:10 +315 ~1 -116: /Users/pro16/Desktop/project/n06/test/features/tracking/presentation/widgets/input_validation_widget_test.dart: InputValidationWidget TC-IVW-01: Range Validation should accept valid weight 20kg
══╡ EXCEPTION CAUGHT BY FLUTTER TEST FRAMEWORK ╞════════════════════════════════════════════════════
The following TestFailure was thrown running a test:
Expected: exactly one matching candidate
  Actual: _IconWidgetFinder:<Found 0 widgets with icon "IconData(U+0E156)": []>
   Which: means none were found but one was expected

When the exception was thrown, this was the stack:
#4      main.<anonymous closure>.<anonymous closure>.<anonymous closure> (file:///Users/pro16/Desktop/project/n06/test/features/tracking/presentation/widgets/input_validation_widget_test.dart:31:9)
<asynchronous suspension>
#5      testWidgets.<anonymous closure>.<anonymous closure> (package:flutter_test/src/widget_tester.dart:192:15)
<asynchronous suspension>
#6      TestWidgetsFlutterBinding._runTestBody (package:flutter_test/src/binding.dart:1059:5)
<asynchronous suspension>
<asynchronous suspension>
(elided one frame from package:stack_trace)

This was caught by the test expectation on the following line:
  file:///Users/pro16/Desktop/project/n06/test/features/tracking/presentation/widgets/input_validation_widget_test.dart line 31
The test description was:
  should accept valid weight 20kg
════════════════════════════════════════════════════════════════════════════════════════════════════
00:10 +315 ~1 -117: /Users/pro16/Desktop/project/n06/test/features/tracking/presentation/widgets/input_validation_widget_test.dart: InputValidationWidget TC-IVW-01: Range Validation should accept valid weight 20kg [E]
  Test failed. See exception logs above.
  The test description was: should accept valid weight 20kg
  

To run this test again: /opt/homebrew/share/flutter/bin/cache/dart-sdk/bin/dart test /Users/pro16/Desktop/project/n06/test/features/tracking/presentation/widgets/input_validation_widget_test.dart -p vm --plain-name 'InputValidationWidget TC-IVW-01: Range Validation should accept valid weight 20kg'
00:10 +316 ~1 -117: /Users/pro16/Desktop/project/n06/test/features/tracking/presentation/screens/symptom_record_screen_test.dart: ... TC-SRS-01: Screen Rendering should render severity slider        00:10 +316 ~1 -117: /Users/pro16/Desktop/project/n06/test/features/tracking/presentation/screens/symptom_record_screen_test.dart: SymptomRecordScreen TC-SRS-01: Screen Rendering should render severity slider
══╡ EXCEPTION CAUGHT BY FLUTTER TEST FRAMEWORK ╞════════════════════════════════════════════════════
The following _TypeError was thrown running a test:
type 'Null' is not a subtype of type 'Future<DateTime?>'

When the exception was thrown, this was the stack:
#0      MockTrackingRepository.getLatestDoseEscalationDate (file:///Users/pro16/Desktop/project/n06/test/features/tracking/presentation/screens/symptom_record_screen_test.dart:9:7)
#1      TrackingNotifier.getLatestDoseEscalationDate (package:n06/features/tracking/application/notifiers/tracking_notifier.dart:192:30)
#2      _SymptomRecordScreenState._loadEscalationDate (package:n06/features/tracking/presentation/screens/symptom_record_screen.dart:64:43)
#3      _SymptomRecordScreenState.initState (package:n06/features/tracking/presentation/screens/symptom_record_screen.dart:58:5)
#4      StatefulElement._firstBuild (package:flutter/src/widgets/framework.dart:5852:55)
#5      ComponentElement.mount (package:flutter/src/widgets/framework.dart:5699:5)
...     Normal element mounting (228 frames)
#233    Element.inflateWidget (package:flutter/src/widgets/framework.dart:4548:16)
#234    MultiChildRenderObjectElement.inflateWidget (package:flutter/src/widgets/framework.dart:7169:36)
#235    MultiChildRenderObjectElement.mount (package:flutter/src/widgets/framework.dart:7185:32)
...     Normal element mounting (471 frames)
#706    _UncontrolledProviderScopeElement.mount (package:flutter_riverpod/src/framework.dart:315:11)
...     Normal element mounting (9 frames)
#715    Element.inflateWidget (package:flutter/src/widgets/framework.dart:4548:16)
#716    Element.updateChild (package:flutter/src/widgets/framework.dart:3998:20)
#717    ComponentElement.performRebuild (package:flutter/src/widgets/framework.dart:5747:16)
#718    Element.rebuild (package:flutter/src/widgets/framework.dart:5435:7)
#719    ProxyElement.update (package:flutter/src/widgets/framework.dart:6051:5)
#720    _InheritedNotifierElement.update (package:flutter/src/widgets/inherited_notifier.dart:108:11)
#721    Element.updateChild (package:flutter/src/widgets/framework.dart:3982:15)
#722    ComponentElement.performRebuild (package:flutter/src/widgets/framework.dart:5747:16)
#723    StatefulElement.performRebuild (package:flutter/src/widgets/framework.dart:5884:11)
#724    Element.rebuild (package:flutter/src/widgets/framework.dart:5435:7)
#725    StatefulElement.update (package:flutter/src/widgets/framework.dart:5909:5)
#726    Element.updateChild (package:flutter/src/widgets/framework.dart:3982:15)
#727    ComponentElement.performRebuild (package:flutter/src/widgets/framework.dart:5747:16)
#728    Element.rebuild (package:flutter/src/widgets/framework.dart:5435:7)
#729    ProxyElement.update (package:flutter/src/widgets/framework.dart:6051:5)
#730    _InheritedNotifierElement.update (package:flutter/src/widgets/inherited_notifier.dart:108:11)
#731    Element.updateChild (package:flutter/src/widgets/framework.dart:3982:15)
#732    ComponentElement.performRebuild (package:flutter/src/widgets/framework.dart:5747:16)
#733    StatefulElement.performRebuild (package:flutter/src/widgets/framework.dart:5884:11)
#734    Element.rebuild (package:flutter/src/widgets/framework.dart:5435:7)
#735    StatefulElement.update (package:flutter/src/widgets/framework.dart:5909:5)
#736    Element.updateChild (package:flutter/src/widgets/framework.dart:3982:15)
#737    ComponentElement.performRebuild (package:flutter/src/widgets/framework.dart:5747:16)
#738    StatefulElement.performRebuild (package:flutter/src/widgets/framework.dart:5884:11)
#739    Element.rebuild (package:flutter/src/widgets/framework.dart:5435:7)
#740    StatefulElement.update (package:flutter/src/widgets/framework.dart:5909:5)
#741    Element.updateChild (package:flutter/src/widgets/framework.dart:3982:15)
#742    ComponentElement.performRebuild (package:flutter/src/widgets/framework.dart:5747:16)
#743    Element.rebuild (package:flutter/src/widgets/framework.dart:5435:7)
#744    ProxyElement.update (package:flutter/src/widgets/framework.dart:6051:5)
#745    Element.updateChild (package:flutter/src/widgets/framework.dart:3982:15)
#746    ComponentElement.performRebuild (package:flutter/src/widgets/framework.dart:5747:16)
#747    StatefulElement.performRebuild (package:flutter/src/widgets/framework.dart:5884:11)
#748    Element.rebuild (package:flutter/src/widgets/framework.dart:5435:7)
#749    StatefulElement.update (package:flutter/src/widgets/framework.dart:5909:5)
#750    Element.updateChild (package:flutter/src/widgets/framework.dart:3982:15)
#751    ComponentElement.performRebuild (package:flutter/src/widgets/framework.dart:5747:16)
#752    Element.rebuild (package:flutter/src/widgets/framework.dart:5435:7)
#753    ProxyElement.update (package:flutter/src/widgets/framework.dart:6051:5)
#754    Element.updateChild (package:flutter/src/widgets/framework.dart:3982:15)
#755    ComponentElement.performRebuild (package:flutter/src/widgets/framework.dart:5747:16)
#756    Element.rebuild (package:flutter/src/widgets/framework.dart:5435:7)
#757    ProxyElement.update (package:flutter/src/widgets/framework.dart:6051:5)
#758    Element.updateChild (package:flutter/src/widgets/framework.dart:3982:15)
#759    _RawViewElement._updateChild (package:flutter/src/widgets/view.dart:481:16)
#760    _RawViewElement.update (package:flutter/src/widgets/view.dart:568:5)
#761    Element.updateChild (package:flutter/src/widgets/framework.dart:3982:15)
#762    ComponentElement.performRebuild (package:flutter/src/widgets/framework.dart:5747:16)
#763    Element.rebuild (package:flutter/src/widgets/framework.dart:5435:7)
#764    StatelessElement.update (package:flutter/src/widgets/framework.dart:5797:5)
#765    Element.updateChild (package:flutter/src/widgets/framework.dart:3982:15)
#766    ComponentElement.performRebuild (package:flutter/src/widgets/framework.dart:5747:16)
#767    StatefulElement.performRebuild (package:flutter/src/widgets/framework.dart:5884:11)
#768    Element.rebuild (package:flutter/src/widgets/framework.dart:5435:7)
#769    StatefulElement.update (package:flutter/src/widgets/framework.dart:5909:5)
#770    Element.updateChild (package:flutter/src/widgets/framework.dart:3982:15)
#771    RootElement._rebuild (package:flutter/src/widgets/binding.dart:1716:16)
#772    RootElement.update (package:flutter/src/widgets/binding.dart:1694:5)
#773    RootElement.performRebuild (package:flutter/src/widgets/binding.dart:1708:7)
#774    Element.rebuild (package:flutter/src/widgets/framework.dart:5435:7)
#775    BuildScope._tryRebuild (package:flutter/src/widgets/framework.dart:2695:15)
#776    BuildScope._flushDirtyElements (package:flutter/src/widgets/framework.dart:2752:11)
#777    BuildOwner.buildScope (package:flutter/src/widgets/framework.dart:3056:18)
#778    AutomatedTestWidgetsFlutterBinding.drawFrame (package:flutter_test/src/binding.dart:1506:19)
#779    RendererBinding._handlePersistentFrameCallback (package:flutter/src/rendering/binding.dart:495:5)
#780    SchedulerBinding._invokeFrameCallback (package:flutter/src/scheduler/binding.dart:1434:15)
#781    SchedulerBinding.handleDrawFrame (package:flutter/src/scheduler/binding.dart:1347:9)
#782    AutomatedTestWidgetsFlutterBinding.pump.<anonymous closure> (package:flutter_test/src/binding.dart:1335:9)
#785    TestAsyncUtils.guard (package:flutter_test/src/test_async_utils.dart:74:41)
#786    AutomatedTestWidgetsFlutterBinding.pump (package:flutter_test/src/binding.dart:1324:27)
#787    WidgetTester.pumpWidget.<anonymous closure> (package:flutter_test/src/widget_tester.dart:598:22)
#790    TestAsyncUtils.guard (package:flutter_test/src/test_async_utils.dart:74:41)
#791    WidgetTester.pumpWidget (package:flutter_test/src/widget_tester.dart:595:27)
#792    main.<anonymous closure>.<anonymous closure>.<anonymous closure> (file:///Users/pro16/Desktop/project/n06/test/features/tracking/presentation/screens/symptom_record_screen_test.dart:76:22)
#793    testWidgets.<anonymous closure>.<anonymous closure> (package:flutter_test/src/widget_tester.dart:192:29)
<asynchronous suspension>
#794    TestWidgetsFlutterBinding._runTestBody (package:flutter_test/src/binding.dart:1059:5)
<asynchronous suspension>
<asynchronous suspension>
(elided 5 frames from dart:async and package:stack_trace)

The test description was:
  should render severity slider
════════════════════════════════════════════════════════════════════════════════════════════════════
00:10 +316 ~1 -118: /Users/pro16/Desktop/project/n06/test/features/tracking/presentation/screens/symptom_record_screen_test.dart: SymptomRecordScreen TC-SRS-01: Screen Rendering should render severity slider [E]
  Test failed. See exception logs above.
  The test description was: should render severity slider
  

To run this test again: /opt/homebrew/share/flutter/bin/cache/dart-sdk/bin/dart test /Users/pro16/Desktop/project/n06/test/features/tracking/presentation/screens/symptom_record_screen_test.dart -p vm --plain-name 'SymptomRecordScreen TC-SRS-01: Screen Rendering should render severity slider'
00:10 +317 ~1 -118: /Users/pro16/Desktop/project/n06/test/features/tracking/presentation/dialogs/symptom_edit_dialog_test.dart: ... Dashboard on Save should maintain severity within valid range      00:10 +317 ~1 -118: /Users/pro16/Desktop/project/n06/test/features/tracking/presentation/dialogs/symptom_edit_dialog_test.dart: SymptomEditDialog TC-SED-03: Invalidate Dashboard on Save should maintain severity within valid range
══╡ EXCEPTION CAUGHT BY FLUTTER TEST FRAMEWORK ╞════════════════════════════════════════════════════
The following TestFailure was thrown running a test:
Expected: at least one matching candidate
  Actual: _TextWidgetFinder:<Found 0 widgets with text "7": []>
   Which: means none were found but some were expected

When the exception was thrown, this was the stack:
#4      main.<anonymous closure>.<anonymous closure>.<anonymous closure> (file:///Users/pro16/Desktop/project/n06/test/features/tracking/presentation/dialogs/symptom_edit_dialog_test.dart:267:9)
<asynchronous suspension>
#5      testWidgets.<anonymous closure>.<anonymous closure> (package:flutter_test/src/widget_tester.dart:192:15)
<asynchronous suspension>
#6      TestWidgetsFlutterBinding._runTestBody (package:flutter_test/src/binding.dart:1059:5)
<asynchronous suspension>
<asynchronous suspension>
(elided one frame from package:stack_trace)

This was caught by the test expectation on the following line:
  file:///Users/pro16/Desktop/project/n06/test/features/tracking/presentation/dialogs/symptom_edit_dialog_test.dart line 267
The test description was:
  should maintain severity within valid range
════════════════════════════════════════════════════════════════════════════════════════════════════
00:10 +317 ~1 -119: /Users/pro16/Desktop/project/n06/test/features/tracking/presentation/dialogs/symptom_edit_dialog_test.dart: SymptomEditDialog TC-SED-03: Invalidate Dashboard on Save should maintain severity within valid range [E]
  Test failed. See exception logs above.
  The test description was: should maintain severity within valid range
  

To run this test again: /opt/homebrew/share/flutter/bin/cache/dart-sdk/bin/dart test /Users/pro16/Desktop/project/n06/test/features/tracking/presentation/dialogs/symptom_edit_dialog_test.dart -p vm --plain-name 'SymptomEditDialog TC-SED-03: Invalidate Dashboard on Save should maintain severity within valid range'
00:10 +317 ~1 -119: /Users/pro16/Desktop/project/n06/test/features/tracking/presentation/widgets/input_validation_widget_test.dart: InputValidationWidget TC-IVW-01: Range Validation should accept valid weight 75.5kg
══╡ EXCEPTION CAUGHT BY FLUTTER TEST FRAMEWORK ╞════════════════════════════════════════════════════
The following TestFailure was thrown running a test:
Expected: exactly one matching candidate
  Actual: _IconWidgetFinder:<Found 0 widgets with icon "IconData(U+0E156)": []>
   Which: means none were found but one was expected

When the exception was thrown, this was the stack:
#4      main.<anonymous closure>.<anonymous closure>.<anonymous closure> (file:///Users/pro16/Desktop/project/n06/test/features/tracking/presentation/widgets/input_validation_widget_test.dart:57:9)
<asynchronous suspension>
#5      testWidgets.<anonymous closure>.<anonymous closure> (package:flutter_test/src/widget_tester.dart:192:15)
<asynchronous suspension>
#6      TestWidgetsFlutterBinding._runTestBody (package:flutter_test/src/binding.dart:1059:5)
<asynchronous suspension>
<asynchronous suspension>
(elided one frame from package:stack_trace)

This was caught by the test expectation on the following line:
  file:///Users/pro16/Desktop/project/n06/test/features/tracking/presentation/widgets/input_validation_widget_test.dart line 57
The test description was:
  should accept valid weight 75.5kg
════════════════════════════════════════════════════════════════════════════════════════════════════
00:10 +317 ~1 -120: /Users/pro16/Desktop/project/n06/test/features/tracking/presentation/widgets/input_validation_widget_test.dart: InputValidationWidget TC-IVW-01: Range Validation should accept valid weight 75.5kg [E]
  Test failed. See exception logs above.
  The test description was: should accept valid weight 75.5kg
  

To run this test again: /opt/homebrew/share/flutter/bin/cache/dart-sdk/bin/dart test /Users/pro16/Desktop/project/n06/test/features/tracking/presentation/widgets/input_validation_widget_test.dart -p vm --plain-name 'InputValidationWidget TC-IVW-01: Range Validation should accept valid weight 75.5kg'
00:10 +318 ~1 -120: /Users/pro16/Desktop/project/n06/test/features/tracking/presentation/widgets/date_selection_widget_test.dart: ... Selection should display calendar when calendar button is tapped 00:10 +319 ~1 -120: /Users/pro16/Desktop/project/n06/test/features/tracking/presentation/widgets/date_selection_widget_test.dart: ... Selection should display calendar when calendar button is tapped 00:10 +319 ~1 -120: /Users/pro16/Desktop/project/n06/test/features/tracking/presentation/widgets/input_validation_widget_test.dart: InputValidationWidget TC-IVW-01: Range Validation should accept valid weight 300kg
══╡ EXCEPTION CAUGHT BY FLUTTER TEST FRAMEWORK ╞════════════════════════════════════════════════════
The following TestFailure was thrown running a test:
Expected: exactly one matching candidate
  Actual: _IconWidgetFinder:<Found 0 widgets with icon "IconData(U+0E156)": []>
   Which: means none were found but one was expected

When the exception was thrown, this was the stack:
#4      main.<anonymous closure>.<anonymous closure>.<anonymous closure> (file:///Users/pro16/Desktop/project/n06/test/features/tracking/presentation/widgets/input_validation_widget_test.dart:83:9)
<asynchronous suspension>
#5      testWidgets.<anonymous closure>.<anonymous closure> (package:flutter_test/src/widget_tester.dart:192:15)
<asynchronous suspension>
#6      TestWidgetsFlutterBinding._runTestBody (package:flutter_test/src/binding.dart:1059:5)
<asynchronous suspension>
<asynchronous suspension>
(elided one frame from package:stack_trace)

This was caught by the test expectation on the following line:
  file:///Users/pro16/Desktop/project/n06/test/features/tracking/presentation/widgets/input_validation_widget_test.dart line 83
The test description was:
  should accept valid weight 300kg
════════════════════════════════════════════════════════════════════════════════════════════════════
00:10 +319 ~1 -121: /Users/pro16/Desktop/project/n06/test/features/tracking/presentation/widgets/input_validation_widget_test.dart: InputValidationWidget TC-IVW-01: Range Validation should accept valid weight 300kg [E]
  Test failed. See exception logs above.
  The test description was: should accept valid weight 300kg
  

To run this test again: /opt/homebrew/share/flutter/bin/cache/dart-sdk/bin/dart test /Users/pro16/Desktop/project/n06/test/features/tracking/presentation/widgets/input_validation_widget_test.dart -p vm --plain-name 'InputValidationWidget TC-IVW-01: Range Validation should accept valid weight 300kg'
00:10 +319 ~1 -121: /Users/pro16/Desktop/project/n06/test/features/tracking/presentation/screens/symptom_record_screen_test.dart: SymptomRecordScreen TC-SRS-02: Multiple Symptom Selection should allow selecting multiple symptoms
══╡ EXCEPTION CAUGHT BY FLUTTER TEST FRAMEWORK ╞════════════════════════════════════════════════════
The following _TypeError was thrown running a test:
type 'Null' is not a subtype of type 'Future<DateTime?>'

When the exception was thrown, this was the stack:
#0      MockTrackingRepository.getLatestDoseEscalationDate (file:///Users/pro16/Desktop/project/n06/test/features/tracking/presentation/screens/symptom_record_screen_test.dart:9:7)
#1      TrackingNotifier.getLatestDoseEscalationDate (package:n06/features/tracking/application/notifiers/tracking_notifier.dart:192:30)
#2      _SymptomRecordScreenState._loadEscalationDate (package:n06/features/tracking/presentation/screens/symptom_record_screen.dart:64:43)
#3      _SymptomRecordScreenState.initState (package:n06/features/tracking/presentation/screens/symptom_record_screen.dart:58:5)
#4      StatefulElement._firstBuild (package:flutter/src/widgets/framework.dart:5852:55)
#5      ComponentElement.mount (package:flutter/src/widgets/framework.dart:5699:5)
...     Normal element mounting (228 frames)
#233    Element.inflateWidget (package:flutter/src/widgets/framework.dart:4548:16)
#234    MultiChildRenderObjectElement.inflateWidget (package:flutter/src/widgets/framework.dart:7169:36)
#235    MultiChildRenderObjectElement.mount (package:flutter/src/widgets/framework.dart:7185:32)
...     Normal element mounting (471 frames)
#706    _UncontrolledProviderScopeElement.mount (package:flutter_riverpod/src/framework.dart:315:11)
...     Normal element mounting (9 frames)
#715    Element.inflateWidget (package:flutter/src/widgets/framework.dart:4548:16)
#716    Element.updateChild (package:flutter/src/widgets/framework.dart:3998:20)
#717    ComponentElement.performRebuild (package:flutter/src/widgets/framework.dart:5747:16)
#718    Element.rebuild (package:flutter/src/widgets/framework.dart:5435:7)
#719    ProxyElement.update (package:flutter/src/widgets/framework.dart:6051:5)
#720    _InheritedNotifierElement.update (package:flutter/src/widgets/inherited_notifier.dart:108:11)
#721    Element.updateChild (package:flutter/src/widgets/framework.dart:3982:15)
#722    ComponentElement.performRebuild (package:flutter/src/widgets/framework.dart:5747:16)
#723    StatefulElement.performRebuild (package:flutter/src/widgets/framework.dart:5884:11)
#724    Element.rebuild (package:flutter/src/widgets/framework.dart:5435:7)
#725    StatefulElement.update (package:flutter/src/widgets/framework.dart:5909:5)
#726    Element.updateChild (package:flutter/src/widgets/framework.dart:3982:15)
#727    ComponentElement.performRebuild (package:flutter/src/widgets/framework.dart:5747:16)
#728    Element.rebuild (package:flutter/src/widgets/framework.dart:5435:7)
#729    ProxyElement.update (package:flutter/src/widgets/framework.dart:6051:5)
#730    _InheritedNotifierElement.update (package:flutter/src/widgets/inherited_notifier.dart:108:11)
#731    Element.updateChild (package:flutter/src/widgets/framework.dart:3982:15)
#732    ComponentElement.performRebuild (package:flutter/src/widgets/framework.dart:5747:16)
#733    StatefulElement.performRebuild (package:flutter/src/widgets/framework.dart:5884:11)
#734    Element.rebuild (package:flutter/src/widgets/framework.dart:5435:7)
#735    StatefulElement.update (package:flutter/src/widgets/framework.dart:5909:5)
#736    Element.updateChild (package:flutter/src/widgets/framework.dart:3982:15)
#737    ComponentElement.performRebuild (package:flutter/src/widgets/framework.dart:5747:16)
#738    StatefulElement.performRebuild (package:flutter/src/widgets/framework.dart:5884:11)
#739    Element.rebuild (package:flutter/src/widgets/framework.dart:5435:7)
#740    StatefulElement.update (package:flutter/src/widgets/framework.dart:5909:5)
#741    Element.updateChild (package:flutter/src/widgets/framework.dart:3982:15)
#742    ComponentElement.performRebuild (package:flutter/src/widgets/framework.dart:5747:16)
#743    Element.rebuild (package:flutter/src/widgets/framework.dart:5435:7)
#744    ProxyElement.update (package:flutter/src/widgets/framework.dart:6051:5)
#745    Element.updateChild (package:flutter/src/widgets/framework.dart:3982:15)
#746    ComponentElement.performRebuild (package:flutter/src/widgets/framework.dart:5747:16)
#747    StatefulElement.performRebuild (package:flutter/src/widgets/framework.dart:5884:11)
#748    Element.rebuild (package:flutter/src/widgets/framework.dart:5435:7)
#749    StatefulElement.update (package:flutter/src/widgets/framework.dart:5909:5)
#750    Element.updateChild (package:flutter/src/widgets/framework.dart:3982:15)
#751    ComponentElement.performRebuild (package:flutter/src/widgets/framework.dart:5747:16)
#752    Element.rebuild (package:flutter/src/widgets/framework.dart:5435:7)
#753    ProxyElement.update (package:flutter/src/widgets/framework.dart:6051:5)
#754    Element.updateChild (package:flutter/src/widgets/framework.dart:3982:15)
#755    ComponentElement.performRebuild (package:flutter/src/widgets/framework.dart:5747:16)
#756    Element.rebuild (package:flutter/src/widgets/framework.dart:5435:7)
#757    ProxyElement.update (package:flutter/src/widgets/framework.dart:6051:5)
#758    Element.updateChild (package:flutter/src/widgets/framework.dart:3982:15)
#759    _RawViewElement._updateChild (package:flutter/src/widgets/view.dart:481:16)
#760    _RawViewElement.update (package:flutter/src/widgets/view.dart:568:5)
#761    Element.updateChild (package:flutter/src/widgets/framework.dart:3982:15)
#762    ComponentElement.performRebuild (package:flutter/src/widgets/framework.dart:5747:16)
#763    Element.rebuild (package:flutter/src/widgets/framework.dart:5435:7)
#764    StatelessElement.update (package:flutter/src/widgets/framework.dart:5797:5)
#765    Element.updateChild (package:flutter/src/widgets/framework.dart:3982:15)
#766    ComponentElement.performRebuild (package:flutter/src/widgets/framework.dart:5747:16)
#767    StatefulElement.performRebuild (package:flutter/src/widgets/framework.dart:5884:11)
#768    Element.rebuild (package:flutter/src/widgets/framework.dart:5435:7)
#769    StatefulElement.update (package:flutter/src/widgets/framework.dart:5909:5)
#770    Element.updateChild (package:flutter/src/widgets/framework.dart:3982:15)
#771    RootElement._rebuild (package:flutter/src/widgets/binding.dart:1716:16)
#772    RootElement.update (package:flutter/src/widgets/binding.dart:1694:5)
#773    RootElement.performRebuild (package:flutter/src/widgets/binding.dart:1708:7)
#774    Element.rebuild (package:flutter/src/widgets/framework.dart:5435:7)
#775    BuildScope._tryRebuild (package:flutter/src/widgets/framework.dart:2695:15)
#776    BuildScope._flushDirtyElements (package:flutter/src/widgets/framework.dart:2752:11)
#777    BuildOwner.buildScope (package:flutter/src/widgets/framework.dart:3056:18)
#778    AutomatedTestWidgetsFlutterBinding.drawFrame (package:flutter_test/src/binding.dart:1506:19)
#779    RendererBinding._handlePersistentFrameCallback (package:flutter/src/rendering/binding.dart:495:5)
#780    SchedulerBinding._invokeFrameCallback (package:flutter/src/scheduler/binding.dart:1434:15)
#781    SchedulerBinding.handleDrawFrame (package:flutter/src/scheduler/binding.dart:1347:9)
#782    AutomatedTestWidgetsFlutterBinding.pump.<anonymous closure> (package:flutter_test/src/binding.dart:1335:9)
#785    TestAsyncUtils.guard (package:flutter_test/src/test_async_utils.dart:74:41)
#786    AutomatedTestWidgetsFlutterBinding.pump (package:flutter_test/src/binding.dart:1324:27)
#787    WidgetTester.pumpWidget.<anonymous closure> (package:flutter_test/src/widget_tester.dart:598:22)
#790    TestAsyncUtils.guard (package:flutter_test/src/test_async_utils.dart:74:41)
#791    WidgetTester.pumpWidget (package:flutter_test/src/widget_tester.dart:595:27)
#792    main.<anonymous closure>.<anonymous closure>.<anonymous closure> (file:///Users/pro16/Desktop/project/n06/test/features/tracking/presentation/screens/symptom_record_screen_test.dart:92:22)
#793    testWidgets.<anonymous closure>.<anonymous closure> (package:flutter_test/src/widget_tester.dart:192:29)
<asynchronous suspension>
#794    TestWidgetsFlutterBinding._runTestBody (package:flutter_test/src/binding.dart:1059:5)
<asynchronous suspension>
<asynchronous suspension>
(elided 5 frames from dart:async and package:stack_trace)

The test description was:
  should allow selecting multiple symptoms
════════════════════════════════════════════════════════════════════════════════════════════════════
00:10 +319 ~1 -122: /Users/pro16/Desktop/project/n06/test/features/tracking/presentation/screens/symptom_record_screen_test.dart: SymptomRecordScreen TC-SRS-02: Multiple Symptom Selection should allow selecting multiple symptoms [E]
  Test failed. See exception logs above.
  The test description was: should allow selecting multiple symptoms
  
00:10 +320 ~1 -122: /Users/pro16/Desktop/project/n06/test/features/tracking/presentation/widgets/date_selection_widget_test.dart: ... Selection should display calendar when calendar button is tapped 00:10 +321 ~1 -122: /Users/pro16/Desktop/project/n06/test/features/tracking/presentation/widgets/coping_guide_widget_test.dart: ... Symptom-Specific Guides should render nausea coping guide          00:10 +321 ~1 -122: /Users/pro16/Desktop/project/n06/test/features/tracking/presentation/widgets/input_validation_widget_test.dart: InputValidationWidget TC-IVW-02: Weight Below 20kg Rejection should reject weight below 20kg
══╡ EXCEPTION CAUGHT BY FLUTTER TEST FRAMEWORK ╞════════════════════════════════════════════════════
The following TestFailure was thrown running a test:
Expected: exactly one matching candidate
  Actual: _IconWidgetFinder:<Found 0 widgets with icon "IconData(U+0E16A)": []>
   Which: means none were found but one was expected

When the exception was thrown, this was the stack:
#4      main.<anonymous closure>.<anonymous closure>.<anonymous closure> (file:///Users/pro16/Desktop/project/n06/test/features/tracking/presentation/widgets/input_validation_widget_test.dart:109:9)
<asynchronous suspension>
#5      testWidgets.<anonymous closure>.<anonymous closure> (package:flutter_test/src/widget_tester.dart:192:15)
<asynchronous suspension>
#6      TestWidgetsFlutterBinding._runTestBody (package:flutter_test/src/binding.dart:1059:5)
<asynchronous suspension>
<asynchronous suspension>
(elided one frame from package:stack_trace)

This was caught by the test expectation on the following line:
  file:///Users/pro16/Desktop/project/n06/test/features/tracking/presentation/widgets/input_validation_widget_test.dart line 109
The test description was:
  should reject weight below 20kg
════════════════════════════════════════════════════════════════════════════════════════════════════
00:10 +321 ~1 -123: /Users/pro16/Desktop/project/n06/test/features/tracking/presentation/widgets/input_validation_widget_test.dart: InputValidationWidget TC-IVW-02: Weight Below 20kg Rejection should reject weight below 20kg [E]
  Test failed. See exception logs above.
  The test description was: should reject weight below 20kg
  

To run this test again: /opt/homebrew/share/flutter/bin/cache/dart-sdk/bin/dart test /Users/pro16/Desktop/project/n06/test/features/tracking/presentation/widgets/input_validation_widget_test.dart -p vm --plain-name 'InputValidationWidget TC-IVW-02: Weight Below 20kg Rejection should reject weight below 20kg'
00:10 +322 ~1 -123: /Users/pro16/Desktop/project/n06/test/features/tracking/presentation/widgets/coping_guide_widget_test.dart: ... Symptom-Specific Guides should render nausea coping guide          00:10 +322 ~1 -123: /Users/pro16/Desktop/project/n06/test/features/tracking/presentation/widgets/input_validation_widget_test.dart: InputValidationWidget TC-IVW-02: Weight Below 20kg Rejection should reject weight 19.9kg
══╡ EXCEPTION CAUGHT BY FLUTTER TEST FRAMEWORK ╞════════════════════════════════════════════════════
The following TestFailure was thrown running a test:
Expected: exactly one matching candidate
  Actual: _IconWidgetFinder:<Found 0 widgets with icon "IconData(U+0E16A)": []>
   Which: means none were found but one was expected

When the exception was thrown, this was the stack:
#4      main.<anonymous closure>.<anonymous closure>.<anonymous closure> (file:///Users/pro16/Desktop/project/n06/test/features/tracking/presentation/widgets/input_validation_widget_test.dart:134:9)
<asynchronous suspension>
#5      testWidgets.<anonymous closure>.<anonymous closure> (package:flutter_test/src/widget_tester.dart:192:15)
<asynchronous suspension>
#6      TestWidgetsFlutterBinding._runTestBody (package:flutter_test/src/binding.dart:1059:5)
<asynchronous suspension>
<asynchronous suspension>
(elided one frame from package:stack_trace)

This was caught by the test expectation on the following line:
  file:///Users/pro16/Desktop/project/n06/test/features/tracking/presentation/widgets/input_validation_widget_test.dart line 134
The test description was:
  should reject weight 19.9kg
════════════════════════════════════════════════════════════════════════════════════════════════════
00:10 +322 ~1 -124: /Users/pro16/Desktop/project/n06/test/features/tracking/presentation/widgets/input_validation_widget_test.dart: InputValidationWidget TC-IVW-02: Weight Below 20kg Rejection should reject weight 19.9kg [E]
  Test failed. See exception logs above.
  The test description was: should reject weight 19.9kg
  

To run this test again: /opt/homebrew/share/flutter/bin/cache/dart-sdk/bin/dart test /Users/pro16/Desktop/project/n06/test/features/tracking/presentation/widgets/input_validation_widget_test.dart -p vm --plain-name 'InputValidationWidget TC-IVW-02: Weight Below 20kg Rejection should reject weight 19.9kg'
00:10 +323 ~1 -124: /Users/pro16/Desktop/project/n06/test/features/tracking/presentation/widgets/coping_guide_widget_test.dart: ... Symptom-Specific Guides should render nausea coping guide          00:10 +324 ~1 -124: /Users/pro16/Desktop/project/n06/test/features/tracking/presentation/widgets/coping_guide_widget_test.dart: ... Symptom-Specific Guides should render nausea coping guide          
To run this test again: /opt/homebrew/share/flutter/bin/cache/dart-sdk/bin/dart test /Users/pro16/Desktop/project/n06/test/features/tracking/presentation/screens/symptom_record_screen_test.dart -p vm --plain-name 'SymptomRecordScreen TC-SRS-02: Multiple Symptom Selection should allow selecting multiple symptoms'
00:10 +324 ~1 -124: /Users/pro16/Desktop/project/n06/test/features/tracking/presentation/widgets/input_validation_widget_test.dart: InputValidationWidget TC-IVW-03: Weight Above 300kg Rejection should reject weight above 300kg
══╡ EXCEPTION CAUGHT BY FLUTTER TEST FRAMEWORK ╞════════════════════════════════════════════════════
The following TestFailure was thrown running a test:
Expected: exactly one matching candidate
  Actual: _IconWidgetFinder:<Found 0 widgets with icon "IconData(U+0E16A)": []>
   Which: means none were found but one was expected

When the exception was thrown, this was the stack:
#4      main.<anonymous closure>.<anonymous closure>.<anonymous closure> (file:///Users/pro16/Desktop/project/n06/test/features/tracking/presentation/widgets/input_validation_widget_test.dart:161:9)
<asynchronous suspension>
#5      testWidgets.<anonymous closure>.<anonymous closure> (package:flutter_test/src/widget_tester.dart:192:15)
<asynchronous suspension>
#6      TestWidgetsFlutterBinding._runTestBody (package:flutter_test/src/binding.dart:1059:5)
<asynchronous suspension>
<asynchronous suspension>
(elided one frame from package:stack_trace)

This was caught by the test expectation on the following line:
  file:///Users/pro16/Desktop/project/n06/test/features/tracking/presentation/widgets/input_validation_widget_test.dart line 161
The test description was:
  should reject weight above 300kg
════════════════════════════════════════════════════════════════════════════════════════════════════
00:10 +324 ~1 -125: /Users/pro16/Desktop/project/n06/test/features/tracking/presentation/widgets/input_validation_widget_test.dart: InputValidationWidget TC-IVW-03: Weight Above 300kg Rejection should reject weight above 300kg [E]
  Test failed. See exception logs above.
  The test description was: should reject weight above 300kg
  

To run this test again: /opt/homebrew/share/flutter/bin/cache/dart-sdk/bin/dart test /Users/pro16/Desktop/project/n06/test/features/tracking/presentation/widgets/input_validation_widget_test.dart -p vm --plain-name 'InputValidationWidget TC-IVW-03: Weight Above 300kg Rejection should reject weight above 300kg'
00:10 +324 ~1 -125: /Users/pro16/Desktop/project/n06/test/features/tracking/presentation/widgets/input_validation_widget_test.dart: InputValidationWidget TC-IVW-03: Weight Above 300kg Rejection should reject weight 300.1kg
══╡ EXCEPTION CAUGHT BY FLUTTER TEST FRAMEWORK ╞════════════════════════════════════════════════════
The following TestFailure was thrown running a test:
Expected: exactly one matching candidate
  Actual: _IconWidgetFinder:<Found 0 widgets with icon "IconData(U+0E16A)": []>
   Which: means none were found but one was expected

When the exception was thrown, this was the stack:
#4      main.<anonymous closure>.<anonymous closure>.<anonymous closure> (file:///Users/pro16/Desktop/project/n06/test/features/tracking/presentation/widgets/input_validation_widget_test.dart:186:9)
<asynchronous suspension>
#5      testWidgets.<anonymous closure>.<anonymous closure> (package:flutter_test/src/widget_tester.dart:192:15)
<asynchronous suspension>
#6      TestWidgetsFlutterBinding._runTestBody (package:flutter_test/src/binding.dart:1059:5)
<asynchronous suspension>
<asynchronous suspension>
(elided one frame from package:stack_trace)

This was caught by the test expectation on the following line:
  file:///Users/pro16/Desktop/project/n06/test/features/tracking/presentation/widgets/input_validation_widget_test.dart line 186
The test description was:
  should reject weight 300.1kg
════════════════════════════════════════════════════════════════════════════════════════════════════
00:10 +324 ~1 -126: /Users/pro16/Desktop/project/n06/test/features/tracking/presentation/widgets/input_validation_widget_test.dart: InputValidationWidget TC-IVW-03: Weight Above 300kg Rejection should reject weight 300.1kg [E]
  Test failed. See exception logs above.
  The test description was: should reject weight 300.1kg
  

To run this test again: /opt/homebrew/share/flutter/bin/cache/dart-sdk/bin/dart test /Users/pro16/Desktop/project/n06/test/features/tracking/presentation/widgets/input_validation_widget_test.dart -p vm --plain-name 'InputValidationWidget TC-IVW-03: Weight Above 300kg Rejection should reject weight 300.1kg'
00:10 +325 ~1 -126: /Users/pro16/Desktop/project/n06/test/features/tracking/presentation/widgets/coping_guide_widget_test.dart: ... Symptom-Specific Guides should render nausea coping guide          00:10 +326 ~1 -126: /Users/pro16/Desktop/project/n06/test/features/tracking/presentation/widgets/coping_guide_widget_test.dart: ... Symptom-Specific Guides should render nausea coping guide          00:10 +326 ~1 -126: /Users/pro16/Desktop/project/n06/test/features/tracking/presentation/widgets/input_validation_widget_test.dart: InputValidationWidget TC-IVW-04: Zero Weight Rejection should reject zero weight
══╡ EXCEPTION CAUGHT BY FLUTTER TEST FRAMEWORK ╞════════════════════════════════════════════════════
The following TestFailure was thrown running a test:
Expected: exactly one matching candidate
  Actual: _IconWidgetFinder:<Found 0 widgets with icon "IconData(U+0E16A)": []>
   Which: means none were found but one was expected

When the exception was thrown, this was the stack:
#4      main.<anonymous closure>.<anonymous closure>.<anonymous closure> (file:///Users/pro16/Desktop/project/n06/test/features/tracking/presentation/widgets/input_validation_widget_test.dart:213:9)
<asynchronous suspension>
#5      testWidgets.<anonymous closure>.<anonymous closure> (package:flutter_test/src/widget_tester.dart:192:15)
<asynchronous suspension>
#6      TestWidgetsFlutterBinding._runTestBody (package:flutter_test/src/binding.dart:1059:5)
<asynchronous suspension>
<asynchronous suspension>
(elided one frame from package:stack_trace)

This was caught by the test expectation on the following line:
  file:///Users/pro16/Desktop/project/n06/test/features/tracking/presentation/widgets/input_validation_widget_test.dart line 213
The test description was:
  should reject zero weight
════════════════════════════════════════════════════════════════════════════════════════════════════
00:10 +326 ~1 -127: /Users/pro16/Desktop/project/n06/test/features/tracking/presentation/widgets/input_validation_widget_test.dart: InputValidationWidget TC-IVW-04: Zero Weight Rejection should reject zero weight [E]
  Test failed. See exception logs above.
  The test description was: should reject zero weight
  

To run this test again: /opt/homebrew/share/flutter/bin/cache/dart-sdk/bin/dart test /Users/pro16/Desktop/project/n06/test/features/tracking/presentation/widgets/input_validation_widget_test.dart -p vm --plain-name 'InputValidationWidget TC-IVW-04: Zero Weight Rejection should reject zero weight'
00:10 +327 ~1 -127: /Users/pro16/Desktop/project/n06/test/features/tracking/presentation/screens/symptom_record_screen_test.dart: ... Severity Slider should display severity slider correctly         00:10 +328 ~1 -127: /Users/pro16/Desktop/project/n06/test/features/tracking/presentation/screens/symptom_record_screen_test.dart: ... Severity Slider should display severity slider correctly         00:10 +328 ~1 -127: /Users/pro16/Desktop/project/n06/test/features/tracking/presentation/widgets/input_validation_widget_test.dart: InputValidationWidget TC-IVW-05: Negative Weight Rejection should reject negative weight
══╡ EXCEPTION CAUGHT BY FLUTTER TEST FRAMEWORK ╞════════════════════════════════════════════════════
The following TestFailure was thrown running a test:
Expected: exactly one matching candidate
  Actual: _IconWidgetFinder:<Found 0 widgets with icon "IconData(U+0E16A)": []>
   Which: means none were found but one was expected

When the exception was thrown, this was the stack:
#4      main.<anonymous closure>.<anonymous closure>.<anonymous closure> (file:///Users/pro16/Desktop/project/n06/test/features/tracking/presentation/widgets/input_validation_widget_test.dart:239:9)
<asynchronous suspension>
#5      testWidgets.<anonymous closure>.<anonymous closure> (package:flutter_test/src/widget_tester.dart:192:15)
<asynchronous suspension>
#6      TestWidgetsFlutterBinding._runTestBody (package:flutter_test/src/binding.dart:1059:5)
<asynchronous suspension>
<asynchronous suspension>
(elided one frame from package:stack_trace)

This was caught by the test expectation on the following line:
  file:///Users/pro16/Desktop/project/n06/test/features/tracking/presentation/widgets/input_validation_widget_test.dart line 239
The test description was:
  should reject negative weight
════════════════════════════════════════════════════════════════════════════════════════════════════
00:10 +328 ~1 -128: /Users/pro16/Desktop/project/n06/test/features/tracking/presentation/widgets/input_validation_widget_test.dart: InputValidationWidget TC-IVW-05: Negative Weight Rejection should reject negative weight [E]
  Test failed. See exception logs above.
  The test description was: should reject negative weight
  

To run this test again: /opt/homebrew/share/flutter/bin/cache/dart-sdk/bin/dart test /Users/pro16/Desktop/project/n06/test/features/tracking/presentation/widgets/input_validation_widget_test.dart -p vm --plain-name 'InputValidationWidget TC-IVW-05: Negative Weight Rejection should reject negative weight'
00:10 +329 ~1 -128: /Users/pro16/Desktop/project/n06/test/features/tracking/presentation/screens/symptom_record_screen_test.dart: ... Severity Slider should display severity slider correctly         00:10 +330 ~1 -128: /Users/pro16/Desktop/project/n06/test/features/tracking/presentation/screens/symptom_record_screen_test.dart: ... Severity Slider should display severity slider correctly         00:10 +330 ~1 -128: /Users/pro16/Desktop/project/n06/test/features/tracking/presentation/screens/symptom_record_screen_test.dart: SymptomRecordScreen TC-SRS-03: Severity Slider should display severity slider correctly
══╡ EXCEPTION CAUGHT BY FLUTTER TEST FRAMEWORK ╞════════════════════════════════════════════════════
The following _TypeError was thrown running a test:
type 'Null' is not a subtype of type 'Future<DateTime?>'

When the exception was thrown, this was the stack:
#0      MockTrackingRepository.getLatestDoseEscalationDate (file:///Users/pro16/Desktop/project/n06/test/features/tracking/presentation/screens/symptom_record_screen_test.dart:9:7)
#1      TrackingNotifier.getLatestDoseEscalationDate (package:n06/features/tracking/application/notifiers/tracking_notifier.dart:192:30)
#2      _SymptomRecordScreenState._loadEscalationDate (package:n06/features/tracking/presentation/screens/symptom_record_screen.dart:64:43)
#3      _SymptomRecordScreenState.initState (package:n06/features/tracking/presentation/screens/symptom_record_screen.dart:58:5)
#4      StatefulElement._firstBuild (package:flutter/src/widgets/framework.dart:5852:55)
#5      ComponentElement.mount (package:flutter/src/widgets/framework.dart:5699:5)
...     Normal element mounting (228 frames)
#233    Element.inflateWidget (package:flutter/src/widgets/framework.dart:4548:16)
#234    MultiChildRenderObjectElement.inflateWidget (package:flutter/src/widgets/framework.dart:7169:36)
#235    MultiChildRenderObjectElement.mount (package:flutter/src/widgets/framework.dart:7185:32)
...     Normal element mounting (471 frames)
#706    _UncontrolledProviderScopeElement.mount (package:flutter_riverpod/src/framework.dart:315:11)
...     Normal element mounting (9 frames)
#715    Element.inflateWidget (package:flutter/src/widgets/framework.dart:4548:16)
#716    Element.updateChild (package:flutter/src/widgets/framework.dart:3998:20)
#717    ComponentElement.performRebuild (package:flutter/src/widgets/framework.dart:5747:16)
#718    Element.rebuild (package:flutter/src/widgets/framework.dart:5435:7)
#719    ProxyElement.update (package:flutter/src/widgets/framework.dart:6051:5)
#720    _InheritedNotifierElement.update (package:flutter/src/widgets/inherited_notifier.dart:108:11)
#721    Element.updateChild (package:flutter/src/widgets/framework.dart:3982:15)
#722    ComponentElement.performRebuild (package:flutter/src/widgets/framework.dart:5747:16)
#723    StatefulElement.performRebuild (package:flutter/src/widgets/framework.dart:5884:11)
#724    Element.rebuild (package:flutter/src/widgets/framework.dart:5435:7)
#725    StatefulElement.update (package:flutter/src/widgets/framework.dart:5909:5)
#726    Element.updateChild (package:flutter/src/widgets/framework.dart:3982:15)
#727    ComponentElement.performRebuild (package:flutter/src/widgets/framework.dart:5747:16)
#728    Element.rebuild (package:flutter/src/widgets/framework.dart:5435:7)
#729    ProxyElement.update (package:flutter/src/widgets/framework.dart:6051:5)
#730    _InheritedNotifierElement.update (package:flutter/src/widgets/inherited_notifier.dart:108:11)
#731    Element.updateChild (package:flutter/src/widgets/framework.dart:3982:15)
#732    ComponentElement.performRebuild (package:flutter/src/widgets/framework.dart:5747:16)
#733    StatefulElement.performRebuild (package:flutter/src/widgets/framework.dart:5884:11)
#734    Element.rebuild (package:flutter/src/widgets/framework.dart:5435:7)
#735    StatefulElement.update (package:flutter/src/widgets/framework.dart:5909:5)
#736    Element.updateChild (package:flutter/src/widgets/framework.dart:3982:15)
#737    ComponentElement.performRebuild (package:flutter/src/widgets/framework.dart:5747:16)
#738    StatefulElement.performRebuild (package:flutter/src/widgets/framework.dart:5884:11)
#739    Element.rebuild (package:flutter/src/widgets/framework.dart:5435:7)
#740    StatefulElement.update (package:flutter/src/widgets/framework.dart:5909:5)
#741    Element.updateChild (package:flutter/src/widgets/framework.dart:3982:15)
#742    ComponentElement.performRebuild (package:flutter/src/widgets/framework.dart:5747:16)
#743    Element.rebuild (package:flutter/src/widgets/framework.dart:5435:7)
#744    ProxyElement.update (package:flutter/src/widgets/framework.dart:6051:5)
#745    Element.updateChild (package:flutter/src/widgets/framework.dart:3982:15)
#746    ComponentElement.performRebuild (package:flutter/src/widgets/framework.dart:5747:16)
#747    StatefulElement.performRebuild (package:flutter/src/widgets/framework.dart:5884:11)
#748    Element.rebuild (package:flutter/src/widgets/framework.dart:5435:7)
#749    StatefulElement.update (package:flutter/src/widgets/framework.dart:5909:5)
#750    Element.updateChild (package:flutter/src/widgets/framework.dart:3982:15)
#751    ComponentElement.performRebuild (package:flutter/src/widgets/framework.dart:5747:16)
#752    Element.rebuild (package:flutter/src/widgets/framework.dart:5435:7)
#753    ProxyElement.update (package:flutter/src/widgets/framework.dart:6051:5)
#754    Element.updateChild (package:flutter/src/widgets/framework.dart:3982:15)
#755    ComponentElement.performRebuild (package:flutter/src/widgets/framework.dart:5747:16)
#756    Element.rebuild (package:flutter/src/widgets/framework.dart:5435:7)
#757    ProxyElement.update (package:flutter/src/widgets/framework.dart:6051:5)
#758    Element.updateChild (package:flutter/src/widgets/framework.dart:3982:15)
#759    _RawViewElement._updateChild (package:flutter/src/widgets/view.dart:481:16)
#760    _RawViewElement.update (package:flutter/src/widgets/view.dart:568:5)
#761    Element.updateChild (package:flutter/src/widgets/framework.dart:3982:15)
#762    ComponentElement.performRebuild (package:flutter/src/widgets/framework.dart:5747:16)
#763    Element.rebuild (package:flutter/src/widgets/framework.dart:5435:7)
#764    StatelessElement.update (package:flutter/src/widgets/framework.dart:5797:5)
#765    Element.updateChild (package:flutter/src/widgets/framework.dart:3982:15)
#766    ComponentElement.performRebuild (package:flutter/src/widgets/framework.dart:5747:16)
#767    StatefulElement.performRebuild (package:flutter/src/widgets/framework.dart:5884:11)
#768    Element.rebuild (package:flutter/src/widgets/framework.dart:5435:7)
#769    StatefulElement.update (package:flutter/src/widgets/framework.dart:5909:5)
#770    Element.updateChild (package:flutter/src/widgets/framework.dart:3982:15)
#771    RootElement._rebuild (package:flutter/src/widgets/binding.dart:1716:16)
#772    RootElement.update (package:flutter/src/widgets/binding.dart:1694:5)
#773    RootElement.performRebuild (package:flutter/src/widgets/binding.dart:1708:7)
#774    Element.rebuild (package:flutter/src/widgets/framework.dart:5435:7)
#775    BuildScope._tryRebuild (package:flutter/src/widgets/framework.dart:2695:15)
#776    BuildScope._flushDirtyElements (package:flutter/src/widgets/framework.dart:2752:11)
#777    BuildOwner.buildScope (package:flutter/src/widgets/framework.dart:3056:18)
#778    AutomatedTestWidgetsFlutterBinding.drawFrame (package:flutter_test/src/binding.dart:1506:19)
#779    RendererBinding._handlePersistentFrameCallback (package:flutter/src/rendering/binding.dart:495:5)
#780    SchedulerBinding._invokeFrameCallback (package:flutter/src/scheduler/binding.dart:1434:15)
#781    SchedulerBinding.handleDrawFrame (package:flutter/src/scheduler/binding.dart:1347:9)
#782    AutomatedTestWidgetsFlutterBinding.pump.<anonymous closure> (package:flutter_test/src/binding.dart:1335:9)
#785    TestAsyncUtils.guard (package:flutter_test/src/test_async_utils.dart:74:41)
#786    AutomatedTestWidgetsFlutterBinding.pump (package:flutter_test/src/binding.dart:1324:27)
#787    WidgetTester.pumpWidget.<anonymous closure> (package:flutter_test/src/widget_tester.dart:598:22)
#790    TestAsyncUtils.guard (package:flutter_test/src/test_async_utils.dart:74:41)
#791    WidgetTester.pumpWidget (package:flutter_test/src/widget_tester.dart:595:27)
#792    main.<anonymous closure>.<anonymous closure>.<anonymous closure> (file:///Users/pro16/Desktop/project/n06/test/features/tracking/presentation/screens/symptom_record_screen_test.dart:115:22)
#793    testWidgets.<anonymous closure>.<anonymous closure> (package:flutter_test/src/widget_tester.dart:192:29)
<asynchronous suspension>
#794    TestWidgetsFlutterBinding._runTestBody (package:flutter_test/src/binding.dart:1059:5)
<asynchronous suspension>
<asynchronous suspension>
(elided 5 frames from dart:async and package:stack_trace)

The test description was:
  should display severity slider correctly
════════════════════════════════════════════════════════════════════════════════════════════════════
00:10 +330 ~1 -129: /Users/pro16/Desktop/project/n06/test/features/tracking/presentation/screens/symptom_record_screen_test.dart: SymptomRecordScreen TC-SRS-03: Severity Slider should display severity slider correctly [E]
  Test failed. See exception logs above.
  The test description was: should display severity slider correctly
  
00:10 +331 ~1 -129: /Users/pro16/Desktop/project/n06/test/features/tracking/presentation/widgets/input_validation_widget_test.dart: ... TC-IVW-06: Decimal Input Support should accept decimal numbers 
To run this test again: /opt/homebrew/share/flutter/bin/cache/dart-sdk/bin/dart test /Users/pro16/Desktop/project/n06/test/features/tracking/presentation/screens/symptom_record_screen_test.dart -p vm --plain-name 'SymptomRecordScreen TC-SRS-03: Severity Slider should display severity slider correctly'
00:10 +331 ~1 -129: /Users/pro16/Desktop/project/n06/test/features/tracking/presentation/widgets/input_validation_widget_test.dart: InputValidationWidget TC-IVW-06: Decimal Input Support should accept decimal numbers
══╡ EXCEPTION CAUGHT BY FLUTTER TEST FRAMEWORK ╞════════════════════════════════════════════════════
The following TestFailure was thrown running a test:
Expected: exactly one matching candidate
  Actual: _IconWidgetFinder:<Found 0 widgets with icon "IconData(U+0E156)": []>
   Which: means none were found but one was expected

When the exception was thrown, this was the stack:
#4      main.<anonymous closure>.<anonymous closure>.<anonymous closure> (file:///Users/pro16/Desktop/project/n06/test/features/tracking/presentation/widgets/input_validation_widget_test.dart:267:9)
<asynchronous suspension>
#5      testWidgets.<anonymous closure>.<anonymous closure> (package:flutter_test/src/widget_tester.dart:192:15)
<asynchronous suspension>
#6      TestWidgetsFlutterBinding._runTestBody (package:flutter_test/src/binding.dart:1059:5)
<asynchronous suspension>
<asynchronous suspension>
(elided one frame from package:stack_trace)

This was caught by the test expectation on the following line:
  file:///Users/pro16/Desktop/project/n06/test/features/tracking/presentation/widgets/input_validation_widget_test.dart line 267
The test description was:
  should accept decimal numbers
════════════════════════════════════════════════════════════════════════════════════════════════════
00:10 +331 ~1 -130: /Users/pro16/Desktop/project/n06/test/features/tracking/presentation/widgets/input_validation_widget_test.dart: InputValidationWidget TC-IVW-06: Decimal Input Support should accept decimal numbers [E]
  Test failed. See exception logs above.
  The test description was: should accept decimal numbers
  

To run this test again: /opt/homebrew/share/flutter/bin/cache/dart-sdk/bin/dart test /Users/pro16/Desktop/project/n06/test/features/tracking/presentation/widgets/input_validation_widget_test.dart -p vm --plain-name 'InputValidationWidget TC-IVW-06: Decimal Input Support should accept decimal numbers'
00:10 +332 ~1 -130: /Users/pro16/Desktop/project/n06/test/features/tracking/presentation/screens/weight_record_screen_test.dart: ... Date Picker Integration should display calendar picker on icon tap00:10 +333 ~1 -130: /Users/pro16/Desktop/project/n06/test/features/tracking/presentation/screens/weight_record_screen_test.dart: ... Date Picker Integration should display calendar picker on icon tap00:10 +333 ~1 -130: /Users/pro16/Desktop/project/n06/test/features/tracking/presentation/widgets/input_validation_widget_test.dart: InputValidationWidget TC-IVW-06: Decimal Input Support should accept integer numbers
══╡ EXCEPTION CAUGHT BY FLUTTER TEST FRAMEWORK ╞════════════════════════════════════════════════════
The following TestFailure was thrown running a test:
Expected: exactly one matching candidate
  Actual: _IconWidgetFinder:<Found 0 widgets with icon "IconData(U+0E156)": []>
   Which: means none were found but one was expected

When the exception was thrown, this was the stack:
#4      main.<anonymous closure>.<anonymous closure>.<anonymous closure> (file:///Users/pro16/Desktop/project/n06/test/features/tracking/presentation/widgets/input_validation_widget_test.dart:293:9)
<asynchronous suspension>
#5      testWidgets.<anonymous closure>.<anonymous closure> (package:flutter_test/src/widget_tester.dart:192:15)
<asynchronous suspension>
#6      TestWidgetsFlutterBinding._runTestBody (package:flutter_test/src/binding.dart:1059:5)
<asynchronous suspension>
<asynchronous suspension>
(elided one frame from package:stack_trace)

This was caught by the test expectation on the following line:
  file:///Users/pro16/Desktop/project/n06/test/features/tracking/presentation/widgets/input_validation_widget_test.dart line 293
The test description was:
  should accept integer numbers
════════════════════════════════════════════════════════════════════════════════════════════════════
00:10 +333 ~1 -131: /Users/pro16/Desktop/project/n06/test/features/tracking/presentation/widgets/input_validation_widget_test.dart: InputValidationWidget TC-IVW-06: Decimal Input Support should accept integer numbers [E]
  Test failed. See exception logs above.
  The test description was: should accept integer numbers
  

To run this test again: /opt/homebrew/share/flutter/bin/cache/dart-sdk/bin/dart test /Users/pro16/Desktop/project/n06/test/features/tracking/presentation/widgets/input_validation_widget_test.dart -p vm --plain-name 'InputValidationWidget TC-IVW-06: Decimal Input Support should accept integer numbers'
00:10 +334 ~1 -131: /Users/pro16/Desktop/project/n06/test/features/tracking/presentation/screens/weight_record_screen_test.dart: ... Date Picker Integration should display calendar picker on icon tap00:10 +335 ~1 -131: /Users/pro16/Desktop/project/n06/test/features/tracking/presentation/screens/symptom_record_screen_test.dart: ... Slider should update severity value when slider is dragged       00:10 +336 ~1 -131: /Users/pro16/Desktop/project/n06/test/features/tracking/presentation/screens/symptom_record_screen_test.dart: ... Slider should update severity value when slider is dragged       00:10 +336 ~1 -131: /Users/pro16/Desktop/project/n06/test/features/tracking/presentation/widgets/input_validation_widget_test.dart: InputValidationWidget TC-IVW-06: Decimal Input Support should accept numbers with multiple decimal places
══╡ EXCEPTION CAUGHT BY FLUTTER TEST FRAMEWORK ╞════════════════════════════════════════════════════
The following TestFailure was thrown running a test:
Expected: exactly one matching candidate
  Actual: _IconWidgetFinder:<Found 0 widgets with icon "IconData(U+0E156)": []>
   Which: means none were found but one was expected

When the exception was thrown, this was the stack:
#4      main.<anonymous closure>.<anonymous closure>.<anonymous closure> (file:///Users/pro16/Desktop/project/n06/test/features/tracking/presentation/widgets/input_validation_widget_test.dart:319:9)
<asynchronous suspension>
#5      testWidgets.<anonymous closure>.<anonymous closure> (package:flutter_test/src/widget_tester.dart:192:15)
<asynchronous suspension>
#6      TestWidgetsFlutterBinding._runTestBody (package:flutter_test/src/binding.dart:1059:5)
<asynchronous suspension>
<asynchronous suspension>
(elided one frame from package:stack_trace)

This was caught by the test expectation on the following line:
  file:///Users/pro16/Desktop/project/n06/test/features/tracking/presentation/widgets/input_validation_widget_test.dart line 319
The test description was:
  should accept numbers with multiple decimal places
════════════════════════════════════════════════════════════════════════════════════════════════════
00:10 +336 ~1 -132: /Users/pro16/Desktop/project/n06/test/features/tracking/presentation/widgets/input_validation_widget_test.dart: InputValidationWidget TC-IVW-06: Decimal Input Support should accept numbers with multiple decimal places [E]
  Test failed. See exception logs above.
  The test description was: should accept numbers with multiple decimal places
  

To run this test again: /opt/homebrew/share/flutter/bin/cache/dart-sdk/bin/dart test /Users/pro16/Desktop/project/n06/test/features/tracking/presentation/widgets/input_validation_widget_test.dart -p vm --plain-name 'InputValidationWidget TC-IVW-06: Decimal Input Support should accept numbers with multiple decimal places'
00:10 +337 ~1 -132: /Users/pro16/Desktop/project/n06/test/features/tracking/presentation/screens/symptom_record_screen_test.dart: ... Slider should update severity value when slider is dragged       00:10 +338 ~1 -132: /Users/pro16/Desktop/project/n06/test/features/tracking/presentation/screens/symptom_record_screen_test.dart: ... Slider should update severity value when slider is dragged       00:10 +338 ~1 -132: /Users/pro16/Desktop/project/n06/test/features/tracking/presentation/widgets/input_validation_widget_test.dart: InputValidationWidget TC-IVW-07: Real-Time Validation should validate on each character input
══╡ EXCEPTION CAUGHT BY FLUTTER TEST FRAMEWORK ╞════════════════════════════════════════════════════
The following TestFailure was thrown running a test:
Expected: exactly one matching candidate
  Actual: _IconWidgetFinder:<Found 0 widgets with icon "IconData(U+0E16A)": []>
   Which: means none were found but one was expected

When the exception was thrown, this was the stack:
#4      main.<anonymous closure>.<anonymous closure>.<anonymous closure> (file:///Users/pro16/Desktop/project/n06/test/features/tracking/presentation/widgets/input_validation_widget_test.dart:345:9)
<asynchronous suspension>
#5      testWidgets.<anonymous closure>.<anonymous closure> (package:flutter_test/src/widget_tester.dart:192:15)
<asynchronous suspension>
#6      TestWidgetsFlutterBinding._runTestBody (package:flutter_test/src/binding.dart:1059:5)
<asynchronous suspension>
<asynchronous suspension>
(elided one frame from package:stack_trace)

This was caught by the test expectation on the following line:
  file:///Users/pro16/Desktop/project/n06/test/features/tracking/presentation/widgets/input_validation_widget_test.dart line 345
The test description was:
  should validate on each character input
════════════════════════════════════════════════════════════════════════════════════════════════════
00:10 +338 ~1 -133: /Users/pro16/Desktop/project/n06/test/features/tracking/presentation/widgets/input_validation_widget_test.dart: InputValidationWidget TC-IVW-07: Real-Time Validation should validate on each character input [E]
  Test failed. See exception logs above.
  The test description was: should validate on each character input
  

To run this test again: /opt/homebrew/share/flutter/bin/cache/dart-sdk/bin/dart test /Users/pro16/Desktop/project/n06/test/features/tracking/presentation/widgets/input_validation_widget_test.dart -p vm --plain-name 'InputValidationWidget TC-IVW-07: Real-Time Validation should validate on each character input'
00:10 +338 ~1 -133: /Users/pro16/Desktop/project/n06/test/features/tracking/presentation/screens/symptom_record_screen_test.dart: SymptomRecordScreen TC-SRS-03: Severity Slider should update severity value when slider is dragged
══╡ EXCEPTION CAUGHT BY FLUTTER TEST FRAMEWORK ╞════════════════════════════════════════════════════
The following _TypeError was thrown running a test:
type 'Null' is not a subtype of type 'Future<DateTime?>'

When the exception was thrown, this was the stack:
#0      MockTrackingRepository.getLatestDoseEscalationDate (file:///Users/pro16/Desktop/project/n06/test/features/tracking/presentation/screens/symptom_record_screen_test.dart:9:7)
#1      TrackingNotifier.getLatestDoseEscalationDate (package:n06/features/tracking/application/notifiers/tracking_notifier.dart:192:30)
#2      _SymptomRecordScreenState._loadEscalationDate (package:n06/features/tracking/presentation/screens/symptom_record_screen.dart:64:43)
#3      _SymptomRecordScreenState.initState (package:n06/features/tracking/presentation/screens/symptom_record_screen.dart:58:5)
#4      StatefulElement._firstBuild (package:flutter/src/widgets/framework.dart:5852:55)
#5      ComponentElement.mount (package:flutter/src/widgets/framework.dart:5699:5)
...     Normal element mounting (228 frames)
#233    Element.inflateWidget (package:flutter/src/widgets/framework.dart:4548:16)
#234    MultiChildRenderObjectElement.inflateWidget (package:flutter/src/widgets/framework.dart:7169:36)
#235    MultiChildRenderObjectElement.mount (package:flutter/src/widgets/framework.dart:7185:32)
...     Normal element mounting (471 frames)
#706    _UncontrolledProviderScopeElement.mount (package:flutter_riverpod/src/framework.dart:315:11)
...     Normal element mounting (9 frames)
#715    Element.inflateWidget (package:flutter/src/widgets/framework.dart:4548:16)
#716    Element.updateChild (package:flutter/src/widgets/framework.dart:3998:20)
#717    ComponentElement.performRebuild (package:flutter/src/widgets/framework.dart:5747:16)
#718    Element.rebuild (package:flutter/src/widgets/framework.dart:5435:7)
#719    ProxyElement.update (package:flutter/src/widgets/framework.dart:6051:5)
#720    _InheritedNotifierElement.update (package:flutter/src/widgets/inherited_notifier.dart:108:11)
#721    Element.updateChild (package:flutter/src/widgets/framework.dart:3982:15)
#722    ComponentElement.performRebuild (package:flutter/src/widgets/framework.dart:5747:16)
#723    StatefulElement.performRebuild (package:flutter/src/widgets/framework.dart:5884:11)
#724    Element.rebuild (package:flutter/src/widgets/framework.dart:5435:7)
#725    StatefulElement.update (package:flutter/src/widgets/framework.dart:5909:5)
#726    Element.updateChild (package:flutter/src/widgets/framework.dart:3982:15)
#727    ComponentElement.performRebuild (package:flutter/src/widgets/framework.dart:5747:16)
#728    Element.rebuild (package:flutter/src/widgets/framework.dart:5435:7)
#729    ProxyElement.update (package:flutter/src/widgets/framework.dart:6051:5)
#730    _InheritedNotifierElement.update (package:flutter/src/widgets/inherited_notifier.dart:108:11)
#731    Element.updateChild (package:flutter/src/widgets/framework.dart:3982:15)
#732    ComponentElement.performRebuild (package:flutter/src/widgets/framework.dart:5747:16)
#733    StatefulElement.performRebuild (package:flutter/src/widgets/framework.dart:5884:11)
#734    Element.rebuild (package:flutter/src/widgets/framework.dart:5435:7)
#735    StatefulElement.update (package:flutter/src/widgets/framework.dart:5909:5)
#736    Element.updateChild (package:flutter/src/widgets/framework.dart:3982:15)
#737    ComponentElement.performRebuild (package:flutter/src/widgets/framework.dart:5747:16)
#738    StatefulElement.performRebuild (package:flutter/src/widgets/framework.dart:5884:11)
#739    Element.rebuild (package:flutter/src/widgets/framework.dart:5435:7)
#740    StatefulElement.update (package:flutter/src/widgets/framework.dart:5909:5)
#741    Element.updateChild (package:flutter/src/widgets/framework.dart:3982:15)
#742    ComponentElement.performRebuild (package:flutter/src/widgets/framework.dart:5747:16)
#743    Element.rebuild (package:flutter/src/widgets/framework.dart:5435:7)
#744    ProxyElement.update (package:flutter/src/widgets/framework.dart:6051:5)
#745    Element.updateChild (package:flutter/src/widgets/framework.dart:3982:15)
#746    ComponentElement.performRebuild (package:flutter/src/widgets/framework.dart:5747:16)
#747    StatefulElement.performRebuild (package:flutter/src/widgets/framework.dart:5884:11)
#748    Element.rebuild (package:flutter/src/widgets/framework.dart:5435:7)
#749    StatefulElement.update (package:flutter/src/widgets/framework.dart:5909:5)
#750    Element.updateChild (package:flutter/src/widgets/framework.dart:3982:15)
#751    ComponentElement.performRebuild (package:flutter/src/widgets/framework.dart:5747:16)
#752    Element.rebuild (package:flutter/src/widgets/framework.dart:5435:7)
#753    ProxyElement.update (package:flutter/src/widgets/framework.dart:6051:5)
#754    Element.updateChild (package:flutter/src/widgets/framework.dart:3982:15)
#755    ComponentElement.performRebuild (package:flutter/src/widgets/framework.dart:5747:16)
#756    Element.rebuild (package:flutter/src/widgets/framework.dart:5435:7)
#757    ProxyElement.update (package:flutter/src/widgets/framework.dart:6051:5)
#758    Element.updateChild (package:flutter/src/widgets/framework.dart:3982:15)
#759    _RawViewElement._updateChild (package:flutter/src/widgets/view.dart:481:16)
#760    _RawViewElement.update (package:flutter/src/widgets/view.dart:568:5)
#761    Element.updateChild (package:flutter/src/widgets/framework.dart:3982:15)
#762    ComponentElement.performRebuild (package:flutter/src/widgets/framework.dart:5747:16)
#763    Element.rebuild (package:flutter/src/widgets/framework.dart:5435:7)
#764    StatelessElement.update (package:flutter/src/widgets/framework.dart:5797:5)
#765    Element.updateChild (package:flutter/src/widgets/framework.dart:3982:15)
#766    ComponentElement.performRebuild (package:flutter/src/widgets/framework.dart:5747:16)
#767    StatefulElement.performRebuild (package:flutter/src/widgets/framework.dart:5884:11)
#768    Element.rebuild (package:flutter/src/widgets/framework.dart:5435:7)
#769    StatefulElement.update (package:flutter/src/widgets/framework.dart:5909:5)
#770    Element.updateChild (package:flutter/src/widgets/framework.dart:3982:15)
#771    RootElement._rebuild (package:flutter/src/widgets/binding.dart:1716:16)
#772    RootElement.update (package:flutter/src/widgets/binding.dart:1694:5)
#773    RootElement.performRebuild (package:flutter/src/widgets/binding.dart:1708:7)
#774    Element.rebuild (package:flutter/src/widgets/framework.dart:5435:7)
#775    BuildScope._tryRebuild (package:flutter/src/widgets/framework.dart:2695:15)
#776    BuildScope._flushDirtyElements (package:flutter/src/widgets/framework.dart:2752:11)
#777    BuildOwner.buildScope (package:flutter/src/widgets/framework.dart:3056:18)
#778    AutomatedTestWidgetsFlutterBinding.drawFrame (package:flutter_test/src/binding.dart:1506:19)
#779    RendererBinding._handlePersistentFrameCallback (package:flutter/src/rendering/binding.dart:495:5)
#780    SchedulerBinding._invokeFrameCallback (package:flutter/src/scheduler/binding.dart:1434:15)
#781    SchedulerBinding.handleDrawFrame (package:flutter/src/scheduler/binding.dart:1347:9)
#782    AutomatedTestWidgetsFlutterBinding.pump.<anonymous closure> (package:flutter_test/src/binding.dart:1335:9)
#785    TestAsyncUtils.guard (package:flutter_test/src/test_async_utils.dart:74:41)
#786    AutomatedTestWidgetsFlutterBinding.pump (package:flutter_test/src/binding.dart:1324:27)
#787    WidgetTester.pumpWidget.<anonymous closure> (package:flutter_test/src/widget_tester.dart:598:22)
#790    TestAsyncUtils.guard (package:flutter_test/src/test_async_utils.dart:74:41)
#791    WidgetTester.pumpWidget (package:flutter_test/src/widget_tester.dart:595:27)
#792    main.<anonymous closure>.<anonymous closure>.<anonymous closure> (file:///Users/pro16/Desktop/project/n06/test/features/tracking/presentation/screens/symptom_record_screen_test.dart:130:22)
#793    testWidgets.<anonymous closure>.<anonymous closure> (package:flutter_test/src/widget_tester.dart:192:29)
<asynchronous suspension>
#794    TestWidgetsFlutterBinding._runTestBody (package:flutter_test/src/binding.dart:1059:5)
<asynchronous suspension>
<asynchronous suspension>
(elided 5 frames from dart:async and package:stack_trace)

The test description was:
  should update severity value when slider is dragged
════════════════════════════════════════════════════════════════════════════════════════════════════
00:10 +338 ~1 -134: /Users/pro16/Desktop/project/n06/test/features/tracking/presentation/screens/symptom_record_screen_test.dart: SymptomRecordScreen TC-SRS-03: Severity Slider should update severity value when slider is dragged [E]
  Test failed. See exception logs above.
  The test description was: should update severity value when slider is dragged
  
00:10 +339 ~1 -134: /Users/pro16/Desktop/project/n06/test/features/tracking/presentation/widgets/coping_guide_widget_test.dart: ... Feedback Selection should allow selecting helpful feedback         00:10 +340 ~1 -134: /Users/pro16/Desktop/project/n06/test/features/tracking/presentation/widgets/input_validation_widget_test.dart: ... Validation should update validation state when value changes   00:10 +340 ~1 -134: /Users/pro16/Desktop/project/n06/test/features/tracking/presentation/widgets/input_validation_widget_test.dart: InputValidationWidget TC-IVW-07: Real-Time Validation should update validation state when value changes
══╡ EXCEPTION CAUGHT BY FLUTTER TEST FRAMEWORK ╞════════════════════════════════════════════════════
The following TestFailure was thrown running a test:
Expected: exactly one matching candidate
  Actual: _IconWidgetFinder:<Found 0 widgets with icon "IconData(U+0E16A)": []>
   Which: means none were found but one was expected

When the exception was thrown, this was the stack:
#4      main.<anonymous closure>.<anonymous closure>.<anonymous closure> (file:///Users/pro16/Desktop/project/n06/test/features/tracking/presentation/widgets/input_validation_widget_test.dart:370:9)
<asynchronous suspension>
#5      testWidgets.<anonymous closure>.<anonymous closure> (package:flutter_test/src/widget_tester.dart:192:15)
<asynchronous suspension>
#6      TestWidgetsFlutterBinding._runTestBody (package:flutter_test/src/binding.dart:1059:5)
<asynchronous suspension>
<asynchronous suspension>
(elided one frame from package:stack_trace)

This was caught by the test expectation on the following line:
  file:///Users/pro16/Desktop/project/n06/test/features/tracking/presentation/widgets/input_validation_widget_test.dart line 370
The test description was:
  should update validation state when value changes
════════════════════════════════════════════════════════════════════════════════════════════════════
00:10 +340 ~1 -135: /Users/pro16/Desktop/project/n06/test/features/tracking/presentation/widgets/input_validation_widget_test.dart: InputValidationWidget TC-IVW-07: Real-Time Validation should update validation state when value changes [E]
  Test failed. See exception logs above.
  The test description was: should update validation state when value changes
  

To run this test again: /opt/homebrew/share/flutter/bin/cache/dart-sdk/bin/dart test /Users/pro16/Desktop/project/n06/test/features/tracking/presentation/widgets/input_validation_widget_test.dart -p vm --plain-name 'InputValidationWidget TC-IVW-07: Real-Time Validation should update validation state when value changes'
00:10 +341 ~1 -135: /Users/pro16/Desktop/project/n06/test/features/tracking/presentation/widgets/input_validation_widget_test.dart: ... Message Display should show error message for non-numeric input00:10 +341 ~1 -135: /Users/pro16/Desktop/project/n06/test/features/tracking/presentation/widgets/input_validation_widget_test.dart: InputValidationWidget TC-IVW-08: Error Message Display should show error message for non-numeric input
══╡ EXCEPTION CAUGHT BY FLUTTER TEST FRAMEWORK ╞════════════════════════════════════════════════════
The following TestFailure was thrown running a test:
Expected: exactly one matching candidate
  Actual: _TextWidgetFinder:<Found 0 widgets with text "숫자를 입력하세요": []>
   Which: means none were found but one was expected

When the exception was thrown, this was the stack:
#4      main.<anonymous closure>.<anonymous closure>.<anonymous closure> (file:///Users/pro16/Desktop/project/n06/test/features/tracking/presentation/widgets/input_validation_widget_test.dart:403:9)
<asynchronous suspension>
#5      testWidgets.<anonymous closure>.<anonymous closure> (package:flutter_test/src/widget_tester.dart:192:15)
<asynchronous suspension>
#6      TestWidgetsFlutterBinding._runTestBody (package:flutter_test/src/binding.dart:1059:5)
<asynchronous suspension>
<asynchronous suspension>
(elided one frame from package:stack_trace)

This was caught by the test expectation on the following line:
  file:///Users/pro16/Desktop/project/n06/test/features/tracking/presentation/widgets/input_validation_widget_test.dart line 403
The test description was:
  should show error message for non-numeric input
════════════════════════════════════════════════════════════════════════════════════════════════════
00:10 +341 ~1 -136: /Users/pro16/Desktop/project/n06/test/features/tracking/presentation/widgets/input_validation_widget_test.dart: InputValidationWidget TC-IVW-08: Error Message Display should show error message for non-numeric input [E]
  Test failed. See exception logs above.
  The test description was: should show error message for non-numeric input
  

To run this test again: /opt/homebrew/share/flutter/bin/cache/dart-sdk/bin/dart test /Users/pro16/Desktop/project/n06/test/features/tracking/presentation/widgets/input_validation_widget_test.dart -p vm --plain-name 'InputValidationWidget TC-IVW-08: Error Message Display should show error message for non-numeric input'

To run this test again: /opt/homebrew/share/flutter/bin/cache/dart-sdk/bin/dart test /Users/pro16/Desktop/project/n06/test/features/tracking/presentation/screens/symptom_record_screen_test.dart -p vm --plain-name 'SymptomRecordScreen TC-SRS-03: Severity Slider should update severity value when slider is dragged'
00:10 +342 ~1 -136: /Users/pro16/Desktop/project/n06/test/features/tracking/presentation/widgets/input_validation_widget_test.dart: ... Message Display should show correct error for below minimum    00:10 +343 ~1 -136: /Users/pro16/Desktop/project/n06/test/features/tracking/presentation/widgets/input_validation_widget_test.dart: ... Message Display should show correct error for below minimum    00:10 +344 ~1 -136: /Users/pro16/Desktop/project/n06/test/features/tracking/presentation/widgets/input_validation_widget_test.dart: ... Message Display should show correct error for below minimum    00:10 +345 ~1 -136: /Users/pro16/Desktop/project/n06/test/features/tracking/presentation/widgets/input_validation_widget_test.dart: ... Message Display should show correct error for below minimum    00:10 +346 ~1 -136: /Users/pro16/Desktop/project/n06/test/features/tracking/presentation/widgets/input_validation_widget_test.dart: ... Message Display should show correct error for below minimum    00:10 +347 ~1 -136: /Users/pro16/Desktop/project/n06/test/features/tracking/presentation/widgets/input_validation_widget_test.dart: ... Message Display should show correct error for below minimum    00:10 +348 ~1 -136: /Users/pro16/Desktop/project/n06/test/features/tracking/presentation/widgets/input_validation_widget_test.dart: ... Message Display should show correct error for below minimum    00:10 +349 ~1 -136: /Users/pro16/Desktop/project/n06/test/features/tracking/presentation/widgets/input_validation_widget_test.dart: ... Message Display should show correct error for below minimum    00:10 +350 ~1 -136: /Users/pro16/Desktop/project/n06/test/features/tracking/presentation/widgets/input_validation_widget_test.dart: ... Message Display should show correct error for below minimum    00:10 +351 ~1 -136: /Users/pro16/Desktop/project/n06/test/features/tracking/presentation/widgets/input_validation_widget_test.dart: ... Message Display should show correct error for below minimum    00:10 +351 ~1 -136: /Users/pro16/Desktop/project/n06/test/features/tracking/presentation/widgets/input_validation_widget_test.dart: InputValidationWidget TC-IVW-08: Error Message Display should show correct error for below minimum
══╡ EXCEPTION CAUGHT BY FLUTTER TEST FRAMEWORK ╞════════════════════════════════════════════════════
The following TestFailure was thrown running a test:
Expected: exactly one matching candidate
  Actual: _TextWidgetFinder:<Found 0 widgets with text "20kg 이상이어야 합니다": []>
   Which: means none were found but one was expected

When the exception was thrown, this was the stack:
#4      main.<anonymous closure>.<anonymous closure>.<anonymous closure> (file:///Users/pro16/Desktop/project/n06/test/features/tracking/presentation/widgets/input_validation_widget_test.dart:427:9)
<asynchronous suspension>
#5      testWidgets.<anonymous closure>.<anonymous closure> (package:flutter_test/src/widget_tester.dart:192:15)
<asynchronous suspension>
#6      TestWidgetsFlutterBinding._runTestBody (package:flutter_test/src/binding.dart:1059:5)
<asynchronous suspension>
<asynchronous suspension>
(elided one frame from package:stack_trace)

This was caught by the test expectation on the following line:
  file:///Users/pro16/Desktop/project/n06/test/features/tracking/presentation/widgets/input_validation_widget_test.dart line 427
The test description was:
  should show correct error for below minimum
════════════════════════════════════════════════════════════════════════════════════════════════════
00:10 +352 ~1 -136: /Users/pro16/Desktop/project/n06/test/features/tracking/presentation/widgets/input_validation_widget_test.dart: ... Message Display should show correct error for below minimum    00:10 +353 ~1 -136: /Users/pro16/Desktop/project/n06/test/features/tracking/presentation/widgets/input_validation_widget_test.dart: ... Message Display should show correct error for below minimum    00:10 +353 ~1 -137: /Users/pro16/Desktop/project/n06/test/features/tracking/presentation/widgets/input_validation_widget_test.dart: InputValidationWidget TC-IVW-08: Error Message Display should show correct error for below minimum [E]
  Test failed. See exception logs above.
  The test description was: should show correct error for below minimum
  

To run this test again: /opt/homebrew/share/flutter/bin/cache/dart-sdk/bin/dart test /Users/pro16/Desktop/project/n06/test/features/tracking/presentation/widgets/input_validation_widget_test.dart -p vm --plain-name 'InputValidationWidget TC-IVW-08: Error Message Display should show correct error for below minimum'
00:10 +354 ~1 -137: /Users/pro16/Desktop/project/n06/test/features/tracking/presentation/screens/symptom_record_screen_test.dart: ... Question should show 24h persistence question for severity 7-10  00:10 +355 ~1 -137: /Users/pro16/Desktop/project/n06/test/features/tracking/presentation/screens/symptom_record_screen_test.dart: ... Question should show 24h persistence question for severity 7-10  00:10 +355 ~1 -137: /Users/pro16/Desktop/project/n06/test/features/tracking/presentation/widgets/input_validation_widget_test.dart: InputValidationWidget TC-IVW-08: Error Message Display should show correct error for above maximum
══╡ EXCEPTION CAUGHT BY FLUTTER TEST FRAMEWORK ╞════════════════════════════════════════════════════
The following TestFailure was thrown running a test:
Expected: exactly one matching candidate
  Actual: _TextWidgetFinder:<Found 0 widgets with text "300kg 이하여야 합니다": []>
   Which: means none were found but one was expected

When the exception was thrown, this was the stack:
#4      main.<anonymous closure>.<anonymous closure>.<anonymous closure> (file:///Users/pro16/Desktop/project/n06/test/features/tracking/presentation/widgets/input_validation_widget_test.dart:451:9)
<asynchronous suspension>
#5      testWidgets.<anonymous closure>.<anonymous closure> (package:flutter_test/src/widget_tester.dart:192:15)
<asynchronous suspension>
#6      TestWidgetsFlutterBinding._runTestBody (package:flutter_test/src/binding.dart:1059:5)
<asynchronous suspension>
<asynchronous suspension>
(elided one frame from package:stack_trace)

This was caught by the test expectation on the following line:
  file:///Users/pro16/Desktop/project/n06/test/features/tracking/presentation/widgets/input_validation_widget_test.dart line 451
The test description was:
  should show correct error for above maximum
════════════════════════════════════════════════════════════════════════════════════════════════════
00:10 +355 ~1 -138: /Users/pro16/Desktop/project/n06/test/features/tracking/presentation/widgets/input_validation_widget_test.dart: InputValidationWidget TC-IVW-08: Error Message Display should show correct error for above maximum [E]
  Test failed. See exception logs above.
  The test description was: should show correct error for above maximum
  

To run this test again: /opt/homebrew/share/flutter/bin/cache/dart-sdk/bin/dart test /Users/pro16/Desktop/project/n06/test/features/tracking/presentation/widgets/input_validation_widget_test.dart -p vm --plain-name 'InputValidationWidget TC-IVW-08: Error Message Display should show correct error for above maximum'
00:10 +356 ~1 -138: /Users/pro16/Desktop/project/n06/test/features/tracking/presentation/screens/symptom_record_screen_test.dart: ... Question should show 24h persistence question for severity 7-10  00:10 +357 ~1 -138: /Users/pro16/Desktop/project/n06/test/features/tracking/presentation/screens/symptom_record_screen_test.dart: ... Question should show 24h persistence question for severity 7-10  00:10 +358 ~1 -138: /Users/pro16/Desktop/project/n06/test/features/tracking/presentation/screens/symptom_record_screen_test.dart: ... Question should show 24h persistence question for severity 7-10  00:10 +359 ~1 -138: /Users/pro16/Desktop/project/n06/test/features/tracking/presentation/screens/symptom_record_screen_test.dart: ... Question should show 24h persistence question for severity 7-10  00:10 +360 ~1 -138: /Users/pro16/Desktop/project/n06/test/features/tracking/presentation/screens/symptom_record_screen_test.dart: ... Question should show 24h persistence question for severity 7-10  00:10 +361 ~1 -138: /Users/pro16/Desktop/project/n06/test/features/tracking/presentation/screens/symptom_record_screen_test.dart: ... Question should show 24h persistence question for severity 7-10  00:10 +362 ~1 -138: /Users/pro16/Desktop/project/n06/test/features/tracking/presentation/screens/symptom_record_screen_test.dart: ... Question should show 24h persistence question for severity 7-10  00:10 +363 ~1 -138: /Users/pro16/Desktop/project/n06/test/features/tracking/presentation/screens/symptom_record_screen_test.dart: ... Question should show 24h persistence question for severity 7-10  00:10 +363 ~1 -138: /Users/pro16/Desktop/project/n06/test/features/tracking/presentation/widgets/input_validation_widget_test.dart: InputValidationWidget TC-IVW-09: Focus Changes should handle focus changes correctly
══╡ EXCEPTION CAUGHT BY FLUTTER TEST FRAMEWORK ╞════════════════════════════════════════════════════
The following TestFailure was thrown running a test:
Expected: exactly one matching candidate
  Actual: _IconWidgetFinder:<Found 0 widgets with icon "IconData(U+0E156)": []>
   Which: means none were found but one was expected

When the exception was thrown, this was the stack:
#4      main.<anonymous closure>.<anonymous closure>.<anonymous closure> (file:///Users/pro16/Desktop/project/n06/test/features/tracking/presentation/widgets/input_validation_widget_test.dart:479:9)
<asynchronous suspension>
#5      testWidgets.<anonymous closure>.<anonymous closure> (package:flutter_test/src/widget_tester.dart:192:15)
<asynchronous suspension>
#6      TestWidgetsFlutterBinding._runTestBody (package:flutter_test/src/binding.dart:1059:5)
<asynchronous suspension>
<asynchronous suspension>
(elided one frame from package:stack_trace)

This was caught by the test expectation on the following line:
  file:///Users/pro16/Desktop/project/n06/test/features/tracking/presentation/widgets/input_validation_widget_test.dart line 479
The test description was:
  should handle focus changes correctly
════════════════════════════════════════════════════════════════════════════════════════════════════
00:10 +363 ~1 -139: /Users/pro16/Desktop/project/n06/test/features/tracking/presentation/widgets/input_validation_widget_test.dart: InputValidationWidget TC-IVW-09: Focus Changes should handle focus changes correctly [E]
  Test failed. See exception logs above.
  The test description was: should handle focus changes correctly
  

To run this test again: /opt/homebrew/share/flutter/bin/cache/dart-sdk/bin/dart test /Users/pro16/Desktop/project/n06/test/features/tracking/presentation/widgets/input_validation_widget_test.dart -p vm --plain-name 'InputValidationWidget TC-IVW-09: Focus Changes should handle focus changes correctly'
00:10 +364 ~1 -139: /Users/pro16/Desktop/project/n06/test/features/tracking/presentation/screens/symptom_record_screen_test.dart: ... Question should show 24h persistence question for severity 7-10  00:10 +364 ~1 -139: /Users/pro16/Desktop/project/n06/test/features/tracking/presentation/screens/symptom_record_screen_test.dart: SymptomRecordScreen TC-SRS-04: Severity 7-10 Additional Question should show 24h persistence question for severity 7-10
══╡ EXCEPTION CAUGHT BY FLUTTER TEST FRAMEWORK ╞════════════════════════════════════════════════════
The following _TypeError was thrown running a test:
type 'Null' is not a subtype of type 'Future<DateTime?>'

When the exception was thrown, this was the stack:
#0      MockTrackingRepository.getLatestDoseEscalationDate (file:///Users/pro16/Desktop/project/n06/test/features/tracking/presentation/screens/symptom_record_screen_test.dart:9:7)
#1      TrackingNotifier.getLatestDoseEscalationDate (package:n06/features/tracking/application/notifiers/tracking_notifier.dart:192:30)
#2      _SymptomRecordScreenState._loadEscalationDate (package:n06/features/tracking/presentation/screens/symptom_record_screen.dart:64:43)
#3      _SymptomRecordScreenState.initState (package:n06/features/tracking/presentation/screens/symptom_record_screen.dart:58:5)
#4      StatefulElement._firstBuild (package:flutter/src/widgets/framework.dart:5852:55)
#5      ComponentElement.mount (package:flutter/src/widgets/framework.dart:5699:5)
...     Normal element mounting (228 frames)
#233    Element.inflateWidget (package:flutter/src/widgets/framework.dart:4548:16)
#234    MultiChildRenderObjectElement.inflateWidget (package:flutter/src/widgets/framework.dart:7169:36)
#235    MultiChildRenderObjectElement.mount (package:flutter/src/widgets/framework.dart:7185:32)
...     Normal element mounting (471 frames)
#706    _UncontrolledProviderScopeElement.mount (package:flutter_riverpod/src/framework.dart:315:11)
...     Normal element mounting (9 frames)
#715    Element.inflateWidget (package:flutter/src/widgets/framework.dart:4548:16)
#716    Element.updateChild (package:flutter/src/widgets/framework.dart:3998:20)
#717    ComponentElement.performRebuild (package:flutter/src/widgets/framework.dart:5747:16)
#718    Element.rebuild (package:flutter/src/widgets/framework.dart:5435:7)
#719    ProxyElement.update (package:flutter/src/widgets/framework.dart:6051:5)
#720    _InheritedNotifierElement.update (package:flutter/src/widgets/inherited_notifier.dart:108:11)
#721    Element.updateChild (package:flutter/src/widgets/framework.dart:3982:15)
#722    ComponentElement.performRebuild (package:flutter/src/widgets/framework.dart:5747:16)
#723    StatefulElement.performRebuild (package:flutter/src/widgets/framework.dart:5884:11)
#724    Element.rebuild (package:flutter/src/widgets/framework.dart:5435:7)
#725    StatefulElement.update (package:flutter/src/widgets/framework.dart:5909:5)
#726    Element.updateChild (package:flutter/src/widgets/framework.dart:3982:15)
#727    ComponentElement.performRebuild (package:flutter/src/widgets/framework.dart:5747:16)
#728    Element.rebuild (package:flutter/src/widgets/framework.dart:5435:7)
#729    ProxyElement.update (package:flutter/src/widgets/framework.dart:6051:5)
#730    _InheritedNotifierElement.update (package:flutter/src/widgets/inherited_notifier.dart:108:11)
#731    Element.updateChild (package:flutter/src/widgets/framework.dart:3982:15)
#732    ComponentElement.performRebuild (package:flutter/src/widgets/framework.dart:5747:16)
#733    StatefulElement.performRebuild (package:flutter/src/widgets/framework.dart:5884:11)
#734    Element.rebuild (package:flutter/src/widgets/framework.dart:5435:7)
#735    StatefulElement.update (package:flutter/src/widgets/framework.dart:5909:5)
#736    Element.updateChild (package:flutter/src/widgets/framework.dart:3982:15)
#737    ComponentElement.performRebuild (package:flutter/src/widgets/framework.dart:5747:16)
#738    StatefulElement.performRebuild (package:flutter/src/widgets/framework.dart:5884:11)
#739    Element.rebuild (package:flutter/src/widgets/framework.dart:5435:7)
#740    StatefulElement.update (package:flutter/src/widgets/framework.dart:5909:5)
#741    Element.updateChild (package:flutter/src/widgets/framework.dart:3982:15)
#742    ComponentElement.performRebuild (package:flutter/src/widgets/framework.dart:5747:16)
#743    Element.rebuild (package:flutter/src/widgets/framework.dart:5435:7)
#744    ProxyElement.update (package:flutter/src/widgets/framework.dart:6051:5)
#745    Element.updateChild (package:flutter/src/widgets/framework.dart:3982:15)
#746    ComponentElement.performRebuild (package:flutter/src/widgets/framework.dart:5747:16)
#747    StatefulElement.performRebuild (package:flutter/src/widgets/framework.dart:5884:11)
#748    Element.rebuild (package:flutter/src/widgets/framework.dart:5435:7)
#749    StatefulElement.update (package:flutter/src/widgets/framework.dart:5909:5)
#750    Element.updateChild (package:flutter/src/widgets/framework.dart:3982:15)
#751    ComponentElement.performRebuild (package:flutter/src/widgets/framework.dart:5747:16)
#752    Element.rebuild (package:flutter/src/widgets/framework.dart:5435:7)
#753    ProxyElement.update (package:flutter/src/widgets/framework.dart:6051:5)
#754    Element.updateChild (package:flutter/src/widgets/framework.dart:3982:15)
#755    ComponentElement.performRebuild (package:flutter/src/widgets/framework.dart:5747:16)
#756    Element.rebuild (package:flutter/src/widgets/framework.dart:5435:7)
#757    ProxyElement.update (package:flutter/src/widgets/framework.dart:6051:5)
#758    Element.updateChild (package:flutter/src/widgets/framework.dart:3982:15)
#759    _RawViewElement._updateChild (package:flutter/src/widgets/view.dart:481:16)
#760    _RawViewElement.update (package:flutter/src/widgets/view.dart:568:5)
#761    Element.updateChild (package:flutter/src/widgets/framework.dart:3982:15)
#762    ComponentElement.performRebuild (package:flutter/src/widgets/framework.dart:5747:16)
#763    Element.rebuild (package:flutter/src/widgets/framework.dart:5435:7)
#764    StatelessElement.update (package:flutter/src/widgets/framework.dart:5797:5)
#765    Element.updateChild (package:flutter/src/widgets/framework.dart:3982:15)
#766    ComponentElement.performRebuild (package:flutter/src/widgets/framework.dart:5747:16)
#767    StatefulElement.performRebuild (package:flutter/src/widgets/framework.dart:5884:11)
#768    Element.rebuild (package:flutter/src/widgets/framework.dart:5435:7)
#769    StatefulElement.update (package:flutter/src/widgets/framework.dart:5909:5)
#770    Element.updateChild (package:flutter/src/widgets/framework.dart:3982:15)
#771    RootElement._rebuild (package:flutter/src/widgets/binding.dart:1716:16)
#772    RootElement.update (package:flutter/src/widgets/binding.dart:1694:5)
#773    RootElement.performRebuild (package:flutter/src/widgets/binding.dart:1708:7)
#774    Element.rebuild (package:flutter/src/widgets/framework.dart:5435:7)
#775    BuildScope._tryRebuild (package:flutter/src/widgets/framework.dart:2695:15)
#776    BuildScope._flushDirtyElements (package:flutter/src/widgets/framework.dart:2752:11)
#777    BuildOwner.buildScope (package:flutter/src/widgets/framework.dart:3056:18)
#778    AutomatedTestWidgetsFlutterBinding.drawFrame (package:flutter_test/src/binding.dart:1506:19)
#779    RendererBinding._handlePersistentFrameCallback (package:flutter/src/rendering/binding.dart:495:5)
#780    SchedulerBinding._invokeFrameCallback (package:flutter/src/scheduler/binding.dart:1434:15)
#781    SchedulerBinding.handleDrawFrame (package:flutter/src/scheduler/binding.dart:1347:9)
#782    AutomatedTestWidgetsFlutterBinding.pump.<anonymous closure> (package:flutter_test/src/binding.dart:1335:9)
#785    TestAsyncUtils.guard (package:flutter_test/src/test_async_utils.dart:74:41)
#786    AutomatedTestWidgetsFlutterBinding.pump (package:flutter_test/src/binding.dart:1324:27)
#787    WidgetTester.pumpWidget.<anonymous closure> (package:flutter_test/src/widget_tester.dart:598:22)
#790    TestAsyncUtils.guard (package:flutter_test/src/test_async_utils.dart:74:41)
#791    WidgetTester.pumpWidget (package:flutter_test/src/widget_tester.dart:595:27)
#792    main.<anonymous closure>.<anonymous closure>.<anonymous closure> (file:///Users/pro16/Desktop/project/n06/test/features/tracking/presentation/screens/symptom_record_screen_test.dart:150:22)
#793    testWidgets.<anonymous closure>.<anonymous closure> (package:flutter_test/src/widget_tester.dart:192:29)
<asynchronous suspension>
#794    TestWidgetsFlutterBinding._runTestBody (package:flutter_test/src/binding.dart:1059:5)
<asynchronous suspension>
<asynchronous suspension>
(elided 5 frames from dart:async and package:stack_trace)

The test description was:
  should show 24h persistence question for severity 7-10
════════════════════════════════════════════════════════════════════════════════════════════════════
00:10 +364 ~1 -140: /Users/pro16/Desktop/project/n06/test/features/tracking/presentation/screens/symptom_record_screen_test.dart: SymptomRecordScreen TC-SRS-04: Severity 7-10 Additional Question should show 24h persistence question for severity 7-10 [E]
  Test failed. See exception logs above.
  The test description was: should show 24h persistence question for severity 7-10
  
00:10 +365 ~1 -140: /Users/pro16/Desktop/project/n06/test/features/tracking/presentation/widgets/input_validation_widget_test.dart: ... TC-IVW-10: Clear Input should show no error for empty input    00:10 +366 ~1 -140: /Users/pro16/Desktop/project/n06/test/features/tracking/presentation/widgets/input_validation_widget_test.dart: ... TC-IVW-10: Clear Input should show no error for empty input    00:10 +367 ~1 -140: /Users/pro16/Desktop/project/n06/test/features/tracking/presentation/widgets/input_validation_widget_test.dart: ... TC-IVW-10: Clear Input should show no error for empty input    00:10 +368 ~1 -140: /Users/pro16/Desktop/project/n06/test/features/tracking/presentation/widgets/input_validation_widget_test.dart: ... TC-IVW-10: Clear Input should show no error for empty input    00:10 +369 ~1 -140: /Users/pro16/Desktop/project/n06/test/features/tracking/presentation/widgets/input_validation_widget_test.dart: ... TC-IVW-10: Clear Input should show no error for empty input    00:10 +370 ~1 -140: /Users/pro16/Desktop/project/n06/test/features/tracking/presentation/widgets/input_validation_widget_test.dart: ... TC-IVW-10: Clear Input should show no error for empty input    00:10 +371 ~1 -140: /Users/pro16/Desktop/project/n06/test/features/tracking/presentation/widgets/input_validation_widget_test.dart: ... TC-IVW-10: Clear Input should show no error for empty input    00:10 +372 ~1 -140: /Users/pro16/Desktop/project/n06/test/features/tracking/presentation/widgets/input_validation_widget_test.dart: ... TC-IVW-10: Clear Input should show no error for empty input    00:10 +373 ~1 -140: /Users/pro16/Desktop/project/n06/test/features/tracking/presentation/widgets/input_validation_widget_test.dart: ... TC-IVW-10: Clear Input should show no error for empty input    00:10 +374 ~1 -140: /Users/pro16/Desktop/project/n06/test/features/tracking/presentation/widgets/input_validation_widget_test.dart: ... TC-IVW-10: Clear Input should show no error for empty input    00:10 +375 ~1 -140: /Users/pro16/Desktop/project/n06/test/features/tracking/presentation/widgets/input_validation_widget_test.dart: ... TC-IVW-10: Clear Input should show no error for empty input    00:10 +376 ~1 -140: /Users/pro16/Desktop/project/n06/test/features/tracking/presentation/widgets/input_validation_widget_test.dart: ... TC-IVW-10: Clear Input should show no error for empty input    00:10 +377 ~1 -140: /Users/pro16/Desktop/project/n06/test/features/tracking/presentation/widgets/coping_guide_widget_test.dart: ... Coping Guides on Init should render coping guide on initialization 00:10 +378 ~1 -140: /Users/pro16/Desktop/project/n06/test/features/tracking/presentation/widgets/coping_guide_widget_test.dart: ... Coping Guides on Init should render coping guide on initialization 00:10 +379 ~1 -140: /Users/pro16/Desktop/project/n06/test/features/tracking/presentation/widgets/coping_guide_widget_test.dart: ... Coping Guides on Init should render coping guide on initialization 00:10 +380 ~1 -140: /Users/pro16/Desktop/project/n06/test/features/tracking/presentation/widgets/coping_guide_widget_test.dart: ... Coping Guides on Init should render coping guide on initialization 
To run this test again: /opt/homebrew/share/flutter/bin/cache/dart-sdk/bin/dart test /Users/pro16/Desktop/project/n06/test/features/tracking/presentation/screens/symptom_record_screen_test.dart -p vm --plain-name 'SymptomRecordScreen TC-SRS-04: Severity 7-10 Additional Question should show 24h persistence question for severity 7-10'
00:10 +381 ~1 -140: /Users/pro16/Desktop/project/n06/test/features/tracking/presentation/widgets/input_validation_widget_test.dart: ... Clear Input should clear validation icon when input is cleared 00:10 +381 ~1 -140: /Users/pro16/Desktop/project/n06/test/features/tracking/presentation/widgets/input_validation_widget_test.dart: InputValidationWidget TC-IVW-10: Clear Input should clear validation icon when input is cleared
══╡ EXCEPTION CAUGHT BY FLUTTER TEST FRAMEWORK ╞════════════════════════════════════════════════════
The following TestFailure was thrown running a test:
Expected: exactly one matching candidate
  Actual: _IconWidgetFinder:<Found 0 widgets with icon "IconData(U+0E156)": []>
   Which: means none were found but one was expected

When the exception was thrown, this was the stack:
#4      main.<anonymous closure>.<anonymous closure>.<anonymous closure> (file:///Users/pro16/Desktop/project/n06/test/features/tracking/presentation/widgets/input_validation_widget_test.dart:530:9)
<asynchronous suspension>
#5      testWidgets.<anonymous closure>.<anonymous closure> (package:flutter_test/src/widget_tester.dart:192:15)
<asynchronous suspension>
#6      TestWidgetsFlutterBinding._runTestBody (package:flutter_test/src/binding.dart:1059:5)
<asynchronous suspension>
<asynchronous suspension>
(elided one frame from package:stack_trace)

This was caught by the test expectation on the following line:
  file:///Users/pro16/Desktop/project/n06/test/features/tracking/presentation/widgets/input_validation_widget_test.dart line 530
The test description was:
  should clear validation icon when input is cleared
════════════════════════════════════════════════════════════════════════════════════════════════════
00:10 +381 ~1 -141: /Users/pro16/Desktop/project/n06/test/features/tracking/presentation/widgets/input_validation_widget_test.dart: InputValidationWidget TC-IVW-10: Clear Input should clear validation icon when input is cleared [E]
  Test failed. See exception logs above.
  The test description was: should clear validation icon when input is cleared
  

To run this test again: /opt/homebrew/share/flutter/bin/cache/dart-sdk/bin/dart test /Users/pro16/Desktop/project/n06/test/features/tracking/presentation/widgets/input_validation_widget_test.dart -p vm --plain-name 'InputValidationWidget TC-IVW-10: Clear Input should clear validation icon when input is cleared'
00:10 +381 ~1 -141: /Users/pro16/Desktop/project/n06/test/features/tracking/presentation/widgets/coping_guide_widget_test.dart: CopingGuideWidget TC-CGW-07: Load Coping Guides on Init should handle unknown symptom gracefully
══╡ EXCEPTION CAUGHT BY FLUTTER TEST FRAMEWORK ╞════════════════════════════════════════════════════
The following TestFailure was thrown running a test:
Expected: exactly one matching candidate
  Actual: _TextWidgetFinder:<Found 0 widgets with text "대처 가이드": []>
   Which: means none were found but one was expected

When the exception was thrown, this was the stack:
#4      main.<anonymous closure>.<anonymous closure>.<anonymous closure> (file:///Users/pro16/Desktop/project/n06/test/features/tracking/presentation/widgets/coping_guide_widget_test.dart:367:9)
<asynchronous suspension>
#5      testWidgets.<anonymous closure>.<anonymous closure> (package:flutter_test/src/widget_tester.dart:192:15)
<asynchronous suspension>
#6      TestWidgetsFlutterBinding._runTestBody (package:flutter_test/src/binding.dart:1059:5)
<asynchronous suspension>
<asynchronous suspension>
(elided one frame from package:stack_trace)

This was caught by the test expectation on the following line:
  file:///Users/pro16/Desktop/project/n06/test/features/tracking/presentation/widgets/coping_guide_widget_test.dart line 367
The test description was:
  should handle unknown symptom gracefully
════════════════════════════════════════════════════════════════════════════════════════════════════
00:10 +381 ~1 -142: /Users/pro16/Desktop/project/n06/test/features/tracking/presentation/widgets/coping_guide_widget_test.dart: CopingGuideWidget TC-CGW-07: Load Coping Guides on Init should handle unknown symptom gracefully [E]
  Test failed. See exception logs above.
  The test description was: should handle unknown symptom gracefully
  

To run this test again: /opt/homebrew/share/flutter/bin/cache/dart-sdk/bin/dart test /Users/pro16/Desktop/project/n06/test/features/tracking/presentation/widgets/coping_guide_widget_test.dart -p vm --plain-name 'CopingGuideWidget TC-CGW-07: Load Coping Guides on Init should handle unknown symptom gracefully'
00:10 +381 ~1 -142: /Users/pro16/Desktop/project/n06/test/features/tracking/presentation/screens/symptom_record_screen_test.dart: SymptomRecordScreen TC-SRS-04: Severity 7-10 Additional Question should not show question for severity below 7
══╡ EXCEPTION CAUGHT BY FLUTTER TEST FRAMEWORK ╞════════════════════════════════════════════════════
The following _TypeError was thrown running a test:
type 'Null' is not a subtype of type 'Future<DateTime?>'

When the exception was thrown, this was the stack:
#0      MockTrackingRepository.getLatestDoseEscalationDate (file:///Users/pro16/Desktop/project/n06/test/features/tracking/presentation/screens/symptom_record_screen_test.dart:9:7)
#1      TrackingNotifier.getLatestDoseEscalationDate (package:n06/features/tracking/application/notifiers/tracking_notifier.dart:192:30)
#2      _SymptomRecordScreenState._loadEscalationDate (package:n06/features/tracking/presentation/screens/symptom_record_screen.dart:64:43)
#3      _SymptomRecordScreenState.initState (package:n06/features/tracking/presentation/screens/symptom_record_screen.dart:58:5)
#4      StatefulElement._firstBuild (package:flutter/src/widgets/framework.dart:5852:55)
#5      ComponentElement.mount (package:flutter/src/widgets/framework.dart:5699:5)
...     Normal element mounting (228 frames)
#233    Element.inflateWidget (package:flutter/src/widgets/framework.dart:4548:16)
#234    MultiChildRenderObjectElement.inflateWidget (package:flutter/src/widgets/framework.dart:7169:36)
#235    MultiChildRenderObjectElement.mount (package:flutter/src/widgets/framework.dart:7185:32)
...     Normal element mounting (471 frames)
#706    _UncontrolledProviderScopeElement.mount (package:flutter_riverpod/src/framework.dart:315:11)
...     Normal element mounting (9 frames)
#715    Element.inflateWidget (package:flutter/src/widgets/framework.dart:4548:16)
#716    Element.updateChild (package:flutter/src/widgets/framework.dart:3998:20)
#717    ComponentElement.performRebuild (package:flutter/src/widgets/framework.dart:5747:16)
#718    Element.rebuild (package:flutter/src/widgets/framework.dart:5435:7)
#719    ProxyElement.update (package:flutter/src/widgets/framework.dart:6051:5)
#720    _InheritedNotifierElement.update (package:flutter/src/widgets/inherited_notifier.dart:108:11)
#721    Element.updateChild (package:flutter/src/widgets/framework.dart:3982:15)
#722    ComponentElement.performRebuild (package:flutter/src/widgets/framework.dart:5747:16)
#723    StatefulElement.performRebuild (package:flutter/src/widgets/framework.dart:5884:11)
#724    Element.rebuild (package:flutter/src/widgets/framework.dart:5435:7)
#725    StatefulElement.update (package:flutter/src/widgets/framework.dart:5909:5)
#726    Element.updateChild (package:flutter/src/widgets/framework.dart:3982:15)
#727    ComponentElement.performRebuild (package:flutter/src/widgets/framework.dart:5747:16)
#728    Element.rebuild (package:flutter/src/widgets/framework.dart:5435:7)
#729    ProxyElement.update (package:flutter/src/widgets/framework.dart:6051:5)
#730    _InheritedNotifierElement.update (package:flutter/src/widgets/inherited_notifier.dart:108:11)
#731    Element.updateChild (package:flutter/src/widgets/framework.dart:3982:15)
#732    ComponentElement.performRebuild (package:flutter/src/widgets/framework.dart:5747:16)
#733    StatefulElement.performRebuild (package:flutter/src/widgets/framework.dart:5884:11)
#734    Element.rebuild (package:flutter/src/widgets/framework.dart:5435:7)
#735    StatefulElement.update (package:flutter/src/widgets/framework.dart:5909:5)
#736    Element.updateChild (package:flutter/src/widgets/framework.dart:3982:15)
#737    ComponentElement.performRebuild (package:flutter/src/widgets/framework.dart:5747:16)
#738    StatefulElement.performRebuild (package:flutter/src/widgets/framework.dart:5884:11)
#739    Element.rebuild (package:flutter/src/widgets/framework.dart:5435:7)
#740    StatefulElement.update (package:flutter/src/widgets/framework.dart:5909:5)
#741    Element.updateChild (package:flutter/src/widgets/framework.dart:3982:15)
#742    ComponentElement.performRebuild (package:flutter/src/widgets/framework.dart:5747:16)
#743    Element.rebuild (package:flutter/src/widgets/framework.dart:5435:7)
#744    ProxyElement.update (package:flutter/src/widgets/framework.dart:6051:5)
#745    Element.updateChild (package:flutter/src/widgets/framework.dart:3982:15)
#746    ComponentElement.performRebuild (package:flutter/src/widgets/framework.dart:5747:16)
#747    StatefulElement.performRebuild (package:flutter/src/widgets/framework.dart:5884:11)
#748    Element.rebuild (package:flutter/src/widgets/framework.dart:5435:7)
#749    StatefulElement.update (package:flutter/src/widgets/framework.dart:5909:5)
#750    Element.updateChild (package:flutter/src/widgets/framework.dart:3982:15)
#751    ComponentElement.performRebuild (package:flutter/src/widgets/framework.dart:5747:16)
#752    Element.rebuild (package:flutter/src/widgets/framework.dart:5435:7)
#753    ProxyElement.update (package:flutter/src/widgets/framework.dart:6051:5)
#754    Element.updateChild (package:flutter/src/widgets/framework.dart:3982:15)
#755    ComponentElement.performRebuild (package:flutter/src/widgets/framework.dart:5747:16)
#756    Element.rebuild (package:flutter/src/widgets/framework.dart:5435:7)
#757    ProxyElement.update (package:flutter/src/widgets/framework.dart:6051:5)
#758    Element.updateChild (package:flutter/src/widgets/framework.dart:3982:15)
#759    _RawViewElement._updateChild (package:flutter/src/widgets/view.dart:481:16)
#760    _RawViewElement.update (package:flutter/src/widgets/view.dart:568:5)
#761    Element.updateChild (package:flutter/src/widgets/framework.dart:3982:15)
#762    ComponentElement.performRebuild (package:flutter/src/widgets/framework.dart:5747:16)
#763    Element.rebuild (package:flutter/src/widgets/framework.dart:5435:7)
#764    StatelessElement.update (package:flutter/src/widgets/framework.dart:5797:5)
#765    Element.updateChild (package:flutter/src/widgets/framework.dart:3982:15)
#766    ComponentElement.performRebuild (package:flutter/src/widgets/framework.dart:5747:16)
#767    StatefulElement.performRebuild (package:flutter/src/widgets/framework.dart:5884:11)
#768    Element.rebuild (package:flutter/src/widgets/framework.dart:5435:7)
#769    StatefulElement.update (package:flutter/src/widgets/framework.dart:5909:5)
#770    Element.updateChild (package:flutter/src/widgets/framework.dart:3982:15)
#771    RootElement._rebuild (package:flutter/src/widgets/binding.dart:1716:16)
#772    RootElement.update (package:flutter/src/widgets/binding.dart:1694:5)
#773    RootElement.performRebuild (package:flutter/src/widgets/binding.dart:1708:7)
#774    Element.rebuild (package:flutter/src/widgets/framework.dart:5435:7)
#775    BuildScope._tryRebuild (package:flutter/src/widgets/framework.dart:2695:15)
#776    BuildScope._flushDirtyElements (package:flutter/src/widgets/framework.dart:2752:11)
#777    BuildOwner.buildScope (package:flutter/src/widgets/framework.dart:3056:18)
#778    AutomatedTestWidgetsFlutterBinding.drawFrame (package:flutter_test/src/binding.dart:1506:19)
#779    RendererBinding._handlePersistentFrameCallback (package:flutter/src/rendering/binding.dart:495:5)
#780    SchedulerBinding._invokeFrameCallback (package:flutter/src/scheduler/binding.dart:1434:15)
#781    SchedulerBinding.handleDrawFrame (package:flutter/src/scheduler/binding.dart:1347:9)
#782    AutomatedTestWidgetsFlutterBinding.pump.<anonymous closure> (package:flutter_test/src/binding.dart:1335:9)
#785    TestAsyncUtils.guard (package:flutter_test/src/test_async_utils.dart:74:41)
#786    AutomatedTestWidgetsFlutterBinding.pump (package:flutter_test/src/binding.dart:1324:27)
#787    WidgetTester.pumpWidget.<anonymous closure> (package:flutter_test/src/widget_tester.dart:598:22)
#790    TestAsyncUtils.guard (package:flutter_test/src/test_async_utils.dart:74:41)
#791    WidgetTester.pumpWidget (package:flutter_test/src/widget_tester.dart:595:27)
#792    main.<anonymous closure>.<anonymous closure>.<anonymous closure> (file:///Users/pro16/Desktop/project/n06/test/features/tracking/presentation/screens/symptom_record_screen_test.dart:170:22)
#793    testWidgets.<anonymous closure>.<anonymous closure> (package:flutter_test/src/widget_tester.dart:192:29)
<asynchronous suspension>
#794    TestWidgetsFlutterBinding._runTestBody (package:flutter_test/src/binding.dart:1059:5)
<asynchronous suspension>
<asynchronous suspension>
(elided 5 frames from dart:async and package:stack_trace)

The test description was:
  should not show question for severity below 7
════════════════════════════════════════════════════════════════════════════════════════════════════
00:10 +381 ~1 -143: /Users/pro16/Desktop/project/n06/test/features/tracking/presentation/screens/symptom_record_screen_test.dart: SymptomRecordScreen TC-SRS-04: Severity 7-10 Additional Question should not show question for severity below 7 [E]
  Test failed. See exception logs above.
  The test description was: should not show question for severity below 7
  

To run this test again: /opt/homebrew/share/flutter/bin/cache/dart-sdk/bin/dart test /Users/pro16/Desktop/project/n06/test/features/tracking/presentation/screens/symptom_record_screen_test.dart -p vm --plain-name 'SymptomRecordScreen TC-SRS-04: Severity 7-10 Additional Question should not show question for severity below 7'
00:10 +382 ~1 -143: /Users/pro16/Desktop/project/n06/test/features/tracking/presentation/screens/symptom_record_screen_test.dart: ... Selection should allow selecting context tags for severity 1-6   00:11 +382 ~1 -143: /Users/pro16/Desktop/project/n06/test/features/tracking/presentation/screens/symptom_record_screen_test.dart: ... Selection should allow selecting context tags for severity 1-6   00:11 +382 ~1 -143: /Users/pro16/Desktop/project/n06/test/features/tracking/presentation/screens/symptom_record_screen_test.dart: SymptomRecordScreen TC-SRS-05: Context Tag Selection should allow selecting context tags for severity 1-6
══╡ EXCEPTION CAUGHT BY FLUTTER TEST FRAMEWORK ╞════════════════════════════════════════════════════
The following _TypeError was thrown running a test:
type 'Null' is not a subtype of type 'Future<DateTime?>'

When the exception was thrown, this was the stack:
#0      MockTrackingRepository.getLatestDoseEscalationDate (file:///Users/pro16/Desktop/project/n06/test/features/tracking/presentation/screens/symptom_record_screen_test.dart:9:7)
#1      TrackingNotifier.getLatestDoseEscalationDate (package:n06/features/tracking/application/notifiers/tracking_notifier.dart:192:30)
#2      _SymptomRecordScreenState._loadEscalationDate (package:n06/features/tracking/presentation/screens/symptom_record_screen.dart:64:43)
#3      _SymptomRecordScreenState.initState (package:n06/features/tracking/presentation/screens/symptom_record_screen.dart:58:5)
#4      StatefulElement._firstBuild (package:flutter/src/widgets/framework.dart:5852:55)
#5      ComponentElement.mount (package:flutter/src/widgets/framework.dart:5699:5)
...     Normal element mounting (228 frames)
#233    Element.inflateWidget (package:flutter/src/widgets/framework.dart:4548:16)
#234    MultiChildRenderObjectElement.inflateWidget (package:flutter/src/widgets/framework.dart:7169:36)
#235    MultiChildRenderObjectElement.mount (package:flutter/src/widgets/framework.dart:7185:32)
...     Normal element mounting (471 frames)
#706    _UncontrolledProviderScopeElement.mount (package:flutter_riverpod/src/framework.dart:315:11)
...     Normal element mounting (9 frames)
#715    Element.inflateWidget (package:flutter/src/widgets/framework.dart:4548:16)
#716    Element.updateChild (package:flutter/src/widgets/framework.dart:3998:20)
#717    ComponentElement.performRebuild (package:flutter/src/widgets/framework.dart:5747:16)
#718    Element.rebuild (package:flutter/src/widgets/framework.dart:5435:7)
#719    ProxyElement.update (package:flutter/src/widgets/framework.dart:6051:5)
#720    _InheritedNotifierElement.update (package:flutter/src/widgets/inherited_notifier.dart:108:11)
#721    Element.updateChild (package:flutter/src/widgets/framework.dart:3982:15)
#722    ComponentElement.performRebuild (package:flutter/src/widgets/framework.dart:5747:16)
#723    StatefulElement.performRebuild (package:flutter/src/widgets/framework.dart:5884:11)
#724    Element.rebuild (package:flutter/src/widgets/framework.dart:5435:7)
#725    StatefulElement.update (package:flutter/src/widgets/framework.dart:5909:5)
#726    Element.updateChild (package:flutter/src/widgets/framework.dart:3982:15)
#727    ComponentElement.performRebuild (package:flutter/src/widgets/framework.dart:5747:16)
#728    Element.rebuild (package:flutter/src/widgets/framework.dart:5435:7)
#729    ProxyElement.update (package:flutter/src/widgets/framework.dart:6051:5)
#730    _InheritedNotifierElement.update (package:flutter/src/widgets/inherited_notifier.dart:108:11)
#731    Element.updateChild (package:flutter/src/widgets/framework.dart:3982:15)
#732    ComponentElement.performRebuild (package:flutter/src/widgets/framework.dart:5747:16)
#733    StatefulElement.performRebuild (package:flutter/src/widgets/framework.dart:5884:11)
#734    Element.rebuild (package:flutter/src/widgets/framework.dart:5435:7)
#735    StatefulElement.update (package:flutter/src/widgets/framework.dart:5909:5)
#736    Element.updateChild (package:flutter/src/widgets/framework.dart:3982:15)
#737    ComponentElement.performRebuild (package:flutter/src/widgets/framework.dart:5747:16)
#738    StatefulElement.performRebuild (package:flutter/src/widgets/framework.dart:5884:11)
#739    Element.rebuild (package:flutter/src/widgets/framework.dart:5435:7)
#740    StatefulElement.update (package:flutter/src/widgets/framework.dart:5909:5)
#741    Element.updateChild (package:flutter/src/widgets/framework.dart:3982:15)
#742    ComponentElement.performRebuild (package:flutter/src/widgets/framework.dart:5747:16)
#743    Element.rebuild (package:flutter/src/widgets/framework.dart:5435:7)
#744    ProxyElement.update (package:flutter/src/widgets/framework.dart:6051:5)
#745    Element.updateChild (package:flutter/src/widgets/framework.dart:3982:15)
#746    ComponentElement.performRebuild (package:flutter/src/widgets/framework.dart:5747:16)
#747    StatefulElement.performRebuild (package:flutter/src/widgets/framework.dart:5884:11)
#748    Element.rebuild (package:flutter/src/widgets/framework.dart:5435:7)
#749    StatefulElement.update (package:flutter/src/widgets/framework.dart:5909:5)
#750    Element.updateChild (package:flutter/src/widgets/framework.dart:3982:15)
#751    ComponentElement.performRebuild (package:flutter/src/widgets/framework.dart:5747:16)
#752    Element.rebuild (package:flutter/src/widgets/framework.dart:5435:7)
#753    ProxyElement.update (package:flutter/src/widgets/framework.dart:6051:5)
#754    Element.updateChild (package:flutter/src/widgets/framework.dart:3982:15)
#755    ComponentElement.performRebuild (package:flutter/src/widgets/framework.dart:5747:16)
#756    Element.rebuild (package:flutter/src/widgets/framework.dart:5435:7)
#757    ProxyElement.update (package:flutter/src/widgets/framework.dart:6051:5)
#758    Element.updateChild (package:flutter/src/widgets/framework.dart:3982:15)
#759    _RawViewElement._updateChild (package:flutter/src/widgets/view.dart:481:16)
#760    _RawViewElement.update (package:flutter/src/widgets/view.dart:568:5)
#761    Element.updateChild (package:flutter/src/widgets/framework.dart:3982:15)
#762    ComponentElement.performRebuild (package:flutter/src/widgets/framework.dart:5747:16)
#763    Element.rebuild (package:flutter/src/widgets/framework.dart:5435:7)
#764    StatelessElement.update (package:flutter/src/widgets/framework.dart:5797:5)
#765    Element.updateChild (package:flutter/src/widgets/framework.dart:3982:15)
#766    ComponentElement.performRebuild (package:flutter/src/widgets/framework.dart:5747:16)
#767    StatefulElement.performRebuild (package:flutter/src/widgets/framework.dart:5884:11)
#768    Element.rebuild (package:flutter/src/widgets/framework.dart:5435:7)
#769    StatefulElement.update (package:flutter/src/widgets/framework.dart:5909:5)
#770    Element.updateChild (package:flutter/src/widgets/framework.dart:3982:15)
#771    RootElement._rebuild (package:flutter/src/widgets/binding.dart:1716:16)
#772    RootElement.update (package:flutter/src/widgets/binding.dart:1694:5)
#773    RootElement.performRebuild (package:flutter/src/widgets/binding.dart:1708:7)
#774    Element.rebuild (package:flutter/src/widgets/framework.dart:5435:7)
#775    BuildScope._tryRebuild (package:flutter/src/widgets/framework.dart:2695:15)
#776    BuildScope._flushDirtyElements (package:flutter/src/widgets/framework.dart:2752:11)
#777    BuildOwner.buildScope (package:flutter/src/widgets/framework.dart:3056:18)
#778    AutomatedTestWidgetsFlutterBinding.drawFrame (package:flutter_test/src/binding.dart:1506:19)
#779    RendererBinding._handlePersistentFrameCallback (package:flutter/src/rendering/binding.dart:495:5)
#780    SchedulerBinding._invokeFrameCallback (package:flutter/src/scheduler/binding.dart:1434:15)
#781    SchedulerBinding.handleDrawFrame (package:flutter/src/scheduler/binding.dart:1347:9)
#782    AutomatedTestWidgetsFlutterBinding.pump.<anonymous closure> (package:flutter_test/src/binding.dart:1335:9)
#785    TestAsyncUtils.guard (package:flutter_test/src/test_async_utils.dart:74:41)
#786    AutomatedTestWidgetsFlutterBinding.pump (package:flutter_test/src/binding.dart:1324:27)
#787    WidgetTester.pumpWidget.<anonymous closure> (package:flutter_test/src/widget_tester.dart:598:22)
#790    TestAsyncUtils.guard (package:flutter_test/src/test_async_utils.dart:74:41)
#791    WidgetTester.pumpWidget (package:flutter_test/src/widget_tester.dart:595:27)
#792    main.<anonymous closure>.<anonymous closure>.<anonymous closure> (file:///Users/pro16/Desktop/project/n06/test/features/tracking/presentation/screens/symptom_record_screen_test.dart:186:22)
#793    testWidgets.<anonymous closure>.<anonymous closure> (package:flutter_test/src/widget_tester.dart:192:29)
<asynchronous suspension>
#794    TestWidgetsFlutterBinding._runTestBody (package:flutter_test/src/binding.dart:1059:5)
<asynchronous suspension>
<asynchronous suspension>
(elided 5 frames from dart:async and package:stack_trace)

The test description was:
  should allow selecting context tags for severity 1-6
════════════════════════════════════════════════════════════════════════════════════════════════════
00:11 +382 ~1 -144: /Users/pro16/Desktop/project/n06/test/features/tracking/presentation/screens/symptom_record_screen_test.dart: SymptomRecordScreen TC-SRS-05: Context Tag Selection should allow selecting context tags for severity 1-6 [E]
  Test failed. See exception logs above.
  The test description was: should allow selecting context tags for severity 1-6
  

To run this test again: /opt/homebrew/share/flutter/bin/cache/dart-sdk/bin/dart test /Users/pro16/Desktop/project/n06/test/features/tracking/presentation/screens/symptom_record_screen_test.dart -p vm --plain-name 'SymptomRecordScreen TC-SRS-05: Context Tag Selection should allow selecting context tags for severity 1-6'
00:11 +382 ~1 -144: /Users/pro16/Desktop/project/n06/test/features/tracking/presentation/screens/symptom_record_screen_test.dart: ... Tag Selection should not show context tags for severity 7-10     00:11 +382 ~1 -144: /Users/pro16/Desktop/project/n06/test/features/tracking/presentation/screens/symptom_record_screen_test.dart: SymptomRecordScreen TC-SRS-05: Context Tag Selection should not show context tags for severity 7-10
══╡ EXCEPTION CAUGHT BY FLUTTER TEST FRAMEWORK ╞════════════════════════════════════════════════════
The following _TypeError was thrown running a test:
type 'Null' is not a subtype of type 'Future<DateTime?>'

When the exception was thrown, this was the stack:
#0      MockTrackingRepository.getLatestDoseEscalationDate (file:///Users/pro16/Desktop/project/n06/test/features/tracking/presentation/screens/symptom_record_screen_test.dart:9:7)
#1      TrackingNotifier.getLatestDoseEscalationDate (package:n06/features/tracking/application/notifiers/tracking_notifier.dart:192:30)
#2      _SymptomRecordScreenState._loadEscalationDate (package:n06/features/tracking/presentation/screens/symptom_record_screen.dart:64:43)
#3      _SymptomRecordScreenState.initState (package:n06/features/tracking/presentation/screens/symptom_record_screen.dart:58:5)
#4      StatefulElement._firstBuild (package:flutter/src/widgets/framework.dart:5852:55)
#5      ComponentElement.mount (package:flutter/src/widgets/framework.dart:5699:5)
...     Normal element mounting (228 frames)
#233    Element.inflateWidget (package:flutter/src/widgets/framework.dart:4548:16)
#234    MultiChildRenderObjectElement.inflateWidget (package:flutter/src/widgets/framework.dart:7169:36)
#235    MultiChildRenderObjectElement.mount (package:flutter/src/widgets/framework.dart:7185:32)
...     Normal element mounting (471 frames)
#706    _UncontrolledProviderScopeElement.mount (package:flutter_riverpod/src/framework.dart:315:11)
...     Normal element mounting (9 frames)
#715    Element.inflateWidget (package:flutter/src/widgets/framework.dart:4548:16)
#716    Element.updateChild (package:flutter/src/widgets/framework.dart:3998:20)
#717    ComponentElement.performRebuild (package:flutter/src/widgets/framework.dart:5747:16)
#718    Element.rebuild (package:flutter/src/widgets/framework.dart:5435:7)
#719    ProxyElement.update (package:flutter/src/widgets/framework.dart:6051:5)
#720    _InheritedNotifierElement.update (package:flutter/src/widgets/inherited_notifier.dart:108:11)
#721    Element.updateChild (package:flutter/src/widgets/framework.dart:3982:15)
#722    ComponentElement.performRebuild (package:flutter/src/widgets/framework.dart:5747:16)
#723    StatefulElement.performRebuild (package:flutter/src/widgets/framework.dart:5884:11)
#724    Element.rebuild (package:flutter/src/widgets/framework.dart:5435:7)
#725    StatefulElement.update (package:flutter/src/widgets/framework.dart:5909:5)
#726    Element.updateChild (package:flutter/src/widgets/framework.dart:3982:15)
#727    ComponentElement.performRebuild (package:flutter/src/widgets/framework.dart:5747:16)
#728    Element.rebuild (package:flutter/src/widgets/framework.dart:5435:7)
#729    ProxyElement.update (package:flutter/src/widgets/framework.dart:6051:5)
#730    _InheritedNotifierElement.update (package:flutter/src/widgets/inherited_notifier.dart:108:11)
#731    Element.updateChild (package:flutter/src/widgets/framework.dart:3982:15)
#732    ComponentElement.performRebuild (package:flutter/src/widgets/framework.dart:5747:16)
#733    StatefulElement.performRebuild (package:flutter/src/widgets/framework.dart:5884:11)
#734    Element.rebuild (package:flutter/src/widgets/framework.dart:5435:7)
#735    StatefulElement.update (package:flutter/src/widgets/framework.dart:5909:5)
#736    Element.updateChild (package:flutter/src/widgets/framework.dart:3982:15)
#737    ComponentElement.performRebuild (package:flutter/src/widgets/framework.dart:5747:16)
#738    StatefulElement.performRebuild (package:flutter/src/widgets/framework.dart:5884:11)
#739    Element.rebuild (package:flutter/src/widgets/framework.dart:5435:7)
#740    StatefulElement.update (package:flutter/src/widgets/framework.dart:5909:5)
#741    Element.updateChild (package:flutter/src/widgets/framework.dart:3982:15)
#742    ComponentElement.performRebuild (package:flutter/src/widgets/framework.dart:5747:16)
#743    Element.rebuild (package:flutter/src/widgets/framework.dart:5435:7)
#744    ProxyElement.update (package:flutter/src/widgets/framework.dart:6051:5)
#745    Element.updateChild (package:flutter/src/widgets/framework.dart:3982:15)
#746    ComponentElement.performRebuild (package:flutter/src/widgets/framework.dart:5747:16)
#747    StatefulElement.performRebuild (package:flutter/src/widgets/framework.dart:5884:11)
#748    Element.rebuild (package:flutter/src/widgets/framework.dart:5435:7)
#749    StatefulElement.update (package:flutter/src/widgets/framework.dart:5909:5)
#750    Element.updateChild (package:flutter/src/widgets/framework.dart:3982:15)
#751    ComponentElement.performRebuild (package:flutter/src/widgets/framework.dart:5747:16)
#752    Element.rebuild (package:flutter/src/widgets/framework.dart:5435:7)
#753    ProxyElement.update (package:flutter/src/widgets/framework.dart:6051:5)
#754    Element.updateChild (package:flutter/src/widgets/framework.dart:3982:15)
#755    ComponentElement.performRebuild (package:flutter/src/widgets/framework.dart:5747:16)
#756    Element.rebuild (package:flutter/src/widgets/framework.dart:5435:7)
#757    ProxyElement.update (package:flutter/src/widgets/framework.dart:6051:5)
#758    Element.updateChild (package:flutter/src/widgets/framework.dart:3982:15)
#759    _RawViewElement._updateChild (package:flutter/src/widgets/view.dart:481:16)
#760    _RawViewElement.update (package:flutter/src/widgets/view.dart:568:5)
#761    Element.updateChild (package:flutter/src/widgets/framework.dart:3982:15)
#762    ComponentElement.performRebuild (package:flutter/src/widgets/framework.dart:5747:16)
#763    Element.rebuild (package:flutter/src/widgets/framework.dart:5435:7)
#764    StatelessElement.update (package:flutter/src/widgets/framework.dart:5797:5)
#765    Element.updateChild (package:flutter/src/widgets/framework.dart:3982:15)
#766    ComponentElement.performRebuild (package:flutter/src/widgets/framework.dart:5747:16)
#767    StatefulElement.performRebuild (package:flutter/src/widgets/framework.dart:5884:11)
#768    Element.rebuild (package:flutter/src/widgets/framework.dart:5435:7)
#769    StatefulElement.update (package:flutter/src/widgets/framework.dart:5909:5)
#770    Element.updateChild (package:flutter/src/widgets/framework.dart:3982:15)
#771    RootElement._rebuild (package:flutter/src/widgets/binding.dart:1716:16)
#772    RootElement.update (package:flutter/src/widgets/binding.dart:1694:5)
#773    RootElement.performRebuild (package:flutter/src/widgets/binding.dart:1708:7)
#774    Element.rebuild (package:flutter/src/widgets/framework.dart:5435:7)
#775    BuildScope._tryRebuild (package:flutter/src/widgets/framework.dart:2695:15)
#776    BuildScope._flushDirtyElements (package:flutter/src/widgets/framework.dart:2752:11)
#777    BuildOwner.buildScope (package:flutter/src/widgets/framework.dart:3056:18)
#778    AutomatedTestWidgetsFlutterBinding.drawFrame (package:flutter_test/src/binding.dart:1506:19)
#779    RendererBinding._handlePersistentFrameCallback (package:flutter/src/rendering/binding.dart:495:5)
#780    SchedulerBinding._invokeFrameCallback (package:flutter/src/scheduler/binding.dart:1434:15)
#781    SchedulerBinding.handleDrawFrame (package:flutter/src/scheduler/binding.dart:1347:9)
#782    AutomatedTestWidgetsFlutterBinding.pump.<anonymous closure> (package:flutter_test/src/binding.dart:1335:9)
#785    TestAsyncUtils.guard (package:flutter_test/src/test_async_utils.dart:74:41)
#786    AutomatedTestWidgetsFlutterBinding.pump (package:flutter_test/src/binding.dart:1324:27)
#787    WidgetTester.pumpWidget.<anonymous closure> (package:flutter_test/src/widget_tester.dart:598:22)
#790    TestAsyncUtils.guard (package:flutter_test/src/test_async_utils.dart:74:41)
#791    WidgetTester.pumpWidget (package:flutter_test/src/widget_tester.dart:595:27)
#792    main.<anonymous closure>.<anonymous closure>.<anonymous closure> (file:///Users/pro16/Desktop/project/n06/test/features/tracking/presentation/screens/symptom_record_screen_test.dart:202:22)
#793    testWidgets.<anonymous closure>.<anonymous closure> (package:flutter_test/src/widget_tester.dart:192:29)
<asynchronous suspension>
#794    TestWidgetsFlutterBinding._runTestBody (package:flutter_test/src/binding.dart:1059:5)
<asynchronous suspension>
<asynchronous suspension>
(elided 5 frames from dart:async and package:stack_trace)

The test description was:
  should not show context tags for severity 7-10
════════════════════════════════════════════════════════════════════════════════════════════════════
00:11 +382 ~1 -145: /Users/pro16/Desktop/project/n06/test/features/tracking/presentation/screens/symptom_record_screen_test.dart: SymptomRecordScreen TC-SRS-05: Context Tag Selection should not show context tags for severity 7-10 [E]
  Test failed. See exception logs above.
  The test description was: should not show context tags for severity 7-10
  

To run this test again: /opt/homebrew/share/flutter/bin/cache/dart-sdk/bin/dart test /Users/pro16/Desktop/project/n06/test/features/tracking/presentation/screens/symptom_record_screen_test.dart -p vm --plain-name 'SymptomRecordScreen TC-SRS-05: Context Tag Selection should not show context tags for severity 7-10'
00:11 +382 ~1 -145: /Users/pro16/Desktop/project/n06/test/features/tracking/presentation/screens/symptom_record_screen_test.dart: SymptomRecordScreen TC-SRS-06: Memo Input should allow entering memo 00:11 +382 ~1 -145: /Users/pro16/Desktop/project/n06/test/features/tracking/presentation/screens/symptom_record_screen_test.dart: SymptomRecordScreen TC-SRS-06: Memo Input should allow entering memo 
══╡ EXCEPTION CAUGHT BY FLUTTER TEST FRAMEWORK ╞════════════════════════════════════════════════════
The following _TypeError was thrown running a test:
type 'Null' is not a subtype of type 'Future<DateTime?>'

When the exception was thrown, this was the stack:
#0      MockTrackingRepository.getLatestDoseEscalationDate (file:///Users/pro16/Desktop/project/n06/test/features/tracking/presentation/screens/symptom_record_screen_test.dart:9:7)
#1      TrackingNotifier.getLatestDoseEscalationDate (package:n06/features/tracking/application/notifiers/tracking_notifier.dart:192:30)
#2      _SymptomRecordScreenState._loadEscalationDate (package:n06/features/tracking/presentation/screens/symptom_record_screen.dart:64:43)
#3      _SymptomRecordScreenState.initState (package:n06/features/tracking/presentation/screens/symptom_record_screen.dart:58:5)
#4      StatefulElement._firstBuild (package:flutter/src/widgets/framework.dart:5852:55)
#5      ComponentElement.mount (package:flutter/src/widgets/framework.dart:5699:5)
...     Normal element mounting (228 frames)
#233    Element.inflateWidget (package:flutter/src/widgets/framework.dart:4548:16)
#234    MultiChildRenderObjectElement.inflateWidget (package:flutter/src/widgets/framework.dart:7169:36)
#235    MultiChildRenderObjectElement.mount (package:flutter/src/widgets/framework.dart:7185:32)
...     Normal element mounting (471 frames)
#706    _UncontrolledProviderScopeElement.mount (package:flutter_riverpod/src/framework.dart:315:11)
...     Normal element mounting (9 frames)
#715    Element.inflateWidget (package:flutter/src/widgets/framework.dart:4548:16)
#716    Element.updateChild (package:flutter/src/widgets/framework.dart:3998:20)
#717    ComponentElement.performRebuild (package:flutter/src/widgets/framework.dart:5747:16)
#718    Element.rebuild (package:flutter/src/widgets/framework.dart:5435:7)
#719    ProxyElement.update (package:flutter/src/widgets/framework.dart:6051:5)
#720    _InheritedNotifierElement.update (package:flutter/src/widgets/inherited_notifier.dart:108:11)
#721    Element.updateChild (package:flutter/src/widgets/framework.dart:3982:15)
#722    ComponentElement.performRebuild (package:flutter/src/widgets/framework.dart:5747:16)
#723    StatefulElement.performRebuild (package:flutter/src/widgets/framework.dart:5884:11)
#724    Element.rebuild (package:flutter/src/widgets/framework.dart:5435:7)
#725    StatefulElement.update (package:flutter/src/widgets/framework.dart:5909:5)
#726    Element.updateChild (package:flutter/src/widgets/framework.dart:3982:15)
#727    ComponentElement.performRebuild (package:flutter/src/widgets/framework.dart:5747:16)
#728    Element.rebuild (package:flutter/src/widgets/framework.dart:5435:7)
#729    ProxyElement.update (package:flutter/src/widgets/framework.dart:6051:5)
#730    _InheritedNotifierElement.update (package:flutter/src/widgets/inherited_notifier.dart:108:11)
#731    Element.updateChild (package:flutter/src/widgets/framework.dart:3982:15)
#732    ComponentElement.performRebuild (package:flutter/src/widgets/framework.dart:5747:16)
#733    StatefulElement.performRebuild (package:flutter/src/widgets/framework.dart:5884:11)
#734    Element.rebuild (package:flutter/src/widgets/framework.dart:5435:7)
#735    StatefulElement.update (package:flutter/src/widgets/framework.dart:5909:5)
#736    Element.updateChild (package:flutter/src/widgets/framework.dart:3982:15)
#737    ComponentElement.performRebuild (package:flutter/src/widgets/framework.dart:5747:16)
#738    StatefulElement.performRebuild (package:flutter/src/widgets/framework.dart:5884:11)
#739    Element.rebuild (package:flutter/src/widgets/framework.dart:5435:7)
#740    StatefulElement.update (package:flutter/src/widgets/framework.dart:5909:5)
#741    Element.updateChild (package:flutter/src/widgets/framework.dart:3982:15)
#742    ComponentElement.performRebuild (package:flutter/src/widgets/framework.dart:5747:16)
#743    Element.rebuild (package:flutter/src/widgets/framework.dart:5435:7)
#744    ProxyElement.update (package:flutter/src/widgets/framework.dart:6051:5)
#745    Element.updateChild (package:flutter/src/widgets/framework.dart:3982:15)
#746    ComponentElement.performRebuild (package:flutter/src/widgets/framework.dart:5747:16)
#747    StatefulElement.performRebuild (package:flutter/src/widgets/framework.dart:5884:11)
#748    Element.rebuild (package:flutter/src/widgets/framework.dart:5435:7)
#749    StatefulElement.update (package:flutter/src/widgets/framework.dart:5909:5)
#750    Element.updateChild (package:flutter/src/widgets/framework.dart:3982:15)
#751    ComponentElement.performRebuild (package:flutter/src/widgets/framework.dart:5747:16)
#752    Element.rebuild (package:flutter/src/widgets/framework.dart:5435:7)
#753    ProxyElement.update (package:flutter/src/widgets/framework.dart:6051:5)
#754    Element.updateChild (package:flutter/src/widgets/framework.dart:3982:15)
#755    ComponentElement.performRebuild (package:flutter/src/widgets/framework.dart:5747:16)
#756    Element.rebuild (package:flutter/src/widgets/framework.dart:5435:7)
#757    ProxyElement.update (package:flutter/src/widgets/framework.dart:6051:5)
#758    Element.updateChild (package:flutter/src/widgets/framework.dart:3982:15)
#759    _RawViewElement._updateChild (package:flutter/src/widgets/view.dart:481:16)
#760    _RawViewElement.update (package:flutter/src/widgets/view.dart:568:5)
#761    Element.updateChild (package:flutter/src/widgets/framework.dart:3982:15)
#762    ComponentElement.performRebuild (package:flutter/src/widgets/framework.dart:5747:16)
#763    Element.rebuild (package:flutter/src/widgets/framework.dart:5435:7)
#764    StatelessElement.update (package:flutter/src/widgets/framework.dart:5797:5)
#765    Element.updateChild (package:flutter/src/widgets/framework.dart:3982:15)
#766    ComponentElement.performRebuild (package:flutter/src/widgets/framework.dart:5747:16)
#767    StatefulElement.performRebuild (package:flutter/src/widgets/framework.dart:5884:11)
#768    Element.rebuild (package:flutter/src/widgets/framework.dart:5435:7)
#769    StatefulElement.update (package:flutter/src/widgets/framework.dart:5909:5)
#770    Element.updateChild (package:flutter/src/widgets/framework.dart:3982:15)
#771    RootElement._rebuild (package:flutter/src/widgets/binding.dart:1716:16)
#772    RootElement.update (package:flutter/src/widgets/binding.dart:1694:5)
#773    RootElement.performRebuild (package:flutter/src/widgets/binding.dart:1708:7)
#774    Element.rebuild (package:flutter/src/widgets/framework.dart:5435:7)
#775    BuildScope._tryRebuild (package:flutter/src/widgets/framework.dart:2695:15)
#776    BuildScope._flushDirtyElements (package:flutter/src/widgets/framework.dart:2752:11)
#777    BuildOwner.buildScope (package:flutter/src/widgets/framework.dart:3056:18)
#778    AutomatedTestWidgetsFlutterBinding.drawFrame (package:flutter_test/src/binding.dart:1506:19)
#779    RendererBinding._handlePersistentFrameCallback (package:flutter/src/rendering/binding.dart:495:5)
#780    SchedulerBinding._invokeFrameCallback (package:flutter/src/scheduler/binding.dart:1434:15)
#781    SchedulerBinding.handleDrawFrame (package:flutter/src/scheduler/binding.dart:1347:9)
#782    AutomatedTestWidgetsFlutterBinding.pump.<anonymous closure> (package:flutter_test/src/binding.dart:1335:9)
#785    TestAsyncUtils.guard (package:flutter_test/src/test_async_utils.dart:74:41)
#786    AutomatedTestWidgetsFlutterBinding.pump (package:flutter_test/src/binding.dart:1324:27)
#787    WidgetTester.pumpWidget.<anonymous closure> (package:flutter_test/src/widget_tester.dart:598:22)
#790    TestAsyncUtils.guard (package:flutter_test/src/test_async_utils.dart:74:41)
#791    WidgetTester.pumpWidget (package:flutter_test/src/widget_tester.dart:595:27)
#792    main.<anonymous closure>.<anonymous closure>.<anonymous closure> (file:///Users/pro16/Desktop/project/n06/test/features/tracking/presentation/screens/symptom_record_screen_test.dart:222:22)
#793    testWidgets.<anonymous closure>.<anonymous closure> (package:flutter_test/src/widget_tester.dart:192:29)
<asynchronous suspension>
#794    TestWidgetsFlutterBinding._runTestBody (package:flutter_test/src/binding.dart:1059:5)
<asynchronous suspension>
<asynchronous suspension>
(elided 5 frames from dart:async and package:stack_trace)

The test description was:
  should allow entering memo
════════════════════════════════════════════════════════════════════════════════════════════════════
00:11 +382 ~1 -146: /Users/pro16/Desktop/project/n06/test/features/tracking/presentation/screens/symptom_record_screen_test.dart: SymptomRecordScreen TC-SRS-06: Memo Input should allow entering memo [E]
  Test failed. See exception logs above.
  The test description was: should allow entering memo
  

To run this test again: /opt/homebrew/share/flutter/bin/cache/dart-sdk/bin/dart test /Users/pro16/Desktop/project/n06/test/features/tracking/presentation/screens/symptom_record_screen_test.dart -p vm --plain-name 'SymptomRecordScreen TC-SRS-06: Memo Input should allow entering memo'
00:11 +382 ~1 -146: /Users/pro16/Desktop/project/n06/test/features/tracking/presentation/screens/symptom_record_screen_test.dart: ... Days Display should display days since escalation when available 00:11 +382 ~1 -146: /Users/pro16/Desktop/project/n06/test/features/tracking/presentation/screens/symptom_record_screen_test.dart: SymptomRecordScreen TC-SRS-07: Escalation Days Display should display days since escalation when available
══╡ EXCEPTION CAUGHT BY FLUTTER TEST FRAMEWORK ╞════════════════════════════════════════════════════
The following _TypeError was thrown running a test:
type 'Null' is not a subtype of type 'Future<DateTime?>'

When the exception was thrown, this was the stack:
#0      MockTrackingRepository.getLatestDoseEscalationDate (file:///Users/pro16/Desktop/project/n06/test/features/tracking/presentation/screens/symptom_record_screen_test.dart:9:7)
#1      TrackingNotifier.getLatestDoseEscalationDate (package:n06/features/tracking/application/notifiers/tracking_notifier.dart:192:30)
#2      _SymptomRecordScreenState._loadEscalationDate (package:n06/features/tracking/presentation/screens/symptom_record_screen.dart:64:43)
#3      _SymptomRecordScreenState.initState (package:n06/features/tracking/presentation/screens/symptom_record_screen.dart:58:5)
#4      StatefulElement._firstBuild (package:flutter/src/widgets/framework.dart:5852:55)
#5      ComponentElement.mount (package:flutter/src/widgets/framework.dart:5699:5)
...     Normal element mounting (228 frames)
#233    Element.inflateWidget (package:flutter/src/widgets/framework.dart:4548:16)
#234    MultiChildRenderObjectElement.inflateWidget (package:flutter/src/widgets/framework.dart:7169:36)
#235    MultiChildRenderObjectElement.mount (package:flutter/src/widgets/framework.dart:7185:32)
...     Normal element mounting (471 frames)
#706    _UncontrolledProviderScopeElement.mount (package:flutter_riverpod/src/framework.dart:315:11)
...     Normal element mounting (9 frames)
#715    Element.inflateWidget (package:flutter/src/widgets/framework.dart:4548:16)
#716    Element.updateChild (package:flutter/src/widgets/framework.dart:3998:20)
#717    ComponentElement.performRebuild (package:flutter/src/widgets/framework.dart:5747:16)
#718    Element.rebuild (package:flutter/src/widgets/framework.dart:5435:7)
#719    ProxyElement.update (package:flutter/src/widgets/framework.dart:6051:5)
#720    _InheritedNotifierElement.update (package:flutter/src/widgets/inherited_notifier.dart:108:11)
#721    Element.updateChild (package:flutter/src/widgets/framework.dart:3982:15)
#722    ComponentElement.performRebuild (package:flutter/src/widgets/framework.dart:5747:16)
#723    StatefulElement.performRebuild (package:flutter/src/widgets/framework.dart:5884:11)
#724    Element.rebuild (package:flutter/src/widgets/framework.dart:5435:7)
#725    StatefulElement.update (package:flutter/src/widgets/framework.dart:5909:5)
#726    Element.updateChild (package:flutter/src/widgets/framework.dart:3982:15)
#727    ComponentElement.performRebuild (package:flutter/src/widgets/framework.dart:5747:16)
#728    Element.rebuild (package:flutter/src/widgets/framework.dart:5435:7)
#729    ProxyElement.update (package:flutter/src/widgets/framework.dart:6051:5)
#730    _InheritedNotifierElement.update (package:flutter/src/widgets/inherited_notifier.dart:108:11)
#731    Element.updateChild (package:flutter/src/widgets/framework.dart:3982:15)
#732    ComponentElement.performRebuild (package:flutter/src/widgets/framework.dart:5747:16)
#733    StatefulElement.performRebuild (package:flutter/src/widgets/framework.dart:5884:11)
#734    Element.rebuild (package:flutter/src/widgets/framework.dart:5435:7)
#735    StatefulElement.update (package:flutter/src/widgets/framework.dart:5909:5)
#736    Element.updateChild (package:flutter/src/widgets/framework.dart:3982:15)
#737    ComponentElement.performRebuild (package:flutter/src/widgets/framework.dart:5747:16)
#738    StatefulElement.performRebuild (package:flutter/src/widgets/framework.dart:5884:11)
#739    Element.rebuild (package:flutter/src/widgets/framework.dart:5435:7)
#740    StatefulElement.update (package:flutter/src/widgets/framework.dart:5909:5)
#741    Element.updateChild (package:flutter/src/widgets/framework.dart:3982:15)
#742    ComponentElement.performRebuild (package:flutter/src/widgets/framework.dart:5747:16)
#743    Element.rebuild (package:flutter/src/widgets/framework.dart:5435:7)
#744    ProxyElement.update (package:flutter/src/widgets/framework.dart:6051:5)
#745    Element.updateChild (package:flutter/src/widgets/framework.dart:3982:15)
#746    ComponentElement.performRebuild (package:flutter/src/widgets/framework.dart:5747:16)
#747    StatefulElement.performRebuild (package:flutter/src/widgets/framework.dart:5884:11)
#748    Element.rebuild (package:flutter/src/widgets/framework.dart:5435:7)
#749    StatefulElement.update (package:flutter/src/widgets/framework.dart:5909:5)
#750    Element.updateChild (package:flutter/src/widgets/framework.dart:3982:15)
#751    ComponentElement.performRebuild (package:flutter/src/widgets/framework.dart:5747:16)
#752    Element.rebuild (package:flutter/src/widgets/framework.dart:5435:7)
#753    ProxyElement.update (package:flutter/src/widgets/framework.dart:6051:5)
#754    Element.updateChild (package:flutter/src/widgets/framework.dart:3982:15)
#755    ComponentElement.performRebuild (package:flutter/src/widgets/framework.dart:5747:16)
#756    Element.rebuild (package:flutter/src/widgets/framework.dart:5435:7)
#757    ProxyElement.update (package:flutter/src/widgets/framework.dart:6051:5)
#758    Element.updateChild (package:flutter/src/widgets/framework.dart:3982:15)
#759    _RawViewElement._updateChild (package:flutter/src/widgets/view.dart:481:16)
#760    _RawViewElement.update (package:flutter/src/widgets/view.dart:568:5)
#761    Element.updateChild (package:flutter/src/widgets/framework.dart:3982:15)
#762    ComponentElement.performRebuild (package:flutter/src/widgets/framework.dart:5747:16)
#763    Element.rebuild (package:flutter/src/widgets/framework.dart:5435:7)
#764    StatelessElement.update (package:flutter/src/widgets/framework.dart:5797:5)
#765    Element.updateChild (package:flutter/src/widgets/framework.dart:3982:15)
#766    ComponentElement.performRebuild (package:flutter/src/widgets/framework.dart:5747:16)
#767    StatefulElement.performRebuild (package:flutter/src/widgets/framework.dart:5884:11)
#768    Element.rebuild (package:flutter/src/widgets/framework.dart:5435:7)
#769    StatefulElement.update (package:flutter/src/widgets/framework.dart:5909:5)
#770    Element.updateChild (package:flutter/src/widgets/framework.dart:3982:15)
#771    RootElement._rebuild (package:flutter/src/widgets/binding.dart:1716:16)
#772    RootElement.update (package:flutter/src/widgets/binding.dart:1694:5)
#773    RootElement.performRebuild (package:flutter/src/widgets/binding.dart:1708:7)
#774    Element.rebuild (package:flutter/src/widgets/framework.dart:5435:7)
#775    BuildScope._tryRebuild (package:flutter/src/widgets/framework.dart:2695:15)
#776    BuildScope._flushDirtyElements (package:flutter/src/widgets/framework.dart:2752:11)
#777    BuildOwner.buildScope (package:flutter/src/widgets/framework.dart:3056:18)
#778    AutomatedTestWidgetsFlutterBinding.drawFrame (package:flutter_test/src/binding.dart:1506:19)
#779    RendererBinding._handlePersistentFrameCallback (package:flutter/src/rendering/binding.dart:495:5)
#780    SchedulerBinding._invokeFrameCallback (package:flutter/src/scheduler/binding.dart:1434:15)
#781    SchedulerBinding.handleDrawFrame (package:flutter/src/scheduler/binding.dart:1347:9)
#782    AutomatedTestWidgetsFlutterBinding.pump.<anonymous closure> (package:flutter_test/src/binding.dart:1335:9)
#785    TestAsyncUtils.guard (package:flutter_test/src/test_async_utils.dart:74:41)
#786    AutomatedTestWidgetsFlutterBinding.pump (package:flutter_test/src/binding.dart:1324:27)
#787    WidgetTester.pumpWidget.<anonymous closure> (package:flutter_test/src/widget_tester.dart:598:22)
#790    TestAsyncUtils.guard (package:flutter_test/src/test_async_utils.dart:74:41)
#791    WidgetTester.pumpWidget (package:flutter_test/src/widget_tester.dart:595:27)
#792    main.<anonymous closure>.<anonymous closure>.<anonymous closure> (file:///Users/pro16/Desktop/project/n06/test/features/tracking/presentation/screens/symptom_record_screen_test.dart:245:22)
#793    testWidgets.<anonymous closure>.<anonymous closure> (package:flutter_test/src/widget_tester.dart:192:29)
<asynchronous suspension>
#794    TestWidgetsFlutterBinding._runTestBody (package:flutter_test/src/binding.dart:1059:5)
<asynchronous suspension>
<asynchronous suspension>
(elided 5 frames from dart:async and package:stack_trace)

The test description was:
  should display days since escalation when available
════════════════════════════════════════════════════════════════════════════════════════════════════
00:11 +382 ~1 -147: /Users/pro16/Desktop/project/n06/test/features/tracking/presentation/screens/symptom_record_screen_test.dart: SymptomRecordScreen TC-SRS-07: Escalation Days Display should display days since escalation when available [E]
  Test failed. See exception logs above.
  The test description was: should display days since escalation when available
  
00:11 +382 ~1 -147: loading /Users/pro16/Desktop/project/n06/test/features/authentication/infrastructure/dtos/user_dto_test.dart                                                                       00:11 +382 ~1 -147: /Users/pro16/Desktop/project/n06/test/features/authentication/infrastructure/dtos/user_dto_test.dart: UserDto toEntity should convert UserDto to User entity                       
To run this test again: /opt/homebrew/share/flutter/bin/cache/dart-sdk/bin/dart test /Users/pro16/Desktop/project/n06/test/features/tracking/presentation/screens/symptom_record_screen_test.dart -p vm --plain-name 'SymptomRecordScreen TC-SRS-07: Escalation Days Display should display days since escalation when available'
00:11 +383 ~1 -147: /Users/pro16/Desktop/project/n06/test/features/tracking/presentation/screens/symptom_record_screen_test.dart: ... and Coping Guide Navigation should show coping guide after saving00:11 +384 ~1 -147: /Users/pro16/Desktop/project/n06/test/features/tracking/presentation/screens/symptom_record_screen_test.dart: ... and Coping Guide Navigation should show coping guide after saving00:11 +385 ~1 -147: /Users/pro16/Desktop/project/n06/test/features/tracking/presentation/screens/symptom_record_screen_test.dart: ... and Coping Guide Navigation should show coping guide after saving00:11 +386 ~1 -147: /Users/pro16/Desktop/project/n06/test/features/tracking/presentation/screens/symptom_record_screen_test.dart: ... and Coping Guide Navigation should show coping guide after saving00:11 +387 ~1 -147: /Users/pro16/Desktop/project/n06/test/features/tracking/presentation/screens/symptom_record_screen_test.dart: ... and Coping Guide Navigation should show coping guide after saving00:11 +388 ~1 -147: /Users/pro16/Desktop/project/n06/test/features/tracking/presentation/screens/symptom_record_screen_test.dart: ... and Coping Guide Navigation should show coping guide after saving00:11 +389 ~1 -147: /Users/pro16/Desktop/project/n06/test/features/tracking/presentation/screens/symptom_record_screen_test.dart: ... and Coping Guide Navigation should show coping guide after saving00:11 +390 ~1 -147: /Users/pro16/Desktop/project/n06/test/features/tracking/presentation/screens/symptom_record_screen_test.dart: ... and Coping Guide Navigation should show coping guide after saving00:11 +391 ~1 -147: /Users/pro16/Desktop/project/n06/test/features/tracking/presentation/screens/symptom_record_screen_test.dart: ... and Coping Guide Navigation should show coping guide after saving00:11 +392 ~1 -147: /Users/pro16/Desktop/project/n06/test/features/tracking/presentation/screens/symptom_record_screen_test.dart: ... and Coping Guide Navigation should show coping guide after saving00:11 +393 ~1 -147: /Users/pro16/Desktop/project/n06/test/features/tracking/presentation/screens/symptom_record_screen_test.dart: ... and Coping Guide Navigation should show coping guide after saving00:11 +394 ~1 -147: /Users/pro16/Desktop/project/n06/test/features/tracking/presentation/screens/symptom_record_screen_test.dart: ... and Coping Guide Navigation should show coping guide after saving00:11 +395 ~1 -147: /Users/pro16/Desktop/project/n06/test/features/tracking/presentation/screens/symptom_record_screen_test.dart: ... and Coping Guide Navigation should show coping guide after saving00:11 +396 ~1 -147: /Users/pro16/Desktop/project/n06/test/features/tracking/presentation/screens/symptom_record_screen_test.dart: ... and Coping Guide Navigation should show coping guide after saving00:11 +397 ~1 -147: /Users/pro16/Desktop/project/n06/test/features/tracking/presentation/screens/symptom_record_screen_test.dart: ... and Coping Guide Navigation should show coping guide after saving00:11 +398 ~1 -147: /Users/pro16/Desktop/project/n06/test/features/tracking/presentation/screens/symptom_record_screen_test.dart: ... and Coping Guide Navigation should show coping guide after saving00:11 +399 ~1 -147: /Users/pro16/Desktop/project/n06/test/features/tracking/presentation/screens/symptom_record_screen_test.dart: ... and Coping Guide Navigation should show coping guide after saving00:11 +399 ~1 -147: /Users/pro16/Desktop/project/n06/test/features/tracking/presentation/screens/symptom_record_screen_test.dart: SymptomRecordScreen TC-SRS-08: Save and Coping Guide Navigation should show coping guide after saving
══╡ EXCEPTION CAUGHT BY FLUTTER TEST FRAMEWORK ╞════════════════════════════════════════════════════
The following _TypeError was thrown running a test:
type 'Null' is not a subtype of type 'Future<DateTime?>'

When the exception was thrown, this was the stack:
#0      MockTrackingRepository.getLatestDoseEscalationDate (file:///Users/pro16/Desktop/project/n06/test/features/tracking/presentation/screens/symptom_record_screen_test.dart:9:7)
#1      TrackingNotifier.getLatestDoseEscalationDate (package:n06/features/tracking/application/notifiers/tracking_notifier.dart:192:30)
#2      _SymptomRecordScreenState._loadEscalationDate (package:n06/features/tracking/presentation/screens/symptom_record_screen.dart:64:43)
#3      _SymptomRecordScreenState.initState (package:n06/features/tracking/presentation/screens/symptom_record_screen.dart:58:5)
#4      StatefulElement._firstBuild (package:flutter/src/widgets/framework.dart:5852:55)
#5      ComponentElement.mount (package:flutter/src/widgets/framework.dart:5699:5)
...     Normal element mounting (228 frames)
#233    Element.inflateWidget (package:flutter/src/widgets/framework.dart:4548:16)
#234    MultiChildRenderObjectElement.inflateWidget (package:flutter/src/widgets/framework.dart:7169:36)
#235    MultiChildRenderObjectElement.mount (package:flutter/src/widgets/framework.dart:7185:32)
...     Normal element mounting (471 frames)
#706    _UncontrolledProviderScopeElement.mount (package:flutter_riverpod/src/framework.dart:315:11)
...     Normal element mounting (9 frames)
#715    Element.inflateWidget (package:flutter/src/widgets/framework.dart:4548:16)
#716    Element.updateChild (package:flutter/src/widgets/framework.dart:3998:20)
#717    ComponentElement.performRebuild (package:flutter/src/widgets/framework.dart:5747:16)
#718    Element.rebuild (package:flutter/src/widgets/framework.dart:5435:7)
#719    ProxyElement.update (package:flutter/src/widgets/framework.dart:6051:5)
#720    _InheritedNotifierElement.update (package:flutter/src/widgets/inherited_notifier.dart:108:11)
#721    Element.updateChild (package:flutter/src/widgets/framework.dart:3982:15)
#722    ComponentElement.performRebuild (package:flutter/src/widgets/framework.dart:5747:16)
#723    StatefulElement.performRebuild (package:flutter/src/widgets/framework.dart:5884:11)
#724    Element.rebuild (package:flutter/src/widgets/framework.dart:5435:7)
#725    StatefulElement.update (package:flutter/src/widgets/framework.dart:5909:5)
#726    Element.updateChild (package:flutter/src/widgets/framework.dart:3982:15)
#727    ComponentElement.performRebuild (package:flutter/src/widgets/framework.dart:5747:16)
#728    Element.rebuild (package:flutter/src/widgets/framework.dart:5435:7)
#729    ProxyElement.update (package:flutter/src/widgets/framework.dart:6051:5)
#730    _InheritedNotifierElement.update (package:flutter/src/widgets/inherited_notifier.dart:108:11)
#731    Element.updateChild (package:flutter/src/widgets/framework.dart:3982:15)
#732    ComponentElement.performRebuild (package:flutter/src/widgets/framework.dart:5747:16)
#733    StatefulElement.performRebuild (package:flutter/src/widgets/framework.dart:5884:11)
#734    Element.rebuild (package:flutter/src/widgets/framework.dart:5435:7)
#735    StatefulElement.update (package:flutter/src/widgets/framework.dart:5909:5)
#736    Element.updateChild (package:flutter/src/widgets/framework.dart:3982:15)
#737    ComponentElement.performRebuild (package:flutter/src/widgets/framework.dart:5747:16)
#738    StatefulElement.performRebuild (package:flutter/src/widgets/framework.dart:5884:11)
#739    Element.rebuild (package:flutter/src/widgets/framework.dart:5435:7)
#740    StatefulElement.update (package:flutter/src/widgets/framework.dart:5909:5)
#741    Element.updateChild (package:flutter/src/widgets/framework.dart:3982:15)
#742    ComponentElement.performRebuild (package:flutter/src/widgets/framework.dart:5747:16)
#743    Element.rebuild (package:flutter/src/widgets/framework.dart:5435:7)
#744    ProxyElement.update (package:flutter/src/widgets/framework.dart:6051:5)
#745    Element.updateChild (package:flutter/src/widgets/framework.dart:3982:15)
#746    ComponentElement.performRebuild (package:flutter/src/widgets/framework.dart:5747:16)
#747    StatefulElement.performRebuild (package:flutter/src/widgets/framework.dart:5884:11)
#748    Element.rebuild (package:flutter/src/widgets/framework.dart:5435:7)
#749    StatefulElement.update (package:flutter/src/widgets/framework.dart:5909:5)
#750    Element.updateChild (package:flutter/src/widgets/framework.dart:3982:15)
#751    ComponentElement.performRebuild (package:flutter/src/widgets/framework.dart:5747:16)
#752    Element.rebuild (package:flutter/src/widgets/framework.dart:5435:7)
#753    ProxyElement.update (package:flutter/src/widgets/framework.dart:6051:5)
#754    Element.updateChild (package:flutter/src/widgets/framework.dart:3982:15)
#755    ComponentElement.performRebuild (package:flutter/src/widgets/framework.dart:5747:16)
#756    Element.rebuild (package:flutter/src/widgets/framework.dart:5435:7)
#757    ProxyElement.update (package:flutter/src/widgets/framework.dart:6051:5)
#758    Element.updateChild (package:flutter/src/widgets/framework.dart:3982:15)
#759    _RawViewElement._updateChild (package:flutter/src/widgets/view.dart:481:16)
#760    _RawViewElement.update (package:flutter/src/widgets/view.dart:568:5)
#761    Element.updateChild (package:flutter/src/widgets/framework.dart:3982:15)
#762    ComponentElement.performRebuild (package:flutter/src/widgets/framework.dart:5747:16)
#763    Element.rebuild (package:flutter/src/widgets/framework.dart:5435:7)
#764    StatelessElement.update (package:flutter/src/widgets/framework.dart:5797:5)
#765    Element.updateChild (package:flutter/src/widgets/framework.dart:3982:15)
#766    ComponentElement.performRebuild (package:flutter/src/widgets/framework.dart:5747:16)
#767    StatefulElement.performRebuild (package:flutter/src/widgets/framework.dart:5884:11)
#768    Element.rebuild (package:flutter/src/widgets/framework.dart:5435:7)
#769    StatefulElement.update (package:flutter/src/widgets/framework.dart:5909:5)
#770    Element.updateChild (package:flutter/src/widgets/framework.dart:3982:15)
#771    RootElement._rebuild (package:flutter/src/widgets/binding.dart:1716:16)
#772    RootElement.update (package:flutter/src/widgets/binding.dart:1694:5)
#773    RootElement.performRebuild (package:flutter/src/widgets/binding.dart:1708:7)
#774    Element.rebuild (package:flutter/src/widgets/framework.dart:5435:7)
#775    BuildScope._tryRebuild (package:flutter/src/widgets/framework.dart:2695:15)
#776    BuildScope._flushDirtyElements (package:flutter/src/widgets/framework.dart:2752:11)
#777    BuildOwner.buildScope (package:flutter/src/widgets/framework.dart:3056:18)
#778    AutomatedTestWidgetsFlutterBinding.drawFrame (package:flutter_test/src/binding.dart:1506:19)
#779    RendererBinding._handlePersistentFrameCallback (package:flutter/src/rendering/binding.dart:495:5)
#780    SchedulerBinding._invokeFrameCallback (package:flutter/src/scheduler/binding.dart:1434:15)
#781    SchedulerBinding.handleDrawFrame (package:flutter/src/scheduler/binding.dart:1347:9)
#782    AutomatedTestWidgetsFlutterBinding.pump.<anonymous closure> (package:flutter_test/src/binding.dart:1335:9)
#785    TestAsyncUtils.guard (package:flutter_test/src/test_async_utils.dart:74:41)
#786    AutomatedTestWidgetsFlutterBinding.pump (package:flutter_test/src/binding.dart:1324:27)
#787    WidgetTester.pumpWidget.<anonymous closure> (package:flutter_test/src/widget_tester.dart:598:22)
#790    TestAsyncUtils.guard (package:flutter_test/src/test_async_utils.dart:74:41)
#791    WidgetTester.pumpWidget (package:flutter_test/src/widget_tester.dart:595:27)
#792    main.<anonymous closure>.<anonymous closure>.<anonymous closure> (file:///Users/pro16/Desktop/project/n06/test/features/tracking/presentation/screens/symptom_record_screen_test.dart:261:22)
#793    testWidgets.<anonymous closure>.<anonymous closure> (package:flutter_test/src/widget_tester.dart:192:29)
<asynchronous suspension>
#794    TestWidgetsFlutterBinding._runTestBody (package:flutter_test/src/binding.dart:1059:5)
<asynchronous suspension>
<asynchronous suspension>
(elided 5 frames from dart:async and package:stack_trace)

The test description was:
  should show coping guide after saving
════════════════════════════════════════════════════════════════════════════════════════════════════
00:11 +399 ~1 -148: /Users/pro16/Desktop/project/n06/test/features/tracking/presentation/screens/symptom_record_screen_test.dart: SymptomRecordScreen TC-SRS-08: Save and Coping Guide Navigation should show coping guide after saving [E]
  Test failed. See exception logs above.
  The test description was: should show coping guide after saving
  
00:11 +399 ~1 -148: /Users/pro16/Desktop/project/n06/test/features/onboarding/domain/value_objects/weight_test.dart: Weight Value Object should allow boundary value 300kg                             00:11 +400 ~1 -148: /Users/pro16/Desktop/project/n06/test/features/authentication/domain/usecases/logout_usecase_test.dart: LogoutUseCase execute should clear tokens from secure storage              00:11 +401 ~1 -148: /Users/pro16/Desktop/project/n06/test/features/authentication/domain/usecases/logout_usecase_test.dart: LogoutUseCase execute should clear tokens from secure storage              00:11 +402 ~1 -148: /Users/pro16/Desktop/project/n06/test/features/authentication/domain/usecases/logout_usecase_test.dart: LogoutUseCase execute should clear tokens from secure storage              
To run this test again: /opt/homebrew/share/flutter/bin/cache/dart-sdk/bin/dart test /Users/pro16/Desktop/project/n06/test/features/tracking/presentation/screens/symptom_record_screen_test.dart -p vm --plain-name 'SymptomRecordScreen TC-SRS-08: Save and Coping Guide Navigation should show coping guide after saving'
00:11 +403 ~1 -148: /Users/pro16/Desktop/project/n06/test/features/tracking/presentation/screens/symptom_record_screen_test.dart: ... should prompt emergency check for severity 7-10 with persistence 00:11 +404 ~1 -148: /Users/pro16/Desktop/project/n06/test/features/tracking/presentation/screens/symptom_record_screen_test.dart: ... should prompt emergency check for severity 7-10 with persistence 00:11 +405 ~1 -148: /Users/pro16/Desktop/project/n06/test/features/tracking/presentation/screens/symptom_record_screen_test.dart: ... should prompt emergency check for severity 7-10 with persistence 00:11 +406 ~1 -148: /Users/pro16/Desktop/project/n06/test/features/tracking/presentation/screens/symptom_record_screen_test.dart: ... should prompt emergency check for severity 7-10 with persistence 00:11 +407 ~1 -148: /Users/pro16/Desktop/project/n06/test/features/tracking/presentation/screens/symptom_record_screen_test.dart: ... should prompt emergency check for severity 7-10 with persistence 00:11 +408 ~1 -148: /Users/pro16/Desktop/project/n06/test/features/tracking/presentation/screens/symptom_record_screen_test.dart: ... should prompt emergency check for severity 7-10 with persistence 00:11 +409 ~1 -148: /Users/pro16/Desktop/project/n06/test/features/tracking/presentation/screens/symptom_record_screen_test.dart: ... should prompt emergency check for severity 7-10 with persistence 00:11 +410 ~1 -148: /Users/pro16/Desktop/project/n06/test/features/tracking/presentation/screens/symptom_record_screen_test.dart: ... should prompt emergency check for severity 7-10 with persistence 00:11 +411 ~1 -148: /Users/pro16/Desktop/project/n06/test/features/tracking/presentation/screens/symptom_record_screen_test.dart: ... should prompt emergency check for severity 7-10 with persistence 00:11 +411 ~1 -148: /Users/pro16/Desktop/project/n06/test/features/tracking/presentation/screens/symptom_record_screen_test.dart: SymptomRecordScreen TC-SRS-09: Emergency Check Navigation should prompt emergency check for severity 7-10 with persistence
══╡ EXCEPTION CAUGHT BY FLUTTER TEST FRAMEWORK ╞════════════════════════════════════════════════════
The following _TypeError was thrown running a test:
type 'Null' is not a subtype of type 'Future<DateTime?>'

When the exception was thrown, this was the stack:
#0      MockTrackingRepository.getLatestDoseEscalationDate (file:///Users/pro16/Desktop/project/n06/test/features/tracking/presentation/screens/symptom_record_screen_test.dart:9:7)
#1      TrackingNotifier.getLatestDoseEscalationDate (package:n06/features/tracking/application/notifiers/tracking_notifier.dart:192:30)
#2      _SymptomRecordScreenState._loadEscalationDate (package:n06/features/tracking/presentation/screens/symptom_record_screen.dart:64:43)
#3      _SymptomRecordScreenState.initState (package:n06/features/tracking/presentation/screens/symptom_record_screen.dart:58:5)
#4      StatefulElement._firstBuild (package:flutter/src/widgets/framework.dart:5852:55)
#5      ComponentElement.mount (package:flutter/src/widgets/framework.dart:5699:5)
...     Normal element mounting (228 frames)
#233    Element.inflateWidget (package:flutter/src/widgets/framework.dart:4548:16)
#234    MultiChildRenderObjectElement.inflateWidget (package:flutter/src/widgets/framework.dart:7169:36)
#235    MultiChildRenderObjectElement.mount (package:flutter/src/widgets/framework.dart:7185:32)
...     Normal element mounting (471 frames)
#706    _UncontrolledProviderScopeElement.mount (package:flutter_riverpod/src/framework.dart:315:11)
...     Normal element mounting (9 frames)
#715    Element.inflateWidget (package:flutter/src/widgets/framework.dart:4548:16)
#716    Element.updateChild (package:flutter/src/widgets/framework.dart:3998:20)
#717    ComponentElement.performRebuild (package:flutter/src/widgets/framework.dart:5747:16)
#718    Element.rebuild (package:flutter/src/widgets/framework.dart:5435:7)
#719    ProxyElement.update (package:flutter/src/widgets/framework.dart:6051:5)
#720    _InheritedNotifierElement.update (package:flutter/src/widgets/inherited_notifier.dart:108:11)
#721    Element.updateChild (package:flutter/src/widgets/framework.dart:3982:15)
#722    ComponentElement.performRebuild (package:flutter/src/widgets/framework.dart:5747:16)
#723    StatefulElement.performRebuild (package:flutter/src/widgets/framework.dart:5884:11)
#724    Element.rebuild (package:flutter/src/widgets/framework.dart:5435:7)
#725    StatefulElement.update (package:flutter/src/widgets/framework.dart:5909:5)
#726    Element.updateChild (package:flutter/src/widgets/framework.dart:3982:15)
#727    ComponentElement.performRebuild (package:flutter/src/widgets/framework.dart:5747:16)
#728    Element.rebuild (package:flutter/src/widgets/framework.dart:5435:7)
#729    ProxyElement.update (package:flutter/src/widgets/framework.dart:6051:5)
#730    _InheritedNotifierElement.update (package:flutter/src/widgets/inherited_notifier.dart:108:11)
#731    Element.updateChild (package:flutter/src/widgets/framework.dart:3982:15)
#732    ComponentElement.performRebuild (package:flutter/src/widgets/framework.dart:5747:16)
#733    StatefulElement.performRebuild (package:flutter/src/widgets/framework.dart:5884:11)
#734    Element.rebuild (package:flutter/src/widgets/framework.dart:5435:7)
#735    StatefulElement.update (package:flutter/src/widgets/framework.dart:5909:5)
#736    Element.updateChild (package:flutter/src/widgets/framework.dart:3982:15)
#737    ComponentElement.performRebuild (package:flutter/src/widgets/framework.dart:5747:16)
#738    StatefulElement.performRebuild (package:flutter/src/widgets/framework.dart:5884:11)
#739    Element.rebuild (package:flutter/src/widgets/framework.dart:5435:7)
#740    StatefulElement.update (package:flutter/src/widgets/framework.dart:5909:5)
#741    Element.updateChild (package:flutter/src/widgets/framework.dart:3982:15)
#742    ComponentElement.performRebuild (package:flutter/src/widgets/framework.dart:5747:16)
#743    Element.rebuild (package:flutter/src/widgets/framework.dart:5435:7)
#744    ProxyElement.update (package:flutter/src/widgets/framework.dart:6051:5)
#745    Element.updateChild (package:flutter/src/widgets/framework.dart:3982:15)
#746    ComponentElement.performRebuild (package:flutter/src/widgets/framework.dart:5747:16)
#747    StatefulElement.performRebuild (package:flutter/src/widgets/framework.dart:5884:11)
#748    Element.rebuild (package:flutter/src/widgets/framework.dart:5435:7)
#749    StatefulElement.update (package:flutter/src/widgets/framework.dart:5909:5)
#750    Element.updateChild (package:flutter/src/widgets/framework.dart:3982:15)
#751    ComponentElement.performRebuild (package:flutter/src/widgets/framework.dart:5747:16)
#752    Element.rebuild (package:flutter/src/widgets/framework.dart:5435:7)
#753    ProxyElement.update (package:flutter/src/widgets/framework.dart:6051:5)
#754    Element.updateChild (package:flutter/src/widgets/framework.dart:3982:15)
#755    ComponentElement.performRebuild (package:flutter/src/widgets/framework.dart:5747:16)
#756    Element.rebuild (package:flutter/src/widgets/framework.dart:5435:7)
#757    ProxyElement.update (package:flutter/src/widgets/framework.dart:6051:5)
#758    Element.updateChild (package:flutter/src/widgets/framework.dart:3982:15)
#759    _RawViewElement._updateChild (package:flutter/src/widgets/view.dart:481:16)
#760    _RawViewElement.update (package:flutter/src/widgets/view.dart:568:5)
#761    Element.updateChild (package:flutter/src/widgets/framework.dart:3982:15)
#762    ComponentElement.performRebuild (package:flutter/src/widgets/framework.dart:5747:16)
#763    Element.rebuild (package:flutter/src/widgets/framework.dart:5435:7)
#764    StatelessElement.update (package:flutter/src/widgets/framework.dart:5797:5)
#765    Element.updateChild (package:flutter/src/widgets/framework.dart:3982:15)
#766    ComponentElement.performRebuild (package:flutter/src/widgets/framework.dart:5747:16)
#767    StatefulElement.performRebuild (package:flutter/src/widgets/framework.dart:5884:11)
#768    Element.rebuild (package:flutter/src/widgets/framework.dart:5435:7)
#769    StatefulElement.update (package:flutter/src/widgets/framework.dart:5909:5)
#770    Element.updateChild (package:flutter/src/widgets/framework.dart:3982:15)
#771    RootElement._rebuild (package:flutter/src/widgets/binding.dart:1716:16)
#772    RootElement.update (package:flutter/src/widgets/binding.dart:1694:5)
#773    RootElement.performRebuild (package:flutter/src/widgets/binding.dart:1708:7)
#774    Element.rebuild (package:flutter/src/widgets/framework.dart:5435:7)
#775    BuildScope._tryRebuild (package:flutter/src/widgets/framework.dart:2695:15)
#776    BuildScope._flushDirtyElements (package:flutter/src/widgets/framework.dart:2752:11)
#777    BuildOwner.buildScope (package:flutter/src/widgets/framework.dart:3056:18)
#778    AutomatedTestWidgetsFlutterBinding.drawFrame (package:flutter_test/src/binding.dart:1506:19)
#779    RendererBinding._handlePersistentFrameCallback (package:flutter/src/rendering/binding.dart:495:5)
#780    SchedulerBinding._invokeFrameCallback (package:flutter/src/scheduler/binding.dart:1434:15)
#781    SchedulerBinding.handleDrawFrame (package:flutter/src/scheduler/binding.dart:1347:9)
#782    AutomatedTestWidgetsFlutterBinding.pump.<anonymous closure> (package:flutter_test/src/binding.dart:1335:9)
#785    TestAsyncUtils.guard (package:flutter_test/src/test_async_utils.dart:74:41)
#786    AutomatedTestWidgetsFlutterBinding.pump (package:flutter_test/src/binding.dart:1324:27)
#787    WidgetTester.pumpWidget.<anonymous closure> (package:flutter_test/src/widget_tester.dart:598:22)
#790    TestAsyncUtils.guard (package:flutter_test/src/test_async_utils.dart:74:41)
#791    WidgetTester.pumpWidget (package:flutter_test/src/widget_tester.dart:595:27)
#792    main.<anonymous closure>.<anonymous closure>.<anonymous closure> (file:///Users/pro16/Desktop/project/n06/test/features/tracking/presentation/screens/symptom_record_screen_test.dart:277:22)
#793    testWidgets.<anonymous closure>.<anonymous closure> (package:flutter_test/src/widget_tester.dart:192:29)
<asynchronous suspension>
#794    TestWidgetsFlutterBinding._runTestBody (package:flutter_test/src/binding.dart:1059:5)
<asynchronous suspension>
<asynchronous suspension>
(elided 5 frames from dart:async and package:stack_trace)

The test description was:
  should prompt emergency check for severity 7-10 with persistence
════════════════════════════════════════════════════════════════════════════════════════════════════
00:11 +411 ~1 -149: /Users/pro16/Desktop/project/n06/test/features/tracking/presentation/screens/symptom_record_screen_test.dart: SymptomRecordScreen TC-SRS-09: Emergency Check Navigation should prompt emergency check for severity 7-10 with persistence [E]
  Test failed. See exception logs above.
  The test description was: should prompt emergency check for severity 7-10 with persistence
  

To run this test again: /opt/homebrew/share/flutter/bin/cache/dart-sdk/bin/dart test /Users/pro16/Desktop/project/n06/test/features/tracking/presentation/screens/symptom_record_screen_test.dart -p vm --plain-name 'SymptomRecordScreen TC-SRS-09: Emergency Check Navigation should prompt emergency check for severity 7-10 with persistence'
00:11 +411 ~1 -149: /Users/pro16/Desktop/project/n06/test/features/tracking/presentation/screens/symptom_record_screen_test.dart: SymptomRecordScreen TC-SRS-10: Error Handling should show error when no symptom is selected
══╡ EXCEPTION CAUGHT BY FLUTTER TEST FRAMEWORK ╞════════════════════════════════════════════════════
The following _TypeError was thrown running a test:
type 'Null' is not a subtype of type 'Future<DateTime?>'

When the exception was thrown, this was the stack:
#0      MockTrackingRepository.getLatestDoseEscalationDate (file:///Users/pro16/Desktop/project/n06/test/features/tracking/presentation/screens/symptom_record_screen_test.dart:9:7)
#1      TrackingNotifier.getLatestDoseEscalationDate (package:n06/features/tracking/application/notifiers/tracking_notifier.dart:192:30)
#2      _SymptomRecordScreenState._loadEscalationDate (package:n06/features/tracking/presentation/screens/symptom_record_screen.dart:64:43)
#3      _SymptomRecordScreenState.initState (package:n06/features/tracking/presentation/screens/symptom_record_screen.dart:58:5)
#4      StatefulElement._firstBuild (package:flutter/src/widgets/framework.dart:5852:55)
#5      ComponentElement.mount (package:flutter/src/widgets/framework.dart:5699:5)
...     Normal element mounting (228 frames)
#233    Element.inflateWidget (package:flutter/src/widgets/framework.dart:4548:16)
#234    MultiChildRenderObjectElement.inflateWidget (package:flutter/src/widgets/framework.dart:7169:36)
#235    MultiChildRenderObjectElement.mount (package:flutter/src/widgets/framework.dart:7185:32)
...     Normal element mounting (471 frames)
#706    _UncontrolledProviderScopeElement.mount (package:flutter_riverpod/src/framework.dart:315:11)
...     Normal element mounting (9 frames)
#715    Element.inflateWidget (package:flutter/src/widgets/framework.dart:4548:16)
#716    Element.updateChild (package:flutter/src/widgets/framework.dart:3998:20)
#717    ComponentElement.performRebuild (package:flutter/src/widgets/framework.dart:5747:16)
#718    Element.rebuild (package:flutter/src/widgets/framework.dart:5435:7)
#719    ProxyElement.update (package:flutter/src/widgets/framework.dart:6051:5)
#720    _InheritedNotifierElement.update (package:flutter/src/widgets/inherited_notifier.dart:108:11)
#721    Element.updateChild (package:flutter/src/widgets/framework.dart:3982:15)
#722    ComponentElement.performRebuild (package:flutter/src/widgets/framework.dart:5747:16)
#723    StatefulElement.performRebuild (package:flutter/src/widgets/framework.dart:5884:11)
#724    Element.rebuild (package:flutter/src/widgets/framework.dart:5435:7)
#725    StatefulElement.update (package:flutter/src/widgets/framework.dart:5909:5)
#726    Element.updateChild (package:flutter/src/widgets/framework.dart:3982:15)
#727    ComponentElement.performRebuild (package:flutter/src/widgets/framework.dart:5747:16)
#728    Element.rebuild (package:flutter/src/widgets/framework.dart:5435:7)
#729    ProxyElement.update (package:flutter/src/widgets/framework.dart:6051:5)
#730    _InheritedNotifierElement.update (package:flutter/src/widgets/inherited_notifier.dart:108:11)
#731    Element.updateChild (package:flutter/src/widgets/framework.dart:3982:15)
#732    ComponentElement.performRebuild (package:flutter/src/widgets/framework.dart:5747:16)
#733    StatefulElement.performRebuild (package:flutter/src/widgets/framework.dart:5884:11)
#734    Element.rebuild (package:flutter/src/widgets/framework.dart:5435:7)
#735    StatefulElement.update (package:flutter/src/widgets/framework.dart:5909:5)
#736    Element.updateChild (package:flutter/src/widgets/framework.dart:3982:15)
#737    ComponentElement.performRebuild (package:flutter/src/widgets/framework.dart:5747:16)
#738    StatefulElement.performRebuild (package:flutter/src/widgets/framework.dart:5884:11)
#739    Element.rebuild (package:flutter/src/widgets/framework.dart:5435:7)
#740    StatefulElement.update (package:flutter/src/widgets/framework.dart:5909:5)
#741    Element.updateChild (package:flutter/src/widgets/framework.dart:3982:15)
#742    ComponentElement.performRebuild (package:flutter/src/widgets/framework.dart:5747:16)
#743    Element.rebuild (package:flutter/src/widgets/framework.dart:5435:7)
#744    ProxyElement.update (package:flutter/src/widgets/framework.dart:6051:5)
#745    Element.updateChild (package:flutter/src/widgets/framework.dart:3982:15)
#746    ComponentElement.performRebuild (package:flutter/src/widgets/framework.dart:5747:16)
#747    StatefulElement.performRebuild (package:flutter/src/widgets/framework.dart:5884:11)
#748    Element.rebuild (package:flutter/src/widgets/framework.dart:5435:7)
#749    StatefulElement.update (package:flutter/src/widgets/framework.dart:5909:5)
#750    Element.updateChild (package:flutter/src/widgets/framework.dart:3982:15)
#751    ComponentElement.performRebuild (package:flutter/src/widgets/framework.dart:5747:16)
#752    Element.rebuild (package:flutter/src/widgets/framework.dart:5435:7)
#753    ProxyElement.update (package:flutter/src/widgets/framework.dart:6051:5)
#754    Element.updateChild (package:flutter/src/widgets/framework.dart:3982:15)
#755    ComponentElement.performRebuild (package:flutter/src/widgets/framework.dart:5747:16)
#756    Element.rebuild (package:flutter/src/widgets/framework.dart:5435:7)
#757    ProxyElement.update (package:flutter/src/widgets/framework.dart:6051:5)
#758    Element.updateChild (package:flutter/src/widgets/framework.dart:3982:15)
#759    _RawViewElement._updateChild (package:flutter/src/widgets/view.dart:481:16)
#760    _RawViewElement.update (package:flutter/src/widgets/view.dart:568:5)
#761    Element.updateChild (package:flutter/src/widgets/framework.dart:3982:15)
#762    ComponentElement.performRebuild (package:flutter/src/widgets/framework.dart:5747:16)
#763    Element.rebuild (package:flutter/src/widgets/framework.dart:5435:7)
#764    StatelessElement.update (package:flutter/src/widgets/framework.dart:5797:5)
#765    Element.updateChild (package:flutter/src/widgets/framework.dart:3982:15)
#766    ComponentElement.performRebuild (package:flutter/src/widgets/framework.dart:5747:16)
#767    StatefulElement.performRebuild (package:flutter/src/widgets/framework.dart:5884:11)
#768    Element.rebuild (package:flutter/src/widgets/framework.dart:5435:7)
#769    StatefulElement.update (package:flutter/src/widgets/framework.dart:5909:5)
#770    Element.updateChild (package:flutter/src/widgets/framework.dart:3982:15)
#771    RootElement._rebuild (package:flutter/src/widgets/binding.dart:1716:16)
#772    RootElement.update (package:flutter/src/widgets/binding.dart:1694:5)
#773    RootElement.performRebuild (package:flutter/src/widgets/binding.dart:1708:7)
#774    Element.rebuild (package:flutter/src/widgets/framework.dart:5435:7)
#775    BuildScope._tryRebuild (package:flutter/src/widgets/framework.dart:2695:15)
#776    BuildScope._flushDirtyElements (package:flutter/src/widgets/framework.dart:2752:11)
#777    BuildOwner.buildScope (package:flutter/src/widgets/framework.dart:3056:18)
#778    AutomatedTestWidgetsFlutterBinding.drawFrame (package:flutter_test/src/binding.dart:1506:19)
#779    RendererBinding._handlePersistentFrameCallback (package:flutter/src/rendering/binding.dart:495:5)
#780    SchedulerBinding._invokeFrameCallback (package:flutter/src/scheduler/binding.dart:1434:15)
#781    SchedulerBinding.handleDrawFrame (package:flutter/src/scheduler/binding.dart:1347:9)
#782    AutomatedTestWidgetsFlutterBinding.pump.<anonymous closure> (package:flutter_test/src/binding.dart:1335:9)
#785    TestAsyncUtils.guard (package:flutter_test/src/test_async_utils.dart:74:41)
#786    AutomatedTestWidgetsFlutterBinding.pump (package:flutter_test/src/binding.dart:1324:27)
#787    WidgetTester.pumpWidget.<anonymous closure> (package:flutter_test/src/widget_tester.dart:598:22)
#790    TestAsyncUtils.guard (package:flutter_test/src/test_async_utils.dart:74:41)
#791    WidgetTester.pumpWidget (package:flutter_test/src/widget_tester.dart:595:27)
#792    main.<anonymous closure>.<anonymous closure>.<anonymous closure> (file:///Users/pro16/Desktop/project/n06/test/features/tracking/presentation/screens/symptom_record_screen_test.dart:292:22)
#793    testWidgets.<anonymous closure>.<anonymous closure> (package:flutter_test/src/widget_tester.dart:192:29)
<asynchronous suspension>
#794    TestWidgetsFlutterBinding._runTestBody (package:flutter_test/src/binding.dart:1059:5)
<asynchronous suspension>
<asynchronous suspension>
(elided 5 frames from dart:async and package:stack_trace)

The test description was:
  should show error when no symptom is selected
════════════════════════════════════════════════════════════════════════════════════════════════════
00:11 +411 ~1 -150: /Users/pro16/Desktop/project/n06/test/features/tracking/presentation/screens/symptom_record_screen_test.dart: SymptomRecordScreen TC-SRS-10: Error Handling should show error when no symptom is selected [E]
  Test failed. See exception logs above.
  The test description was: should show error when no symptom is selected
  
00:11 +412 ~1 -150: /Users/pro16/Desktop/project/n06/test/features/authentication/presentation/widgets/logout_confirm_dialog_test.dart: LogoutConfirmDialog should display confirmation message        
To run this test again: /opt/homebrew/share/flutter/bin/cache/dart-sdk/bin/dart test /Users/pro16/Desktop/project/n06/test/features/tracking/presentation/screens/symptom_record_screen_test.dart -p vm --plain-name 'SymptomRecordScreen TC-SRS-10: Error Handling should show error when no symptom is selected'
00:11 +412 ~1 -150: /Users/pro16/Desktop/project/n06/test/features/tracking/presentation/screens/symptom_record_screen_test.dart: SymptomRecordScreen TC-SRS-10: Error Handling should show error when severity 7-10 without persistence selection
══╡ EXCEPTION CAUGHT BY FLUTTER TEST FRAMEWORK ╞════════════════════════════════════════════════════
The following _TypeError was thrown running a test:
type 'Null' is not a subtype of type 'Future<DateTime?>'

When the exception was thrown, this was the stack:
#0      MockTrackingRepository.getLatestDoseEscalationDate (file:///Users/pro16/Desktop/project/n06/test/features/tracking/presentation/screens/symptom_record_screen_test.dart:9:7)
#1      TrackingNotifier.getLatestDoseEscalationDate (package:n06/features/tracking/application/notifiers/tracking_notifier.dart:192:30)
#2      _SymptomRecordScreenState._loadEscalationDate (package:n06/features/tracking/presentation/screens/symptom_record_screen.dart:64:43)
#3      _SymptomRecordScreenState.initState (package:n06/features/tracking/presentation/screens/symptom_record_screen.dart:58:5)
#4      StatefulElement._firstBuild (package:flutter/src/widgets/framework.dart:5852:55)
#5      ComponentElement.mount (package:flutter/src/widgets/framework.dart:5699:5)
...     Normal element mounting (228 frames)
#233    Element.inflateWidget (package:flutter/src/widgets/framework.dart:4548:16)
#234    MultiChildRenderObjectElement.inflateWidget (package:flutter/src/widgets/framework.dart:7169:36)
#235    MultiChildRenderObjectElement.mount (package:flutter/src/widgets/framework.dart:7185:32)
...     Normal element mounting (471 frames)
#706    _UncontrolledProviderScopeElement.mount (package:flutter_riverpod/src/framework.dart:315:11)
...     Normal element mounting (9 frames)
#715    Element.inflateWidget (package:flutter/src/widgets/framework.dart:4548:16)
#716    Element.updateChild (package:flutter/src/widgets/framework.dart:3998:20)
#717    ComponentElement.performRebuild (package:flutter/src/widgets/framework.dart:5747:16)
#718    Element.rebuild (package:flutter/src/widgets/framework.dart:5435:7)
#719    ProxyElement.update (package:flutter/src/widgets/framework.dart:6051:5)
#720    _InheritedNotifierElement.update (package:flutter/src/widgets/inherited_notifier.dart:108:11)
#721    Element.updateChild (package:flutter/src/widgets/framework.dart:3982:15)
#722    ComponentElement.performRebuild (package:flutter/src/widgets/framework.dart:5747:16)
#723    StatefulElement.performRebuild (package:flutter/src/widgets/framework.dart:5884:11)
#724    Element.rebuild (package:flutter/src/widgets/framework.dart:5435:7)
#725    StatefulElement.update (package:flutter/src/widgets/framework.dart:5909:5)
#726    Element.updateChild (package:flutter/src/widgets/framework.dart:3982:15)
#727    ComponentElement.performRebuild (package:flutter/src/widgets/framework.dart:5747:16)
#728    Element.rebuild (package:flutter/src/widgets/framework.dart:5435:7)
#729    ProxyElement.update (package:flutter/src/widgets/framework.dart:6051:5)
#730    _InheritedNotifierElement.update (package:flutter/src/widgets/inherited_notifier.dart:108:11)
#731    Element.updateChild (package:flutter/src/widgets/framework.dart:3982:15)
#732    ComponentElement.performRebuild (package:flutter/src/widgets/framework.dart:5747:16)
#733    StatefulElement.performRebuild (package:flutter/src/widgets/framework.dart:5884:11)
#734    Element.rebuild (package:flutter/src/widgets/framework.dart:5435:7)
#735    StatefulElement.update (package:flutter/src/widgets/framework.dart:5909:5)
#736    Element.updateChild (package:flutter/src/widgets/framework.dart:3982:15)
#737    ComponentElement.performRebuild (package:flutter/src/widgets/framework.dart:5747:16)
#738    StatefulElement.performRebuild (package:flutter/src/widgets/framework.dart:5884:11)
#739    Element.rebuild (package:flutter/src/widgets/framework.dart:5435:7)
#740    StatefulElement.update (package:flutter/src/widgets/framework.dart:5909:5)
#741    Element.updateChild (package:flutter/src/widgets/framework.dart:3982:15)
#742    ComponentElement.performRebuild (package:flutter/src/widgets/framework.dart:5747:16)
#743    Element.rebuild (package:flutter/src/widgets/framework.dart:5435:7)
#744    ProxyElement.update (package:flutter/src/widgets/framework.dart:6051:5)
#745    Element.updateChild (package:flutter/src/widgets/framework.dart:3982:15)
#746    ComponentElement.performRebuild (package:flutter/src/widgets/framework.dart:5747:16)
#747    StatefulElement.performRebuild (package:flutter/src/widgets/framework.dart:5884:11)
#748    Element.rebuild (package:flutter/src/widgets/framework.dart:5435:7)
#749    StatefulElement.update (package:flutter/src/widgets/framework.dart:5909:5)
#750    Element.updateChild (package:flutter/src/widgets/framework.dart:3982:15)
#751    ComponentElement.performRebuild (package:flutter/src/widgets/framework.dart:5747:16)
#752    Element.rebuild (package:flutter/src/widgets/framework.dart:5435:7)
#753    ProxyElement.update (package:flutter/src/widgets/framework.dart:6051:5)
#754    Element.updateChild (package:flutter/src/widgets/framework.dart:3982:15)
#755    ComponentElement.performRebuild (package:flutter/src/widgets/framework.dart:5747:16)
#756    Element.rebuild (package:flutter/src/widgets/framework.dart:5435:7)
#757    ProxyElement.update (package:flutter/src/widgets/framework.dart:6051:5)
#758    Element.updateChild (package:flutter/src/widgets/framework.dart:3982:15)
#759    _RawViewElement._updateChild (package:flutter/src/widgets/view.dart:481:16)
#760    _RawViewElement.update (package:flutter/src/widgets/view.dart:568:5)
#761    Element.updateChild (package:flutter/src/widgets/framework.dart:3982:15)
#762    ComponentElement.performRebuild (package:flutter/src/widgets/framework.dart:5747:16)
#763    Element.rebuild (package:flutter/src/widgets/framework.dart:5435:7)
#764    StatelessElement.update (package:flutter/src/widgets/framework.dart:5797:5)
#765    Element.updateChild (package:flutter/src/widgets/framework.dart:3982:15)
#766    ComponentElement.performRebuild (package:flutter/src/widgets/framework.dart:5747:16)
#767    StatefulElement.performRebuild (package:flutter/src/widgets/framework.dart:5884:11)
#768    Element.rebuild (package:flutter/src/widgets/framework.dart:5435:7)
#769    StatefulElement.update (package:flutter/src/widgets/framework.dart:5909:5)
#770    Element.updateChild (package:flutter/src/widgets/framework.dart:3982:15)
#771    RootElement._rebuild (package:flutter/src/widgets/binding.dart:1716:16)
#772    RootElement.update (package:flutter/src/widgets/binding.dart:1694:5)
#773    RootElement.performRebuild (package:flutter/src/widgets/binding.dart:1708:7)
#774    Element.rebuild (package:flutter/src/widgets/framework.dart:5435:7)
#775    BuildScope._tryRebuild (package:flutter/src/widgets/framework.dart:2695:15)
#776    BuildScope._flushDirtyElements (package:flutter/src/widgets/framework.dart:2752:11)
#777    BuildOwner.buildScope (package:flutter/src/widgets/framework.dart:3056:18)
#778    AutomatedTestWidgetsFlutterBinding.drawFrame (package:flutter_test/src/binding.dart:1506:19)
#779    RendererBinding._handlePersistentFrameCallback (package:flutter/src/rendering/binding.dart:495:5)
#780    SchedulerBinding._invokeFrameCallback (package:flutter/src/scheduler/binding.dart:1434:15)
#781    SchedulerBinding.handleDrawFrame (package:flutter/src/scheduler/binding.dart:1347:9)
#782    AutomatedTestWidgetsFlutterBinding.pump.<anonymous closure> (package:flutter_test/src/binding.dart:1335:9)
#785    TestAsyncUtils.guard (package:flutter_test/src/test_async_utils.dart:74:41)
#786    AutomatedTestWidgetsFlutterBinding.pump (package:flutter_test/src/binding.dart:1324:27)
#787    WidgetTester.pumpWidget.<anonymous closure> (package:flutter_test/src/widget_tester.dart:598:22)
#790    TestAsyncUtils.guard (package:flutter_test/src/test_async_utils.dart:74:41)
#791    WidgetTester.pumpWidget (package:flutter_test/src/widget_tester.dart:595:27)
#792    main.<anonymous closure>.<anonymous closure>.<anonymous closure> (file:///Users/pro16/Desktop/project/n06/test/features/tracking/presentation/screens/symptom_record_screen_test.dart:316:22)
#793    testWidgets.<anonymous closure>.<anonymous closure> (package:flutter_test/src/widget_tester.dart:192:29)
<asynchronous suspension>
#794    TestWidgetsFlutterBinding._runTestBody (package:flutter_test/src/binding.dart:1059:5)
<asynchronous suspension>
<asynchronous suspension>
(elided 5 frames from dart:async and package:stack_trace)

The test description was:
  should show error when severity 7-10 without persistence selection
════════════════════════════════════════════════════════════════════════════════════════════════════
00:11 +412 ~1 -151: /Users/pro16/Desktop/project/n06/test/features/tracking/presentation/screens/symptom_record_screen_test.dart: SymptomRecordScreen TC-SRS-10: Error Handling should show error when severity 7-10 without persistence selection [E]
  Test failed. See exception logs above.
  The test description was: should show error when severity 7-10 without persistence selection
  
00:11 +413 ~1 -151: /Users/pro16/Desktop/project/n06/test/features/authentication/domain/usecases/logout_usecase_test.dart: ... should clear session even if token deletion fails after 3 retries      00:11 +414 ~1 -151: /Users/pro16/Desktop/project/n06/test/features/authentication/domain/usecases/logout_usecase_test.dart: ... should clear session even if token deletion fails after 3 retries      00:11 +415 ~1 -151: /Users/pro16/Desktop/project/n06/test/features/authentication/domain/usecases/logout_usecase_test.dart: ... should clear session even if token deletion fails after 3 retries      00:11 +416 ~1 -151: /Users/pro16/Desktop/project/n06/test/features/authentication/domain/usecases/logout_usecase_test.dart: ... should clear session even if token deletion fails after 3 retries      00:11 +417 ~1 -151: /Users/pro16/Desktop/project/n06/test/features/authentication/domain/usecases/logout_usecase_test.dart: ... should clear session even if token deletion fails after 3 retries      00:11 +418 ~1 -151: /Users/pro16/Desktop/project/n06/test/features/authentication/domain/usecases/logout_usecase_test.dart: ... should clear session even if token deletion fails after 3 retries      00:11 +419 ~1 -151: /Users/pro16/Desktop/project/n06/test/features/authentication/domain/usecases/logout_usecase_test.dart: ... should clear session even if token deletion fails after 3 retries      00:11 +420 ~1 -151: /Users/pro16/Desktop/project/n06/test/features/authentication/domain/usecases/logout_usecase_test.dart: ... should clear session even if token deletion fails after 3 retries      00:11 +421 ~1 -151: /Users/pro16/Desktop/project/n06/test/features/authentication/domain/usecases/logout_usecase_test.dart: ... should clear session even if token deletion fails after 3 retries      
To run this test again: /opt/homebrew/share/flutter/bin/cache/dart-sdk/bin/dart test /Users/pro16/Desktop/project/n06/test/features/tracking/presentation/screens/symptom_record_screen_test.dart -p vm --plain-name 'SymptomRecordScreen TC-SRS-10: Error Handling should show error when severity 7-10 without persistence selection'
00:11 +422 ~1 -151: /Users/pro16/Desktop/project/n06/test/features/authentication/domain/usecases/logout_usecase_test.dart: ... should clear session even if token deletion fails after 3 retries      00:11 +423 ~1 -151: /Users/pro16/Desktop/project/n06/test/widget_test.dart: App can be instantiated                                                                                                    00:11 +424 ~1 -151: /Users/pro16/Desktop/project/n06/test/widget_test.dart: App can be instantiated                                                                                                    00:11 +425 ~1 -151: /Users/pro16/Desktop/project/n06/test/widget_test.dart: App can be instantiated                                                                                                    00:11 +426 ~1 -151: /Users/pro16/Desktop/project/n06/test/widget_test.dart: App can be instantiated                                                                                                    00:11 +427 ~1 -151: /Users/pro16/Desktop/project/n06/test/widget_test.dart: App can be instantiated                                                                                                    00:11 +428 ~1 -151: /Users/pro16/Desktop/project/n06/test/widget_test.dart: App can be instantiated                                                                                                    00:12 +428 ~1 -151: /Users/pro16/Desktop/project/n06/test/widget_test.dart: App can be instantiated                                                                                                    00:12 +429 ~1 -151: /Users/pro16/Desktop/project/n06/test/features/authentication/domain/usecases/logout_usecase_test.dart: ... execute should succeed if token clearing fails but logout succeeds     00:12 +430 ~1 -151: /Users/pro16/Desktop/project/n06/test/features/authentication/domain/usecases/logout_usecase_test.dart: ... execute should succeed if token clearing fails but logout succeeds     00:12 +431 ~1 -151: /Users/pro16/Desktop/project/n06/test/features/authentication/domain/usecases/logout_usecase_test.dart: ... execute should succeed if token clearing fails but logout succeeds     00:12 +432 ~1 -151: /Users/pro16/Desktop/project/n06/test/features/authentication/domain/usecases/logout_usecase_test.dart: ... execute should succeed if token clearing fails but logout succeeds     00:12 +432 ~1 -151: Some tests failed.                                                                                                                                                                 
